
=== Testing checkpoint at iter 100 ===
🔧 Initializing model...
📦 Loading model from iteration 100...
🚀 Running inference...
📊 Evaluating results...
✅ Done. Time cost: 0:00:54.196853

=== Rank-1 (Include identical-view cases) ===
NM: 22.120,	BG: 14.983,	CL: 6.626

=== Rank-1 (Exclude identical-view cases) ===
NM: 14.893,	BG: 10.426,	CL: 4.731

=== Rank-1 of each angle (Exclude identical-view cases) ===
NM: [ 7.47  9.37 12.07 11.31 22.66 20.32 23.96 23.42 16.53  9.77  6.93]
BG: [ 6.80  7.21  8.92  8.41 13.51 12.88 15.04 16.74 13.66  6.53  4.98]
CL: [3.20 2.48 4.28 3.66 7.12 5.54 7.34 6.24 6.01 3.52 2.66]

=== Testing checkpoint at iter 200 ===
🔧 Initializing model...
📦 Loading model from iteration 200...
🚀 Running inference...
📊 Evaluating results...
✅ Done. Time cost: 0:00:53.859432

=== Rank-1 (Include identical-view cases) ===
NM: 22.790,	BG: 15.462,	CL: 6.905

=== Rank-1 (Exclude identical-view cases) ===
NM: 15.597,	BG: 10.854,	CL: 4.977

=== Rank-1 of each angle (Exclude identical-view cases) ===
NM: [ 8.69  9.10 11.98 11.58 23.92 21.62 25.22 24.19 16.89 10.36  8.02]
BG: [ 7.20  7.93  9.01  9.32 14.50 13.20 15.68 16.11 12.35  8.04  6.06]
CL: [3.65 3.02 4.28 3.39 6.98 6.67 7.43 6.29 5.65 3.97 3.42]

=== Testing checkpoint at iter 300 ===
🔧 Initializing model...
📦 Loading model from iteration 300...
🚀 Running inference...
📊 Evaluating results...
✅ Done. Time cost: 0:00:54.391283

=== Rank-1 (Include identical-view cases) ===
NM: 21.312,	BG: 14.207,	CL: 6.458

=== Rank-1 (Exclude identical-view cases) ===
NM: 14.037,	BG: 9.617,	CL: 4.505

=== Rank-1 of each angle (Exclude identical-view cases) ===
NM: [ 8.02  8.24  9.51  9.55 22.93 21.62 23.83 21.35 13.15  8.38  7.84]
BG: [ 6.76  7.12  7.25  8.45 13.24 12.61 13.96 14.30  9.91  6.71  5.47]
CL: [3.47 2.84 2.97 3.12 6.75 6.62 6.93 5.97 4.57 3.61 2.70]

=== Testing checkpoint at iter 400 ===
🔧 Initializing model...
📦 Loading model from iteration 400...
🚀 Running inference...
📊 Evaluating results...
✅ Done. Time cost: 0:00:47.986075

=== Rank-1 (Include identical-view cases) ===
NM: 19.022,	BG: 12.221,	CL: 5.738

=== Rank-1 (Exclude identical-view cases) ===
NM: 11.645,	BG: 7.818,	CL: 3.836

=== Rank-1 of each angle (Exclude identical-view cases) ===
NM: [ 6.98  6.44  7.03  7.52 20.86 19.73 21.17 16.26  8.74  6.58  6.80]
BG: [ 6.03  5.90  5.27  7.32 11.40 11.40 11.17 11.18  6.42  5.25  4.66]
CL: [2.57 2.66 3.06 3.25 5.72 5.76 6.03 4.43 3.26 3.06 2.39]

=== Testing checkpoint at iter 500 ===
🔧 Initializing model...
📦 Loading model from iteration 500...
🚀 Running inference...
📊 Evaluating results...
✅ Done. Time cost: 0:00:49.260249

=== Rank-1 (Include identical-view cases) ===
NM: 17.046,	BG: 10.320,	CL: 5.283

=== Rank-1 (Exclude identical-view cases) ===
NM: 9.647,	BG: 6.429,	CL: 3.590

=== Rank-1 of each angle (Exclude identical-view cases) ===
NM: [ 6.17  5.18  6.13  6.62 18.15 17.30 17.52 11.71  5.99  5.31  6.03]
BG: [5.81 4.95 4.23 6.41 9.59 9.68 9.46 7.78 4.30 4.16 4.34]
CL: [2.66 3.02 3.02 3.30 5.18 4.73 5.36 4.03 2.99 2.92 2.30]

=== Testing checkpoint at iter 600 ===
🔧 Initializing model...
📦 Loading model from iteration 600...
🚀 Running inference...
📊 Evaluating results...
✅ Done. Time cost: 0:00:48.470242

=== Rank-1 (Include identical-view cases) ===
NM: 15.638,	BG: 8.987,	CL: 4.678

=== Rank-1 (Exclude identical-view cases) ===
NM: 8.447,	BG: 5.620,	CL: 3.274

=== Rank-1 of each angle (Exclude identical-view cases) ===
NM: [ 5.50  4.59  5.54  5.99 15.72 14.77 15.27  9.86  5.18  4.86  5.63]
BG: [5.27 4.50 4.10 5.09 8.11 7.97 7.97 6.97 3.89 3.88 4.07]
CL: [2.61 2.93 2.92 2.85 4.64 3.87 4.55 3.66 3.21 2.74 2.03]

=== Testing checkpoint at iter 700 ===
🔧 Initializing model...
📦 Loading model from iteration 700...
🚀 Running inference...
📊 Evaluating results...
✅ Done. Time cost: 0:00:50.724351

=== Rank-1 (Include identical-view cases) ===
NM: 14.711,	BG: 8.177,	CL: 4.063

=== Rank-1 (Exclude identical-view cases) ===
NM: 7.644,	BG: 5.194,	CL: 2.922

=== Rank-1 of each angle (Exclude identical-view cases) ===
NM: [ 5.13  4.37  5.09  5.36 14.59 12.75 13.69  8.74  4.86  4.77  4.73]
BG: [4.64 4.32 4.10 4.95 6.98 7.34 7.07 6.42 3.80 3.79 3.71]
CL: [2.30 2.48 2.61 2.35 3.65 3.56 3.51 3.75 3.26 2.74 1.94]

=== Testing checkpoint at iter 800 ===
🔧 Initializing model...
📦 Loading model from iteration 800...
🚀 Running inference...
📊 Evaluating results...
✅ Done. Time cost: 0:00:48.870963

=== Rank-1 (Include identical-view cases) ===
NM: 14.361,	BG: 7.830,	CL: 3.690

=== Rank-1 (Exclude identical-view cases) ===
NM: 7.341,	BG: 5.169,	CL: 2.721

=== Rank-1 of each angle (Exclude identical-view cases) ===
NM: [ 4.59  4.37  4.77  5.27 14.10 11.94 12.75  8.15  5.27  4.68  4.86]
BG: [4.50 4.55 4.19 5.14 6.89 7.25 6.76 6.24 4.25 3.51 3.57]
CL: [1.85 2.25 2.21 2.26 3.24 3.33 3.42 3.93 3.03 2.74 1.67]

=== Testing checkpoint at iter 900 ===
🔧 Initializing model...
📦 Loading model from iteration 900...
🚀 Running inference...
📊 Evaluating results...
✅ Done. Time cost: 0:00:57.316920

=== Rank-1 (Include identical-view cases) ===
NM: 13.993,	BG: 6.855,	CL: 2.981

=== Rank-1 (Exclude identical-view cases) ===
NM: 6.895,	BG: 4.537,	CL: 2.314

=== Rank-1 of each angle (Exclude identical-view cases) ===
NM: [ 4.10  3.87  3.87  4.60 14.55 11.67 13.20  7.79  4.37  3.83  4.01]
BG: [3.83 4.01 3.78 4.04 5.27 6.44 6.71 5.83 3.48 3.70 2.80]
CL: [1.98 2.39 1.80 2.40 3.15 2.93 2.88 2.31 1.49 2.47 1.67]

=== Testing checkpoint at iter 1000 ===
🔧 Initializing model...
📦 Loading model from iteration 1000...
🚀 Running inference...
📊 Evaluating results...
✅ Done. Time cost: 0:00:58.649274

=== Rank-1 (Include identical-view cases) ===
NM: 13.617,	BG: 6.444,	CL: 2.827

=== Rank-1 (Exclude identical-view cases) ===
NM: 6.571,	BG: 4.171,	CL: 2.157

=== Rank-1 of each angle (Exclude identical-view cases) ===
NM: [ 4.10  3.87  3.96  4.14 13.47 12.03 12.66  7.07  4.01  3.42  3.56]
BG: [3.78 3.60 3.29 3.54 5.72 5.40 6.22 4.75 3.30 3.24 3.03]
CL: [1.98 2.02 1.80 2.35 2.61 2.93 2.97 2.03 1.63 2.05 1.35]

=== Testing checkpoint at iter 1100 ===
🔧 Initializing model...
📦 Loading model from iteration 1100...
🚀 Running inference...
📊 Evaluating results...
✅ Done. Time cost: 0:00:59.379995

=== Rank-1 (Include identical-view cases) ===
NM: 14.517,	BG: 7.142,	CL: 2.943

=== Rank-1 (Exclude identical-view cases) ===
NM: 7.370,	BG: 4.515,	CL: 2.260

=== Rank-1 of each angle (Exclude identical-view cases) ===
NM: [ 4.37  4.19  4.01  5.85 15.63 13.92 14.01  7.03  3.87  3.60  4.59]
BG: [4.19 4.05 3.56 4.09 6.22 5.95 7.25 4.70 3.21 3.61 2.85]
CL: [2.03 2.07 1.67 2.35 3.11 3.06 2.97 2.35 1.67 2.19 1.40]

=== Testing checkpoint at iter 1200 ===
🔧 Initializing model...
📦 Loading model from iteration 1200...
🚀 Running inference...
📊 Evaluating results...
✅ Done. Time cost: 0:00:59.346603

=== Rank-1 (Include identical-view cases) ===
NM: 14.864,	BG: 7.425,	CL: 2.914

=== Rank-1 (Exclude identical-view cases) ===
NM: 7.735,	BG: 4.807,	CL: 2.260

=== Rank-1 of each angle (Exclude identical-view cases) ===
NM: [ 4.32  4.46  4.14  6.04 16.35 14.59 15.22  7.93  4.05  3.83  4.14]
BG: [3.69 4.19 3.74 4.50 6.71 6.62 7.75 5.93 3.17 3.42 3.17]
CL: [1.76 2.39 1.66 2.35 3.20 3.11 2.88 2.49 1.49 2.05 1.49]

=== Testing checkpoint at iter 1300 ===
🔧 Initializing model...
📦 Loading model from iteration 1300...
🚀 Running inference...
📊 Evaluating results...
✅ Done. Time cost: 0:00:58.847330

=== Rank-1 (Include identical-view cases) ===
NM: 15.694,	BG: 8.052,	CL: 2.973

=== Rank-1 (Exclude identical-view cases) ===
NM: 8.561,	BG: 5.221,	CL: 2.322

=== Rank-1 of each angle (Exclude identical-view cases) ===
NM: [ 4.82  4.28  4.14  7.48 17.97 16.80 16.67  9.59  3.92  3.92  4.59]
BG: [4.50 4.28 3.92 5.50 7.48 7.34 8.83 6.20 3.30 3.20 2.89]
CL: [2.21 2.07 1.84 2.21 3.38 3.02 2.93 2.85 1.35 2.33 1.35]

=== Testing checkpoint at iter 1400 ===
🔧 Initializing model...
📦 Loading model from iteration 1400...
🚀 Running inference...
📊 Evaluating results...
✅ Done. Time cost: 0:00:59.482164

=== Rank-1 (Include identical-view cases) ===
NM: 17.704,	BG: 10.138,	CL: 3.227

=== Rank-1 (Exclude identical-view cases) ===
NM: 10.564,	BG: 7.023,	CL: 2.519

=== Rank-1 of each angle (Exclude identical-view cases) ===
NM: [ 5.40  5.00  5.90 10.45 20.86 19.14 20.23 14.68  5.31  4.41  4.82]
BG: [ 5.09  4.95  5.76  7.32 10.81 11.21 11.71  9.27  4.16  3.84  3.12]
CL: [2.21 2.30 1.89 2.49 3.69 2.66 3.29 3.21 1.90 2.47 1.62]

=== Testing checkpoint at iter 1500 ===
🔧 Initializing model...
📦 Loading model from iteration 1500...
🚀 Running inference...
📊 Evaluating results...
✅ Done. Time cost: 0:00:58.123316

=== Rank-1 (Include identical-view cases) ===
NM: 19.011,	BG: 11.185,	CL: 3.533

=== Rank-1 (Exclude identical-view cases) ===
NM: 11.899,	BG: 7.924,	CL: 2.823

=== Rank-1 of each angle (Exclude identical-view cases) ===
NM: [ 5.27  6.53  7.66 11.58 22.03 20.72 21.62 14.68  8.42  6.98  5.40]
BG: [ 5.00  5.50  7.39  8.82 12.84 11.12 12.25 10.04  5.84  4.93  3.44]
CL: [3.11 2.48 2.61 2.76 3.56 3.33 3.47 3.17 2.17 2.79 1.62]

=== Testing checkpoint at iter 1600 ===
🔧 Initializing model...
📦 Loading model from iteration 1600...
🚀 Running inference...
📊 Evaluating results...
✅ Done. Time cost: 0:00:54.234880

=== Rank-1 (Include identical-view cases) ===
NM: 20.512,	BG: 12.873,	CL: 4.077

=== Rank-1 (Exclude identical-view cases) ===
NM: 13.468,	BG: 9.407,	CL: 3.250

=== Rank-1 of each angle (Exclude identical-view cases) ===
NM: [ 7.21  9.28  9.19 11.85 23.11 21.40 22.70 17.97  9.82  8.92  6.71]
BG: [ 5.99  8.02  8.87 10.18 13.87 12.61 13.83 11.85  7.42  6.80  4.03]
CL: [3.65 3.15 3.06 2.94 3.78 3.51 4.01 3.66 2.53 3.24 2.21]

=== Testing checkpoint at iter 1700 ===
🔧 Initializing model...
📦 Loading model from iteration 1700...
🚀 Running inference...
📊 Evaluating results...
✅ Done. Time cost: 0:00:56.708330

=== Rank-1 (Include identical-view cases) ===
NM: 21.870,	BG: 13.308,	CL: 4.249

=== Rank-1 (Exclude identical-view cases) ===
NM: 15.045,	BG: 9.963,	CL: 3.455

=== Rank-1 of each angle (Exclude identical-view cases) ===
NM: [ 7.16  9.78 11.39 12.75 24.59 23.47 25.04 21.71 12.25 10.09  7.25]
BG: [ 5.85  8.74 10.36 11.27 14.59 12.84 11.98 12.76  8.82  7.67  4.71]
CL: [3.56 3.29 3.60 3.12 3.69 3.51 4.37 4.30 2.90 3.24 2.43]

=== Testing checkpoint at iter 1800 ===
🔧 Initializing model...
📦 Loading model from iteration 1800...
🚀 Running inference...
📊 Evaluating results...
✅ Done. Time cost: 0:00:58.737313

=== Rank-1 (Include identical-view cases) ===
NM: 22.734,	BG: 14.201,	CL: 4.954

=== Rank-1 (Exclude identical-view cases) ===
NM: 15.872,	BG: 10.830,	CL: 4.128

=== Rank-1 of each angle (Exclude identical-view cases) ===
NM: [ 8.11 10.90 12.88 12.48 24.10 23.33 25.05 22.79 14.19 12.25  8.51]
BG: [ 6.39  9.01 11.13 11.09 15.22 13.51 13.33 14.12 10.13  9.22  5.97]
CL: [4.41 3.02 3.96 3.39 4.68 4.19 4.82 5.52 4.03 4.02 3.38]

=== Testing checkpoint at iter 1900 ===
🔧 Initializing model...
📦 Loading model from iteration 1900...
🚀 Running inference...
📊 Evaluating results...
✅ Done. Time cost: 0:00:58.550920

=== Rank-1 (Include identical-view cases) ===
NM: 25.050,	BG: 15.263,	CL: 5.705

=== Rank-1 (Exclude identical-view cases) ===
NM: 18.443,	BG: 11.880,	CL: 4.848

=== Rank-1 of each angle (Exclude identical-view cases) ===
NM: [ 8.92 14.32 16.76 15.86 25.76 24.86 26.89 25.45 18.60 15.86  9.59]
BG: [ 6.75 11.31 13.11 13.50 16.94 12.93 13.11 14.61 11.40 10.59  6.42]
CL: [4.59 3.74 4.50 3.62 5.04 4.50 5.45 6.42 5.88 5.48 4.10]

=== Testing checkpoint at iter 2000 ===
🔧 Initializing model...
📦 Loading model from iteration 2000...
🚀 Running inference...
📊 Evaluating results...
✅ Done. Time cost: 0:00:59.387108

=== Rank-1 (Include identical-view cases) ===
NM: 26.740,	BG: 16.981,	CL: 6.556

=== Rank-1 (Exclude identical-view cases) ===
NM: 20.197,	BG: 13.552,	CL: 5.488

=== Rank-1 of each angle (Exclude identical-view cases) ===
NM: [10.22 14.55 18.47 17.88 27.61 27.21 29.46 27.34 20.63 16.98 11.80]
BG: [ 8.92 12.12 14.64 14.50 18.47 15.04 15.09 16.29 14.07 11.55  8.37]
CL: [4.82 3.20 5.18 4.16 6.62 5.54 6.26 7.69 6.70 5.12 5.09]

=== Testing checkpoint at iter 2100 ===
🔧 Initializing model...
📦 Loading model from iteration 2100...
🚀 Running inference...
📊 Evaluating results...
✅ Done. Time cost: 0:00:59.660394

=== Rank-1 (Include identical-view cases) ===
NM: 25.988,	BG: 16.847,	CL: 6.963

=== Rank-1 (Exclude identical-view cases) ===
NM: 19.377,	BG: 13.347,	CL: 5.746

=== Rank-1 of each angle (Exclude identical-view cases) ===
NM: [ 9.82 14.01 18.11 16.67 26.89 25.45 27.97 25.81 19.78 17.34 11.31]
BG: [ 8.74 11.85 14.06 14.68 18.15 14.91 15.45 15.97 13.26 11.96  7.78]
CL: [4.95 3.92 4.86 4.52 6.71 5.90 7.21 7.87 7.10 5.21 4.96]

=== Testing checkpoint at iter 2200 ===
🔧 Initializing model...
📦 Loading model from iteration 2200...
🚀 Running inference...
📊 Evaluating results...
✅ Done. Time cost: 0:00:58.255775

=== Rank-1 (Include identical-view cases) ===
NM: 28.159,	BG: 18.216,	CL: 7.885

=== Rank-1 (Exclude identical-view cases) ===
NM: 21.647,	BG: 14.741,	CL: 6.621

=== Rank-1 of each angle (Exclude identical-view cases) ===
NM: [11.17 15.68 19.82 18.15 29.51 27.57 31.58 29.55 22.79 19.55 12.75]
BG: [ 9.59 12.03 14.86 14.68 20.23 17.70 17.21 18.64 15.11 12.37  9.73]
CL: [5.27 4.68 6.35 4.71 8.29 6.71 8.06 8.60 8.19 6.48 5.50]

=== Testing checkpoint at iter 2300 ===
🔧 Initializing model...
📦 Loading model from iteration 2300...
🚀 Running inference...
📊 Evaluating results...
✅ Done. Time cost: 0:00:57.429162

=== Rank-1 (Include identical-view cases) ===
NM: 28.677,	BG: 18.804,	CL: 8.177

=== Rank-1 (Exclude identical-view cases) ===
NM: 22.191,	BG: 15.343,	CL: 6.855

=== Rank-1 of each angle (Exclude identical-view cases) ===
NM: [11.67 16.44 20.86 19.37 28.74 27.61 31.85 30.81 24.50 19.32 12.93]
BG: [ 9.87 13.83 15.81 16.59 20.32 17.79 17.34 18.46 16.29 13.20  9.27]
CL: [5.22 4.77 6.31 5.65 8.06 7.12 8.78 9.37 8.37 6.53 5.22]

=== Testing checkpoint at iter 2400 ===
🔧 Initializing model...
📦 Loading model from iteration 2400...
🚀 Running inference...
📊 Evaluating results...
✅ Done. Time cost: 0:00:57.283952

=== Rank-1 (Include identical-view cases) ===
NM: 29.499,	BG: 19.523,	CL: 8.474

=== Rank-1 (Exclude identical-view cases) ===
NM: 23.051,	BG: 16.118,	CL: 7.183

=== Rank-1 of each angle (Exclude identical-view cases) ===
NM: [12.66 17.21 21.08 18.87 29.10 28.56 32.39 33.56 26.26 20.14 13.74]
BG: [10.54 14.28 16.67 16.45 21.17 20.18 18.56 19.82 16.38 13.61  9.64]
CL: [6.08 5.54 6.76 5.61 7.93 7.43 8.83 9.59 8.96 6.44 5.85]

=== Testing checkpoint at iter 2500 ===
🔧 Initializing model...
📦 Loading model from iteration 2500...
🚀 Running inference...
📊 Evaluating results...
✅ Done. Time cost: 0:00:58.407375

=== Rank-1 (Include identical-view cases) ===
NM: 29.905,	BG: 20.111,	CL: 8.870

=== Rank-1 (Exclude identical-view cases) ===
NM: 23.412,	BG: 16.604,	CL: 7.467

=== Rank-1 of each angle (Exclude identical-view cases) ===
NM: [12.88 17.34 21.53 19.05 30.00 28.16 32.48 33.92 26.31 21.22 14.64]
BG: [11.13 14.06 16.80 17.09 21.13 20.23 19.33 20.81 17.28 14.43 10.36]
CL: [6.04 6.03 7.16 5.79 7.84 7.47 9.55 9.82 9.50 7.12 5.81]

=== Testing checkpoint at iter 2600 ===
🔧 Initializing model...
📦 Loading model from iteration 2600...
🚀 Running inference...
📊 Evaluating results...
✅ Done. Time cost: 0:00:57.792589

=== Rank-1 (Include identical-view cases) ===
NM: 30.981,	BG: 20.667,	CL: 9.314

=== Rank-1 (Exclude identical-view cases) ===
NM: 24.607,	BG: 17.269,	CL: 7.984

=== Rank-1 of each angle (Exclude identical-view cases) ===
NM: [13.29 19.33 24.19 20.36 30.86 28.38 33.47 34.60 28.24 22.97 15.00]
BG: [11.04 14.68 17.34 18.09 22.03 20.81 20.95 21.31 17.60 15.02 11.09]
CL: [ 6.35  7.03  8.33  6.42  8.65  8.02  9.59 10.68  9.41  7.44  5.90]

=== Testing checkpoint at iter 2700 ===
🔧 Initializing model...
📦 Loading model from iteration 2700...
🚀 Running inference...
📊 Evaluating results...
✅ Done. Time cost: 0:00:59.997482

=== Rank-1 (Include identical-view cases) ===
NM: 30.642,	BG: 20.461,	CL: 9.001

=== Rank-1 (Exclude identical-view cases) ===
NM: 24.239,	BG: 17.010,	CL: 7.672

=== Rank-1 of each angle (Exclude identical-view cases) ===
NM: [13.43 19.32 22.79 19.82 30.50 28.43 33.69 34.41 26.49 22.93 14.82]
BG: [10.81 15.27 16.85 16.32 21.35 20.59 20.68 21.63 17.60 15.16 10.86]
CL: [ 6.53  7.16  6.98  6.15  7.66  7.66  9.86 10.50  9.59  7.17  5.13]

=== Testing checkpoint at iter 2800 ===
🔧 Initializing model...
📦 Loading model from iteration 2800...
🚀 Running inference...
📊 Evaluating results...
✅ Done. Time cost: 0:00:59.093617

=== Rank-1 (Include identical-view cases) ===
NM: 32.120,	BG: 21.101,	CL: 9.217

=== Rank-1 (Exclude identical-view cases) ===
NM: 25.798,	BG: 17.693,	CL: 8.054

=== Rank-1 of each angle (Exclude identical-view cases) ===
NM: [15.49 20.45 23.74 20.54 31.58 29.82 35.86 36.17 29.41 24.68 16.04]
BG: [12.07 15.50 18.42 17.82 21.44 20.04 21.40 22.31 18.82 16.58 10.23]
CL: [ 7.34  7.57  7.70  6.20  8.20  7.61 10.27 10.27  9.64  7.76  6.03]

=== Testing checkpoint at iter 2900 ===
🔧 Initializing model...
📦 Loading model from iteration 2900...
🚀 Running inference...
📊 Evaluating results...
✅ Done. Time cost: 0:00:59.323985

=== Rank-1 (Include identical-view cases) ===
NM: 31.532,	BG: 20.940,	CL: 9.318

=== Rank-1 (Exclude identical-view cases) ===
NM: 25.172,	BG: 17.475,	CL: 8.095

=== Rank-1 of each angle (Exclude identical-view cases) ===
NM: [14.69 20.09 23.74 19.91 31.22 29.06 34.55 36.04 28.20 23.47 15.95]
BG: [11.98 15.22 17.52 17.27 21.31 19.78 21.04 23.30 17.87 16.53 10.41]
CL: [ 6.57  7.93  7.93  6.06  8.65  7.75 10.09 10.86  9.50  7.81  5.90]

=== Testing checkpoint at iter 3000 ===
🔧 Initializing model...
📦 Loading model from iteration 3000...
🚀 Running inference...
📊 Evaluating results...
✅ Done. Time cost: 0:00:48.835773

=== Rank-1 (Include identical-view cases) ===
NM: 31.997,	BG: 20.769,	CL: 9.166

=== Rank-1 (Exclude identical-view cases) ===
NM: 25.659,	BG: 17.336,	CL: 7.968

=== Rank-1 of each angle (Exclude identical-view cases) ===
NM: [14.51 20.40 24.64 21.22 31.40 29.33 34.42 35.90 29.50 25.13 15.81]
BG: [11.85 16.08 17.93 18.55 21.17 19.33 19.68 22.13 18.10 15.57 10.32]
CL: [ 6.17  7.39  8.11  6.74  8.60  7.83  9.51 10.45  8.87  7.85  6.13]

=== Testing checkpoint at iter 3100 ===
🔧 Initializing model...
📦 Loading model from iteration 3100...
🚀 Running inference...
📊 Evaluating results...
✅ Done. Time cost: 0:00:48.183506

=== Rank-1 (Include identical-view cases) ===
NM: 33.795,	BG: 21.938,	CL: 9.640

=== Rank-1 (Exclude identical-view cases) ===
NM: 27.637,	BG: 18.585,	CL: 8.560

=== Rank-1 of each angle (Exclude identical-view cases) ===
NM: [15.41 22.88 25.95 23.11 33.65 32.34 37.52 38.24 31.44 26.35 17.12]
BG: [12.43 16.76 19.01 18.86 22.43 21.26 21.89 24.16 19.41 17.49 10.72]
CL: [ 6.94  8.29  8.78  7.38  9.28  8.02 10.04 11.04  9.64  8.90  5.86]

=== Testing checkpoint at iter 3200 ===
🔧 Initializing model...
📦 Loading model from iteration 3200...
🚀 Running inference...
📊 Evaluating results...
✅ Done. Time cost: 0:00:49.685706

=== Rank-1 (Include identical-view cases) ===
NM: 35.318,	BG: 23.141,	CL: 9.924

=== Rank-1 (Exclude identical-view cases) ===
NM: 29.267,	BG: 19.772,	CL: 8.806

=== Rank-1 of each angle (Exclude identical-view cases) ===
NM: [16.71 24.28 27.88 24.10 35.23 32.75 39.37 40.86 33.83 29.64 17.30]
BG: [14.23 18.15 20.05 19.96 23.38 21.80 22.70 25.34 20.77 19.04 12.08]
CL: [ 7.34  8.92  9.64  7.96  8.96  7.84 10.36 10.95 10.18  8.95  5.76]

=== Testing checkpoint at iter 3300 ===
🔧 Initializing model...
📦 Loading model from iteration 3300...
🚀 Running inference...
📊 Evaluating results...
✅ Done. Time cost: 0:00:48.476348

=== Rank-1 (Include identical-view cases) ===
NM: 36.197,	BG: 23.854,	CL: 10.186

=== Rank-1 (Exclude identical-view cases) ===
NM: 30.226,	BG: 20.446,	CL: 9.136

=== Rank-1 of each angle (Exclude identical-view cases) ===
NM: [16.98 24.86 28.69 25.23 36.53 34.33 41.04 41.44 35.68 30.18 17.52]
BG: [13.92 18.51 20.50 20.54 24.32 22.97 24.32 26.29 21.18 20.09 12.26]
CL: [ 6.58  9.82 10.18  8.42  9.64  8.65 10.45 10.68 10.13  9.96  5.99]

=== Testing checkpoint at iter 3400 ===
🔧 Initializing model...
📦 Loading model from iteration 3400...
🚀 Running inference...
📊 Evaluating results...
✅ Done. Time cost: 0:00:48.144281

=== Rank-1 (Include identical-view cases) ===
NM: 35.057,	BG: 23.332,	CL: 10.106

=== Rank-1 (Exclude identical-view cases) ===
NM: 29.042,	BG: 19.864,	CL: 8.904

=== Rank-1 of each angle (Exclude identical-view cases) ===
NM: [16.44 24.46 27.48 23.65 33.78 32.07 39.14 39.82 33.60 30.40 18.60]
BG: [13.79 17.88 20.81 20.14 22.52 21.31 23.56 25.97 20.90 19.64 11.99]
CL: [ 6.80  9.10 10.14  7.47  9.41  8.47 10.32 11.31  9.59  9.13  6.22]

=== Testing checkpoint at iter 3500 ===
🔧 Initializing model...
📦 Loading model from iteration 3500...
🚀 Running inference...
📊 Evaluating results...
✅ Done. Time cost: 0:00:48.253997

=== Rank-1 (Include identical-view cases) ===
NM: 35.128,	BG: 23.624,	CL: 9.988

=== Rank-1 (Exclude identical-view cases) ===
NM: 29.087,	BG: 20.021,	CL: 8.881

=== Rank-1 of each angle (Exclude identical-view cases) ===
NM: [16.35 23.69 28.42 25.77 35.63 32.93 38.87 41.22 32.79 28.20 16.08]
BG: [13.11 18.20 21.67 21.00 23.92 22.93 24.01 26.11 20.27 17.81 11.22]
CL: [ 6.89  8.92 10.09  7.74  8.92  7.52 10.32 11.27 10.50  9.59  5.94]

=== Testing checkpoint at iter 3600 ===
🔧 Initializing model...
📦 Loading model from iteration 3600...
🚀 Running inference...
📊 Evaluating results...
✅ Done. Time cost: 0:00:48.804105

=== Rank-1 (Include identical-view cases) ===
NM: 35.705,	BG: 24.005,	CL: 10.056

=== Rank-1 (Exclude identical-view cases) ===
NM: 29.706,	BG: 20.465,	CL: 8.898

=== Rank-1 of each angle (Exclude identical-view cases) ===
NM: [17.66 24.68 28.15 24.87 35.59 34.37 39.87 41.13 34.82 27.97 17.66]
BG: [15.32 18.60 21.17 20.73 24.01 22.57 24.50 26.70 21.45 18.63 11.45]
CL: [ 6.94  8.83  9.60  7.51  8.79  8.11 10.36 11.63  9.55 10.00  6.58]

=== Testing checkpoint at iter 3700 ===
🔧 Initializing model...
📦 Loading model from iteration 3700...
🚀 Running inference...
📊 Evaluating results...
✅ Done. Time cost: 0:00:47.350850

=== Rank-1 (Include identical-view cases) ===
NM: 36.055,	BG: 23.801,	CL: 9.962

=== Rank-1 (Exclude identical-view cases) ===
NM: 30.033,	BG: 20.216,	CL: 8.815

=== Rank-1 of each angle (Exclude identical-view cases) ===
NM: [17.30 24.19 28.33 25.68 37.12 33.47 40.45 41.98 34.51 30.00 17.34]
BG: [14.37 18.02 20.59 21.32 23.47 21.98 24.28 27.01 22.12 18.86 10.36]
CL: [ 6.44  8.92 10.36  7.96  9.46  7.93  9.82 10.90  9.50  9.45  6.22]

=== Testing checkpoint at iter 3800 ===
🔧 Initializing model...
📦 Loading model from iteration 3800...
🚀 Running inference...
📊 Evaluating results...
✅ Done. Time cost: 0:00:49.638871

=== Rank-1 (Include identical-view cases) ===
NM: 36.778,	BG: 24.745,	CL: 10.100

=== Rank-1 (Exclude identical-view cases) ===
NM: 30.804,	BG: 21.144,	CL: 8.988

=== Rank-1 of each angle (Exclude identical-view cases) ===
NM: [17.66 26.71 28.16 25.23 37.43 35.05 41.94 43.61 35.23 29.64 18.20]
BG: [14.87 19.23 21.58 20.77 24.87 23.20 26.13 28.01 21.81 20.05 12.08]
CL: [ 7.03  9.42  9.60  7.74  9.15  7.97 10.81 11.58  9.86  9.82  5.90]

=== Testing checkpoint at iter 3900 ===
🔧 Initializing model...
📦 Loading model from iteration 3900...
🚀 Running inference...
📊 Evaluating results...
✅ Done. Time cost: 0:00:48.031617

=== Rank-1 (Include identical-view cases) ===
NM: 37.943,	BG: 25.590,	CL: 10.533

=== Rank-1 (Exclude identical-view cases) ===
NM: 32.068,	BG: 22.023,	CL: 9.485

=== Rank-1 of each angle (Exclude identical-view cases) ===
NM: [20.04 27.39 30.68 26.49 38.78 36.26 41.89 44.41 37.25 30.27 19.28]
BG: [16.89 20.45 22.70 21.82 25.49 23.24 24.91 29.82 23.30 20.73 12.89]
CL: [ 7.79  9.37 10.00  8.32  9.78  8.92 11.08 11.99 10.04 10.37  6.67]

=== Testing checkpoint at iter 4000 ===
🔧 Initializing model...
📦 Loading model from iteration 4000...
🚀 Running inference...
📊 Evaluating results...
✅ Done. Time cost: 0:00:48.523367

=== Rank-1 (Include identical-view cases) ===
NM: 38.274,	BG: 25.943,	CL: 10.421

=== Rank-1 (Exclude identical-view cases) ===
NM: 32.416,	BG: 22.305,	CL: 9.304

=== Rank-1 of each angle (Exclude identical-view cases) ===
NM: [19.41 28.20 31.31 26.58 39.01 36.62 43.29 44.95 37.03 31.35 18.83]
BG: [15.94 21.13 23.60 21.82 26.04 24.23 26.58 30.54 23.35 19.41 12.71]
CL: [ 7.12  9.73 10.00  8.42 10.45  8.33 10.18 11.58 10.00 10.09  6.44]

=== Testing checkpoint at iter 4100 ===
🔧 Initializing model...
📦 Loading model from iteration 4100...
🚀 Running inference...
📊 Evaluating results...
✅ Done. Time cost: 0:00:49.674081

=== Rank-1 (Include identical-view cases) ===
NM: 39.253,	BG: 26.240,	CL: 10.540

=== Rank-1 (Exclude identical-view cases) ===
NM: 33.518,	BG: 22.689,	CL: 9.468

=== Rank-1 of each angle (Exclude identical-view cases) ===
NM: [21.08 29.82 32.21 28.47 39.41 36.62 43.96 46.49 38.38 33.06 19.19]
BG: [17.34 21.26 24.41 22.77 25.90 23.33 26.17 30.50 23.39 21.78 12.71]
CL: [ 7.48 10.36 10.50  8.37 10.23  8.24 10.54 11.63  9.82 10.41  6.58]

=== Testing checkpoint at iter 4200 ===
🔧 Initializing model...
📦 Loading model from iteration 4200...
🚀 Running inference...
📊 Evaluating results...
✅ Done. Time cost: 0:00:47.701243

=== Rank-1 (Include identical-view cases) ===
NM: 37.253,	BG: 25.160,	CL: 10.213

=== Rank-1 (Exclude identical-view cases) ===
NM: 31.326,	BG: 21.583,	CL: 9.120

=== Rank-1 of each angle (Exclude identical-view cases) ===
NM: [19.50 26.53 30.00 27.48 37.57 35.27 41.49 42.93 35.14 29.82 18.87]
BG: [14.82 20.67 22.52 21.91 25.63 23.65 25.59 28.51 21.99 19.72 12.40]
CL: [ 7.12  8.69  9.78  8.01  9.28  8.38 10.50 11.94  9.82 10.41  6.40]

=== Testing checkpoint at iter 4300 ===
🔧 Initializing model...
📦 Loading model from iteration 4300...
🚀 Running inference...
📊 Evaluating results...
✅ Done. Time cost: 0:00:49.835248

=== Rank-1 (Include identical-view cases) ===
NM: 39.472,	BG: 25.544,	CL: 11.050

=== Rank-1 (Exclude identical-view cases) ===
NM: 33.767,	BG: 22.109,	CL: 9.934

=== Rank-1 of each angle (Exclude identical-view cases) ===
NM: [20.18 30.40 32.61 29.46 40.14 38.02 44.95 45.45 38.38 31.94 19.91]
BG: [15.54 20.90 24.23 22.68 25.86 23.38 25.81 29.32 23.21 19.82 12.44]
CL: [ 7.07  9.19 10.81  8.60 10.81  9.28 10.90 12.76 11.45 11.46  6.94]

=== Testing checkpoint at iter 4400 ===
🔧 Initializing model...
📦 Loading model from iteration 4400...
🚀 Running inference...
📊 Evaluating results...
✅ Done. Time cost: 0:00:47.578439

=== Rank-1 (Include identical-view cases) ===
NM: 38.523,	BG: 25.728,	CL: 10.481

=== Rank-1 (Exclude identical-view cases) ===
NM: 32.723,	BG: 22.175,	CL: 9.407

=== Rank-1 of each angle (Exclude identical-view cases) ===
NM: [20.63 27.16 31.35 29.32 38.33 36.53 43.38 44.01 37.07 31.89 20.27]
BG: [15.68 21.40 23.24 22.05 25.90 23.78 25.76 29.46 22.80 20.82 13.03]
CL: [ 7.25  8.65  9.87  7.78 10.27  8.42 10.59 12.49 10.81 10.23  7.12]

=== Testing checkpoint at iter 4500 ===
🔧 Initializing model...
📦 Loading model from iteration 4500...
🚀 Running inference...
📊 Evaluating results...
✅ Done. Time cost: 0:00:47.079089

=== Rank-1 (Include identical-view cases) ===
NM: 39.938,	BG: 27.034,	CL: 10.821

=== Rank-1 (Exclude identical-view cases) ===
NM: 34.279,	BG: 23.382,	CL: 9.727

=== Rank-1 of each angle (Exclude identical-view cases) ===
NM: [21.67 29.46 33.74 29.77 41.44 38.38 44.10 46.71 38.38 32.79 20.63]
BG: [16.98 22.79 25.00 22.68 26.80 24.41 27.79 30.95 25.02 21.14 13.62]
CL: [ 7.07  9.01 10.95  8.55 10.50  9.37 10.86 12.53 10.99 10.64  6.53]

=== Testing checkpoint at iter 4600 ===
🔧 Initializing model...
📦 Loading model from iteration 4600...
🚀 Running inference...
📊 Evaluating results...
✅ Done. Time cost: 0:00:50.290980

=== Rank-1 (Include identical-view cases) ===
NM: 40.057,	BG: 26.874,	CL: 10.911

=== Rank-1 (Exclude identical-view cases) ===
NM: 34.410,	BG: 23.350,	CL: 9.748

=== Rank-1 of each angle (Exclude identical-view cases) ===
NM: [21.89 29.37 33.15 30.04 40.77 38.83 43.96 47.07 39.86 32.43 21.13]
BG: [17.16 23.02 25.00 22.18 25.81 24.55 26.76 30.63 25.29 22.51 13.94]
CL: [ 7.52  9.60 10.86  8.14 10.72  8.74 10.72 12.13 10.90 11.10  6.80]

=== Testing checkpoint at iter 4700 ===
🔧 Initializing model...
📦 Loading model from iteration 4700...
🚀 Running inference...
📊 Evaluating results...
✅ Done. Time cost: 0:00:49.439128

=== Rank-1 (Include identical-view cases) ===
NM: 39.316,	BG: 26.760,	CL: 11.067

=== Rank-1 (Exclude identical-view cases) ===
NM: 33.575,	BG: 23.089,	CL: 9.871

=== Rank-1 of each angle (Exclude identical-view cases) ===
NM: [22.43 28.24 32.97 29.28 39.50 37.52 43.16 46.26 37.39 31.94 20.63]
BG: [18.60 22.16 24.50 22.55 26.85 24.19 26.48 30.09 23.80 20.37 14.39]
CL: [ 7.93  9.05 10.50  9.19 10.50  9.55 10.90 12.89 10.63 10.73  6.71]

=== Testing checkpoint at iter 4800 ===
🔧 Initializing model...
📦 Loading model from iteration 4800...
🚀 Running inference...
📊 Evaluating results...
✅ Done. Time cost: 0:00:47.691623

=== Rank-1 (Include identical-view cases) ===
NM: 41.054,	BG: 27.936,	CL: 11.247

=== Rank-1 (Exclude identical-view cases) ===
NM: 35.462,	BG: 24.268,	CL: 10.212

=== Rank-1 of each angle (Exclude identical-view cases) ===
NM: [23.33 31.85 35.81 30.77 42.03 39.82 44.50 48.11 39.14 33.51 21.22]
BG: [18.92 24.37 26.85 23.36 27.12 25.27 27.07 32.31 25.07 21.32 15.29]
CL: [ 8.33  9.91 11.67  9.41 10.72  9.14 10.72 13.03 11.58 11.28  6.53]

=== Testing checkpoint at iter 4900 ===
🔧 Initializing model...
📦 Loading model from iteration 4900...
🚀 Running inference...
📊 Evaluating results...
✅ Done. Time cost: 0:00:48.784210

=== Rank-1 (Include identical-view cases) ===
NM: 41.862,	BG: 28.072,	CL: 11.382

=== Rank-1 (Exclude identical-view cases) ===
NM: 36.359,	BG: 24.487,	CL: 10.311

=== Rank-1 of each angle (Exclude identical-view cases) ===
NM: [24.73 31.12 36.35 32.25 42.66 40.95 45.45 48.79 40.41 35.09 22.16]
BG: [20.00 23.56 26.62 24.32 27.48 25.31 27.75 31.58 25.25 22.33 15.16]
CL: [ 8.33  9.15 11.89  9.19 10.50  9.46 11.58 12.80 11.40 12.19  6.94]

=== Testing checkpoint at iter 5000 ===
🔧 Initializing model...
📦 Loading model from iteration 5000...
🚀 Running inference...
📊 Evaluating results...
✅ Done. Time cost: 0:00:47.508139

=== Rank-1 (Include identical-view cases) ===
NM: 41.334,	BG: 28.063,	CL: 11.150

=== Rank-1 (Exclude identical-view cases) ===
NM: 35.778,	BG: 24.407,	CL: 10.072

=== Rank-1 of each angle (Exclude identical-view cases) ===
NM: [24.68 31.13 36.13 30.09 41.85 39.64 45.27 48.20 40.54 33.87 22.16]
BG: [18.78 23.69 26.62 23.50 28.47 26.17 28.60 31.27 25.02 22.05 14.30]
CL: [ 7.70  9.78 11.58  9.55 10.90  9.60 10.95 11.99 11.18 11.01  6.58]

=== Testing checkpoint at iter 5100 ===
🔧 Initializing model...
📦 Loading model from iteration 5100...
🚀 Running inference...
📊 Evaluating results...
✅ Done. Time cost: 0:00:47.733249

=== Rank-1 (Include identical-view cases) ===
NM: 41.293,	BG: 27.368,	CL: 11.710

=== Rank-1 (Exclude identical-view cases) ===
NM: 35.749,	BG: 23.790,	CL: 10.586

=== Rank-1 of each angle (Exclude identical-view cases) ===
NM: [25.95 31.67 36.40 31.80 40.99 37.48 43.29 47.93 40.27 34.77 22.70]
BG: [20.99 22.57 26.85 24.23 25.68 22.84 25.49 30.14 24.88 22.51 15.52]
CL: [ 8.20 10.45 12.21 10.22 11.58  9.06 11.31 12.76 11.45 12.05  7.16]

=== Testing checkpoint at iter 5200 ===
🔧 Initializing model...
📦 Loading model from iteration 5200...
🚀 Running inference...
📊 Evaluating results...
✅ Done. Time cost: 0:00:47.718438

=== Rank-1 (Include identical-view cases) ===
NM: 41.230,	BG: 28.287,	CL: 11.427

=== Rank-1 (Exclude identical-view cases) ===
NM: 35.688,	BG: 24.653,	CL: 10.238

=== Rank-1 of each angle (Exclude identical-view cases) ===
NM: [21.89 31.13 35.31 32.34 41.98 39.28 45.95 48.33 39.86 34.19 22.30]
BG: [17.84 23.51 26.58 24.77 27.93 26.17 29.10 31.13 26.06 23.74 14.34]
CL: [ 7.12  9.73 11.22  9.46 10.36  9.01 11.76 12.67 11.81 12.15  7.34]

=== Testing checkpoint at iter 5300 ===
🔧 Initializing model...
📦 Loading model from iteration 5300...
🚀 Running inference...
📊 Evaluating results...
✅ Done. Time cost: 0:00:48.171983

=== Rank-1 (Include identical-view cases) ===
NM: 42.726,	BG: 28.316,	CL: 11.803

=== Rank-1 (Exclude identical-view cases) ===
NM: 37.322,	BG: 24.743,	CL: 10.726

=== Rank-1 of each angle (Exclude identical-view cases) ===
NM: [25.90 33.78 38.02 33.29 43.20 40.05 45.09 50.00 41.76 36.31 23.15]
BG: [20.27 24.51 27.70 24.32 27.43 24.23 27.34 31.63 25.38 23.51 15.84]
CL: [ 8.51 10.63 12.25  9.91 10.54  9.64 11.31 13.57 11.90 12.15  7.57]

=== Testing checkpoint at iter 5400 ===
🔧 Initializing model...
📦 Loading model from iteration 5400...
🚀 Running inference...
📊 Evaluating results...
✅ Done. Time cost: 0:00:48.173657

=== Rank-1 (Include identical-view cases) ===
NM: 42.387,	BG: 29.159,	CL: 11.142

=== Rank-1 (Exclude identical-view cases) ===
NM: 36.924,	BG: 25.592,	CL: 10.122

=== Rank-1 of each angle (Exclude identical-view cases) ===
NM: [24.01 32.21 37.66 33.78 43.47 40.76 46.67 49.01 41.67 35.32 21.62]
BG: [18.60 24.64 28.38 24.95 29.10 27.48 30.59 32.99 26.33 23.52 14.93]
CL: [ 7.66  9.96 11.49  9.95 10.77  9.32 10.77 11.85 11.58 11.23  6.76]

=== Testing checkpoint at iter 5500 ===
🔧 Initializing model...
📦 Loading model from iteration 5500...
🚀 Running inference...
📊 Evaluating results...
✅ Done. Time cost: 0:00:47.312598

=== Rank-1 (Include identical-view cases) ===
NM: 43.080,	BG: 29.252,	CL: 11.115

=== Rank-1 (Exclude identical-view cases) ===
NM: 37.686,	BG: 25.637,	CL: 10.018

=== Rank-1 of each angle (Exclude identical-view cases) ===
NM: [25.40 32.79 37.84 33.65 43.60 41.44 48.20 49.77 42.34 36.89 22.61]
BG: [18.51 23.88 28.38 24.64 29.46 27.30 30.59 33.76 26.74 23.88 14.88]
CL: [ 7.03  8.92 11.40 10.09 11.26  9.59 11.71 12.85 10.54 10.46  6.35]

=== Testing checkpoint at iter 5600 ===
🔧 Initializing model...
📦 Loading model from iteration 5600...
🚀 Running inference...
📊 Evaluating results...
✅ Done. Time cost: 0:00:47.417070

=== Rank-1 (Include identical-view cases) ===
NM: 43.977,	BG: 30.056,	CL: 11.500

=== Rank-1 (Exclude identical-view cases) ===
NM: 38.653,	BG: 26.439,	CL: 10.454

=== Rank-1 of each angle (Exclude identical-view cases) ===
NM: [26.13 35.14 39.69 33.61 44.51 41.26 48.20 50.99 43.87 37.97 23.83]
BG: [20.45 26.44 29.91 26.04 28.47 26.22 29.55 35.07 28.01 24.66 16.02]
CL: [ 8.29  9.82 12.16 10.99 11.22  9.60 11.35 12.03 11.85 11.23  6.44]

=== Testing checkpoint at iter 5700 ===
🔧 Initializing model...
📦 Loading model from iteration 5700...
🚀 Running inference...
📊 Evaluating results...
✅ Done. Time cost: 0:00:47.943250

=== Rank-1 (Include identical-view cases) ===
NM: 44.379,	BG: 30.177,	CL: 11.942

=== Rank-1 (Exclude identical-view cases) ===
NM: 39.107,	BG: 26.663,	CL: 10.911

=== Rank-1 of each angle (Exclude identical-view cases) ===
NM: [28.11 35.36 40.50 34.69 44.73 40.86 47.16 51.67 42.34 38.51 26.26]
BG: [22.66 26.76 29.77 27.00 28.83 25.63 28.42 32.94 27.28 26.26 17.74]
CL: [ 8.88 10.59 12.34 11.27 11.44  9.64 11.22 13.21 11.81 12.65  6.98]

=== Testing checkpoint at iter 5800 ===
🔧 Initializing model...
📦 Loading model from iteration 5800...
🚀 Running inference...
📊 Evaluating results...
✅ Done. Time cost: 0:00:47.687086

=== Rank-1 (Include identical-view cases) ===
NM: 43.716,	BG: 29.870,	CL: 12.247

=== Rank-1 (Exclude identical-view cases) ===
NM: 38.415,	BG: 26.387,	CL: 11.194

=== Rank-1 of each angle (Exclude identical-view cases) ===
NM: [27.39 34.68 40.54 33.74 43.38 40.40 46.94 51.17 41.76 38.06 24.50]
BG: [22.16 26.31 29.86 26.37 28.65 25.77 28.70 33.48 27.24 24.93 16.79]
CL: [ 8.61 10.59 13.33 11.67 11.71  9.91 12.12 13.89 11.81 12.47  7.03]

=== Testing checkpoint at iter 5900 ===
🔧 Initializing model...
📦 Loading model from iteration 5900...
🚀 Running inference...
📊 Evaluating results...
✅ Done. Time cost: 0:00:47.990327

=== Rank-1 (Include identical-view cases) ===
NM: 43.932,	BG: 30.132,	CL: 12.136

=== Rank-1 (Exclude identical-view cases) ===
NM: 38.633,	BG: 26.572,	CL: 11.014

=== Rank-1 of each angle (Exclude identical-view cases) ===
NM: [26.94 34.50 39.73 34.55 43.92 41.31 47.30 51.13 42.03 38.15 25.40]
BG: [21.53 25.45 29.46 26.73 28.92 26.53 30.09 33.21 27.42 26.12 16.83]
CL: [ 8.96 10.14 12.39 11.17 11.94 10.00 11.67 12.89 11.63 13.02  7.34]

=== Testing checkpoint at iter 6000 ===
🔧 Initializing model...
📦 Loading model from iteration 6000...
🚀 Running inference...
📊 Evaluating results...
✅ Done. Time cost: 0:00:49.718483

=== Rank-1 (Include identical-view cases) ===
NM: 43.444,	BG: 30.366,	CL: 11.721

=== Rank-1 (Exclude identical-view cases) ===
NM: 38.096,	BG: 26.649,	CL: 10.598

=== Rank-1 of each angle (Exclude identical-view cases) ===
NM: [25.81 33.20 38.24 33.29 43.87 41.67 47.52 50.00 42.70 38.11 24.64]
BG: [20.72 25.27 29.59 26.27 30.63 28.11 30.23 34.48 26.60 25.39 15.84]
CL: [ 8.24  9.82 12.12 10.54 11.53  9.69 11.26 13.12 11.31 11.96  6.98]

=== Testing checkpoint at iter 6100 ===
🔧 Initializing model...
📦 Loading model from iteration 6100...
🚀 Running inference...
📊 Evaluating results...
✅ Done. Time cost: 0:00:47.617165

=== Rank-1 (Include identical-view cases) ===
NM: 43.586,	BG: 30.213,	CL: 12.079

=== Rank-1 (Exclude identical-view cases) ===
NM: 38.252,	BG: 26.522,	CL: 10.955

=== Rank-1 of each angle (Exclude identical-view cases) ===
NM: [25.81 33.92 40.23 34.82 42.88 40.59 47.79 50.86 42.39 37.25 24.23]
BG: [20.99 25.00 30.41 27.27 30.27 26.40 29.87 33.66 26.74 25.07 16.06]
CL: [ 8.56 10.27 12.93 11.54 11.40  9.42 11.31 13.80 12.71 11.46  7.12]

=== Testing checkpoint at iter 6200 ===
🔧 Initializing model...
📦 Loading model from iteration 6200...
🚀 Running inference...
📊 Evaluating results...
✅ Done. Time cost: 0:00:47.836255

=== Rank-1 (Include identical-view cases) ===
NM: 44.941,	BG: 31.621,	CL: 12.127

=== Rank-1 (Exclude identical-view cases) ===
NM: 39.726,	BG: 27.910,	CL: 11.041

=== Rank-1 of each angle (Exclude identical-view cases) ===
NM: [27.79 35.36 41.13 35.86 45.14 42.43 49.19 52.30 43.65 39.19 24.96]
BG: [22.57 26.89 31.17 28.59 30.95 29.23 31.58 34.30 27.65 26.26 17.83]
CL: [ 9.01 10.81 13.24 11.67 10.63 10.18 11.22 13.62 11.54 11.92  7.61]

=== Testing checkpoint at iter 6300 ===
🔧 Initializing model...
📦 Loading model from iteration 6300...
🚀 Running inference...
📊 Evaluating results...
✅ Done. Time cost: 0:00:47.819588

=== Rank-1 (Include identical-view cases) ===
NM: 45.228,	BG: 31.412,	CL: 12.400

=== Rank-1 (Exclude identical-view cases) ===
NM: 40.021,	BG: 27.705,	CL: 11.312

=== Rank-1 of each angle (Exclude identical-view cases) ===
NM: [27.52 35.45 40.95 36.67 46.22 42.61 48.78 52.84 43.92 39.91 25.36]
BG: [22.30 27.16 31.49 28.95 31.22 28.69 30.68 33.80 27.24 26.16 17.06]
CL: [ 8.65 10.68 13.29 12.71 11.94 10.09 11.80 13.62 11.99 12.06  7.61]

=== Testing checkpoint at iter 6400 ===
🔧 Initializing model...
📦 Loading model from iteration 6400...
🚀 Running inference...
📊 Evaluating results...
✅ Done. Time cost: 0:00:49.345334

=== Rank-1 (Include identical-view cases) ===
NM: 45.153,	BG: 30.877,	CL: 12.042

=== Rank-1 (Exclude identical-view cases) ===
NM: 39.951,	BG: 27.318,	CL: 10.918

=== Rank-1 of each angle (Exclude identical-view cases) ===
NM: [28.24 35.18 42.48 37.30 44.60 42.43 48.96 51.40 44.68 39.41 24.77]
BG: [22.07 26.08 30.18 27.68 30.99 28.29 30.95 34.16 28.10 25.39 16.60]
CL: [ 7.88 10.18 12.52 11.90 11.98 10.27 11.94 13.39 11.63 11.37  7.03]

=== Testing checkpoint at iter 6500 ===
🔧 Initializing model...
📦 Loading model from iteration 6500...
🚀 Running inference...
📊 Evaluating results...
✅ Done. Time cost: 0:00:48.991763

=== Rank-1 (Include identical-view cases) ===
NM: 45.072,	BG: 30.624,	CL: 12.101

=== Rank-1 (Exclude identical-view cases) ===
NM: 39.873,	BG: 27.039,	CL: 10.910

=== Rank-1 of each angle (Exclude identical-view cases) ===
NM: [27.21 34.91 41.62 36.40 44.64 43.06 49.46 51.62 44.86 38.74 26.08]
BG: [20.81 26.89 31.13 27.45 29.28 27.12 30.59 33.76 28.01 25.71 16.70]
CL: [ 8.11  9.73 12.79 12.12 11.44 10.09 11.40 13.84 11.31 11.69  7.48]

=== Testing checkpoint at iter 6600 ===
🔧 Initializing model...
📦 Loading model from iteration 6600...
🚀 Running inference...
📊 Evaluating results...
✅ Done. Time cost: 0:00:47.103831

=== Rank-1 (Include identical-view cases) ===
NM: 45.213,	BG: 31.172,	CL: 12.315

=== Rank-1 (Exclude identical-view cases) ===
NM: 40.008,	BG: 27.552,	CL: 11.120

=== Rank-1 of each angle (Exclude identical-view cases) ===
NM: [27.48 34.78 41.17 37.39 44.24 43.20 50.54 51.53 44.23 40.23 25.32]
BG: [21.67 26.08 30.95 28.27 30.45 28.83 32.30 34.21 27.78 26.16 16.38]
CL: [ 8.29 10.45 12.88 11.76 11.94  9.86 11.26 13.44 11.99 12.65  7.79]

=== Testing checkpoint at iter 6700 ===
🔧 Initializing model...
📦 Loading model from iteration 6700...
🚀 Running inference...
📊 Evaluating results...
✅ Done. Time cost: 0:00:47.845346

=== Rank-1 (Include identical-view cases) ===
NM: 45.585,	BG: 31.301,	CL: 12.523

=== Rank-1 (Exclude identical-view cases) ===
NM: 40.446,	BG: 27.562,	CL: 11.300

=== Rank-1 of each angle (Exclude identical-view cases) ===
NM: [26.76 36.21 42.88 37.21 45.86 44.28 49.95 52.39 44.91 39.19 25.27]
BG: [20.45 27.07 31.13 28.36 31.04 28.29 31.08 34.03 28.60 26.71 16.42]
CL: [ 8.38 10.54 12.52 12.58 12.70 10.72 11.71 13.26 12.08 12.01  7.79]

=== Testing checkpoint at iter 6800 ===
🔧 Initializing model...
📦 Loading model from iteration 6800...
🚀 Running inference...
📊 Evaluating results...
✅ Done. Time cost: 0:00:49.538721

=== Rank-1 (Include identical-view cases) ===
NM: 46.165,	BG: 31.968,	CL: 12.937

=== Rank-1 (Exclude identical-view cases) ===
NM: 41.077,	BG: 28.238,	CL: 11.702

=== Rank-1 of each angle (Exclude identical-view cases) ===
NM: [27.75 35.45 42.75 38.42 46.21 45.13 51.57 53.11 45.86 39.60 25.99]
BG: [22.07 26.67 32.52 28.68 31.94 29.19 32.25 34.93 28.23 26.57 17.56]
CL: [ 8.61 10.90 13.56 12.53 12.61 11.13 12.21 14.03 13.12 12.19  7.84]

=== Testing checkpoint at iter 6900 ===
🔧 Initializing model...
📦 Loading model from iteration 6900...
🚀 Running inference...
📊 Evaluating results...
✅ Done. Time cost: 0:00:47.516641

=== Rank-1 (Include identical-view cases) ===
NM: 46.880,	BG: 32.245,	CL: 13.011

=== Rank-1 (Exclude identical-view cases) ===
NM: 41.855,	BG: 28.608,	CL: 11.697

=== Rank-1 of each angle (Exclude identical-view cases) ===
NM: [29.14 36.31 43.74 39.55 45.81 46.44 52.75 53.65 46.17 40.36 26.49]
BG: [23.33 27.39 33.92 28.68 31.13 28.92 31.94 34.75 29.18 27.76 17.69]
CL: [ 8.56 10.68 13.87 11.95 12.21 11.49 12.84 14.53 12.17 12.10  8.29]

=== Testing checkpoint at iter 7000 ===
🔧 Initializing model...
📦 Loading model from iteration 7000...
🚀 Running inference...
📊 Evaluating results...
✅ Done. Time cost: 0:00:49.769780

=== Rank-1 (Include identical-view cases) ===
NM: 46.642,	BG: 32.074,	CL: 12.646

=== Rank-1 (Exclude identical-view cases) ===
NM: 41.597,	BG: 28.478,	CL: 11.472

=== Rank-1 of each angle (Exclude identical-view cases) ===
NM: [29.37 34.86 42.75 39.64 46.58 46.22 52.25 53.02 45.63 40.72 26.53]
BG: [23.47 27.21 32.03 28.18 31.08 29.91 31.62 34.80 28.87 27.81 18.28]
CL: [ 8.20 10.72 13.02 12.03 12.66 11.40 11.62 14.66 12.17 11.92  7.79]

=== Testing checkpoint at iter 7100 ===
🔧 Initializing model...
📦 Loading model from iteration 7100...
🚀 Running inference...
📊 Evaluating results...
✅ Done. Time cost: 0:00:47.616078

=== Rank-1 (Include identical-view cases) ===
NM: 47.491,	BG: 32.407,	CL: 12.972

=== Rank-1 (Exclude identical-view cases) ===
NM: 42.510,	BG: 28.741,	CL: 11.826

=== Rank-1 of each angle (Exclude identical-view cases) ===
NM: [31.35 37.34 44.46 41.35 46.31 45.54 51.94 53.92 45.90 40.95 28.56]
BG: [24.73 27.88 32.39 30.27 30.50 27.93 31.53 33.85 29.19 27.67 20.23]
CL: [ 8.96 11.22 13.20 12.17 12.57 11.26 12.25 14.25 12.71 13.43  8.07]

=== Testing checkpoint at iter 7200 ===
🔧 Initializing model...
📦 Loading model from iteration 7200...
🚀 Running inference...
📊 Evaluating results...
✅ Done. Time cost: 0:00:48.674975

=== Rank-1 (Include identical-view cases) ===
NM: 46.024,	BG: 31.528,	CL: 12.672

=== Rank-1 (Exclude identical-view cases) ===
NM: 40.917,	BG: 27.837,	CL: 11.485

=== Rank-1 of each angle (Exclude identical-view cases) ===
NM: [29.55 36.04 43.65 39.23 45.09 43.96 50.45 51.98 44.73 39.05 26.35]
BG: [21.80 26.26 32.12 28.09 30.04 28.11 31.58 33.85 28.51 27.49 18.37]
CL: [ 8.74 10.99 13.02 11.58 11.80 10.81 11.89 14.61 12.26 12.60  8.02]

=== Testing checkpoint at iter 7300 ===
🔧 Initializing model...
📦 Loading model from iteration 7300...
🚀 Running inference...
📊 Evaluating results...
✅ Done. Time cost: 0:00:49.352627

=== Rank-1 (Include identical-view cases) ===
NM: 47.789,	BG: 32.568,	CL: 13.187

=== Rank-1 (Exclude identical-view cases) ===
NM: 42.862,	BG: 29.046,	CL: 12.071

=== Rank-1 of each angle (Exclude identical-view cases) ===
NM: [31.17 38.65 45.59 40.86 45.90 45.54 52.25 54.91 47.30 42.21 27.12]
BG: [24.64 29.32 34.23 31.14 30.22 27.21 31.40 34.71 29.14 28.40 19.09]
CL: [ 9.37 11.71 14.91 13.67 11.80 10.49 12.52 14.52 12.94 12.70  8.15]

=== Testing checkpoint at iter 7400 ===
🔧 Initializing model...
📦 Loading model from iteration 7400...
🚀 Running inference...
📊 Evaluating results...
✅ Done. Time cost: 0:00:47.218780

=== Rank-1 (Include identical-view cases) ===
NM: 47.748,	BG: 32.108,	CL: 13.008

=== Rank-1 (Exclude identical-view cases) ===
NM: 42.809,	BG: 28.503,	CL: 11.837

=== Rank-1 of each angle (Exclude identical-view cases) ===
NM: [31.08 37.79 45.18 40.99 46.62 44.64 51.39 55.36 47.57 41.76 28.51]
BG: [24.46 28.20 32.57 29.41 30.81 26.94 30.81 34.93 29.14 27.67 18.60]
CL: [ 9.91 11.58 13.42 13.03 12.61 10.90 11.71 13.44 12.62 12.51  8.47]

=== Testing checkpoint at iter 7500 ===
🔧 Initializing model...
📦 Loading model from iteration 7500...
🚀 Running inference...
📊 Evaluating results...
✅ Done. Time cost: 0:00:49.334671

=== Rank-1 (Include identical-view cases) ===
NM: 48.202,	BG: 32.286,	CL: 13.341

=== Rank-1 (Exclude identical-view cases) ===
NM: 43.320,	BG: 28.707,	CL: 12.166

=== Rank-1 of each angle (Exclude identical-view cases) ===
NM: [31.58 38.24 45.27 41.58 47.97 45.86 52.70 56.13 48.11 41.35 27.75]
BG: [24.73 28.33 33.83 28.91 30.27 27.88 31.22 34.43 29.23 27.44 19.50]
CL: [ 9.68 11.76 14.01 13.39 12.79 11.62 11.80 14.16 12.76 13.43  8.43]

=== Testing checkpoint at iter 7600 ===
🔧 Initializing model...
📦 Loading model from iteration 7600...
🚀 Running inference...
📊 Evaluating results...
✅ Done. Time cost: 0:00:47.594138

=== Rank-1 (Include identical-view cases) ===
NM: 46.169,	BG: 31.906,	CL: 12.343

=== Rank-1 (Exclude identical-view cases) ===
NM: 41.077,	BG: 28.195,	CL: 11.155

=== Rank-1 of each angle (Exclude identical-view cases) ===
NM: [28.96 37.03 42.88 39.77 44.28 43.42 50.00 52.34 45.18 41.49 26.49]
BG: [23.65 27.57 31.62 29.54 30.81 27.57 30.68 34.71 27.56 27.17 19.27]
CL: [ 8.92 10.54 12.30 12.53 11.26 10.95 11.89 12.80 11.94 11.46  8.11]

=== Testing checkpoint at iter 7700 ===
🔧 Initializing model...
📦 Loading model from iteration 7700...
🚀 Running inference...
📊 Evaluating results...
✅ Done. Time cost: 0:00:47.541700

=== Rank-1 (Include identical-view cases) ===
NM: 47.424,	BG: 32.719,	CL: 12.784

=== Rank-1 (Exclude identical-view cases) ===
NM: 42.457,	BG: 29.105,	CL: 11.587

=== Rank-1 of each angle (Exclude identical-view cases) ===
NM: [32.34 37.66 44.50 40.85 45.27 44.91 51.49 54.41 46.04 41.44 28.11]
BG: [27.03 28.60 33.15 29.14 31.22 28.51 31.40 34.57 29.05 27.76 19.73]
CL: [ 9.86 11.17 13.20 12.94 11.94 10.81 11.35 13.84 11.54 12.60  8.20]

=== Testing checkpoint at iter 7800 ===
🔧 Initializing model...
📦 Loading model from iteration 7800...
🚀 Running inference...
📊 Evaluating results...
✅ Done. Time cost: 0:00:49.670501

=== Rank-1 (Include identical-view cases) ===
NM: 47.011,	BG: 31.927,	CL: 13.020

=== Rank-1 (Exclude identical-view cases) ===
NM: 42.006,	BG: 28.349,	CL: 11.756

=== Rank-1 of each angle (Exclude identical-view cases) ===
NM: [28.15 38.11 44.28 41.26 46.39 45.90 52.61 52.84 45.77 40.45 26.31]
BG: [22.61 27.70 33.20 29.23 31.21 28.65 32.79 34.16 27.55 26.80 17.92]
CL: [ 9.28 10.63 12.93 13.08 12.39 10.58 12.61 14.52 12.58 12.60  8.11]

=== Testing checkpoint at iter 7900 ===
🔧 Initializing model...
📦 Loading model from iteration 7900...
🚀 Running inference...
📊 Evaluating results...
✅ Done. Time cost: 0:00:47.531564

=== Rank-1 (Include identical-view cases) ===
NM: 48.161,	BG: 32.567,	CL: 13.535

=== Rank-1 (Exclude identical-view cases) ===
NM: 43.268,	BG: 28.869,	CL: 12.371

=== Rank-1 of each angle (Exclude identical-view cases) ===
NM: [30.00 37.48 45.59 42.88 48.69 46.67 52.84 54.82 47.52 41.76 27.70]
BG: [24.01 27.66 33.78 31.27 31.40 28.24 31.89 33.85 29.19 27.76 18.51]
CL: [ 9.32 11.26 14.64 14.16 12.79 12.12 12.97 14.80 12.58 13.20  8.24]

=== Testing checkpoint at iter 8000 ===
🔧 Initializing model...
📦 Loading model from iteration 8000...
🚀 Running inference...
📊 Evaluating results...
✅ Done. Time cost: 0:00:47.947960

=== Rank-1 (Include identical-view cases) ===
NM: 46.661,	BG: 31.999,	CL: 13.445

=== Rank-1 (Exclude identical-view cases) ===
NM: 41.633,	BG: 28.235,	CL: 12.228

=== Rank-1 of each angle (Exclude identical-view cases) ===
NM: [28.51 36.49 43.47 42.25 46.31 45.36 51.62 51.71 46.08 39.82 26.35]
BG: [21.93 26.39 32.79 30.64 30.09 28.47 32.48 33.53 28.96 26.76 18.55]
CL: [ 8.65 10.95 13.69 13.89 13.47 12.16 12.88 14.89 13.44 12.51  7.97]

=== Testing checkpoint at iter 8100 ===
🔧 Initializing model...
📦 Loading model from iteration 8100...
🚀 Running inference...
📊 Evaluating results...
✅ Done. Time cost: 0:00:49.861209

=== Rank-1 (Include identical-view cases) ===
NM: 47.766,	BG: 32.847,	CL: 13.430

=== Rank-1 (Exclude identical-view cases) ===
NM: 42.813,	BG: 29.089,	CL: 12.236

=== Rank-1 of each angle (Exclude identical-view cases) ===
NM: [30.09 37.93 46.04 42.43 47.48 45.41 52.25 53.74 47.34 40.95 27.30]
BG: [23.60 29.69 34.05 30.96 30.95 29.10 31.08 34.61 29.46 26.94 19.55]
CL: [ 9.51 11.53 14.14 13.30 12.57 11.71 12.61 14.21 13.57 13.06  8.38]

=== Testing checkpoint at iter 8200 ===
🔧 Initializing model...
📦 Loading model from iteration 8200...
🚀 Running inference...
📊 Evaluating results...
✅ Done. Time cost: 0:00:48.006717

=== Rank-1 (Include identical-view cases) ===
NM: 47.320,	BG: 33.093,	CL: 13.324

=== Rank-1 (Exclude identical-view cases) ===
NM: 42.306,	BG: 29.340,	CL: 12.132

=== Rank-1 of each angle (Exclude identical-view cases) ===
NM: [29.82 38.65 44.05 41.04 46.85 44.96 51.53 53.38 46.71 41.35 27.03]
BG: [24.05 29.91 34.05 28.36 31.53 29.01 32.03 34.75 30.68 28.58 19.77]
CL: [ 9.59 11.67 13.87 12.76 13.16 12.12 12.34 14.12 12.17 13.06  8.60]

=== Testing checkpoint at iter 8300 ===
🔧 Initializing model...
📦 Loading model from iteration 8300...
🚀 Running inference...
📊 Evaluating results...
✅ Done. Time cost: 0:00:48.180823

=== Rank-1 (Include identical-view cases) ===
NM: 47.138,	BG: 32.964,	CL: 13.561

=== Rank-1 (Exclude identical-view cases) ===
NM: 42.105,	BG: 29.128,	CL: 12.322

=== Rank-1 of each angle (Exclude identical-view cases) ===
NM: [28.61 39.10 44.91 40.32 47.39 44.77 50.41 53.20 46.80 41.53 26.13]
BG: [23.60 29.64 34.05 30.18 31.98 27.30 31.31 35.02 29.91 28.72 18.69]
CL: [ 9.78 12.30 14.37 13.53 12.97 11.44 11.94 14.39 12.94 13.29  8.60]

=== Testing checkpoint at iter 8400 ===
🔧 Initializing model...
📦 Loading model from iteration 8400...
🚀 Running inference...
📊 Evaluating results...
✅ Done. Time cost: 0:00:47.641485

=== Rank-1 (Include identical-view cases) ===
NM: 47.778,	BG: 32.760,	CL: 13.416

=== Rank-1 (Exclude identical-view cases) ===
NM: 42.801,	BG: 28.929,	CL: 12.208

=== Rank-1 of each angle (Exclude identical-view cases) ===
NM: [29.86 39.91 44.55 41.22 46.39 46.89 52.75 54.55 46.53 41.62 26.53]
BG: [22.88 29.60 34.01 30.50 31.08 29.14 32.39 34.30 28.46 27.76 18.10]
CL: [ 9.37 11.94 14.32 13.03 12.07 11.35 12.25 14.30 13.12 14.02  8.51]

=== Testing checkpoint at iter 8500 ===
🔧 Initializing model...
📦 Loading model from iteration 8500...
🚀 Running inference...
📊 Evaluating results...
✅ Done. Time cost: 0:00:47.684059

=== Rank-1 (Include identical-view cases) ===
NM: 48.135,	BG: 33.552,	CL: 13.448

=== Rank-1 (Exclude identical-view cases) ===
NM: 43.227,	BG: 29.812,	CL: 12.285

=== Rank-1 of each angle (Exclude identical-view cases) ===
NM: [29.41 38.83 46.04 42.93 47.39 46.80 52.84 54.96 47.70 41.85 26.76]
BG: [25.14 29.87 34.91 30.86 31.98 30.18 32.84 35.16 29.55 28.63 18.82]
CL: [ 9.59 11.71 14.46 13.57 12.75 11.35 12.84 14.93 13.39 12.56  7.97]

=== Testing checkpoint at iter 8600 ===
🔧 Initializing model...
📦 Loading model from iteration 8600...
🚀 Running inference...
📊 Evaluating results...
✅ Done. Time cost: 0:00:49.436730

=== Rank-1 (Include identical-view cases) ===
NM: 46.768,	BG: 32.346,	CL: 13.410

=== Rank-1 (Exclude identical-view cases) ===
NM: 41.732,	BG: 28.556,	CL: 12.108

=== Rank-1 of each angle (Exclude identical-view cases) ===
NM: [29.73 38.24 43.42 41.22 45.85 44.50 50.22 52.16 46.13 40.49 27.07]
BG: [22.75 27.88 32.12 30.27 30.86 28.96 31.22 34.70 29.46 27.30 18.60]
CL: [ 8.51 11.85 13.69 13.57 13.02 12.34 12.52 14.07 13.35 12.19  8.06]

=== Testing checkpoint at iter 8700 ===
🔧 Initializing model...
📦 Loading model from iteration 8700...
🚀 Running inference...
📊 Evaluating results...
✅ Done. Time cost: 0:00:47.874024

=== Rank-1 (Include identical-view cases) ===
NM: 45.957,	BG: 31.530,	CL: 13.191

=== Rank-1 (Exclude identical-view cases) ===
NM: 40.823,	BG: 27.802,	CL: 11.965

=== Rank-1 of each angle (Exclude identical-view cases) ===
NM: [30.90 36.22 42.48 39.96 43.24 41.49 48.92 51.85 45.86 39.73 28.42]
BG: [23.78 25.22 31.08 29.36 29.33 27.57 30.90 34.03 28.64 27.44 18.46]
CL: [ 9.19 10.41 12.75 12.40 12.79 12.25 13.29 14.39 13.17 12.70  8.29]

=== Testing checkpoint at iter 8800 ===
🔧 Initializing model...
📦 Loading model from iteration 8800...
🚀 Running inference...
📊 Evaluating results...
✅ Done. Time cost: 0:00:48.090246

=== Rank-1 (Include identical-view cases) ===
NM: 48.500,	BG: 33.462,	CL: 13.347

=== Rank-1 (Exclude identical-view cases) ===
NM: 43.640,	BG: 29.783,	CL: 12.100

=== Rank-1 of each angle (Exclude identical-view cases) ===
NM: [32.84 39.28 46.04 43.42 45.86 46.26 52.84 54.55 47.61 41.58 29.77]
BG: [25.27 29.64 35.05 31.32 32.03 29.41 33.51 35.88 28.91 27.95 18.64]
CL: [ 9.69 11.49 13.69 13.44 12.25 11.80 12.88 13.98 13.08 12.38  8.43]

=== Testing checkpoint at iter 8900 ===
🔧 Initializing model...
📦 Loading model from iteration 8900...
🚀 Running inference...
📊 Evaluating results...
✅ Done. Time cost: 0:00:47.389441

=== Rank-1 (Include identical-view cases) ===
NM: 48.031,	BG: 32.836,	CL: 13.434

=== Rank-1 (Exclude identical-view cases) ===
NM: 43.087,	BG: 29.135,	CL: 12.212

=== Rank-1 of each angle (Exclude identical-view cases) ===
NM: [31.62 38.96 44.55 41.85 45.76 45.27 51.53 54.23 47.66 42.57 29.96]
BG: [25.05 29.46 32.93 30.23 31.53 28.06 32.48 35.11 28.46 28.72 18.46]
CL: [ 9.46 10.90 13.83 13.35 12.70 11.40 13.06 14.25 13.35 13.11  8.92]

=== Testing checkpoint at iter 9000 ===
🔧 Initializing model...
📦 Loading model from iteration 9000...
🚀 Running inference...
📊 Evaluating results...
✅ Done. Time cost: 0:00:48.361139

=== Rank-1 (Include identical-view cases) ===
NM: 47.334,	BG: 33.265,	CL: 13.514

=== Rank-1 (Exclude identical-view cases) ===
NM: 42.338,	BG: 29.389,	CL: 12.292

=== Rank-1 of each angle (Exclude identical-view cases) ===
NM: [30.09 37.84 45.41 42.57 46.13 45.32 51.48 53.29 47.16 39.95 26.49]
BG: [23.96 29.82 33.92 31.27 31.71 29.59 32.21 35.48 29.95 27.44 17.92]
CL: [ 9.51 11.80 14.05 14.07 13.47 11.98 12.61 14.61 13.44 11.78  7.88]

=== Testing checkpoint at iter 9100 ===
🔧 Initializing model...
📦 Loading model from iteration 9100...
🚀 Running inference...
📊 Evaluating results...
✅ Done. Time cost: 0:00:48.686572

=== Rank-1 (Include identical-view cases) ===
NM: 48.236,	BG: 33.392,	CL: 13.728

=== Rank-1 (Exclude identical-view cases) ===
NM: 43.350,	BG: 29.612,	CL: 12.428

=== Rank-1 of each angle (Exclude identical-view cases) ===
NM: [30.45 39.77 46.35 43.11 46.31 46.89 53.24 53.02 48.15 41.80 27.75]
BG: [23.87 28.92 34.28 31.36 31.22 30.00 33.87 35.52 28.96 28.49 19.23]
CL: [ 8.83 11.62 13.29 12.90 13.52 12.62 13.74 15.47 14.12 12.33  8.29]

=== Testing checkpoint at iter 9200 ===
🔧 Initializing model...
📦 Loading model from iteration 9200...
🚀 Running inference...
📊 Evaluating results...
✅ Done. Time cost: 0:00:47.580900

=== Rank-1 (Include identical-view cases) ===
NM: 48.809,	BG: 33.732,	CL: 14.068

=== Rank-1 (Exclude identical-view cases) ===
NM: 43.927,	BG: 29.990,	CL: 12.884

=== Rank-1 of each angle (Exclude identical-view cases) ===
NM: [32.61 38.56 45.77 44.23 46.44 46.17 52.48 54.68 49.46 42.75 30.05]
BG: [25.09 28.88 34.19 31.77 32.30 29.91 33.15 36.06 31.04 28.36 19.14]
CL: [10.09 10.99 13.56 14.30 13.83 13.96 13.96 15.02 13.71 13.33  8.97]

=== Testing checkpoint at iter 9300 ===
🔧 Initializing model...
📦 Loading model from iteration 9300...
🚀 Running inference...
📊 Evaluating results...
✅ Done. Time cost: 0:00:48.190092

=== Rank-1 (Include identical-view cases) ===
NM: 48.913,	BG: 33.895,	CL: 14.246

=== Rank-1 (Exclude identical-view cases) ===
NM: 44.062,	BG: 30.112,	CL: 13.043

=== Rank-1 of each angle (Exclude identical-view cases) ===
NM: [32.21 39.95 46.22 43.42 47.61 47.21 53.65 55.31 48.56 41.62 28.92]
BG: [25.54 28.47 33.87 31.09 33.29 30.90 34.10 36.33 30.18 27.85 19.59]
CL: [10.09 12.43 14.91 14.43 13.87 13.29 13.92 14.79 14.03 12.79  8.92]

=== Testing checkpoint at iter 9400 ===
🔧 Initializing model...
📦 Loading model from iteration 9400...
🚀 Running inference...
📊 Evaluating results...
✅ Done. Time cost: 0:00:49.063664

=== Rank-1 (Include identical-view cases) ===
NM: 48.258,	BG: 33.191,	CL: 14.100

=== Rank-1 (Exclude identical-view cases) ===
NM: 43.354,	BG: 29.427,	CL: 12.822

=== Rank-1 of each angle (Exclude identical-view cases) ===
NM: [31.40 40.50 45.81 43.69 46.04 45.95 52.61 53.65 47.48 41.31 28.47]
BG: [24.87 27.71 34.32 30.73 31.44 29.14 32.70 35.11 29.27 28.54 19.86]
CL: [ 9.64 12.03 13.83 13.71 14.01 13.60 13.70 15.75 13.48 12.69  8.60]

=== Testing checkpoint at iter 9500 ===
🔧 Initializing model...
📦 Loading model from iteration 9500...
🚀 Running inference...
📊 Evaluating results...
✅ Done. Time cost: 0:00:48.405904

=== Rank-1 (Include identical-view cases) ===
NM: 49.203,	BG: 33.650,	CL: 13.664

=== Rank-1 (Exclude identical-view cases) ===
NM: 44.394,	BG: 29.956,	CL: 12.473

=== Rank-1 of each angle (Exclude identical-view cases) ===
NM: [32.79 40.54 47.48 43.87 47.93 46.94 53.74 55.18 48.20 41.67 30.00]
BG: [25.45 29.55 34.91 31.50 32.07 27.66 33.06 34.84 31.81 27.67 20.99]
CL: [ 8.88 11.71 13.51 13.71 14.28 13.38 13.38 15.16 13.26 12.15  7.79]

=== Testing checkpoint at iter 9600 ===
🔧 Initializing model...
📦 Loading model from iteration 9600...
🚀 Running inference...
📊 Evaluating results...
✅ Done. Time cost: 0:00:48.146615

=== Rank-1 (Include identical-view cases) ===
NM: 48.682,	BG: 34.433,	CL: 13.511

=== Rank-1 (Exclude identical-view cases) ===
NM: 43.792,	BG: 30.674,	CL: 12.322

=== Rank-1 of each angle (Exclude identical-view cases) ===
NM: [31.62 40.14 45.50 43.65 46.44 46.85 53.42 54.59 48.65 42.16 28.69]
BG: [25.81 30.58 34.73 31.05 32.48 31.31 35.63 36.06 30.59 29.00 20.18]
CL: [ 8.65 10.95 13.56 13.62 14.14 12.61 13.43 15.25 13.17 12.38  7.79]

=== Testing checkpoint at iter 9700 ===
🔧 Initializing model...
📦 Loading model from iteration 9700...
🚀 Running inference...
📊 Evaluating results...
✅ Done. Time cost: 0:00:47.887513

=== Rank-1 (Include identical-view cases) ===
NM: 48.042,	BG: 33.918,	CL: 14.123

=== Rank-1 (Exclude identical-view cases) ===
NM: 43.096,	BG: 30.153,	CL: 12.752

=== Rank-1 of each angle (Exclude identical-view cases) ===
NM: [31.17 40.18 45.63 43.33 46.17 46.04 52.57 52.93 47.48 40.50 28.06]
BG: [24.37 29.55 34.37 30.27 32.93 30.86 34.23 36.88 29.86 29.36 19.00]
CL: [ 8.69 11.31 14.01 13.62 14.14 14.24 13.69 15.20 14.21 12.97  8.20]

=== Testing checkpoint at iter 9800 ===
🔧 Initializing model...
📦 Loading model from iteration 9800...
🚀 Running inference...
📊 Evaluating results...
✅ Done. Time cost: 0:00:48.179183

=== Rank-1 (Include identical-view cases) ===
NM: 48.864,	BG: 34.001,	CL: 14.101

=== Rank-1 (Exclude identical-view cases) ===
NM: 44.004,	BG: 30.240,	CL: 12.847

=== Rank-1 of each angle (Exclude identical-view cases) ===
NM: [32.21 40.67 46.58 44.73 46.31 46.08 52.48 55.27 48.42 42.43 28.87]
BG: [26.44 30.22 35.36 31.27 32.12 28.42 32.16 36.47 30.95 28.63 20.59]
CL: [ 9.23 11.58 14.68 14.21 13.78 13.29 13.92 15.38 13.98 13.38  7.88]

=== Testing checkpoint at iter 9900 ===
🔧 Initializing model...
📦 Loading model from iteration 9900...
🚀 Running inference...
📊 Evaluating results...
✅ Done. Time cost: 0:00:49.892087

=== Rank-1 (Include identical-view cases) ===
NM: 46.896,	BG: 32.520,	CL: 14.433

=== Rank-1 (Exclude identical-view cases) ===
NM: 41.859,	BG: 28.807,	CL: 13.143

=== Rank-1 of each angle (Exclude identical-view cases) ===
NM: [30.99 38.83 44.46 40.81 44.01 44.10 50.13 51.13 47.12 41.76 27.12]
BG: [24.32 28.33 32.61 28.50 30.77 27.70 31.44 34.39 30.27 29.04 19.50]
CL: [ 9.14 11.17 14.77 13.71 15.00 14.87 14.06 16.11 13.94 13.52  8.29]

=== Testing checkpoint at iter 10000 ===
🔧 Initializing model...
📦 Loading model from iteration 10000...
🚀 Running inference...
📊 Evaluating results...
✅ Done. Time cost: 0:00:47.518459

=== Rank-1 (Include identical-view cases) ===
NM: 48.790,	BG: 33.486,	CL: 14.155

=== Rank-1 (Exclude identical-view cases) ===
NM: 43.948,	BG: 29.727,	CL: 12.873

=== Rank-1 of each angle (Exclude identical-view cases) ===
NM: [31.71 40.31 46.26 43.47 47.84 46.17 53.20 54.73 48.24 42.61 28.87]
BG: [25.99 30.05 33.29 30.41 31.62 29.37 31.98 34.62 29.95 29.86 19.86]
CL: [ 9.28 11.58 14.01 13.80 14.19 13.60 13.47 15.75 13.84 14.16  7.93]

=== Testing checkpoint at iter 10100 ===
🔧 Initializing model...
📦 Loading model from iteration 10100...
🚀 Running inference...
📊 Evaluating results...
✅ Done. Time cost: 0:00:49.074399

=== Rank-1 (Include identical-view cases) ===
NM: 48.831,	BG: 33.840,	CL: 13.960

=== Rank-1 (Exclude identical-view cases) ===
NM: 43.988,	BG: 30.112,	CL: 12.687

=== Rank-1 of each angle (Exclude identical-view cases) ===
NM: [31.21 38.92 46.13 44.50 46.76 46.67 53.83 55.36 48.20 42.61 29.68]
BG: [27.30 29.46 35.09 32.09 31.76 29.82 32.79 35.70 29.82 27.81 19.59]
CL: [ 9.37 11.71 14.46 13.66 13.74 13.60 13.69 15.11 13.39 13.43  7.39]

=== Testing checkpoint at iter 10200 ===
🔧 Initializing model...
📦 Loading model from iteration 10200...
🚀 Running inference...
📊 Evaluating results...
✅ Done. Time cost: 0:00:49.154455

=== Rank-1 (Include identical-view cases) ===
NM: 49.978,	BG: 34.788,	CL: 14.251

=== Rank-1 (Exclude identical-view cases) ===
NM: 45.242,	BG: 31.143,	CL: 12.983

=== Rank-1 of each angle (Exclude identical-view cases) ===
NM: [32.57 41.17 48.02 44.95 48.83 48.38 54.82 55.77 49.64 43.11 30.41]
BG: [25.99 31.44 36.85 32.64 32.66 30.58 33.56 36.47 31.26 29.86 21.27]
CL: [ 9.87 12.03 14.91 14.25 13.33 13.15 14.01 15.38 14.11 13.52  8.25]

=== Testing checkpoint at iter 10300 ===
🔧 Initializing model...
📦 Loading model from iteration 10300...
🚀 Running inference...
📊 Evaluating results...
✅ Done. Time cost: 0:00:48.910062

=== Rank-1 (Include identical-view cases) ===
NM: 49.963,	BG: 34.689,	CL: 14.428

=== Rank-1 (Exclude identical-view cases) ===
NM: 45.229,	BG: 30.944,	CL: 13.173

=== Rank-1 of each angle (Exclude identical-view cases) ===
NM: [33.47 41.17 48.06 46.08 48.29 47.57 53.51 55.09 49.60 43.74 30.95]
BG: [26.31 30.63 34.82 32.23 33.38 30.63 32.66 36.56 31.45 30.46 21.26]
CL: [ 9.42 11.53 15.04 14.66 13.38 13.56 13.74 15.79 14.30 14.61  8.88]

=== Testing checkpoint at iter 10400 ===
🔧 Initializing model...
📦 Loading model from iteration 10400...
🚀 Running inference...
📊 Evaluating results...
✅ Done. Time cost: 0:00:48.631251

=== Rank-1 (Include identical-view cases) ===
NM: 50.715,	BG: 35.113,	CL: 13.720

=== Rank-1 (Exclude identical-view cases) ===
NM: 46.019,	BG: 31.414,	CL: 12.510

=== Rank-1 of each angle (Exclude identical-view cases) ===
NM: [35.09 43.15 48.56 46.89 48.29 48.02 54.77 56.13 49.86 44.55 30.90]
BG: [27.48 32.12 36.31 33.95 33.74 31.89 33.24 35.65 30.91 28.63 21.63]
CL: [ 9.73 12.39 13.78 13.71 14.60 11.89 13.25 14.88 12.99 12.42  7.97]

=== Testing checkpoint at iter 10500 ===
🔧 Initializing model...
📦 Loading model from iteration 10500...
🚀 Running inference...
📊 Evaluating results...
✅ Done. Time cost: 0:00:47.788062

=== Rank-1 (Include identical-view cases) ===
NM: 50.108,	BG: 34.744,	CL: 14.257

=== Rank-1 (Exclude identical-view cases) ===
NM: 45.397,	BG: 31.102,	CL: 13.002

=== Rank-1 of each angle (Exclude identical-view cases) ===
NM: [34.14 41.31 47.34 44.82 47.84 48.33 54.41 55.18 50.00 43.78 32.21]
BG: [27.07 31.62 34.69 32.50 32.21 30.63 34.77 36.70 30.95 29.13 21.86]
CL: [ 9.46 12.39 14.32 13.44 14.87 13.92 14.33 15.56 13.80 12.69  8.24]

=== Testing checkpoint at iter 10600 ===
🔧 Initializing model...
📦 Loading model from iteration 10600...
🚀 Running inference...
📊 Evaluating results...
✅ Done. Time cost: 0:00:47.723387

=== Rank-1 (Include identical-view cases) ===
NM: 48.850,	BG: 33.277,	CL: 14.082

=== Rank-1 (Exclude identical-view cases) ===
NM: 43.988,	BG: 29.489,	CL: 12.769

=== Rank-1 of each angle (Exclude identical-view cases) ===
NM: [34.33 40.90 47.16 46.40 45.63 44.86 51.04 53.87 47.16 42.34 30.18]
BG: [25.68 29.50 34.69 32.86 30.63 27.75 30.90 34.48 29.64 27.17 21.09]
CL: [ 9.69 12.30 13.24 14.61 14.15 13.47 14.10 14.88 13.30 13.38  7.34]

=== Testing checkpoint at iter 10700 ===
🔧 Initializing model...
📦 Loading model from iteration 10700...
🚀 Running inference...
📊 Evaluating results...
✅ Done. Time cost: 0:00:48.503967

=== Rank-1 (Include identical-view cases) ===
NM: 49.237,	BG: 33.546,	CL: 13.977

=== Rank-1 (Exclude identical-view cases) ===
NM: 44.414,	BG: 29.772,	CL: 12.802

=== Rank-1 of each angle (Exclude identical-view cases) ===
NM: [33.56 39.77 46.31 46.31 48.47 45.00 51.89 54.32 49.01 43.33 30.59]
BG: [26.53 30.05 34.82 32.09 31.44 27.93 30.95 34.71 29.91 28.22 20.86]
CL: [ 8.92 12.48 13.96 13.53 14.60 13.51 13.69 14.57 13.66 13.56  8.34]

=== Testing checkpoint at iter 10800 ===
🔧 Initializing model...
📦 Loading model from iteration 10800...
🚀 Running inference...
📊 Evaluating results...
✅ Done. Time cost: 0:00:47.750431

=== Rank-1 (Include identical-view cases) ===
NM: 49.200,	BG: 33.650,	CL: 14.366

=== Rank-1 (Exclude identical-view cases) ===
NM: 44.382,	BG: 29.911,	CL: 13.204

=== Rank-1 of each angle (Exclude identical-view cases) ===
NM: [31.67 40.18 47.16 44.68 48.29 47.75 52.57 55.36 49.33 42.66 28.56]
BG: [24.68 29.96 34.59 30.82 32.39 29.32 32.34 35.48 30.18 28.72 20.54]
CL: [ 8.78 12.34 14.01 14.34 14.59 14.46 14.78 15.84 14.89 13.29  7.93]

=== Testing checkpoint at iter 10900 ===
🔧 Initializing model...
📦 Loading model from iteration 10900...
🚀 Running inference...
📊 Evaluating results...
✅ Done. Time cost: 0:00:47.394986

=== Rank-1 (Include identical-view cases) ===
NM: 48.652,	BG: 33.793,	CL: 13.769

=== Rank-1 (Exclude identical-view cases) ===
NM: 43.763,	BG: 30.052,	CL: 12.444

=== Rank-1 of each angle (Exclude identical-view cases) ===
NM: [31.98 40.45 45.95 44.91 46.76 46.04 52.30 53.87 46.98 43.06 29.10]
BG: [25.59 30.77 33.33 32.41 32.48 29.82 31.80 35.43 30.04 28.99 19.91]
CL: [ 7.97 12.30 13.47 13.71 13.51 13.15 13.60 14.71 13.80 12.65  8.02]

=== Testing checkpoint at iter 11000 ===
🔧 Initializing model...
📦 Loading model from iteration 11000...
🚀 Running inference...
📊 Evaluating results...
✅ Done. Time cost: 0:00:48.705838

=== Rank-1 (Include identical-view cases) ===
NM: 49.166,	BG: 34.275,	CL: 14.618

=== Rank-1 (Exclude identical-view cases) ===
NM: 44.336,	BG: 30.574,	CL: 13.321

=== Rank-1 of each angle (Exclude identical-view cases) ===
NM: [31.44 40.81 46.58 45.18 48.02 47.43 53.02 54.14 48.33 42.25 30.49]
BG: [24.28 30.68 35.00 32.77 32.43 30.45 32.97 35.97 31.40 29.59 20.77]
CL: [ 8.97 12.34 15.09 14.89 14.19 13.42 14.05 15.38 14.93 14.29  8.96]

=== Testing checkpoint at iter 11100 ===
🔧 Initializing model...
📦 Loading model from iteration 11100...
🚀 Running inference...
📊 Evaluating results...
✅ Done. Time cost: 0:00:49.634749

=== Rank-1 (Include identical-view cases) ===
NM: 48.831,	BG: 34.534,	CL: 13.971

=== Rank-1 (Exclude identical-view cases) ===
NM: 43.964,	BG: 30.646,	CL: 12.716

=== Rank-1 of each angle (Exclude identical-view cases) ===
NM: [30.14 39.68 46.12 44.23 49.05 48.02 54.77 53.74 47.16 42.48 28.20]
BG: [24.59 29.46 34.87 32.18 34.01 32.34 33.74 36.11 31.45 28.36 20.00]
CL: [ 8.78 11.04 13.51 13.66 14.23 13.56 14.28 14.80 14.07 13.66  8.29]

=== Testing checkpoint at iter 11200 ===
🔧 Initializing model...
📦 Loading model from iteration 11200...
🚀 Running inference...
📊 Evaluating results...
✅ Done. Time cost: 0:00:48.148322

=== Rank-1 (Include identical-view cases) ===
NM: 49.349,	BG: 34.657,	CL: 14.248

=== Rank-1 (Exclude identical-view cases) ===
NM: 44.529,	BG: 30.905,	CL: 13.041

=== Rank-1 of each angle (Exclude identical-view cases) ===
NM: [33.24 42.79 47.70 45.09 47.21 46.62 52.48 54.59 47.25 43.47 29.37]
BG: [26.62 31.31 34.60 31.46 33.38 30.81 33.56 37.01 31.49 29.04 20.68]
CL: [ 9.05 11.89 13.51 13.53 14.78 14.01 13.96 14.79 14.12 14.57  9.24]

=== Testing checkpoint at iter 11300 ===
🔧 Initializing model...
📦 Loading model from iteration 11300...
🚀 Running inference...
📊 Evaluating results...
✅ Done. Time cost: 0:00:48.385745

=== Rank-1 (Include identical-view cases) ===
NM: 49.378,	BG: 33.981,	CL: 14.431

=== Rank-1 (Exclude identical-view cases) ===
NM: 44.562,	BG: 30.165,	CL: 13.099

=== Rank-1 of each angle (Exclude identical-view cases) ===
NM: [32.79 40.09 46.62 44.68 46.58 47.43 53.33 55.22 49.55 43.24 30.63]
BG: [25.59 29.10 33.78 31.77 31.94 29.95 31.49 35.97 31.49 30.09 20.63]
CL: [ 9.14 11.71 13.42 14.03 14.28 14.19 14.87 15.65 13.98 14.20  8.61]

=== Testing checkpoint at iter 11400 ===
🔧 Initializing model...
📦 Loading model from iteration 11400...
🚀 Running inference...
📊 Evaluating results...
✅ Done. Time cost: 0:00:48.043650

=== Rank-1 (Include identical-view cases) ===
NM: 49.669,	BG: 34.476,	CL: 13.981

=== Rank-1 (Exclude identical-view cases) ===
NM: 44.897,	BG: 30.733,	CL: 12.789

=== Rank-1 of each angle (Exclude identical-view cases) ===
NM: [34.82 40.99 47.39 45.00 47.03 47.30 52.88 55.00 48.65 42.70 32.12]
BG: [27.43 30.09 34.68 31.36 32.97 30.36 32.25 36.56 31.09 29.63 21.63]
CL: [10.14 12.30 14.10 13.39 13.96 13.47 13.65 14.93 13.17 12.88  8.70]

=== Testing checkpoint at iter 11500 ===
🔧 Initializing model...
📦 Loading model from iteration 11500...
🚀 Running inference...
📊 Evaluating results...
✅ Done. Time cost: 0:00:48.046630

=== Rank-1 (Include identical-view cases) ===
NM: 50.183,	BG: 34.948,	CL: 14.105

=== Rank-1 (Exclude identical-view cases) ===
NM: 45.472,	BG: 31.246,	CL: 12.880

=== Rank-1 of each angle (Exclude identical-view cases) ===
NM: [33.24 41.31 47.88 45.23 48.42 49.46 54.55 55.50 48.92 44.05 31.62]
BG: [26.08 31.04 35.63 31.50 33.69 32.12 34.42 37.51 30.95 29.50 21.27]
CL: [ 9.33 12.34 14.59 14.25 13.78 12.70 13.52 14.71 14.39 13.06  9.01]

=== Testing checkpoint at iter 11600 ===
🔧 Initializing model...
📦 Loading model from iteration 11600...
🚀 Running inference...
📊 Evaluating results...
✅ Done. Time cost: 0:00:48.816387

=== Rank-1 (Include identical-view cases) ===
NM: 48.641,	BG: 33.863,	CL: 13.795

=== Rank-1 (Exclude identical-view cases) ===
NM: 43.767,	BG: 30.035,	CL: 12.531

=== Rank-1 of each angle (Exclude identical-view cases) ===
NM: [31.17 40.49 46.26 44.55 46.80 47.07 51.71 54.14 47.16 42.61 29.46]
BG: [24.10 30.81 34.78 31.86 32.12 29.46 33.51 34.70 30.18 29.23 19.64]
CL: [ 8.65 12.12 13.92 14.16 13.24 12.75 13.38 14.16 13.62 13.06  8.79]

=== Testing checkpoint at iter 11700 ===
🔧 Initializing model...
📦 Loading model from iteration 11700...
🚀 Running inference...
📊 Evaluating results...
✅ Done. Time cost: 0:00:48.024276

=== Rank-1 (Include identical-view cases) ===
NM: 49.739,	BG: 34.495,	CL: 14.478

=== Rank-1 (Exclude identical-view cases) ===
NM: 44.963,	BG: 30.643,	CL: 13.180

=== Rank-1 of each angle (Exclude identical-view cases) ===
NM: [34.14 42.30 46.80 45.68 48.29 47.39 53.33 53.69 48.20 43.69 31.08]
BG: [27.30 31.17 35.05 32.09 31.80 29.32 32.30 35.52 31.31 29.63 21.58]
CL: [ 9.64 12.12 14.32 14.66 14.96 13.60 13.96 15.11 14.03 13.74  8.83]

=== Testing checkpoint at iter 11800 ===
🔧 Initializing model...
📦 Loading model from iteration 11800...
🚀 Running inference...
📊 Evaluating results...
✅ Done. Time cost: 0:00:49.526931

=== Rank-1 (Include identical-view cases) ===
NM: 49.911,	BG: 34.712,	CL: 14.277

=== Rank-1 (Exclude identical-view cases) ===
NM: 45.143,	BG: 30.940,	CL: 13.040

=== Rank-1 of each angle (Exclude identical-view cases) ===
NM: [35.00 41.44 47.03 46.40 47.34 47.88 52.43 55.81 49.28 43.42 30.54]
BG: [28.15 30.95 35.18 32.95 31.89 28.87 32.07 36.65 31.58 30.04 21.99]
CL: [ 9.60 12.39 14.37 14.25 13.96 13.29 14.41 15.43 13.89 13.75  8.11]

=== Testing checkpoint at iter 11900 ===
🔧 Initializing model...
📦 Loading model from iteration 11900...
🚀 Running inference...
📊 Evaluating results...
✅ Done. Time cost: 0:00:47.951516

=== Rank-1 (Include identical-view cases) ===
NM: 48.682,	BG: 33.999,	CL: 14.194

=== Rank-1 (Exclude identical-view cases) ===
NM: 43.792,	BG: 30.205,	CL: 12.949

=== Rank-1 of each angle (Exclude identical-view cases) ===
NM: [35.77 41.12 45.95 45.13 45.72 44.32 50.49 52.84 46.17 43.02 31.17]
BG: [27.39 30.99 33.83 32.73 30.99 28.92 31.76 35.61 30.27 28.95 20.81]
CL: [10.27 12.79 14.46 14.61 13.79 13.20 13.52 14.52 13.48 13.33  8.47]

=== Testing checkpoint at iter 12000 ===
🔧 Initializing model...
📦 Loading model from iteration 12000...
🚀 Running inference...
📊 Evaluating results...
✅ Done. Time cost: 0:00:47.789116

=== Rank-1 (Include identical-view cases) ===
NM: 50.023,	BG: 34.791,	CL: 14.420

=== Rank-1 (Exclude identical-view cases) ===
NM: 45.262,	BG: 30.953,	CL: 13.165

=== Rank-1 of each angle (Exclude identical-view cases) ===
NM: [32.84 41.58 46.94 48.24 49.05 47.75 54.19 54.23 48.60 44.05 30.41]
BG: [26.62 30.86 35.72 35.45 32.79 29.91 32.03 35.88 30.99 29.41 20.82]
CL: [ 9.28 11.85 14.01 15.52 14.19 13.15 14.55 15.20 14.16 14.25  8.65]

=== Testing checkpoint at iter 12100 ===
🔧 Initializing model...
📦 Loading model from iteration 12100...
🚀 Running inference...
📊 Evaluating results...
✅ Done. Time cost: 0:00:48.438729

=== Rank-1 (Include identical-view cases) ===
NM: 49.710,	BG: 34.996,	CL: 14.452

=== Rank-1 (Exclude identical-view cases) ===
NM: 44.910,	BG: 31.166,	CL: 13.319

=== Rank-1 of each angle (Exclude identical-view cases) ===
NM: [34.91 42.48 47.52 46.35 47.39 45.90 51.71 54.14 48.51 43.29 31.80]
BG: [27.39 31.71 36.76 33.91 32.88 29.05 32.21 36.24 30.59 30.41 21.67]
CL: [10.05 12.75 15.36 15.02 14.06 13.92 13.65 14.84 14.43 13.65  8.78]

=== Testing checkpoint at iter 12200 ===
🔧 Initializing model...
📦 Loading model from iteration 12200...
🚀 Running inference...
📊 Evaluating results...
✅ Done. Time cost: 0:00:49.228322

=== Rank-1 (Include identical-view cases) ===
NM: 49.598,	BG: 34.353,	CL: 14.403

=== Rank-1 (Exclude identical-view cases) ===
NM: 44.840,	BG: 30.583,	CL: 13.163

=== Rank-1 of each angle (Exclude identical-view cases) ===
NM: [33.52 41.40 47.43 46.76 47.21 47.61 53.29 54.05 48.20 43.65 30.14]
BG: [25.41 30.72 34.41 32.64 33.06 29.73 32.34 36.24 31.04 29.54 21.27]
CL: [ 8.96 12.25 14.68 15.11 14.55 13.78 14.33 15.52 14.25 12.88  8.47]

=== Testing checkpoint at iter 12300 ===
🔧 Initializing model...
📦 Loading model from iteration 12300...
🚀 Running inference...
📊 Evaluating results...
✅ Done. Time cost: 0:00:47.373701

=== Rank-1 (Include identical-view cases) ===
NM: 50.015,	BG: 34.067,	CL: 14.486

=== Rank-1 (Exclude identical-view cases) ===
NM: 45.241,	BG: 30.350,	CL: 13.262

=== Rank-1 of each angle (Exclude identical-view cases) ===
NM: [34.91 40.18 47.16 48.29 48.33 47.16 53.38 55.18 49.10 42.39 31.58]
BG: [27.34 28.79 34.50 33.55 32.52 29.10 31.26 34.80 30.45 30.14 21.40]
CL: [10.00 11.76 14.23 14.48 15.14 13.83 14.37 15.61 14.89 13.29  8.29]

=== Testing checkpoint at iter 12400 ===
🔧 Initializing model...
📦 Loading model from iteration 12400...
🚀 Running inference...
📊 Evaluating results...
✅ Done. Time cost: 0:00:48.237214

=== Rank-1 (Include identical-view cases) ===
NM: 50.186,	BG: 34.902,	CL: 15.030

=== Rank-1 (Exclude identical-view cases) ===
NM: 45.450,	BG: 31.071,	CL: 13.614

=== Rank-1 of each angle (Exclude identical-view cases) ===
NM: [32.34 41.39 47.75 47.39 49.86 49.37 55.72 54.87 49.14 42.39 29.73]
BG: [26.04 30.09 36.71 33.95 34.23 29.28 33.60 36.43 31.18 29.59 20.68]
CL: [ 8.92 11.89 15.22 15.43 15.72 14.42 16.08 16.65 14.98 12.88  7.57]

=== Testing checkpoint at iter 12500 ===
🔧 Initializing model...
📦 Loading model from iteration 12500...
🚀 Running inference...
📊 Evaluating results...
✅ Done. Time cost: 0:00:48.109095

=== Rank-1 (Include identical-view cases) ===
NM: 49.337,	BG: 34.423,	CL: 14.051

=== Rank-1 (Exclude identical-view cases) ===
NM: 44.504,	BG: 30.610,	CL: 12.715

=== Rank-1 of each angle (Exclude identical-view cases) ===
NM: [32.48 41.94 47.16 45.36 47.39 47.79 54.55 53.65 47.79 42.48 28.97]
BG: [25.72 30.00 35.18 32.32 33.02 30.18 34.51 35.61 31.31 29.04 19.82]
CL: [ 8.78 11.62 13.38 13.57 14.46 13.51 14.51 15.93 13.48 12.19  8.42]

=== Testing checkpoint at iter 12600 ===
🔧 Initializing model...
📦 Loading model from iteration 12600...
🚀 Running inference...
📊 Evaluating results...
✅ Done. Time cost: 0:00:48.037487

=== Rank-1 (Include identical-view cases) ===
NM: 48.883,	BG: 33.748,	CL: 14.627

=== Rank-1 (Exclude identical-view cases) ===
NM: 44.021,	BG: 29.909,	CL: 13.266

=== Rank-1 of each angle (Exclude identical-view cases) ===
NM: [31.26 40.95 46.58 46.80 47.70 47.03 52.93 52.70 47.16 42.20 28.92]
BG: [23.78 30.09 35.18 33.50 31.76 28.74 32.57 35.34 29.68 28.54 19.82]
CL: [ 8.06 11.49 14.73 15.47 14.64 14.73 15.00 16.06 14.66 13.01  8.06]

=== Testing checkpoint at iter 12700 ===
🔧 Initializing model...
📦 Loading model from iteration 12700...
🚀 Running inference...
📊 Evaluating results...
✅ Done. Time cost: 0:00:48.208610

=== Rank-1 (Include identical-view cases) ===
NM: 49.922,	BG: 34.548,	CL: 14.198

=== Rank-1 (Exclude identical-view cases) ===
NM: 45.155,	BG: 30.858,	CL: 12.929

=== Rank-1 of each angle (Exclude identical-view cases) ===
NM: [33.87 41.76 47.79 47.52 47.75 47.75 53.60 53.69 48.33 43.15 31.49]
BG: [26.80 30.68 35.09 34.37 33.20 29.64 32.75 36.20 30.41 30.18 20.13]
CL: [ 8.92 11.58 14.05 14.84 14.91 13.74 13.87 15.38 14.16 13.02  7.75]

=== Testing checkpoint at iter 12800 ===
🔧 Initializing model...
📦 Loading model from iteration 12800...
🚀 Running inference...
📊 Evaluating results...
✅ Done. Time cost: 0:00:48.696729

=== Rank-1 (Include identical-view cases) ===
NM: 48.660,	BG: 34.240,	CL: 14.295

=== Rank-1 (Exclude identical-view cases) ===
NM: 43.771,	BG: 30.364,	CL: 12.970

=== Rank-1 of each angle (Exclude identical-view cases) ===
NM: [32.30 41.31 46.40 45.14 46.44 46.04 52.30 52.79 46.80 42.57 29.41]
BG: [25.90 30.14 34.28 32.68 33.29 29.87 32.34 35.16 30.99 28.86 20.50]
CL: [ 8.60 11.85 13.60 14.03 15.05 14.19 14.78 15.47 13.80 13.01  8.29]

=== Testing checkpoint at iter 12900 ===
🔧 Initializing model...
📦 Loading model from iteration 12900...
🚀 Running inference...
📊 Evaluating results...
✅ Done. Time cost: 0:00:47.434149

=== Rank-1 (Include identical-view cases) ===
NM: 50.778,	BG: 35.099,	CL: 14.805

=== Rank-1 (Exclude identical-view cases) ===
NM: 46.110,	BG: 31.395,	CL: 13.585

=== Rank-1 of each angle (Exclude identical-view cases) ===
NM: [35.45 42.66 48.83 46.53 49.87 47.70 53.69 56.53 49.77 43.51 32.66]
BG: [27.57 30.90 36.22 33.77 33.74 28.96 32.79 37.42 32.58 29.73 21.67]
CL: [10.95 13.60 14.32 14.98 14.60 14.37 14.59 14.48 14.30 13.47  9.78]

=== Testing checkpoint at iter 13000 ===
🔧 Initializing model...
📦 Loading model from iteration 13000...
🚀 Running inference...
📊 Evaluating results...
✅ Done. Time cost: 0:00:49.408349

=== Rank-1 (Include identical-view cases) ===
NM: 48.217,	BG: 33.688,	CL: 14.299

=== Rank-1 (Exclude identical-view cases) ===
NM: 43.312,	BG: 29.797,	CL: 12.925

=== Rank-1 of each angle (Exclude identical-view cases) ===
NM: [31.76 40.86 46.31 44.55 47.21 43.92 50.63 53.56 46.49 41.53 29.64]
BG: [25.04 29.59 35.05 32.86 31.31 26.53 30.77 35.29 30.91 30.09 20.32]
CL: [ 8.74 12.34 14.10 14.12 14.14 14.01 13.56 15.16 13.98 13.38  8.65]

=== Testing checkpoint at iter 13100 ===
🔧 Initializing model...
📦 Loading model from iteration 13100...
🚀 Running inference...
📊 Evaluating results...
✅ Done. Time cost: 0:00:48.850050

=== Rank-1 (Include identical-view cases) ===
NM: 50.145,	BG: 34.628,	CL: 14.855

=== Rank-1 (Exclude identical-view cases) ===
NM: 45.397,	BG: 30.946,	CL: 13.541

=== Rank-1 of each angle (Exclude identical-view cases) ===
NM: [33.24 40.45 47.70 46.76 50.54 48.92 54.28 55.81 48.69 42.48 30.49]
BG: [26.80 30.59 35.95 33.09 34.32 30.81 32.52 37.06 29.64 28.90 20.72]
CL: [10.14 12.30 14.23 14.84 15.23 14.14 15.50 15.88 14.66 13.74  8.29]

=== Testing checkpoint at iter 13200 ===
🔧 Initializing model...
📦 Loading model from iteration 13200...
🚀 Running inference...
📊 Evaluating results...
✅ Done. Time cost: 0:00:50.064142

=== Rank-1 (Include identical-view cases) ===
NM: 49.758,	BG: 35.241,	CL: 14.344

=== Rank-1 (Exclude identical-view cases) ===
NM: 44.996,	BG: 31.436,	CL: 13.090

=== Rank-1 of each angle (Exclude identical-view cases) ===
NM: [30.95 39.82 47.43 46.62 48.87 49.10 54.96 55.36 48.51 42.75 30.58]
BG: [24.73 30.86 36.04 34.05 35.32 31.58 34.14 37.06 31.72 29.59 20.73]
CL: [ 9.42 12.21 14.55 14.75 14.10 13.15 14.33 14.89 14.21 13.52  8.88]

=== Testing checkpoint at iter 13300 ===
🔧 Initializing model...
📦 Loading model from iteration 13300...
🚀 Running inference...
📊 Evaluating results...
✅ Done. Time cost: 0:00:49.799633

=== Rank-1 (Include identical-view cases) ===
NM: 49.356,	BG: 34.707,	CL: 14.183

=== Rank-1 (Exclude identical-view cases) ===
NM: 44.541,	BG: 30.860,	CL: 12.847

=== Rank-1 of each angle (Exclude identical-view cases) ===
NM: [33.92 40.58 48.06 46.53 47.07 46.62 53.24 53.65 48.11 42.66 29.50]
BG: [25.63 29.96 36.44 33.09 34.37 30.50 33.29 36.74 30.00 29.04 20.41]
CL: [ 9.15 11.40 14.01 13.84 14.86 13.65 14.19 15.47 14.21 13.11  7.43]

=== Testing checkpoint at iter 13400 ===
🔧 Initializing model...
📦 Loading model from iteration 13400...
🚀 Running inference...
📊 Evaluating results...
✅ Done. Time cost: 0:00:49.540084

=== Rank-1 (Include identical-view cases) ===
NM: 49.438,	BG: 35.093,	CL: 14.579

=== Rank-1 (Exclude identical-view cases) ===
NM: 44.619,	BG: 31.359,	CL: 13.286

=== Rank-1 of each angle (Exclude identical-view cases) ===
NM: [32.21 40.45 46.94 46.08 49.33 46.49 52.70 55.36 49.19 42.30 29.77]
BG: [26.22 31.62 36.08 33.50 33.96 30.09 32.43 37.78 31.72 30.23 21.31]
CL: [ 9.42 13.20 14.01 15.16 15.14 13.92 14.46 14.84 14.39 13.29  8.33]

=== Testing checkpoint at iter 13500 ===
🔧 Initializing model...
📦 Loading model from iteration 13500...
🚀 Running inference...
📊 Evaluating results...
✅ Done. Time cost: 0:00:47.728536

=== Rank-1 (Include identical-view cases) ===
NM: 48.459,	BG: 33.776,	CL: 14.169

=== Rank-1 (Exclude identical-view cases) ===
NM: 43.571,	BG: 30.038,	CL: 12.852

=== Rank-1 of each angle (Exclude identical-view cases) ===
NM: [33.47 39.10 45.27 45.18 46.30 43.78 50.31 53.42 47.39 42.84 32.21]
BG: [25.72 29.64 33.78 32.23 31.53 28.69 30.41 35.29 30.90 30.23 21.99]
CL: [ 9.15 11.40 13.87 15.29 14.73 13.74 13.33 15.02 13.48 13.15  8.20]

=== Testing checkpoint at iter 13600 ===
🔧 Initializing model...
📦 Loading model from iteration 13600...
🚀 Running inference...
📊 Evaluating results...
✅ Done. Time cost: 0:00:47.373896

=== Rank-1 (Include identical-view cases) ===
NM: 49.598,	BG: 34.054,	CL: 14.523

=== Rank-1 (Exclude identical-view cases) ===
NM: 44.795,	BG: 30.360,	CL: 13.167

=== Rank-1 of each angle (Exclude identical-view cases) ===
NM: [34.32 40.90 48.15 46.76 48.47 47.21 52.48 52.93 48.38 41.89 31.26]
BG: [26.85 30.95 35.85 34.23 32.66 28.42 31.58 35.43 28.69 28.36 20.95]
CL: [ 9.87 13.11 13.56 14.80 14.78 14.01 13.88 15.20 13.66 13.61  8.38]

=== Testing checkpoint at iter 13700 ===
🔧 Initializing model...
📦 Loading model from iteration 13700...
🚀 Running inference...
📊 Evaluating results...
✅ Done. Time cost: 0:00:47.457230

=== Rank-1 (Include identical-view cases) ===
NM: 50.603,	BG: 35.496,	CL: 14.510

=== Rank-1 (Exclude identical-view cases) ===
NM: 45.925,	BG: 31.770,	CL: 13.228

=== Rank-1 of each angle (Exclude identical-view cases) ===
NM: [35.99 42.61 49.01 47.57 49.77 46.48 52.02 55.63 50.27 44.42 31.40]
BG: [28.70 32.39 35.31 33.45 33.38 30.00 32.25 37.02 33.44 30.68 22.85]
CL: [10.99 13.96 13.56 15.20 14.46 13.79 13.78 14.66 13.75 12.88  8.47]

=== Testing checkpoint at iter 13800 ===
🔧 Initializing model...
📦 Loading model from iteration 13800...
🚀 Running inference...
📊 Evaluating results...
✅ Done. Time cost: 0:00:47.519055

=== Rank-1 (Include identical-view cases) ===
NM: 49.926,	BG: 35.475,	CL: 14.526

=== Rank-1 (Exclude identical-view cases) ===
NM: 45.155,	BG: 31.694,	CL: 13.233

=== Rank-1 of each angle (Exclude identical-view cases) ===
NM: [34.59 41.04 47.84 47.25 48.02 47.84 54.50 54.28 47.79 43.11 30.45]
BG: [27.84 31.08 36.13 34.95 35.68 31.58 33.79 37.24 30.18 29.22 20.95]
CL: [ 9.41 12.21 13.74 14.39 14.73 14.51 14.50 15.29 14.66 13.52  8.61]

=== Testing checkpoint at iter 13900 ===
🔧 Initializing model...
📦 Loading model from iteration 13900...
🚀 Running inference...
📊 Evaluating results...
✅ Done. Time cost: 0:00:48.673705

=== Rank-1 (Include identical-view cases) ===
NM: 50.521,	BG: 35.423,	CL: 14.556

=== Rank-1 (Exclude identical-view cases) ===
NM: 45.815,	BG: 31.673,	CL: 13.245

=== Rank-1 of each angle (Exclude identical-view cases) ===
NM: [34.10 39.64 48.56 48.24 50.00 49.14 54.37 54.95 49.78 42.66 32.52]
BG: [27.25 30.90 34.78 33.64 35.36 32.21 34.01 37.56 31.04 29.22 22.44]
CL: [10.00 11.85 14.28 14.34 14.91 14.24 15.00 15.52 14.34 13.11  8.11]

=== Testing checkpoint at iter 14000 ===
🔧 Initializing model...
📦 Loading model from iteration 14000...
🚀 Running inference...
📊 Evaluating results...
✅ Done. Time cost: 0:00:49.807565

=== Rank-1 (Include identical-view cases) ===
NM: 49.218,	BG: 33.835,	CL: 14.526

=== Rank-1 (Exclude identical-view cases) ===
NM: 44.394,	BG: 30.041,	CL: 13.151

=== Rank-1 of each angle (Exclude identical-view cases) ===
NM: [31.35 40.72 46.89 46.22 49.05 46.94 52.66 53.33 47.61 42.16 31.40]
BG: [23.78 30.09 34.06 32.68 32.48 29.05 31.35 35.52 30.68 29.50 21.26]
CL: [ 8.88 11.89 14.64 15.70 14.87 14.01 13.69 15.97 13.62 12.74  8.65]

=== Testing checkpoint at iter 14100 ===
🔧 Initializing model...
📦 Loading model from iteration 14100...
🚀 Running inference...
📊 Evaluating results...
✅ Done. Time cost: 0:00:47.642308

=== Rank-1 (Include identical-view cases) ===
NM: 50.179,	BG: 35.863,	CL: 14.477

=== Rank-1 (Exclude identical-view cases) ===
NM: 45.426,	BG: 32.067,	CL: 13.154

=== Rank-1 of each angle (Exclude identical-view cases) ===
NM: [31.98 41.71 47.84 47.43 50.59 49.14 55.05 54.50 47.79 43.92 29.73]
BG: [27.52 31.40 36.85 34.05 35.95 32.16 33.51 38.51 31.36 29.45 21.99]
CL: [ 9.69 13.02 14.28 14.75 14.91 13.92 14.41 14.93 13.44 12.74  8.60]

=== Testing checkpoint at iter 14200 ===
🔧 Initializing model...
📦 Loading model from iteration 14200...
🚀 Running inference...
📊 Evaluating results...
✅ Done. Time cost: 0:00:47.662381

=== Rank-1 (Include identical-view cases) ===
NM: 49.557,	BG: 34.730,	CL: 14.609

=== Rank-1 (Exclude identical-view cases) ===
NM: 44.775,	BG: 30.898,	CL: 13.279

=== Rank-1 of each angle (Exclude identical-view cases) ===
NM: [34.46 40.41 46.58 46.31 48.69 47.43 52.75 53.60 48.38 42.93 30.99]
BG: [27.88 30.63 34.37 33.18 33.69 29.91 31.62 36.33 31.04 29.59 21.63]
CL: [ 9.46 12.12 14.77 15.07 14.14 14.06 14.28 15.29 14.30 13.88  8.69]

=== Testing checkpoint at iter 14300 ===
🔧 Initializing model...
📦 Loading model from iteration 14300...
🚀 Running inference...
📊 Evaluating results...
✅ Done. Time cost: 0:00:48.312473

=== Rank-1 (Include identical-view cases) ===
NM: 49.196,	BG: 34.745,	CL: 14.713

=== Rank-1 (Exclude identical-view cases) ===
NM: 44.353,	BG: 30.865,	CL: 13.311

=== Rank-1 of each angle (Exclude identical-view cases) ===
NM: [33.38 39.82 47.70 45.95 46.85 46.04 53.74 52.75 48.24 42.61 30.81]
BG: [27.39 29.50 36.04 33.82 32.88 30.23 32.97 36.20 30.18 29.59 20.72]
CL: [ 9.51 12.52 14.32 15.34 15.00 14.55 14.64 15.75 12.99 13.56  8.24]

=== Testing checkpoint at iter 14400 ===
🔧 Initializing model...
📦 Loading model from iteration 14400...
🚀 Running inference...
📊 Evaluating results...
✅ Done. Time cost: 0:00:47.519251

=== Rank-1 (Include identical-view cases) ===
NM: 49.781,	BG: 35.218,	CL: 14.757

=== Rank-1 (Exclude identical-view cases) ===
NM: 45.016,	BG: 31.374,	CL: 13.515

=== Rank-1 of each angle (Exclude identical-view cases) ===
NM: [33.07 41.71 47.79 46.40 48.87 46.80 53.47 54.28 48.15 42.97 31.67]
BG: [26.85 31.58 35.36 33.95 35.50 31.44 32.66 37.65 29.50 28.99 21.63]
CL: [ 9.64 12.48 13.92 14.43 15.13 14.68 15.45 15.38 14.70 13.38  9.46]

=== Testing checkpoint at iter 14500 ===
🔧 Initializing model...
📦 Loading model from iteration 14500...
🚀 Running inference...
📊 Evaluating results...
✅ Done. Time cost: 0:00:48.965997

=== Rank-1 (Include identical-view cases) ===
NM: 50.543,	BG: 35.663,	CL: 14.937

=== Rank-1 (Exclude identical-view cases) ===
NM: 45.855,	BG: 31.830,	CL: 13.701

=== Rank-1 of each angle (Exclude identical-view cases) ===
NM: [35.36 41.89 47.70 48.15 49.59 45.99 53.51 55.36 50.09 43.92 32.84]
BG: [28.51 31.57 36.22 34.09 34.69 30.63 32.03 37.37 32.44 29.73 22.85]
CL: [10.32 12.07 14.28 15.29 15.23 14.28 15.68 15.57 15.02 13.61  9.37]

=== Testing checkpoint at iter 14600 ===
🔧 Initializing model...
📦 Loading model from iteration 14600...
🚀 Running inference...
📊 Evaluating results...
✅ Done. Time cost: 0:00:48.753371

=== Rank-1 (Include identical-view cases) ===
NM: 49.982,	BG: 35.210,	CL: 15.116

=== Rank-1 (Exclude identical-view cases) ===
NM: 45.230,	BG: 31.283,	CL: 13.677

=== Rank-1 of each angle (Exclude identical-view cases) ===
NM: [34.68 41.53 48.25 46.98 48.24 46.80 53.15 54.37 48.42 42.93 32.16]
BG: [27.34 31.44 35.32 33.09 34.28 31.62 32.88 36.34 29.77 29.73 22.31]
CL: [10.23 12.25 14.64 15.65 14.73 14.91 14.78 15.61 14.34 14.02  9.28]

=== Testing checkpoint at iter 14700 ===
🔧 Initializing model...
📦 Loading model from iteration 14700...
🚀 Running inference...
📊 Evaluating results...
✅ Done. Time cost: 0:00:47.608867

=== Rank-1 (Include identical-view cases) ===
NM: 49.412,	BG: 34.790,	CL: 14.582

=== Rank-1 (Exclude identical-view cases) ===
NM: 44.615,	BG: 31.060,	CL: 13.303

=== Rank-1 of each angle (Exclude identical-view cases) ===
NM: [34.86 42.16 47.84 46.76 47.03 44.23 52.07 52.70 48.15 43.42 31.53]
BG: [27.66 30.68 34.73 33.91 32.57 29.19 31.85 37.15 31.86 29.54 22.53]
CL: [ 9.73 13.02 14.23 15.16 13.65 14.50 14.32 15.34 14.03 13.65  8.69]

=== Testing checkpoint at iter 14800 ===
🔧 Initializing model...
📦 Loading model from iteration 14800...
🚀 Running inference...
📊 Evaluating results...
✅ Done. Time cost: 0:00:47.880781

=== Rank-1 (Include identical-view cases) ===
NM: 48.995,	BG: 34.034,	CL: 14.903

=== Rank-1 (Exclude identical-view cases) ===
NM: 44.161,	BG: 30.235,	CL: 13.586

=== Rank-1 of each angle (Exclude identical-view cases) ===
NM: [33.02 40.77 47.39 46.04 46.85 44.86 51.53 52.34 48.02 42.70 32.25]
BG: [25.59 31.22 34.46 32.95 31.53 28.15 30.54 35.20 31.18 29.73 22.04]
CL: [ 8.92 12.21 15.13 15.34 14.46 14.82 15.54 16.02 14.16 13.42  9.42]

=== Testing checkpoint at iter 14900 ===
🔧 Initializing model...
📦 Loading model from iteration 14900...
🚀 Running inference...
📊 Evaluating results...
✅ Done. Time cost: 0:00:50.416938

=== Rank-1 (Include identical-view cases) ===
NM: 49.025,	BG: 34.300,	CL: 14.593

=== Rank-1 (Exclude identical-view cases) ===
NM: 44.201,	BG: 30.578,	CL: 13.212

=== Rank-1 of each angle (Exclude identical-view cases) ===
NM: [34.59 41.22 47.12 46.22 46.53 44.91 51.04 53.60 46.67 42.48 31.85]
BG: [26.17 31.62 34.86 33.68 33.02 28.74 31.26 36.47 29.77 28.59 22.17]
CL: [ 9.55 12.84 15.50 15.25 13.69 14.19 14.15 14.39 13.98 13.15  8.65]

=== Testing checkpoint at iter 15000 ===
🔧 Initializing model...
📦 Loading model from iteration 15000...
🚀 Running inference...
📊 Evaluating results...
✅ Done. Time cost: 0:00:49.214020

=== Rank-1 (Include identical-view cases) ===
NM: 48.905,	BG: 34.639,	CL: 14.643

=== Rank-1 (Exclude identical-view cases) ===
NM: 44.041,	BG: 30.749,	CL: 13.377

=== Rank-1 of each angle (Exclude identical-view cases) ===
NM: [31.22 40.23 45.99 44.64 48.96 46.49 53.06 53.78 48.15 42.25 29.69]
BG: [24.82 31.04 35.05 32.36 33.47 30.49 32.70 37.20 30.59 28.77 21.76]
CL: [ 9.05 12.75 13.79 14.21 14.91 13.92 15.32 15.75 14.57 14.06  8.83]

=== Testing checkpoint at iter 15100 ===
🔧 Initializing model...
📦 Loading model from iteration 15100...
🚀 Running inference...
📊 Evaluating results...
✅ Done. Time cost: 0:00:48.705436

=== Rank-1 (Include identical-view cases) ===
NM: 50.737,	BG: 35.507,	CL: 14.791

=== Rank-1 (Exclude identical-view cases) ===
NM: 46.064,	BG: 31.667,	CL: 13.492

=== Rank-1 of each angle (Exclude identical-view cases) ===
NM: [35.27 42.12 47.93 47.97 49.55 48.83 54.37 55.00 49.19 43.69 32.79]
BG: [28.11 31.26 35.23 34.73 34.50 30.45 33.56 37.33 30.68 30.36 22.13]
CL: [10.14 12.57 14.73 14.98 14.32 13.83 15.49 15.11 14.61 13.84  8.79]

=== Testing checkpoint at iter 15200 ===
🔧 Initializing model...
📦 Loading model from iteration 15200...
🚀 Running inference...
📊 Evaluating results...
✅ Done. Time cost: 0:00:48.298781

=== Rank-1 (Include identical-view cases) ===
NM: 50.737,	BG: 35.826,	CL: 14.847

=== Rank-1 (Exclude identical-view cases) ===
NM: 46.057,	BG: 32.112,	CL: 13.573

=== Rank-1 of each angle (Exclude identical-view cases) ===
NM: [33.47 42.75 48.20 47.12 50.41 49.33 55.05 55.81 49.23 43.74 31.53]
BG: [28.24 32.88 35.95 34.73 36.04 31.17 34.60 38.14 30.50 29.09 21.90]
CL: [10.41 13.20 14.32 15.07 14.59 14.87 15.09 15.74 14.12 13.66  8.24]

=== Testing checkpoint at iter 15300 ===
🔧 Initializing model...
📦 Loading model from iteration 15300...
🚀 Running inference...
📊 Evaluating results...
✅ Done. Time cost: 0:00:48.592964

=== Rank-1 (Include identical-view cases) ===
NM: 50.000,	BG: 34.686,	CL: 14.683

=== Rank-1 (Exclude identical-view cases) ===
NM: 45.262,	BG: 30.870,	CL: 13.340

=== Rank-1 of each angle (Exclude identical-view cases) ===
NM: [33.38 41.98 47.25 47.12 48.11 47.43 53.20 55.04 49.01 43.78 31.58]
BG: [26.53 31.31 34.42 33.64 32.70 29.86 32.43 36.47 30.90 29.86 21.45]
CL: [ 9.37 11.40 14.32 14.98 15.22 14.19 14.46 16.61 14.53 13.06  8.60]

=== Testing checkpoint at iter 15400 ===
🔧 Initializing model...
📦 Loading model from iteration 15400...
🚀 Running inference...
📊 Evaluating results...
✅ Done. Time cost: 0:00:48.203688

=== Rank-1 (Include identical-view cases) ===
NM: 50.265,	BG: 35.272,	CL: 14.266

=== Rank-1 (Exclude identical-view cases) ===
NM: 45.553,	BG: 31.388,	CL: 12.926

=== Rank-1 of each angle (Exclude identical-view cases) ===
NM: [33.47 43.06 47.39 46.49 48.92 46.98 53.42 55.41 48.96 43.96 33.02]
BG: [27.43 31.49 35.23 33.68 33.24 30.27 33.29 36.56 31.58 29.91 22.58]
CL: [ 9.60 12.39 14.10 14.48 13.56 12.93 14.46 15.52 13.71 13.29  8.15]

=== Testing checkpoint at iter 15500 ===
🔧 Initializing model...
📦 Loading model from iteration 15500...
🚀 Running inference...
📊 Evaluating results...
✅ Done. Time cost: 0:00:48.131988

=== Rank-1 (Include identical-view cases) ===
NM: 50.074,	BG: 35.808,	CL: 14.340

=== Rank-1 (Exclude identical-view cases) ===
NM: 45.311,	BG: 31.924,	CL: 13.040

=== Rank-1 of each angle (Exclude identical-view cases) ===
NM: [33.11 41.17 47.03 45.36 50.27 48.56 54.10 55.41 49.50 44.05 29.86]
BG: [27.30 32.66 36.26 33.00 34.59 32.12 33.47 37.74 31.76 30.23 22.04]
CL: [ 9.42 12.07 13.69 14.66 14.32 13.65 14.82 15.34 14.16 13.15  8.15]

=== Testing checkpoint at iter 15600 ===
🔧 Initializing model...
📦 Loading model from iteration 15600...
🚀 Running inference...
📊 Evaluating results...
✅ Done. Time cost: 0:00:51.981615

=== Rank-1 (Include identical-view cases) ===
NM: 49.069,	BG: 34.640,	CL: 14.414

=== Rank-1 (Exclude identical-view cases) ===
NM: 44.238,	BG: 30.754,	CL: 12.991

=== Rank-1 of each angle (Exclude identical-view cases) ===
NM: [33.51 41.22 46.08 45.36 47.30 47.52 52.79 53.69 46.71 41.62 30.81]
BG: [26.53 30.68 34.59 33.45 33.47 30.18 33.20 36.43 29.73 29.63 20.41]
CL: [ 9.05 11.98 13.47 14.93 14.28 14.01 14.51 15.29 14.43 12.70  8.24]

=== Testing checkpoint at iter 15700 ===
🔧 Initializing model...
📦 Loading model from iteration 15700...
🚀 Running inference...
📊 Evaluating results...
✅ Done. Time cost: 0:00:50.684824

=== Rank-1 (Include identical-view cases) ===
NM: 50.004,	BG: 35.461,	CL: 14.410

=== Rank-1 (Exclude identical-view cases) ===
NM: 45.234,	BG: 31.608,	CL: 13.150

=== Rank-1 of each angle (Exclude identical-view cases) ===
NM: [34.86 41.08 47.80 46.67 48.29 47.39 53.42 55.09 48.20 43.61 31.17]
BG: [27.75 31.80 35.18 34.59 35.05 32.07 33.92 37.24 30.23 29.31 20.54]
CL: [10.59 12.39 14.46 13.71 13.92 14.10 14.42 14.84 14.16 13.20  8.87]

=== Testing checkpoint at iter 15800 ===
🔧 Initializing model...
📦 Loading model from iteration 15800...
🚀 Running inference...
📊 Evaluating results...
✅ Done. Time cost: 0:00:50.485865

=== Rank-1 (Include identical-view cases) ===
NM: 50.357,	BG: 35.558,	CL: 14.593

=== Rank-1 (Exclude identical-view cases) ===
NM: 45.651,	BG: 31.777,	CL: 13.192

=== Rank-1 of each angle (Exclude identical-view cases) ===
NM: [33.06 41.26 48.33 47.97 50.23 49.10 54.28 54.37 50.09 42.84 30.63]
BG: [26.62 31.80 35.86 34.50 35.18 30.49 34.05 38.01 31.40 29.91 21.72]
CL: [ 9.78 12.75 14.01 14.80 13.69 13.65 15.27 15.65 13.98 13.15  8.38]

=== Testing checkpoint at iter 15900 ===
🔧 Initializing model...
📦 Loading model from iteration 15900...
🚀 Running inference...
📊 Evaluating results...
✅ Done. Time cost: 0:00:52.373670

=== Rank-1 (Include identical-view cases) ===
NM: 49.498,	BG: 34.745,	CL: 14.749

=== Rank-1 (Exclude identical-view cases) ===
NM: 44.689,	BG: 30.898,	CL: 13.437

=== Rank-1 of each angle (Exclude identical-view cases) ===
NM: [34.10 40.95 47.25 46.13 48.15 46.44 51.80 53.60 48.02 43.29 31.85]
BG: [27.34 31.26 35.09 33.00 32.70 29.55 32.25 36.92 30.54 29.86 21.36]
CL: [10.05 12.88 14.10 14.16 15.09 14.37 15.05 15.74 14.48 13.11  8.78]

=== Testing checkpoint at iter 16000 ===
🔧 Initializing model...
📦 Loading model from iteration 16000...
🚀 Running inference...
📊 Evaluating results...
✅ Done. Time cost: 0:00:48.611161

=== Rank-1 (Include identical-view cases) ===
NM: 49.039,	BG: 34.126,	CL: 14.702

=== Rank-1 (Exclude identical-view cases) ===
NM: 44.205,	BG: 30.288,	CL: 13.262

=== Rank-1 of each angle (Exclude identical-view cases) ===
NM: [33.60 40.77 45.67 45.86 47.97 45.99 51.40 53.20 47.52 42.34 31.94]
BG: [25.95 30.05 34.05 33.91 32.43 29.37 30.72 35.88 30.23 29.13 21.45]
CL: [ 9.96 12.34 13.78 14.48 14.87 13.88 14.64 15.88 13.84 13.29  8.92]

=== Testing checkpoint at iter 16100 ===
🔧 Initializing model...
📦 Loading model from iteration 16100...
🚀 Running inference...
📊 Evaluating results...
✅ Done. Time cost: 0:00:50.502580

=== Rank-1 (Include identical-view cases) ===
NM: 49.318,	BG: 34.513,	CL: 14.208

=== Rank-1 (Exclude identical-view cases) ===
NM: 44.504,	BG: 30.684,	CL: 12.871

=== Rank-1 of each angle (Exclude identical-view cases) ===
NM: [32.70 41.71 47.30 45.18 48.11 47.16 52.93 53.83 47.79 42.52 30.31]
BG: [26.49 31.49 34.23 32.36 33.20 29.82 32.07 36.88 30.50 29.41 21.08]
CL: [ 9.64 12.21 13.11 13.53 14.82 13.87 14.59 15.02 13.44 13.10  8.24]

=== Testing checkpoint at iter 16200 ===
🔧 Initializing model...
📦 Loading model from iteration 16200...
🚀 Running inference...
📊 Evaluating results...
✅ Done. Time cost: 0:00:50.004900

=== Rank-1 (Include identical-view cases) ===
NM: 49.609,	BG: 35.327,	CL: 14.642

=== Rank-1 (Exclude identical-view cases) ===
NM: 44.815,	BG: 31.395,	CL: 13.250

=== Rank-1 of each angle (Exclude identical-view cases) ===
NM: [32.57 40.77 47.88 46.53 48.29 47.88 53.24 54.28 47.88 43.24 30.41]
BG: [26.62 31.53 35.72 34.00 33.92 31.22 33.87 36.79 31.31 29.77 20.59]
CL: [ 9.15 11.98 14.01 14.39 14.87 14.32 15.14 15.97 14.30 13.56  8.06]

=== Testing checkpoint at iter 16300 ===
🔧 Initializing model...
📦 Loading model from iteration 16300...
🚀 Running inference...
📊 Evaluating results...
✅ Done. Time cost: 0:00:48.790096

=== Rank-1 (Include identical-view cases) ===
NM: 49.404,	BG: 34.625,	CL: 14.802

=== Rank-1 (Exclude identical-view cases) ===
NM: 44.590,	BG: 30.787,	CL: 13.454

=== Rank-1 of each angle (Exclude identical-view cases) ===
NM: [33.38 40.99 46.98 45.63 48.38 46.85 52.43 53.29 48.42 43.24 30.90]
BG: [26.98 31.35 34.64 32.32 33.65 30.18 31.35 36.11 31.31 29.27 21.49]
CL: [ 9.01 12.48 14.10 14.39 14.78 14.69 15.27 15.93 14.61 13.52  9.23]

=== Testing checkpoint at iter 16400 ===
🔧 Initializing model...
📦 Loading model from iteration 16400...
🚀 Running inference...
📊 Evaluating results...
✅ Done. Time cost: 0:00:48.706997

=== Rank-1 (Include identical-view cases) ===
NM: 49.718,	BG: 35.228,	CL: 14.682

=== Rank-1 (Exclude identical-view cases) ===
NM: 44.918,	BG: 31.307,	CL: 13.359

=== Rank-1 of each angle (Exclude identical-view cases) ===
NM: [33.74 41.40 46.80 45.45 49.82 48.38 53.33 53.96 48.51 43.02 29.69]
BG: [26.67 32.16 35.45 33.45 34.37 31.08 33.02 36.88 31.31 29.18 20.81]
CL: [ 9.87 12.88 14.23 14.03 14.82 14.23 14.78 15.57 14.61 13.10  8.83]

=== Testing checkpoint at iter 16500 ===
🔧 Initializing model...
📦 Loading model from iteration 16500...
🚀 Running inference...
📊 Evaluating results...
✅ Done. Time cost: 0:00:49.884347

=== Rank-1 (Include identical-view cases) ===
NM: 48.958,	BG: 35.020,	CL: 14.641

=== Rank-1 (Exclude identical-view cases) ===
NM: 44.099,	BG: 30.955,	CL: 13.326

=== Rank-1 of each angle (Exclude identical-view cases) ===
NM: [33.65 42.88 46.12 45.18 46.80 44.77 51.35 53.51 46.40 43.47 30.95]
BG: [26.98 32.03 34.77 32.55 33.42 30.49 32.66 35.75 31.13 29.27 21.45]
CL: [10.23 13.24 14.14 14.48 14.91 14.19 14.14 15.20 14.30 12.97  8.78]

=== Testing checkpoint at iter 16600 ===
🔧 Initializing model...
📦 Loading model from iteration 16600...
🚀 Running inference...
📊 Evaluating results...
✅ Done. Time cost: 0:00:50.523131

=== Rank-1 (Include identical-view cases) ===
NM: 50.312,	BG: 35.369,	CL: 14.511

=== Rank-1 (Exclude identical-view cases) ===
NM: 45.573,	BG: 31.543,	CL: 13.187

=== Rank-1 of each angle (Exclude identical-view cases) ===
NM: [34.68 42.43 47.52 48.24 48.69 47.61 52.79 54.73 49.10 43.96 31.53]
BG: [28.02 31.17 34.19 34.86 35.00 30.04 33.51 37.78 31.54 29.68 21.18]
CL: [10.27 13.02 13.65 14.84 14.05 14.46 14.19 14.98 13.62 13.20  8.78]

=== Testing checkpoint at iter 16700 ===
🔧 Initializing model...
📦 Loading model from iteration 16700...
🚀 Running inference...
📊 Evaluating results...
✅ Done. Time cost: 0:00:51.487193

=== Rank-1 (Include identical-view cases) ===
NM: 49.717,	BG: 35.019,	CL: 14.880

=== Rank-1 (Exclude identical-view cases) ===
NM: 44.917,	BG: 31.105,	CL: 13.515

=== Rank-1 of each angle (Exclude identical-view cases) ===
NM: [33.47 41.44 46.48 46.30 48.69 47.34 52.84 54.46 48.83 42.79 31.44]
BG: [26.31 31.17 34.05 33.64 33.78 29.55 32.93 37.29 31.49 29.91 22.04]
CL: [ 9.37 13.20 14.14 14.75 14.95 14.32 15.18 16.11 14.43 13.20  9.01]

=== Testing checkpoint at iter 16800 ===
🔧 Initializing model...
📦 Loading model from iteration 16800...
🚀 Running inference...
📊 Evaluating results...
✅ Done. Time cost: 0:00:50.768069

=== Rank-1 (Include identical-view cases) ===
NM: 48.787,	BG: 34.775,	CL: 14.552

=== Rank-1 (Exclude identical-view cases) ===
NM: 43.895,	BG: 30.771,	CL: 13.196

=== Rank-1 of each angle (Exclude identical-view cases) ===
NM: [31.71 39.68 45.59 45.09 47.79 46.49 52.57 54.01 47.66 42.48 29.77]
BG: [25.13 30.05 33.88 33.37 34.01 30.09 33.52 37.29 31.54 28.72 20.90]
CL: [ 9.14 12.48 13.29 14.57 14.68 13.69 15.32 16.02 14.03 13.38  8.56]

=== Testing checkpoint at iter 16900 ===
🔧 Initializing model...
📦 Loading model from iteration 16900...
🚀 Running inference...
📊 Evaluating results...
✅ Done. Time cost: 0:00:50.059895

=== Rank-1 (Include identical-view cases) ===
NM: 49.989,	BG: 35.316,	CL: 14.672

=== Rank-1 (Exclude identical-view cases) ===
NM: 45.250,	BG: 31.519,	CL: 13.319

=== Rank-1 of each angle (Exclude identical-view cases) ===
NM: [33.78 41.98 47.12 47.57 48.42 47.16 53.56 54.28 49.28 43.65 30.95]
BG: [27.12 31.76 35.50 34.50 33.83 30.18 33.06 37.74 31.36 29.77 21.90]
CL: [ 9.96 12.03 14.14 15.16 14.05 14.01 14.69 15.88 14.34 13.33  8.92]

=== Testing checkpoint at iter 17000 ===
🔧 Initializing model...
📦 Loading model from iteration 17000...
🚀 Running inference...
📊 Evaluating results...
✅ Done. Time cost: 0:00:51.381821

=== Rank-1 (Include identical-view cases) ===
NM: 49.799,	BG: 35.158,	CL: 14.556

=== Rank-1 (Exclude identical-view cases) ===
NM: 45.041,	BG: 31.299,	CL: 13.196

=== Rank-1 of each angle (Exclude identical-view cases) ===
NM: [33.78 41.35 47.70 48.29 48.52 47.66 53.78 53.02 48.79 42.25 30.32]
BG: [27.03 30.77 35.68 34.32 34.05 30.90 34.68 36.74 30.73 29.00 20.40]
CL: [ 9.19 12.34 13.56 14.66 15.14 14.10 14.51 16.29 14.43 12.92  8.02]

=== Testing checkpoint at iter 17100 ===
🔧 Initializing model...
📦 Loading model from iteration 17100...
🚀 Running inference...
📊 Evaluating results...
✅ Done. Time cost: 0:00:53.449189

=== Rank-1 (Include identical-view cases) ===
NM: 48.455,	BG: 34.196,	CL: 14.187

=== Rank-1 (Exclude identical-view cases) ===
NM: 43.542,	BG: 30.188,	CL: 12.847

=== Rank-1 of each angle (Exclude identical-view cases) ===
NM: [30.41 40.36 45.86 44.82 48.74 46.62 51.89 52.93 47.43 41.35 28.56]
BG: [24.50 29.42 33.65 32.77 32.79 30.00 32.25 36.47 30.45 28.77 20.99]
CL: [ 8.56 12.43 13.24 14.43 13.83 13.56 14.64 15.39 14.34 12.65  8.24]

=== Testing checkpoint at iter 17200 ===
🔧 Initializing model...
📦 Loading model from iteration 17200...
🚀 Running inference...
📊 Evaluating results...
✅ Done. Time cost: 0:00:51.582579

=== Rank-1 (Include identical-view cases) ===
NM: 49.620,	BG: 34.877,	CL: 14.660

=== Rank-1 (Exclude identical-view cases) ===
NM: 44.811,	BG: 31.035,	CL: 13.307

=== Rank-1 of each angle (Exclude identical-view cases) ===
NM: [32.97 41.35 47.16 46.35 47.88 47.07 52.79 54.10 49.01 42.79 31.44]
BG: [26.53 30.76 34.19 33.41 32.97 29.55 33.78 36.83 31.22 30.23 21.90]
CL: [ 9.15 12.88 13.83 15.29 14.59 14.05 14.68 15.52 14.07 13.33  8.96]

=== Testing checkpoint at iter 17300 ===
🔧 Initializing model...
📦 Loading model from iteration 17300...
🚀 Running inference...
📊 Evaluating results...
✅ Done. Time cost: 0:00:50.644640

=== Rank-1 (Include identical-view cases) ===
NM: 49.687,	BG: 34.908,	CL: 15.175

=== Rank-1 (Exclude identical-view cases) ===
NM: 44.881,	BG: 30.950,	CL: 13.790

=== Rank-1 of each angle (Exclude identical-view cases) ===
NM: [33.74 41.26 46.94 45.86 49.28 46.98 52.07 54.73 48.33 43.38 31.13]
BG: [26.44 29.77 35.05 33.77 33.02 27.84 31.76 38.01 32.08 30.59 22.12]
CL: [10.23 13.78 13.74 15.07 14.87 14.64 15.63 16.15 14.57 13.70  9.32]

=== Testing checkpoint at iter 17400 ===
🔧 Initializing model...
📦 Loading model from iteration 17400...
🚀 Running inference...
📊 Evaluating results...
✅ Done. Time cost: 0:00:51.811762

=== Rank-1 (Include identical-view cases) ===
NM: 49.173,	BG: 34.461,	CL: 14.735

=== Rank-1 (Exclude identical-view cases) ===
NM: 44.340,	BG: 30.602,	CL: 13.388

=== Rank-1 of each angle (Exclude identical-view cases) ===
NM: [32.43 40.40 47.48 45.49 48.92 46.58 53.20 53.69 47.21 42.57 29.77]
BG: [25.59 30.68 34.19 33.32 33.02 29.50 32.97 37.42 30.09 28.81 21.04]
CL: [10.50 12.66 13.87 14.79 14.91 13.74 15.00 14.98 14.66 13.29  8.87]

=== Testing checkpoint at iter 17500 ===
🔧 Initializing model...
📦 Loading model from iteration 17500...
🚀 Running inference...
📊 Evaluating results...
✅ Done. Time cost: 0:00:48.838853

=== Rank-1 (Include identical-view cases) ===
NM: 50.428,	BG: 35.828,	CL: 15.004

=== Rank-1 (Exclude identical-view cases) ===
NM: 45.713,	BG: 32.007,	CL: 13.689

=== Rank-1 of each angle (Exclude identical-view cases) ===
NM: [34.01 41.04 47.84 49.91 48.78 49.10 54.05 55.18 48.97 42.43 31.53]
BG: [27.48 30.54 35.54 35.68 35.36 31.89 33.92 38.87 31.72 29.59 21.49]
CL: [ 9.82 11.80 14.82 15.88 14.87 14.28 15.77 16.38 15.43 13.33  8.20]

=== Testing checkpoint at iter 17600 ===
🔧 Initializing model...
📦 Loading model from iteration 17600...
🚀 Running inference...
📊 Evaluating results...
✅ Done. Time cost: 0:00:51.779209

=== Rank-1 (Include identical-view cases) ===
NM: 49.851,	BG: 35.312,	CL: 14.948

=== Rank-1 (Exclude identical-view cases) ===
NM: 45.069,	BG: 31.420,	CL: 13.594

=== Rank-1 of each angle (Exclude identical-view cases) ===
NM: [33.11 41.08 46.98 45.86 48.78 48.42 53.38 54.14 49.46 43.87 30.68]
BG: [26.22 30.95 34.60 33.50 35.36 30.40 33.74 38.23 31.45 29.91 21.27]
CL: [ 9.24 13.11 14.37 14.71 14.73 14.55 15.18 16.47 15.07 13.47  8.65]

=== Testing checkpoint at iter 17700 ===
🔧 Initializing model...
📦 Loading model from iteration 17700...
🚀 Running inference...
📊 Evaluating results...
✅ Done. Time cost: 0:00:52.082868

=== Rank-1 (Include identical-view cases) ===
NM: 48.898,	BG: 34.745,	CL: 14.757

=== Rank-1 (Exclude identical-view cases) ===
NM: 44.029,	BG: 30.743,	CL: 13.310

=== Rank-1 of each angle (Exclude identical-view cases) ===
NM: [31.53 40.23 46.62 44.68 47.79 47.66 52.97 53.20 47.39 42.66 29.59]
BG: [24.77 29.69 34.28 32.14 33.60 30.50 33.38 37.06 32.08 29.45 21.22]
CL: [ 8.92 12.30 14.05 15.61 14.73 14.46 14.69 15.88 14.39 12.92  8.47]

=== Testing checkpoint at iter 17800 ===
🔧 Initializing model...
📦 Loading model from iteration 17800...
🚀 Running inference...
📊 Evaluating results...
✅ Done. Time cost: 0:00:50.720459

=== Rank-1 (Include identical-view cases) ===
NM: 48.693,	BG: 34.402,	CL: 14.567

=== Rank-1 (Exclude identical-view cases) ===
NM: 43.804,	BG: 30.389,	CL: 13.208

=== Rank-1 of each angle (Exclude identical-view cases) ===
NM: [34.50 40.77 44.68 43.51 46.48 46.35 50.94 53.33 47.75 41.98 31.53]
BG: [26.17 30.27 33.11 31.46 32.93 29.77 31.94 36.56 30.72 29.68 21.67]
CL: [ 9.69 11.44 13.96 14.66 15.18 13.65 14.91 15.79 14.71 12.47  8.83]

=== Testing checkpoint at iter 17900 ===
🔧 Initializing model...
📦 Loading model from iteration 17900...
🚀 Running inference...
📊 Evaluating results...
✅ Done. Time cost: 0:00:50.651781

=== Rank-1 (Include identical-view cases) ===
NM: 50.778,	BG: 36.269,	CL: 15.052

=== Rank-1 (Exclude identical-view cases) ===
NM: 46.073,	BG: 32.480,	CL: 13.754

=== Rank-1 of each angle (Exclude identical-view cases) ===
NM: [35.13 42.93 48.20 46.94 48.74 48.02 53.87 55.40 50.14 43.88 33.56]
BG: [28.65 32.70 35.95 35.14 35.36 31.31 33.87 38.42 31.67 30.69 23.53]
CL: [10.05 13.92 14.28 15.56 14.69 14.01 15.05 16.47 14.48 13.47  9.32]

=== Testing checkpoint at iter 18000 ===
🔧 Initializing model...
📦 Loading model from iteration 18000...
🚀 Running inference...
📊 Evaluating results...
✅ Done. Time cost: 0:00:51.291009

=== Rank-1 (Include identical-view cases) ===
NM: 49.218,	BG: 34.581,	CL: 14.855

=== Rank-1 (Exclude identical-view cases) ===
NM: 44.373,	BG: 30.657,	CL: 13.533

=== Rank-1 of each angle (Exclude identical-view cases) ===
NM: [32.21 41.08 45.49 44.87 48.60 45.49 51.58 54.10 49.14 43.20 32.34]
BG: [26.76 30.41 33.20 32.77 33.15 29.46 32.21 37.01 30.68 29.54 22.04]
CL: [ 9.69 12.25 14.28 15.47 14.05 14.33 14.87 16.61 14.03 13.93  9.37]

=== Testing checkpoint at iter 18100 ===
🔧 Initializing model...
📦 Loading model from iteration 18100...
🚀 Running inference...
📊 Evaluating results...
✅ Done. Time cost: 0:00:50.652329

=== Rank-1 (Include identical-view cases) ===
NM: 48.898,	BG: 34.906,	CL: 14.459

=== Rank-1 (Exclude identical-view cases) ===
NM: 44.017,	BG: 30.894,	CL: 13.040

=== Rank-1 of each angle (Exclude identical-view cases) ===
NM: [32.84 40.14 45.45 44.59 47.61 45.18 51.39 53.60 49.05 43.65 30.68]
BG: [27.16 30.81 33.20 32.36 33.24 30.09 32.66 37.47 32.08 29.68 21.09]
CL: [ 8.96 11.71 12.70 14.25 15.00 14.06 14.96 16.11 14.03 13.29  8.38]

=== Testing checkpoint at iter 18200 ===
🔧 Initializing model...
📦 Loading model from iteration 18200...
🚀 Running inference...
📊 Evaluating results...
✅ Done. Time cost: 0:00:49.905469

=== Rank-1 (Include identical-view cases) ===
NM: 49.464,	BG: 34.803,	CL: 15.089

=== Rank-1 (Exclude identical-view cases) ===
NM: 44.619,	BG: 30.884,	CL: 13.721

=== Rank-1 of each angle (Exclude identical-view cases) ===
NM: [33.78 42.03 46.40 46.71 47.66 46.35 51.66 53.60 47.34 43.06 32.21]
BG: [26.17 30.63 34.73 33.59 32.70 29.59 32.07 36.92 31.26 31.10 20.95]
CL: [10.05 13.20 14.41 15.70 15.68 14.23 14.96 16.24 14.07 13.11  9.28]

=== Testing checkpoint at iter 18300 ===
🔧 Initializing model...
📦 Loading model from iteration 18300...
🚀 Running inference...
📊 Evaluating results...
✅ Done. Time cost: 0:00:48.414050

=== Rank-1 (Include identical-view cases) ===
NM: 50.142,	BG: 36.264,	CL: 15.007

=== Rank-1 (Exclude identical-view cases) ===
NM: 45.381,	BG: 32.356,	CL: 13.651

=== Rank-1 of each angle (Exclude identical-view cases) ===
NM: [34.14 42.75 46.76 46.71 49.64 47.48 53.33 54.64 49.19 43.69 30.86]
BG: [27.93 31.85 36.53 34.50 34.78 31.89 35.09 38.78 32.35 30.04 22.17]
CL: [10.27 13.20 14.73 14.84 14.55 14.33 15.68 16.47 14.62 13.24  8.24]

=== Testing checkpoint at iter 18400 ===
🔧 Initializing model...
📦 Loading model from iteration 18400...
🚀 Running inference...
📊 Evaluating results...
✅ Done. Time cost: 0:00:49.877619

=== Rank-1 (Include identical-view cases) ===
NM: 48.962,	BG: 34.954,	CL: 14.806

=== Rank-1 (Exclude identical-view cases) ===
NM: 44.079,	BG: 31.017,	CL: 13.413

=== Rank-1 of each angle (Exclude identical-view cases) ===
NM: [32.39 40.95 46.22 45.18 47.07 47.61 52.30 52.07 47.57 42.93 30.59]
BG: [26.26 31.62 33.97 33.46 33.96 30.59 33.16 36.83 31.04 29.04 21.27]
CL: [ 9.15 12.75 14.64 15.47 14.64 14.19 15.23 16.47 14.16 12.56  8.29]

=== Testing checkpoint at iter 18500 ===
🔧 Initializing model...
📦 Loading model from iteration 18500...
🚀 Running inference...
📊 Evaluating results...
✅ Done. Time cost: 0:00:47.932783

=== Rank-1 (Include identical-view cases) ===
NM: 48.995,	BG: 34.767,	CL: 14.758

=== Rank-1 (Exclude identical-view cases) ===
NM: 44.132,	BG: 30.820,	CL: 13.418

=== Rank-1 of each angle (Exclude identical-view cases) ===
NM: [31.98 41.21 46.26 45.45 48.20 46.94 51.66 53.29 47.48 42.43 30.54]
BG: [25.50 31.04 33.83 32.23 33.83 30.50 32.61 37.01 31.58 29.73 21.18]
CL: [ 9.05 12.03 14.23 15.02 14.59 14.14 14.41 17.01 14.30 13.97  8.83]

=== Testing checkpoint at iter 18600 ===
🔧 Initializing model...
📦 Loading model from iteration 18600...
🚀 Running inference...
📊 Evaluating results...
✅ Done. Time cost: 0:00:50.253798

=== Rank-1 (Include identical-view cases) ===
NM: 50.570,	BG: 36.026,	CL: 14.821

=== Rank-1 (Exclude identical-view cases) ===
NM: 45.856,	BG: 32.159,	CL: 13.458

=== Rank-1 of each angle (Exclude identical-view cases) ===
NM: [34.73 42.39 47.39 48.15 49.46 48.02 53.74 54.55 49.68 43.56 32.75]
BG: [29.42 32.57 35.63 34.64 34.91 30.68 33.38 37.06 32.40 30.73 22.35]
CL: [ 9.64 13.29 14.10 14.93 14.14 13.69 15.23 16.11 14.25 13.43  9.23]

=== Testing checkpoint at iter 18700 ===
🔧 Initializing model...
📦 Loading model from iteration 18700...
🚀 Running inference...
📊 Evaluating results...
✅ Done. Time cost: 0:00:50.205113

=== Rank-1 (Include identical-view cases) ===
NM: 49.799,	BG: 35.368,	CL: 14.750

=== Rank-1 (Exclude identical-view cases) ===
NM: 45.053,	BG: 31.427,	CL: 13.393

=== Rank-1 of each angle (Exclude identical-view cases) ===
NM: [32.21 41.62 48.15 47.03 48.65 47.93 54.19 54.41 48.47 42.61 30.32]
BG: [25.99 32.16 35.54 34.82 34.06 30.31 34.19 37.65 30.54 28.72 21.72]
CL: [ 9.64 12.52 14.50 15.07 14.64 14.01 15.32 16.11 14.21 12.83  8.47]

=== Testing checkpoint at iter 18800 ===
🔧 Initializing model...
📦 Loading model from iteration 18800...
🚀 Running inference...
📊 Evaluating results...
✅ Done. Time cost: 0:00:49.613276

=== Rank-1 (Include identical-view cases) ===
NM: 50.681,	BG: 36.187,	CL: 14.742

=== Rank-1 (Exclude identical-view cases) ===
NM: 45.966,	BG: 32.316,	CL: 13.400

=== Rank-1 of each angle (Exclude identical-view cases) ===
NM: [35.86 41.85 49.05 48.87 48.74 47.93 53.38 55.23 49.41 43.47 31.85]
BG: [28.74 32.57 36.44 35.32 34.64 31.12 33.92 38.78 31.27 31.28 21.40]
CL: [10.05 12.39 14.73 15.02 13.65 13.96 15.09 16.65 14.80 12.51  8.56]

=== Testing checkpoint at iter 18900 ===
🔧 Initializing model...
📦 Loading model from iteration 18900...
🚀 Running inference...
📊 Evaluating results...
✅ Done. Time cost: 0:00:50.798194

=== Rank-1 (Include identical-view cases) ===
NM: 49.662,	BG: 35.272,	CL: 14.560

=== Rank-1 (Exclude identical-view cases) ===
NM: 44.857,	BG: 31.466,	CL: 13.221

=== Rank-1 of each angle (Exclude identical-view cases) ===
NM: [33.38 41.22 47.16 46.35 48.96 47.66 52.84 53.78 47.88 43.47 30.72]
BG: [26.94 31.58 35.00 34.23 33.11 30.49 33.06 37.96 31.18 30.55 22.04]
CL: [ 9.14 11.53 14.59 15.02 14.46 13.74 14.64 15.65 14.16 13.75  8.74]

=== Testing checkpoint at iter 19000 ===
🔧 Initializing model...
📦 Loading model from iteration 19000...
🚀 Running inference...
📊 Evaluating results...
✅ Done. Time cost: 0:00:51.524523

=== Rank-1 (Include identical-view cases) ===
NM: 50.145,	BG: 35.851,	CL: 14.634

=== Rank-1 (Exclude identical-view cases) ===
NM: 45.376,	BG: 31.992,	CL: 13.295

=== Rank-1 of each angle (Exclude identical-view cases) ===
NM: [35.41 40.77 47.84 48.15 48.87 47.48 52.61 54.14 49.28 42.84 31.76]
BG: [28.96 31.08 36.58 36.27 33.51 30.68 33.42 38.28 31.13 30.00 21.99]
CL: [ 9.55 11.71 14.55 15.16 13.83 14.42 15.18 15.79 14.71 13.01  8.33]

=== Testing checkpoint at iter 19100 ===
🔧 Initializing model...
📦 Loading model from iteration 19100...
🚀 Running inference...
📊 Evaluating results...
✅ Done. Time cost: 0:00:48.885163

=== Rank-1 (Include identical-view cases) ===
NM: 49.635,	BG: 35.913,	CL: 14.828

=== Rank-1 (Exclude identical-view cases) ===
NM: 44.832,	BG: 31.937,	CL: 13.496

=== Rank-1 of each angle (Exclude identical-view cases) ===
NM: [33.29 40.86 46.71 45.41 48.96 47.43 52.52 54.82 50.32 42.93 29.91]
BG: [27.79 31.13 35.77 33.05 34.55 31.44 34.01 38.28 33.48 29.73 22.08]
CL: [ 9.14 12.39 15.13 15.84 14.37 14.55 14.69 16.61 14.79 12.83  8.11]

=== Testing checkpoint at iter 19200 ===
🔧 Initializing model...
📦 Loading model from iteration 19200...
🚀 Running inference...
📊 Evaluating results...
✅ Done. Time cost: 0:00:49.491682

=== Rank-1 (Include identical-view cases) ===
NM: 50.514,	BG: 35.661,	CL: 14.802

=== Rank-1 (Exclude identical-view cases) ===
NM: 45.778,	BG: 31.771,	CL: 13.491

=== Rank-1 of each angle (Exclude identical-view cases) ===
NM: [36.67 42.16 47.93 49.01 48.83 45.77 52.34 54.28 48.88 43.65 34.05]
BG: [28.74 32.07 35.49 35.09 32.97 29.91 32.07 37.55 31.76 31.14 22.67]
CL: [ 9.91 12.61 14.14 15.25 14.50 14.28 14.82 16.02 14.21 13.61  9.05]

=== Testing checkpoint at iter 19300 ===
🔧 Initializing model...
📦 Loading model from iteration 19300...
🚀 Running inference...
📊 Evaluating results...
✅ Done. Time cost: 0:00:48.324222

=== Rank-1 (Include identical-view cases) ===
NM: 50.056,	BG: 35.679,	CL: 14.701

=== Rank-1 (Exclude identical-view cases) ===
NM: 45.286,	BG: 31.712,	CL: 13.294

=== Rank-1 of each angle (Exclude identical-view cases) ===
NM: [35.45 40.09 47.34 48.51 48.02 46.30 52.39 53.47 50.59 43.15 32.84]
BG: [28.51 30.99 36.22 34.23 33.42 30.77 33.83 36.70 31.27 30.82 22.08]
CL: [ 9.06 11.76 14.73 14.84 14.23 14.15 15.27 17.01 14.12 12.51  8.56]

=== Testing checkpoint at iter 19400 ===
🔧 Initializing model...
📦 Loading model from iteration 19400...
🚀 Running inference...
📊 Evaluating results...
✅ Done. Time cost: 0:00:49.580717

=== Rank-1 (Include identical-view cases) ===
NM: 50.886,	BG: 36.321,	CL: 14.822

=== Rank-1 (Exclude identical-view cases) ===
NM: 46.203,	BG: 32.435,	CL: 13.496

=== Rank-1 of each angle (Exclude identical-view cases) ===
NM: [36.30 42.34 48.69 47.12 49.55 47.43 53.11 55.72 50.68 43.69 33.60]
BG: [29.37 32.34 35.81 34.82 34.78 30.45 34.46 39.23 32.49 30.32 22.71]
CL: [ 9.73 13.51 13.83 14.93 14.10 13.83 14.64 16.38 14.84 13.84  8.83]

=== Testing checkpoint at iter 19500 ===
🔧 Initializing model...
📦 Loading model from iteration 19500...
🚀 Running inference...
📊 Evaluating results...
✅ Done. Time cost: 0:00:48.139633

=== Rank-1 (Include identical-view cases) ===
NM: 49.632,	BG: 35.664,	CL: 14.675

=== Rank-1 (Exclude identical-view cases) ===
NM: 44.844,	BG: 31.691,	CL: 13.298

=== Rank-1 of each angle (Exclude identical-view cases) ===
NM: [32.52 40.09 47.44 45.49 49.50 47.66 53.29 54.77 48.60 43.65 30.27]
BG: [26.49 30.95 35.99 33.95 34.10 31.26 34.10 37.65 31.49 30.55 22.08]
CL: [ 9.42 12.43 15.04 15.07 14.46 14.28 14.78 15.97 13.85 12.88  8.11]

=== Testing checkpoint at iter 19600 ===
🔧 Initializing model...
📦 Loading model from iteration 19600...
🚀 Running inference...
📊 Evaluating results...
✅ Done. Time cost: 0:00:48.529181

=== Rank-1 (Include identical-view cases) ===
NM: 50.651,	BG: 36.507,	CL: 15.141

=== Rank-1 (Exclude identical-view cases) ===
NM: 45.950,	BG: 32.635,	CL: 13.708

=== Rank-1 of each angle (Exclude identical-view cases) ===
NM: [34.50 41.76 48.79 48.33 49.14 48.24 53.24 55.18 49.77 44.23 32.25]
BG: [28.92 32.70 36.76 34.95 35.32 31.53 35.27 38.42 32.53 30.68 21.90]
CL: [10.18 13.02 14.37 14.66 14.73 14.60 15.41 17.15 15.29 12.70  8.70]

=== Testing checkpoint at iter 19700 ===
🔧 Initializing model...
📦 Loading model from iteration 19700...
🚀 Running inference...
📊 Evaluating results...
✅ Done. Time cost: 0:00:48.994810

=== Rank-1 (Include identical-view cases) ===
NM: 50.123,	BG: 35.597,	CL: 14.705

=== Rank-1 (Exclude identical-view cases) ===
NM: 45.393,	BG: 31.745,	CL: 13.352

=== Rank-1 of each angle (Exclude identical-view cases) ===
NM: [34.10 41.49 46.85 46.44 49.37 48.24 53.02 54.50 49.05 44.37 31.89]
BG: [27.21 32.21 35.50 33.27 33.47 30.72 32.93 39.05 31.99 30.59 22.26]
CL: [ 9.96 12.66 14.37 14.66 14.50 13.83 14.51 16.56 14.12 13.20  8.52]

=== Testing checkpoint at iter 19800 ===
🔧 Initializing model...
📦 Loading model from iteration 19800...
🚀 Running inference...
📊 Evaluating results...
✅ Done. Time cost: 0:00:48.536611

=== Rank-1 (Include identical-view cases) ===
NM: 50.201,	BG: 36.092,	CL: 14.518

=== Rank-1 (Exclude identical-view cases) ===
NM: 45.442,	BG: 32.233,	CL: 13.171

=== Rank-1 of each angle (Exclude identical-view cases) ===
NM: [34.19 41.67 47.52 46.58 49.50 47.93 52.88 55.00 49.91 43.38 31.31]
BG: [29.01 32.61 36.49 34.27 34.46 31.26 34.01 37.69 31.67 30.87 22.21]
CL: [ 9.91 12.61 14.10 14.21 14.50 14.42 14.46 16.15 13.71 13.01  7.79]

=== Testing checkpoint at iter 19900 ===
🔧 Initializing model...
📦 Loading model from iteration 19900...
🚀 Running inference...
📊 Evaluating results...
✅ Done. Time cost: 0:00:49.499077

=== Rank-1 (Include identical-view cases) ===
NM: 50.532,	BG: 36.230,	CL: 15.254

=== Rank-1 (Exclude identical-view cases) ===
NM: 45.802,	BG: 32.305,	CL: 13.824

=== Rank-1 of each angle (Exclude identical-view cases) ===
NM: [36.17 42.66 47.57 46.98 48.42 46.35 52.34 54.91 49.60 44.28 34.55]
BG: [27.97 32.21 36.35 34.23 33.29 30.27 33.33 38.01 33.30 31.69 24.70]
CL: [10.09 13.33 14.01 15.34 14.41 14.51 14.73 17.33 14.80 13.93  9.60]

=== Testing checkpoint at iter 20000 ===
🔧 Initializing model...
📦 Loading model from iteration 20000...
🚀 Running inference...
📊 Evaluating results...
✅ Done. Time cost: 0:00:50.273575

=== Rank-1 (Include identical-view cases) ===
NM: 50.737,	BG: 35.699,	CL: 15.272

=== Rank-1 (Exclude identical-view cases) ===
NM: 46.031,	BG: 31.787,	CL: 13.930

=== Rank-1 of each angle (Exclude identical-view cases) ===
NM: [34.50 42.66 47.75 47.70 48.83 47.21 53.92 55.05 49.37 45.22 34.14]
BG: [27.75 31.80 35.59 33.86 33.70 29.95 33.02 37.96 31.35 31.51 23.17]
CL: [10.36 13.11 14.73 15.34 14.59 14.87 15.41 17.38 15.20 13.06  9.19]

=== Testing checkpoint at iter 20100 ===
🔧 Initializing model...
📦 Loading model from iteration 20100...
🚀 Running inference...
📊 Evaluating results...
✅ Done. Time cost: 0:00:51.280016

=== Rank-1 (Include identical-view cases) ===
NM: 50.792,	BG: 36.383,	CL: 15.142

=== Rank-1 (Exclude identical-view cases) ===
NM: 46.097,	BG: 32.486,	CL: 13.857

=== Rank-1 of each angle (Exclude identical-view cases) ===
NM: [34.77 42.61 47.66 48.87 49.32 47.70 52.88 55.59 50.13 44.37 33.15]
BG: [28.20 32.34 36.22 36.14 34.23 30.77 33.74 38.46 31.81 32.10 23.35]
CL: [10.09 13.56 14.28 15.11 15.18 14.91 14.69 16.33 14.80 14.02  9.46]

=== Testing checkpoint at iter 20200 ===
🔧 Initializing model...
📦 Loading model from iteration 20200...
🚀 Running inference...
📊 Evaluating results...
✅ Done. Time cost: 0:00:50.308821

=== Rank-1 (Include identical-view cases) ===
NM: 51.221,	BG: 36.900,	CL: 15.146

=== Rank-1 (Exclude identical-view cases) ===
NM: 46.568,	BG: 32.924,	CL: 13.758

=== Rank-1 of each angle (Exclude identical-view cases) ===
NM: [35.81 42.61 48.79 48.65 49.77 49.32 54.46 56.04 49.87 44.01 32.93]
BG: [29.05 32.12 36.98 36.77 35.23 32.16 34.10 38.42 33.35 31.32 22.67]
CL: [10.14 12.79 14.95 15.61 14.42 14.42 14.91 16.74 14.16 13.56  9.64]

=== Testing checkpoint at iter 20300 ===
🔧 Initializing model...
📦 Loading model from iteration 20300...
🚀 Running inference...
📊 Evaluating results...
✅ Done. Time cost: 0:00:52.009165

=== Rank-1 (Include identical-view cases) ===
NM: 51.410,	BG: 36.830,	CL: 15.049

=== Rank-1 (Exclude identical-view cases) ===
NM: 46.776,	BG: 32.880,	CL: 13.733

=== Rank-1 of each angle (Exclude identical-view cases) ===
NM: [36.67 43.87 49.37 49.37 49.95 47.30 53.65 55.90 51.04 44.19 33.24]
BG: [29.05 34.19 37.48 36.14 34.87 30.81 33.33 38.69 31.81 31.96 23.35]
CL: [11.04 13.24 14.50 15.70 14.01 14.10 15.09 16.20 14.79 13.15  9.24]

=== Testing checkpoint at iter 20400 ===
🔧 Initializing model...
📦 Loading model from iteration 20400...
🚀 Running inference...
📊 Evaluating results...
✅ Done. Time cost: 0:00:49.068395

=== Rank-1 (Include identical-view cases) ===
NM: 50.518,	BG: 36.385,	CL: 14.701

=== Rank-1 (Exclude identical-view cases) ===
NM: 45.798,	BG: 32.440,	CL: 13.368

=== Rank-1 of each angle (Exclude identical-view cases) ===
NM: [34.91 41.94 47.66 47.84 49.28 47.34 54.23 55.00 49.59 44.41 31.58]
BG: [28.92 32.43 36.08 34.95 34.24 31.22 34.10 38.78 32.58 31.82 21.72]
CL: [ 9.68 12.52 14.19 15.02 14.69 14.33 14.28 16.33 13.66 12.74  9.60]

=== Testing checkpoint at iter 20500 ===
🔧 Initializing model...
📦 Loading model from iteration 20500...
🚀 Running inference...
📊 Evaluating results...
✅ Done. Time cost: 0:00:48.121781

=== Rank-1 (Include identical-view cases) ===
NM: 50.957,	BG: 36.541,	CL: 15.246

=== Rank-1 (Exclude identical-view cases) ===
NM: 46.294,	BG: 32.591,	CL: 13.778

=== Rank-1 of each angle (Exclude identical-view cases) ===
NM: [35.76 43.29 48.70 48.15 50.27 47.30 53.29 55.54 50.31 43.83 32.79]
BG: [29.55 33.24 36.80 34.64 34.46 30.45 34.33 37.96 32.31 31.14 23.62]
CL: [10.23 12.97 14.32 15.34 15.18 14.82 15.59 16.88 14.66 12.88  8.69]

=== Testing checkpoint at iter 20600 ===
🔧 Initializing model...
📦 Loading model from iteration 20600...
🚀 Running inference...
📊 Evaluating results...
✅ Done. Time cost: 0:00:48.431120

=== Rank-1 (Include identical-view cases) ===
NM: 50.525,	BG: 36.298,	CL: 15.026

=== Rank-1 (Exclude identical-view cases) ===
NM: 45.798,	BG: 32.410,	CL: 13.643

=== Rank-1 of each angle (Exclude identical-view cases) ===
NM: [34.86 41.94 48.15 47.93 49.87 47.79 53.78 55.18 49.05 43.65 31.58]
BG: [28.29 32.70 35.45 34.54 35.41 30.95 34.37 38.78 32.40 30.27 23.35]
CL: [ 9.78 12.52 14.73 15.75 14.73 14.73 14.96 16.24 14.70 12.92  9.01]

=== Testing checkpoint at iter 20700 ===
🔧 Initializing model...
📦 Loading model from iteration 20700...
🚀 Running inference...
📊 Evaluating results...
✅ Done. Time cost: 0:00:48.649620

=== Rank-1 (Include identical-view cases) ===
NM: 50.060,	BG: 35.184,	CL: 15.093

=== Rank-1 (Exclude identical-view cases) ===
NM: 45.311,	BG: 31.205,	CL: 13.553

=== Rank-1 of each angle (Exclude identical-view cases) ===
NM: [35.81 42.52 47.16 47.16 48.15 45.27 51.58 53.78 48.79 44.60 33.60]
BG: [28.56 32.43 35.09 33.86 32.52 27.70 31.17 36.65 31.22 31.14 22.90]
CL: [10.05 12.88 14.28 15.70 14.19 13.96 14.82 16.15 14.75 13.01  9.28]

=== Testing checkpoint at iter 20800 ===
🔧 Initializing model...
📦 Loading model from iteration 20800...
🚀 Running inference...
📊 Evaluating results...
✅ Done. Time cost: 0:00:49.305385

=== Rank-1 (Include identical-view cases) ===
NM: 50.082,	BG: 35.791,	CL: 14.784

=== Rank-1 (Exclude identical-view cases) ===
NM: 45.323,	BG: 31.930,	CL: 13.459

=== Rank-1 of each angle (Exclude identical-view cases) ===
NM: [34.55 41.85 47.61 46.53 50.23 46.48 51.80 54.46 48.56 44.19 32.30]
BG: [27.98 32.30 35.95 34.73 34.46 30.23 32.30 37.96 32.90 30.23 22.22]
CL: [10.36 12.84 13.69 15.70 13.96 13.78 14.78 15.61 14.57 13.74  9.01]

=== Testing checkpoint at iter 20900 ===
🔧 Initializing model...
📦 Loading model from iteration 20900...
🚀 Running inference...
📊 Evaluating results...
✅ Done. Time cost: 0:00:48.461575

=== Rank-1 (Include identical-view cases) ===
NM: 48.935,	BG: 34.831,	CL: 14.407

=== Rank-1 (Exclude identical-view cases) ===
NM: 44.066,	BG: 30.928,	CL: 13.163

=== Rank-1 of each angle (Exclude identical-view cases) ===
NM: [32.57 41.17 46.76 46.04 47.48 45.22 51.71 52.84 47.43 42.43 31.08]
BG: [26.80 31.31 34.23 34.36 32.88 30.09 32.70 36.34 30.63 29.22 21.63]
CL: [ 9.46 11.98 13.65 15.07 14.28 13.92 14.51 15.47 13.94 13.06  9.46]

=== Testing checkpoint at iter 21000 ===
🔧 Initializing model...
📦 Loading model from iteration 21000...
🚀 Running inference...
📊 Evaluating results...
✅ Done. Time cost: 0:00:47.863564

=== Rank-1 (Include identical-view cases) ===
NM: 50.822,	BG: 36.334,	CL: 14.989

=== Rank-1 (Exclude identical-view cases) ===
NM: 46.117,	BG: 32.490,	CL: 13.660

=== Rank-1 of each angle (Exclude identical-view cases) ===
NM: [34.95 42.57 49.19 48.24 49.95 47.38 52.34 55.18 49.37 44.50 33.60]
BG: [29.19 33.47 35.59 34.86 34.55 30.13 32.79 37.92 33.48 32.42 22.99]
CL: [10.54 12.88 14.01 15.93 14.50 14.28 14.91 15.75 14.34 14.11  9.01]

=== Testing checkpoint at iter 21100 ===
🔧 Initializing model...
📦 Loading model from iteration 21100...
🚀 Running inference...
📊 Evaluating results...
✅ Done. Time cost: 0:00:47.682183

=== Rank-1 (Include identical-view cases) ===
NM: 50.064,	BG: 36.329,	CL: 14.689

=== Rank-1 (Exclude identical-view cases) ===
NM: 45.291,	BG: 32.345,	CL: 13.367

=== Rank-1 of each angle (Exclude identical-view cases) ===
NM: [33.88 42.30 47.30 46.89 49.78 47.57 53.15 53.92 49.55 42.88 30.99]
BG: [27.70 32.97 35.86 34.73 34.82 31.62 34.33 38.05 32.44 31.33 21.95]
CL: [ 9.37 12.12 14.46 15.11 14.86 13.96 14.82 16.88 14.84 12.15  8.47]

=== Testing checkpoint at iter 21200 ===
🔧 Initializing model...
📦 Loading model from iteration 21200...
🚀 Running inference...
📊 Evaluating results...
✅ Done. Time cost: 0:00:47.830805

=== Rank-1 (Include identical-view cases) ===
NM: 50.361,	BG: 35.762,	CL: 14.671

=== Rank-1 (Exclude identical-view cases) ===
NM: 45.614,	BG: 31.894,	CL: 13.298

=== Rank-1 of each angle (Exclude identical-view cases) ===
NM: [35.90 43.56 48.38 48.47 48.65 45.94 51.80 53.24 48.47 44.14 33.20]
BG: [28.92 33.92 35.90 34.59 33.29 30.00 33.20 36.38 31.04 31.78 21.81]
CL: [10.09 12.75 14.10 15.20 14.19 14.01 14.77 15.66 13.98 12.74  8.78]

=== Testing checkpoint at iter 21300 ===
🔧 Initializing model...
📦 Loading model from iteration 21300...
🚀 Running inference...
📊 Evaluating results...
✅ Done. Time cost: 0:00:51.776991

=== Rank-1 (Include identical-view cases) ===
NM: 51.002,	BG: 36.666,	CL: 14.399

=== Rank-1 (Exclude identical-view cases) ===
NM: 46.315,	BG: 32.756,	CL: 13.118

=== Rank-1 of each angle (Exclude identical-view cases) ===
NM: [33.87 43.42 48.83 49.10 50.45 48.83 54.01 54.50 49.86 44.23 32.34]
BG: [27.84 33.29 35.86 35.73 35.05 31.62 34.05 38.33 33.35 31.32 23.89]
CL: [ 9.06 12.97 14.01 15.66 13.92 13.47 14.46 15.20 13.80 13.01  8.74]

=== Testing checkpoint at iter 21400 ===
🔧 Initializing model...
📦 Loading model from iteration 21400...
🚀 Running inference...
📊 Evaluating results...
✅ Done. Time cost: 0:00:51.377937

=== Rank-1 (Include identical-view cases) ===
NM: 50.052,	BG: 35.434,	CL: 14.862

=== Rank-1 (Exclude identical-view cases) ===
NM: 45.286,	BG: 31.504,	CL: 13.520

=== Rank-1 of each angle (Exclude identical-view cases) ===
NM: [35.04 41.58 47.30 45.36 49.23 46.94 52.52 54.59 48.69 44.05 32.84]
BG: [28.33 31.31 34.37 33.82 33.20 29.37 32.75 37.15 31.49 31.28 23.48]
CL: [ 9.60 12.79 14.64 14.84 14.51 14.42 14.91 16.06 14.25 13.47  9.23]

=== Testing checkpoint at iter 21500 ===
🔧 Initializing model...
📦 Loading model from iteration 21500...
🚀 Running inference...
📊 Evaluating results...
✅ Done. Time cost: 0:00:49.750881

=== Rank-1 (Include identical-view cases) ===
NM: 50.629,	BG: 36.344,	CL: 15.123

=== Rank-1 (Exclude identical-view cases) ===
NM: 45.921,	BG: 32.530,	CL: 13.713

=== Rank-1 of each angle (Exclude identical-view cases) ===
NM: [34.86 42.34 48.47 46.13 50.86 48.47 52.88 55.05 49.50 44.10 32.48]
BG: [29.46 33.29 36.26 34.91 34.87 31.22 33.06 37.78 31.85 31.92 23.21]
CL: [10.36 12.97 14.55 15.11 14.23 14.42 15.36 16.74 14.93 13.24  8.92]

=== Testing checkpoint at iter 21600 ===
🔧 Initializing model...
📦 Loading model from iteration 21600...
🚀 Running inference...
📊 Evaluating results...
✅ Done. Time cost: 0:00:49.709192

=== Rank-1 (Include identical-view cases) ===
NM: 50.052,	BG: 35.731,	CL: 14.969

=== Rank-1 (Exclude identical-view cases) ===
NM: 45.299,	BG: 31.773,	CL: 13.528

=== Rank-1 of each angle (Exclude identical-view cases) ===
NM: [32.39 41.71 47.43 47.70 49.87 48.02 54.01 53.83 48.51 43.69 31.12]
BG: [26.80 31.22 35.18 33.32 34.37 31.26 34.68 37.38 32.49 30.41 22.40]
CL: [ 9.01 12.12 14.55 15.29 14.32 14.91 15.09 17.06 14.39 13.15  8.92]

=== Testing checkpoint at iter 21700 ===
🔧 Initializing model...
📦 Loading model from iteration 21700...
🚀 Running inference...
📊 Evaluating results...
✅ Done. Time cost: 0:00:48.320066

=== Rank-1 (Include identical-view cases) ===
NM: 50.789,	BG: 35.875,	CL: 15.015

=== Rank-1 (Exclude identical-view cases) ===
NM: 46.089,	BG: 32.112,	CL: 13.619

=== Rank-1 of each angle (Exclude identical-view cases) ===
NM: [35.94 42.75 49.01 48.88 49.91 47.79 53.83 54.23 48.51 43.02 33.11]
BG: [29.37 31.94 35.31 34.91 34.64 30.27 32.70 37.56 31.54 31.96 23.03]
CL: [10.99 12.84 13.74 15.29 13.92 14.01 14.69 16.42 14.89 13.43  9.60]

=== Testing checkpoint at iter 21800 ===
🔧 Initializing model...
📦 Loading model from iteration 21800...
🚀 Running inference...
📊 Evaluating results...
✅ Done. Time cost: 0:00:50.101028

=== Rank-1 (Include identical-view cases) ===
NM: 50.045,	BG: 35.892,	CL: 14.742

=== Rank-1 (Exclude identical-view cases) ===
NM: 45.278,	BG: 31.938,	CL: 13.331

=== Rank-1 of each angle (Exclude identical-view cases) ===
NM: [32.79 42.30 47.43 46.94 49.05 48.38 52.93 53.42 48.42 44.50 31.89]
BG: [27.66 31.58 35.67 33.68 34.37 30.86 32.88 38.37 32.58 31.05 22.62]
CL: [ 9.28 12.66 14.14 14.89 13.78 13.65 14.37 17.10 14.93 12.83  9.01]

=== Testing checkpoint at iter 21900 ===
🔧 Initializing model...
📦 Loading model from iteration 21900...
🚀 Running inference...
📊 Evaluating results...
✅ Done. Time cost: 0:00:48.401821

=== Rank-1 (Include identical-view cases) ===
NM: 50.078,	BG: 35.317,	CL: 14.478

=== Rank-1 (Exclude identical-view cases) ===
NM: 45.307,	BG: 31.495,	CL: 13.204

=== Rank-1 of each angle (Exclude identical-view cases) ===
NM: [35.27 42.16 47.30 49.19 49.46 45.90 51.62 53.11 48.38 43.78 32.21]
BG: [27.98 32.12 35.09 35.46 33.38 29.32 32.07 37.47 31.36 29.59 22.62]
CL: [10.00 12.39 13.38 15.20 13.88 13.92 14.50 16.20 14.16 12.97  8.65]

=== Testing checkpoint at iter 22000 ===
🔧 Initializing model...
📦 Loading model from iteration 22000...
🚀 Running inference...
📊 Evaluating results...
✅ Done. Time cost: 0:00:48.063728

=== Rank-1 (Include identical-view cases) ===
NM: 49.609,	BG: 35.211,	CL: 14.466

=== Rank-1 (Exclude identical-view cases) ===
NM: 44.812,	BG: 31.181,	CL: 13.126

=== Rank-1 of each angle (Exclude identical-view cases) ===
NM: [33.65 41.49 46.53 45.00 48.78 47.57 52.57 53.60 48.69 44.14 30.90]
BG: [27.93 32.12 34.06 32.05 33.42 30.27 33.06 36.20 32.13 30.18 21.58]
CL: [ 9.87 12.34 13.56 13.89 13.65 14.37 14.33 16.33 14.21 13.15  8.69]

=== Testing checkpoint at iter 22100 ===
🔧 Initializing model...
📦 Loading model from iteration 22100...
🚀 Running inference...
📊 Evaluating results...
✅ Done. Time cost: 0:00:48.205347

=== Rank-1 (Include identical-view cases) ===
NM: 50.328,	BG: 36.112,	CL: 15.011

=== Rank-1 (Exclude identical-view cases) ===
NM: 45.586,	BG: 32.267,	CL: 13.602

=== Rank-1 of each angle (Exclude identical-view cases) ===
NM: [34.10 43.51 47.66 47.30 50.05 46.89 52.30 54.73 49.51 43.69 31.71]
BG: [28.51 33.60 35.50 34.32 34.60 30.04 33.02 38.78 32.71 31.05 22.80]
CL: [ 9.41 13.60 13.92 15.11 15.00 14.28 14.64 16.47 14.70 13.02  9.46]

=== Testing checkpoint at iter 22200 ===
🔧 Initializing model...
📦 Loading model from iteration 22200...
🚀 Running inference...
📊 Evaluating results...
✅ Done. Time cost: 0:00:49.995284

=== Rank-1 (Include identical-view cases) ===
NM: 50.766,	BG: 35.997,	CL: 14.887

=== Rank-1 (Exclude identical-view cases) ===
NM: 46.068,	BG: 32.181,	CL: 13.474

=== Rank-1 of each angle (Exclude identical-view cases) ===
NM: [35.40 42.34 48.56 48.60 49.77 47.70 52.79 54.46 50.05 43.47 33.60]
BG: [29.46 32.21 35.90 34.95 35.09 30.27 32.79 36.97 31.40 31.69 23.26]
CL: [10.09 13.51 14.59 15.34 14.23 13.83 14.87 15.75 13.66 13.02  9.32]

=== Testing checkpoint at iter 22300 ===
🔧 Initializing model...
📦 Loading model from iteration 22300...
🚀 Running inference...
📊 Evaluating results...
✅ Done. Time cost: 0:00:47.921839

=== Rank-1 (Include identical-view cases) ===
NM: 50.298,	BG: 35.754,	CL: 15.444

=== Rank-1 (Exclude identical-view cases) ===
NM: 45.553,	BG: 31.889,	CL: 14.066

=== Rank-1 of each angle (Exclude identical-view cases) ===
NM: [34.73 41.49 47.12 48.56 48.78 48.15 53.06 53.78 49.73 43.11 32.57]
BG: [28.47 32.03 34.82 34.14 34.78 30.32 33.29 37.10 31.63 30.87 23.35]
CL: [10.77 13.87 14.59 16.29 14.82 14.37 14.91 16.92 14.25 14.25  9.68]

=== Testing checkpoint at iter 22400 ===
🔧 Initializing model...
📦 Loading model from iteration 22400...
🚀 Running inference...
📊 Evaluating results...
✅ Done. Time cost: 0:00:49.238730

=== Rank-1 (Include identical-view cases) ===
NM: 50.394,	BG: 36.035,	CL: 15.041

=== Rank-1 (Exclude identical-view cases) ===
NM: 45.671,	BG: 32.112,	CL: 13.635

=== Rank-1 of each angle (Exclude identical-view cases) ===
NM: [35.94 42.07 47.25 48.11 48.56 46.71 52.34 54.23 48.65 44.28 34.23]
BG: [29.55 31.85 33.65 34.86 34.59 30.27 33.33 36.79 32.40 30.96 24.98]
CL: [10.59 12.84 13.29 15.88 13.96 15.05 15.23 16.56 14.43 12.92  9.23]

=== Testing checkpoint at iter 22500 ===
🔧 Initializing model...
📦 Loading model from iteration 22500...
🚀 Running inference...
📊 Evaluating results...
✅ Done. Time cost: 0:00:47.768252

=== Rank-1 (Include identical-view cases) ===
NM: 50.343,	BG: 35.781,	CL: 14.821

=== Rank-1 (Exclude identical-view cases) ===
NM: 45.586,	BG: 31.873,	CL: 13.356

=== Rank-1 of each angle (Exclude identical-view cases) ===
NM: [34.14 41.76 47.66 48.42 49.05 48.42 53.24 54.10 48.88 43.47 32.30]
BG: [28.65 31.53 35.36 35.55 33.96 29.50 33.24 38.15 31.76 30.32 22.58]
CL: [ 9.28 12.52 13.69 15.07 14.64 13.79 14.96 16.43 13.98 13.24  9.32]

=== Testing checkpoint at iter 22600 ===
🔧 Initializing model...
📦 Loading model from iteration 22600...
🚀 Running inference...
📊 Evaluating results...
✅ Done. Time cost: 0:00:48.518699

=== Rank-1 (Include identical-view cases) ===
NM: 50.823,	BG: 36.025,	CL: 15.437

=== Rank-1 (Exclude identical-view cases) ===
NM: 46.138,	BG: 32.158,	CL: 13.968

=== Rank-1 of each angle (Exclude identical-view cases) ===
NM: [36.89 43.56 49.14 50.18 48.02 45.90 52.16 55.45 49.78 43.56 32.88]
BG: [29.91 31.30 35.27 36.00 33.83 29.10 32.70 37.38 32.90 31.32 24.03]
CL: [10.99 14.05 14.28 15.20 14.46 14.33 14.87 16.43 15.16 14.06  9.82]

=== Testing checkpoint at iter 22700 ===
🔧 Initializing model...
📦 Loading model from iteration 22700...
🚀 Running inference...
📊 Evaluating results...
✅ Done. Time cost: 0:00:47.791603

=== Rank-1 (Include identical-view cases) ===
NM: 50.681,	BG: 36.348,	CL: 14.925

=== Rank-1 (Exclude identical-view cases) ===
NM: 45.962,	BG: 32.369,	CL: 13.565

=== Rank-1 of each angle (Exclude identical-view cases) ===
NM: [34.01 42.21 47.70 48.87 50.41 47.66 54.01 55.77 49.19 43.33 32.43]
BG: [27.93 32.34 35.23 34.95 34.51 31.80 34.05 38.23 32.94 30.36 23.71]
CL: [10.41 12.61 13.65 15.25 14.28 14.73 15.09 16.74 13.93 13.02  9.50]

=== Testing checkpoint at iter 22800 ===
🔧 Initializing model...
📦 Loading model from iteration 22800...
🚀 Running inference...
📊 Evaluating results...
✅ Done. Time cost: 0:00:52.261173

=== Rank-1 (Include identical-view cases) ===
NM: 50.588,	BG: 36.374,	CL: 15.187

=== Rank-1 (Exclude identical-view cases) ===
NM: 45.851,	BG: 32.381,	CL: 13.664

=== Rank-1 of each angle (Exclude identical-view cases) ===
NM: [34.55 41.13 48.83 48.79 48.65 47.93 53.65 54.68 49.82 43.69 32.66]
BG: [28.38 30.63 35.32 35.73 35.00 32.25 35.23 38.19 33.03 30.23 22.22]
CL: [ 9.60 11.85 14.14 15.38 14.59 15.54 16.08 16.56 14.39 13.38  8.79]

=== Testing checkpoint at iter 22900 ===
🔧 Initializing model...
📦 Loading model from iteration 22900...
🚀 Running inference...
📊 Evaluating results...
✅ Done. Time cost: 0:00:50.661270

=== Rank-1 (Include identical-view cases) ===
NM: 51.162,	BG: 36.139,	CL: 15.220

=== Rank-1 (Exclude identical-view cases) ===
NM: 46.499,	BG: 32.345,	CL: 13.861

=== Rank-1 of each angle (Exclude identical-view cases) ===
NM: [35.54 42.52 48.65 50.77 50.77 48.20 53.33 53.83 50.45 44.10 33.33]
BG: [28.42 32.07 35.72 36.45 35.40 29.73 33.51 38.24 32.80 30.36 23.07]
CL: [10.59 12.52 14.37 16.92 14.46 15.14 15.23 16.70 14.39 13.43  8.74]

=== Testing checkpoint at iter 23000 ===
🔧 Initializing model...
📦 Loading model from iteration 23000...
🚀 Running inference...
📊 Evaluating results...
✅ Done. Time cost: 0:00:50.139973

=== Rank-1 (Include identical-view cases) ===
NM: 50.201,	BG: 35.912,	CL: 14.717

=== Rank-1 (Exclude identical-view cases) ===
NM: 45.426,	BG: 31.980,	CL: 13.267

=== Rank-1 of each angle (Exclude identical-view cases) ===
NM: [31.17 41.58 48.15 48.20 48.96 48.06 53.60 54.23 50.23 43.78 31.71]
BG: [26.13 33.06 35.14 35.23 33.79 30.36 33.87 37.38 33.21 30.73 22.90]
CL: [ 8.96 12.07 14.14 15.79 13.60 14.01 14.60 16.70 14.07 13.29  8.70]

=== Testing checkpoint at iter 23100 ===
🔧 Initializing model...
📦 Loading model from iteration 23100...
🚀 Running inference...
📊 Evaluating results...
✅ Done. Time cost: 0:00:50.716793

=== Rank-1 (Include identical-view cases) ===
NM: 50.231,	BG: 35.515,	CL: 14.833

=== Rank-1 (Exclude identical-view cases) ===
NM: 45.471,	BG: 31.569,	CL: 13.426

=== Rank-1 of each angle (Exclude identical-view cases) ===
NM: [36.44 43.11 47.93 47.61 48.33 45.95 50.99 53.69 49.28 43.38 33.47]
BG: [28.24 32.30 35.13 34.50 32.61 29.41 32.84 37.06 32.40 30.46 22.31]
CL: [ 9.51 12.25 14.32 15.34 14.73 13.83 14.60 16.70 13.57 13.47  9.37]

=== Testing checkpoint at iter 23200 ===
🔧 Initializing model...
📦 Loading model from iteration 23200...
🚀 Running inference...
📊 Evaluating results...
✅ Done. Time cost: 0:00:47.477826

=== Rank-1 (Include identical-view cases) ===
NM: 50.812,	BG: 36.216,	CL: 14.851

=== Rank-1 (Exclude identical-view cases) ===
NM: 46.118,	BG: 32.291,	CL: 13.459

=== Rank-1 of each angle (Exclude identical-view cases) ===
NM: [33.34 41.44 49.05 48.56 50.81 48.51 54.28 55.23 49.64 44.55 31.89]
BG: [27.84 31.80 35.68 35.68 35.45 30.95 34.19 38.41 32.76 29.54 22.89]
CL: [ 9.24 12.34 13.42 15.16 14.64 14.28 14.64 16.51 14.89 13.33  9.59]

=== Testing checkpoint at iter 23300 ===
🔧 Initializing model...
📦 Loading model from iteration 23300...
🚀 Running inference...
📊 Evaluating results...
✅ Done. Time cost: 0:00:48.972476

=== Rank-1 (Include identical-view cases) ===
NM: 50.908,	BG: 36.148,	CL: 14.616

=== Rank-1 (Exclude identical-view cases) ===
NM: 46.216,	BG: 32.273,	CL: 13.278

=== Rank-1 of each angle (Exclude identical-view cases) ===
NM: [35.45 42.21 48.38 48.11 49.55 47.02 53.38 54.77 50.86 44.64 34.01]
BG: [29.46 32.61 34.82 34.68 33.88 29.46 32.93 37.69 33.62 32.05 23.80]
CL: [10.41 11.49 13.74 15.43 14.14 14.14 14.42 16.11 13.66 12.92  9.60]

=== Testing checkpoint at iter 23400 ===
🔧 Initializing model...
📦 Loading model from iteration 23400...
🚀 Running inference...
📊 Evaluating results...
✅ Done. Time cost: 0:00:48.212040

=== Rank-1 (Include identical-view cases) ===
NM: 49.851,	BG: 35.064,	CL: 14.683

=== Rank-1 (Exclude identical-view cases) ===
NM: 45.074,	BG: 31.183,	CL: 13.311

=== Rank-1 of each angle (Exclude identical-view cases) ===
NM: [33.02 40.32 46.94 46.71 49.95 47.03 52.93 53.60 48.56 43.33 33.42]
BG: [26.49 30.81 33.78 33.36 33.47 29.64 33.02 37.24 31.95 30.32 22.94]
CL: [ 8.92 12.25 13.78 15.39 14.64 14.33 14.82 16.24 14.07 12.97  9.01]

=== Testing checkpoint at iter 23500 ===
🔧 Initializing model...
📦 Loading model from iteration 23500...
🚀 Running inference...
📊 Evaluating results...
✅ Done. Time cost: 0:00:49.021973

=== Rank-1 (Include identical-view cases) ===
NM: 50.701,	BG: 36.635,	CL: 14.769

=== Rank-1 (Exclude identical-view cases) ===
NM: 45.992,	BG: 32.727,	CL: 13.430

=== Rank-1 of each angle (Exclude identical-view cases) ===
NM: [34.68 41.39 48.61 47.48 50.59 49.06 53.20 54.82 48.96 43.47 33.65]
BG: [27.79 32.75 34.64 35.32 35.45 31.94 34.59 38.87 33.85 31.19 23.62]
CL: [ 9.42 12.16 14.14 15.29 14.32 13.74 14.87 16.15 14.12 13.47 10.04]

=== Testing checkpoint at iter 23600 ===
🔧 Initializing model...
📦 Loading model from iteration 23600...
🚀 Running inference...
📊 Evaluating results...
✅ Done. Time cost: 0:00:48.337406

=== Rank-1 (Include identical-view cases) ===
NM: 50.130,	BG: 35.833,	CL: 14.724

=== Rank-1 (Exclude identical-view cases) ===
NM: 45.344,	BG: 31.828,	CL: 13.381

=== Rank-1 of each angle (Exclude identical-view cases) ===
NM: [33.56 40.90 47.52 47.03 50.14 47.52 53.02 54.19 48.92 43.11 32.88]
BG: [27.71 31.35 33.65 34.32 35.18 30.49 34.28 37.01 33.03 30.37 22.71]
CL: [ 9.42 12.07 13.33 15.16 14.28 14.19 14.82 16.20 14.66 13.52  9.55]

=== Testing checkpoint at iter 23700 ===
🔧 Initializing model...
📦 Loading model from iteration 23700...
🚀 Running inference...
📊 Evaluating results...
✅ Done. Time cost: 0:00:49.127279

=== Rank-1 (Include identical-view cases) ===
NM: 51.165,	BG: 36.576,	CL: 15.395

=== Rank-1 (Exclude identical-view cases) ===
NM: 46.503,	BG: 32.710,	CL: 14.000

=== Rank-1 of each angle (Exclude identical-view cases) ===
NM: [34.59 42.03 49.05 49.01 50.18 48.29 53.96 55.36 50.90 43.92 34.23]
BG: [28.60 32.48 35.32 34.73 35.09 30.77 34.68 38.96 34.48 30.69 24.03]
CL: [ 9.87 12.75 13.87 15.93 15.09 15.14 16.13 17.65 14.93 13.52  9.14]

=== Testing checkpoint at iter 23800 ===
🔧 Initializing model...
📦 Loading model from iteration 23800...
🚀 Running inference...
📊 Evaluating results...
✅ Done. Time cost: 0:00:47.986612

=== Rank-1 (Include identical-view cases) ===
NM: 51.028,	BG: 36.449,	CL: 14.899

=== Rank-1 (Exclude identical-view cases) ===
NM: 46.339,	BG: 32.494,	CL: 13.491

=== Rank-1 of each angle (Exclude identical-view cases) ===
NM: [35.85 41.39 48.97 49.55 49.91 48.29 53.78 54.82 49.59 43.11 34.46]
BG: [29.05 32.34 34.73 35.32 35.18 30.67 33.83 38.19 33.35 31.23 23.53]
CL: [10.27 12.03 14.55 15.88 13.92 14.28 15.18 16.24 13.39 13.24  9.41]

=== Testing checkpoint at iter 23900 ===
🔧 Initializing model...
📦 Loading model from iteration 23900...
🚀 Running inference...
📊 Evaluating results...
✅ Done. Time cost: 0:00:49.270444

=== Rank-1 (Include identical-view cases) ===
NM: 50.838,	BG: 36.417,	CL: 14.986

=== Rank-1 (Exclude identical-view cases) ===
NM: 46.147,	BG: 32.486,	CL: 13.599

=== Rank-1 of each angle (Exclude identical-view cases) ===
NM: [35.27 41.12 47.88 48.88 50.00 48.15 53.69 55.32 50.09 43.65 33.56]
BG: [29.24 30.54 35.13 35.27 35.05 30.90 33.97 38.55 33.80 31.41 23.48]
CL: [ 9.69 13.02 13.83 14.75 14.73 13.83 14.28 17.15 14.80 13.70  9.82]

=== Testing checkpoint at iter 24000 ===
🔧 Initializing model...
📦 Loading model from iteration 24000...
🚀 Running inference...
📊 Evaluating results...
✅ Done. Time cost: 0:00:48.169026

=== Rank-1 (Include identical-view cases) ===
NM: 50.733,	BG: 36.514,	CL: 14.824

=== Rank-1 (Exclude identical-view cases) ===
NM: 46.024,	BG: 32.557,	CL: 13.401

=== Rank-1 of each angle (Exclude identical-view cases) ===
NM: [34.42 40.95 48.87 48.60 50.04 47.43 53.24 54.78 50.00 44.19 33.74]
BG: [28.02 31.58 34.91 35.77 34.23 30.72 34.60 39.19 33.48 31.60 24.03]
CL: [ 9.60 12.97 14.68 15.16 13.69 14.19 14.55 16.56 13.71 12.92  9.37]

=== Testing checkpoint at iter 24100 ===
🔧 Initializing model...
📦 Loading model from iteration 24100...
🚀 Running inference...
📊 Evaluating results...
✅ Done. Time cost: 0:00:51.863466

=== Rank-1 (Include identical-view cases) ===
NM: 51.017,	BG: 36.521,	CL: 14.634

=== Rank-1 (Exclude identical-view cases) ===
NM: 46.343,	BG: 32.614,	CL: 13.347

=== Rank-1 of each angle (Exclude identical-view cases) ===
NM: [35.50 41.85 49.01 49.10 50.09 47.97 52.57 54.55 50.36 44.46 34.32]
BG: [29.32 32.52 34.24 35.55 34.55 30.81 34.10 38.78 33.89 31.28 23.71]
CL: [10.50 12.48 14.55 14.89 13.96 13.83 15.09 15.57 13.98 12.79  9.19]

=== Testing checkpoint at iter 24200 ===
🔧 Initializing model...
📦 Loading model from iteration 24200...
🚀 Running inference...
📊 Evaluating results...
✅ Done. Time cost: 0:00:51.977832

=== Rank-1 (Include identical-view cases) ===
NM: 49.006,	BG: 35.133,	CL: 14.339

=== Rank-1 (Exclude identical-view cases) ===
NM: 44.131,	BG: 31.100,	CL: 12.929

=== Rank-1 of each angle (Exclude identical-view cases) ===
NM: [32.07 40.49 46.03 46.08 47.79 46.89 51.17 53.20 47.88 42.39 31.44]
BG: [26.58 31.44 34.28 32.73 33.74 30.00 33.69 35.75 30.64 30.23 23.03]
CL: [ 9.50 12.48 13.20 14.57 13.97 14.06 14.78 15.11 12.94 13.01  8.60]

=== Testing checkpoint at iter 24300 ===
🔧 Initializing model...
📦 Loading model from iteration 24300...
🚀 Running inference...
📊 Evaluating results...
✅ Done. Time cost: 0:00:49.760688

=== Rank-1 (Include identical-view cases) ===
NM: 50.760,	BG: 36.613,	CL: 15.160

=== Rank-1 (Exclude identical-view cases) ===
NM: 46.069,	BG: 32.706,	CL: 13.721

=== Rank-1 of each angle (Exclude identical-view cases) ===
NM: [35.14 41.17 48.15 49.55 49.55 48.20 53.42 55.18 50.59 43.02 32.79]
BG: [28.74 32.48 35.27 35.77 35.05 31.40 34.73 39.32 33.03 30.87 23.12]
CL: [ 9.91 12.88 14.10 16.02 14.69 14.64 15.05 17.06 14.52 12.79  9.28]

=== Testing checkpoint at iter 24400 ===
🔧 Initializing model...
📦 Loading model from iteration 24400...
🚀 Running inference...
📊 Evaluating results...
✅ Done. Time cost: 0:00:50.235236

=== Rank-1 (Include identical-view cases) ===
NM: 51.538,	BG: 36.418,	CL: 15.551

=== Rank-1 (Exclude identical-view cases) ===
NM: 46.908,	BG: 32.640,	CL: 14.167

=== Rank-1 of each angle (Exclude identical-view cases) ===
NM: [35.36 43.11 50.18 49.14 50.41 48.83 53.87 55.18 51.35 44.46 34.10]
BG: [29.41 33.11 35.86 35.41 35.18 30.68 33.69 38.91 33.53 30.50 22.76]
CL: [10.99 13.87 15.31 16.20 14.64 15.36 15.72 16.38 14.70 13.24  9.42]

=== Testing checkpoint at iter 24500 ===
🔧 Initializing model...
📦 Loading model from iteration 24500...
🚀 Running inference...
📊 Evaluating results...
✅ Done. Time cost: 0:00:51.119902

=== Rank-1 (Include identical-view cases) ===
NM: 50.060,	BG: 35.843,	CL: 14.863

=== Rank-1 (Exclude identical-view cases) ===
NM: 45.299,	BG: 31.893,	CL: 13.406

=== Rank-1 of each angle (Exclude identical-view cases) ===
NM: [33.11 40.85 47.34 48.74 49.37 48.06 53.06 53.33 49.10 42.93 32.39]
BG: [27.88 30.95 35.00 35.50 35.36 31.76 32.97 37.69 31.36 30.14 22.22]
CL: [ 8.96 11.85 14.01 15.52 14.46 14.14 15.05 17.24 14.43 13.06  8.74]

=== Testing checkpoint at iter 24600 ===
🔧 Initializing model...
📦 Loading model from iteration 24600...
🚀 Running inference...
📊 Evaluating results...
✅ Done. Time cost: 0:00:49.069016

=== Rank-1 (Include identical-view cases) ===
NM: 50.555,	BG: 36.121,	CL: 15.158

=== Rank-1 (Exclude identical-view cases) ===
NM: 45.848,	BG: 32.153,	CL: 13.805

=== Rank-1 of each angle (Exclude identical-view cases) ===
NM: [33.33 41.76 47.84 49.50 49.91 47.84 52.16 54.19 49.41 45.22 33.15]
BG: [27.43 32.57 35.99 35.73 34.69 30.27 32.97 38.10 32.13 31.05 22.76]
CL: [ 9.96 13.33 14.73 16.02 13.87 14.19 14.14 17.06 14.43 14.43  9.69]

=== Testing checkpoint at iter 24700 ===
🔧 Initializing model...
📦 Loading model from iteration 24700...
🚀 Running inference...
📊 Evaluating results...
✅ Done. Time cost: 0:00:48.095567

=== Rank-1 (Include identical-view cases) ===
NM: 50.480,	BG: 36.385,	CL: 14.404

=== Rank-1 (Exclude identical-view cases) ===
NM: 45.762,	BG: 32.489,	CL: 13.073

=== Rank-1 of each angle (Exclude identical-view cases) ===
NM: [32.79 41.04 48.38 47.48 49.91 49.41 53.38 54.19 49.37 44.28 33.15]
BG: [27.79 32.25 35.36 35.64 35.45 32.03 34.33 37.69 33.12 30.82 22.90]
CL: [ 9.24 12.07 13.47 15.02 13.47 13.60 14.87 16.29 13.62 13.20  8.96]

=== Testing checkpoint at iter 24800 ===
🔧 Initializing model...
📦 Loading model from iteration 24800...
🚀 Running inference...
📊 Evaluating results...
✅ Done. Time cost: 0:00:48.405260

=== Rank-1 (Include identical-view cases) ===
NM: 50.733,	BG: 36.117,	CL: 15.112

=== Rank-1 (Exclude identical-view cases) ===
NM: 46.036,	BG: 32.272,	CL: 13.746

=== Rank-1 of each angle (Exclude identical-view cases) ===
NM: [35.49 42.30 48.42 48.02 48.83 47.84 53.42 53.78 50.09 44.64 33.56]
BG: [28.69 31.80 35.14 34.54 34.15 31.31 34.01 38.06 32.35 30.87 24.07]
CL: [ 9.55 12.25 14.41 14.71 15.00 15.00 15.63 17.33 14.30 13.52  9.50]

=== Testing checkpoint at iter 24900 ===
🔧 Initializing model...
📦 Loading model from iteration 24900...
🚀 Running inference...
📊 Evaluating results...
✅ Done. Time cost: 0:00:48.309363

=== Rank-1 (Include identical-view cases) ===
NM: 50.879,	BG: 36.076,	CL: 14.958

=== Rank-1 (Exclude identical-view cases) ===
NM: 46.216,	BG: 32.202,	CL: 13.511

=== Rank-1 of each angle (Exclude identical-view cases) ===
NM: [34.77 42.84 48.56 48.96 49.33 48.02 53.87 54.28 49.55 44.55 33.65]
BG: [28.34 33.29 35.27 34.46 33.42 30.05 33.02 37.42 33.66 31.28 24.02]
CL: [10.23 12.43 14.50 15.34 14.28 14.46 15.18 16.29 13.62 12.92  9.37]

=== Testing checkpoint at iter 25000 ===
🔧 Initializing model...
📦 Loading model from iteration 25000...
🚀 Running inference...
📊 Evaluating results...
✅ Done. Time cost: 0:00:48.088795

=== Rank-1 (Include identical-view cases) ===
NM: 49.151,	BG: 35.263,	CL: 14.440

=== Rank-1 (Exclude identical-view cases) ===
NM: 44.308,	BG: 31.243,	CL: 12.949

=== Rank-1 of each angle (Exclude identical-view cases) ===
NM: [32.39 41.08 46.76 46.40 47.70 46.85 52.03 52.61 47.93 42.48 31.17]
BG: [26.44 33.15 34.64 32.64 32.93 29.82 33.29 37.06 32.67 29.22 21.81]
CL: [ 9.60 12.21 13.65 14.71 13.96 13.74 14.37 16.29 12.80 12.56  8.56]

=== Testing checkpoint at iter 25100 ===
🔧 Initializing model...
📦 Loading model from iteration 25100...
🚀 Running inference...
📊 Evaluating results...
✅ Done. Time cost: 0:00:49.755129

=== Rank-1 (Include identical-view cases) ===
NM: 50.651,	BG: 36.329,	CL: 14.996

=== Rank-1 (Exclude identical-view cases) ===
NM: 45.937,	BG: 32.464,	CL: 13.569

=== Rank-1 of each angle (Exclude identical-view cases) ===
NM: [34.91 41.44 48.56 48.24 49.95 47.79 53.42 55.27 49.64 42.52 33.56]
BG: [28.42 32.21 34.91 34.77 34.64 31.04 34.51 38.10 34.30 30.96 23.26]
CL: [10.05 12.79 14.14 15.25 14.19 14.78 15.00 15.74 13.80 14.11  9.41]

=== Testing checkpoint at iter 25200 ===
🔧 Initializing model...
📦 Loading model from iteration 25200...
🚀 Running inference...
📊 Evaluating results...
✅ Done. Time cost: 0:00:48.709985

=== Rank-1 (Include identical-view cases) ===
NM: 51.299,	BG: 36.852,	CL: 15.571

=== Rank-1 (Exclude identical-view cases) ===
NM: 46.658,	BG: 32.941,	CL: 14.091

=== Rank-1 of each angle (Exclude identical-view cases) ===
NM: [35.72 43.33 49.91 49.77 49.95 47.61 54.28 56.67 49.91 43.42 32.66]
BG: [28.65 32.48 36.53 36.23 35.36 31.67 35.09 38.24 33.84 31.37 22.89]
CL: [10.45 13.11 14.95 16.83 14.82 14.96 15.09 16.65 15.07 13.56  9.51]

=== Testing checkpoint at iter 25300 ===
🔧 Initializing model...
📦 Loading model from iteration 25300...
🚀 Running inference...
📊 Evaluating results...
✅ Done. Time cost: 0:00:48.244316

=== Rank-1 (Include identical-view cases) ===
NM: 50.461,	BG: 36.184,	CL: 14.966

=== Rank-1 (Exclude identical-view cases) ===
NM: 45.749,	BG: 32.132,	CL: 13.486

=== Rank-1 of each angle (Exclude identical-view cases) ===
NM: [35.41 41.30 47.84 46.35 49.14 47.43 52.93 55.50 49.86 44.05 33.42]
BG: [28.96 31.80 34.69 34.59 34.01 30.54 33.15 37.42 33.21 31.32 23.75]
CL: [10.14 12.66 14.14 15.16 14.23 14.01 15.00 15.84 14.39 13.20  9.60]

=== Testing checkpoint at iter 25400 ===
🔧 Initializing model...
📦 Loading model from iteration 25400...
🚀 Running inference...
📊 Evaluating results...
✅ Done. Time cost: 0:00:49.155509

=== Rank-1 (Include identical-view cases) ===
NM: 51.292,	BG: 36.622,	CL: 15.143

=== Rank-1 (Exclude identical-view cases) ===
NM: 46.634,	BG: 32.745,	CL: 13.747

=== Rank-1 of each angle (Exclude identical-view cases) ===
NM: [36.17 42.38 48.47 49.19 49.91 48.65 53.47 54.37 50.00 45.59 34.77]
BG: [28.06 32.25 35.18 35.27 35.23 31.26 33.47 38.28 34.75 32.19 24.25]
CL: [10.41 12.84 14.23 16.11 14.37 14.10 14.60 16.20 14.43 14.43  9.51]

=== Testing checkpoint at iter 25500 ===
🔧 Initializing model...
📦 Loading model from iteration 25500...
🚀 Running inference...
📊 Evaluating results...
✅ Done. Time cost: 0:00:50.369205

=== Rank-1 (Include identical-view cases) ===
NM: 50.551,	BG: 36.532,	CL: 14.611

=== Rank-1 (Exclude identical-view cases) ===
NM: 45.827,	BG: 32.576,	CL: 13.182

=== Rank-1 of each angle (Exclude identical-view cases) ===
NM: [36.40 42.52 46.67 46.76 48.83 47.79 52.43 53.87 50.22 44.14 34.46]
BG: [29.10 33.33 35.41 35.23 34.51 30.50 33.87 37.83 32.81 31.46 24.30]
CL: [10.27 12.34 14.19 15.56 13.29 13.78 14.96 15.47 13.80 12.06  9.28]

=== Testing checkpoint at iter 25600 ===
🔧 Initializing model...
📦 Loading model from iteration 25600...
🚀 Running inference...
📊 Evaluating results...
✅ Done. Time cost: 0:00:51.397628

=== Rank-1 (Include identical-view cases) ===
NM: 51.161,	BG: 36.969,	CL: 14.940

=== Rank-1 (Exclude identical-view cases) ===
NM: 46.482,	BG: 33.029,	CL: 13.635

=== Rank-1 of each angle (Exclude identical-view cases) ===
NM: [35.85 42.48 47.93 51.13 50.36 47.88 52.97 54.91 49.82 44.23 33.74]
BG: [28.83 33.29 35.95 38.55 35.32 31.31 33.83 39.23 32.90 30.78 23.35]
CL: [10.14 12.52 14.23 15.16 13.74 14.23 15.54 15.52 14.57 13.93 10.41]

=== Testing checkpoint at iter 25700 ===
🔧 Initializing model...
📦 Loading model from iteration 25700...
🚀 Running inference...
📊 Evaluating results...
✅ Done. Time cost: 0:00:49.687039

=== Rank-1 (Include identical-view cases) ===
NM: 50.633,	BG: 36.463,	CL: 14.922

=== Rank-1 (Exclude identical-view cases) ===
NM: 45.921,	BG: 32.558,	CL: 13.537

=== Rank-1 of each angle (Exclude identical-view cases) ===
NM: [35.27 41.80 47.34 48.42 49.32 47.43 53.47 55.32 48.74 43.33 34.68]
BG: [28.78 32.16 36.04 37.09 35.41 30.63 34.06 38.51 31.95 29.91 23.62]
CL: [10.27 11.80 15.00 14.84 14.01 14.10 14.78 17.06 14.03 13.74  9.28]

=== Testing checkpoint at iter 25800 ===
🔧 Initializing model...
📦 Loading model from iteration 25800...
🚀 Running inference...
📊 Evaluating results...
✅ Done. Time cost: 0:00:50.506319

=== Rank-1 (Include identical-view cases) ===
NM: 50.588,	BG: 36.364,	CL: 14.753

=== Rank-1 (Exclude identical-view cases) ===
NM: 45.872,	BG: 32.441,	CL: 13.363

=== Rank-1 of each angle (Exclude identical-view cases) ===
NM: [34.77 42.25 47.16 46.67 48.74 48.92 53.06 54.73 49.87 44.37 34.05]
BG: [28.38 32.61 35.14 36.00 34.78 30.72 33.96 38.37 31.90 31.14 23.85]
CL: [10.09 12.48 14.55 15.07 14.05 13.96 14.64 16.52 13.26 12.60  9.78]

=== Testing checkpoint at iter 25900 ===
🔧 Initializing model...
📦 Loading model from iteration 25900...
🚀 Running inference...
📊 Evaluating results...
✅ Done. Time cost: 0:00:47.880533

=== Rank-1 (Include identical-view cases) ===
NM: 50.618,	BG: 35.653,	CL: 14.713

=== Rank-1 (Exclude identical-view cases) ===
NM: 45.888,	BG: 31.774,	CL: 13.323

=== Rank-1 of each angle (Exclude identical-view cases) ===
NM: [34.64 41.58 47.80 48.42 49.05 48.60 52.93 54.14 49.91 44.32 33.38]
BG: [27.89 31.22 34.37 35.05 33.87 31.13 33.74 36.83 31.49 30.09 23.85]
CL: [ 9.64 11.35 14.23 16.20 14.14 14.23 14.73 16.15 13.53 12.92  9.41]

=== Testing checkpoint at iter 26000 ===
🔧 Initializing model...
📦 Loading model from iteration 26000...
🚀 Running inference...
📊 Evaluating results...
✅ Done. Time cost: 0:00:47.335629

=== Rank-1 (Include identical-view cases) ===
NM: 51.065,	BG: 36.516,	CL: 14.690

=== Rank-1 (Exclude identical-view cases) ===
NM: 46.371,	BG: 32.674,	CL: 13.356

=== Rank-1 of each angle (Exclude identical-view cases) ===
NM: [36.04 42.84 49.28 47.88 50.23 48.83 53.42 55.18 49.77 43.29 33.33]
BG: [27.52 32.16 35.59 36.32 36.08 31.22 35.14 39.77 31.99 30.50 23.12]
CL: [ 9.87 12.12 14.32 14.98 14.28 13.69 15.05 16.47 14.39 12.79  8.96]

=== Testing checkpoint at iter 26100 ===
🔧 Initializing model...
📦 Loading model from iteration 26100...
🚀 Running inference...
📊 Evaluating results...
✅ Done. Time cost: 0:00:49.901374

=== Rank-1 (Include identical-view cases) ===
NM: 50.976,	BG: 36.580,	CL: 14.832

=== Rank-1 (Exclude identical-view cases) ===
NM: 46.286,	BG: 32.567,	CL: 13.339

=== Rank-1 of each angle (Exclude identical-view cases) ===
NM: [36.21 42.30 48.52 48.56 49.59 48.29 53.78 54.50 49.33 44.46 33.60]
BG: [28.56 32.34 35.85 36.45 35.90 30.72 33.60 38.19 32.58 30.91 23.12]
CL: [ 9.87 12.03 14.28 16.24 13.51 14.42 15.68 15.52 13.62 12.83  8.74]

=== Testing checkpoint at iter 26200 ===
🔧 Initializing model...
📦 Loading model from iteration 26200...
🚀 Running inference...
📊 Evaluating results...
✅ Done. Time cost: 0:00:50.267499

=== Rank-1 (Include identical-view cases) ===
NM: 50.893,	BG: 36.456,	CL: 14.686

=== Rank-1 (Exclude identical-view cases) ===
NM: 46.187,	BG: 32.448,	CL: 13.343

=== Rank-1 of each angle (Exclude identical-view cases) ===
NM: [36.08 42.97 48.06 46.98 49.86 48.02 53.47 54.78 49.46 44.55 33.83]
BG: [27.66 33.65 36.35 34.41 34.51 30.72 34.01 37.83 32.40 31.23 24.16]
CL: [10.14 12.66 14.10 15.25 14.37 14.14 15.14 15.75 13.71 12.65  8.88]

=== Testing checkpoint at iter 26300 ===
🔧 Initializing model...
📦 Loading model from iteration 26300...
🚀 Running inference...
📊 Evaluating results...
✅ Done. Time cost: 0:00:48.755636

=== Rank-1 (Include identical-view cases) ===
NM: 50.451,	BG: 36.208,	CL: 14.993

=== Rank-1 (Exclude identical-view cases) ===
NM: 45.709,	BG: 32.199,	CL: 13.537

=== Rank-1 of each angle (Exclude identical-view cases) ===
NM: [34.87 41.35 47.88 48.96 49.46 46.49 53.15 54.73 49.01 43.65 33.24]
BG: [27.97 31.80 35.27 36.50 33.96 30.54 32.97 37.51 32.67 31.46 23.53]
CL: [ 9.64 11.98 14.64 15.79 14.01 14.32 15.23 16.20 14.21 13.29  9.60]

=== Testing checkpoint at iter 26400 ===
🔧 Initializing model...
📦 Loading model from iteration 26400...
🚀 Running inference...
📊 Evaluating results...
✅ Done. Time cost: 0:00:48.233241

=== Rank-1 (Include identical-view cases) ===
NM: 50.565,	BG: 35.575,	CL: 15.627

=== Rank-1 (Exclude identical-view cases) ===
NM: 45.843,	BG: 31.569,	CL: 14.152

=== Rank-1 of each angle (Exclude identical-view cases) ===
NM: [36.35 41.35 47.39 48.74 49.19 46.17 52.70 54.82 49.37 43.65 34.55]
BG: [27.75 30.72 34.33 35.18 34.41 30.18 32.43 37.20 31.27 29.77 24.03]
CL: [10.36 13.69 14.77 15.29 14.50 15.05 15.63 17.19 15.11 14.11  9.96]

=== Testing checkpoint at iter 26500 ===
🔧 Initializing model...
📦 Loading model from iteration 26500...
🚀 Running inference...
📊 Evaluating results...
✅ Done. Time cost: 0:00:47.728928

=== Rank-1 (Include identical-view cases) ===
NM: 50.383,	BG: 35.781,	CL: 15.290

=== Rank-1 (Exclude identical-view cases) ===
NM: 45.667,	BG: 31.828,	CL: 13.811

=== Rank-1 of each angle (Exclude identical-view cases) ===
NM: [34.37 41.49 47.48 47.84 49.59 47.84 52.39 54.05 50.13 43.74 33.42]
BG: [27.21 32.07 34.15 33.59 34.10 31.08 33.15 36.79 32.80 31.10 24.07]
CL: [10.05 12.57 14.05 15.93 14.55 14.73 16.08 17.19 14.71 12.83  9.23]

=== Testing checkpoint at iter 26600 ===
🔧 Initializing model...
📦 Loading model from iteration 26600...
🚀 Running inference...
📊 Evaluating results...
✅ Done. Time cost: 0:00:48.839409

=== Rank-1 (Include identical-view cases) ===
NM: 51.594,	BG: 37.345,	CL: 15.119

=== Rank-1 (Exclude identical-view cases) ===
NM: 46.978,	BG: 33.405,	CL: 13.729

=== Rank-1 of each angle (Exclude identical-view cases) ===
NM: [35.18 41.26 49.15 50.36 50.99 49.77 55.23 56.40 50.68 45.14 32.61]
BG: [28.51 33.47 36.71 36.05 35.41 32.79 34.69 38.87 34.75 31.69 24.52]
CL: [ 9.55 12.21 14.64 16.15 14.59 14.96 15.63 17.37 14.30 12.92  8.69]

=== Testing checkpoint at iter 26700 ===
🔧 Initializing model...
📦 Loading model from iteration 26700...
🚀 Running inference...
📊 Evaluating results...
✅ Done. Time cost: 0:00:49.692037

=== Rank-1 (Include identical-view cases) ===
NM: 50.953,	BG: 36.311,	CL: 14.926

=== Rank-1 (Exclude identical-view cases) ===
NM: 46.261,	BG: 32.334,	CL: 13.553

=== Rank-1 of each angle (Exclude identical-view cases) ===
NM: [36.08 41.89 48.06 50.05 49.64 47.70 54.05 55.72 49.33 43.69 32.66]
BG: [28.65 32.07 36.08 36.27 33.74 30.77 33.97 37.38 32.98 31.05 22.71]
CL: [10.32 11.76 14.23 15.84 13.83 15.14 15.27 16.33 14.34 13.47  8.56]

=== Testing checkpoint at iter 26800 ===
🔧 Initializing model...
📦 Loading model from iteration 26800...
🚀 Running inference...
📊 Evaluating results...
✅ Done. Time cost: 0:00:50.207335

=== Rank-1 (Include identical-view cases) ===
NM: 51.229,	BG: 36.644,	CL: 14.902

=== Rank-1 (Exclude identical-view cases) ===
NM: 46.556,	BG: 32.699,	CL: 13.564

=== Rank-1 of each angle (Exclude identical-view cases) ===
NM: [36.31 42.30 48.88 49.68 49.41 48.15 53.65 55.50 49.73 44.37 34.14]
BG: [29.69 32.43 35.58 37.23 34.73 31.31 34.60 37.29 32.04 31.19 23.62]
CL: [10.32 12.16 14.50 16.06 13.83 14.55 14.78 17.28 14.25 12.47  9.01]

=== Testing checkpoint at iter 26900 ===
🔧 Initializing model...
📦 Loading model from iteration 26900...
🚀 Running inference...
📊 Evaluating results...
✅ Done. Time cost: 0:00:50.301353

=== Rank-1 (Include identical-view cases) ===
NM: 50.987,	BG: 36.945,	CL: 14.809

=== Rank-1 (Exclude identical-view cases) ===
NM: 46.302,	BG: 32.933,	CL: 13.437

=== Rank-1 of each angle (Exclude identical-view cases) ===
NM: [35.09 41.03 48.69 48.69 49.82 48.15 53.83 55.09 49.69 45.09 34.14]
BG: [28.97 31.67 36.40 36.18 35.45 32.93 35.50 38.05 32.53 31.51 23.08]
CL: [ 9.37 11.71 15.32 16.65 13.96 14.60 15.77 15.88 14.34 12.10  8.11]

=== Testing checkpoint at iter 27000 ===
🔧 Initializing model...
📦 Loading model from iteration 27000...
🚀 Running inference...
📊 Evaluating results...
✅ Done. Time cost: 0:00:51.853904

=== Rank-1 (Include identical-view cases) ===
NM: 49.770,	BG: 36.258,	CL: 14.903

=== Rank-1 (Exclude identical-view cases) ===
NM: 44.988,	BG: 32.271,	CL: 13.541

=== Rank-1 of each angle (Exclude identical-view cases) ===
NM: [32.34 40.59 46.85 48.15 50.27 47.57 51.89 53.24 48.78 43.51 31.67]
BG: [27.39 32.16 35.18 35.55 35.77 31.26 34.19 37.69 32.40 30.59 22.80]
CL: [ 9.05 12.07 15.09 16.29 14.37 14.05 14.69 16.97 14.52 12.70  9.14]

=== Testing checkpoint at iter 27100 ===
🔧 Initializing model...
📦 Loading model from iteration 27100...
🚀 Running inference...
📊 Evaluating results...
✅ Done. Time cost: 0:00:49.760812

=== Rank-1 (Include identical-view cases) ===
NM: 51.295,	BG: 36.447,	CL: 15.235

=== Rank-1 (Exclude identical-view cases) ===
NM: 46.658,	BG: 32.441,	CL: 13.848

=== Rank-1 of each angle (Exclude identical-view cases) ===
NM: [35.95 42.07 48.06 49.01 51.49 47.48 53.38 56.53 51.08 44.05 34.14]
BG: [28.33 32.30 35.00 36.27 34.42 30.23 33.87 38.23 33.08 31.09 24.03]
CL: [ 9.73 12.97 14.50 15.43 15.14 14.60 15.54 16.47 14.61 13.43  9.91]

=== Testing checkpoint at iter 27200 ===
🔧 Initializing model...
📦 Loading model from iteration 27200...
🚀 Running inference...
📊 Evaluating results...
✅ Done. Time cost: 0:00:49.575184

=== Rank-1 (Include identical-view cases) ===
NM: 50.220,	BG: 35.999,	CL: 15.478

=== Rank-1 (Exclude identical-view cases) ===
NM: 45.450,	BG: 32.027,	CL: 14.025

=== Rank-1 of each angle (Exclude identical-view cases) ===
NM: [33.60 40.59 46.49 47.25 49.77 47.12 52.84 54.73 49.05 44.19 34.32]
BG: [28.29 31.17 34.55 35.05 33.96 29.78 33.06 37.92 33.71 31.69 23.12]
CL: [ 9.69 12.03 14.82 16.15 14.82 15.18 15.68 17.96 15.02 13.47  9.46]

=== Testing checkpoint at iter 27300 ===
🔧 Initializing model...
📦 Loading model from iteration 27300...
🚀 Running inference...
📊 Evaluating results...
✅ Done. Time cost: 0:00:49.500634

=== Rank-1 (Include identical-view cases) ===
NM: 51.363,	BG: 36.542,	CL: 15.227

=== Rank-1 (Exclude identical-view cases) ===
NM: 46.712,	BG: 32.596,	CL: 13.889

=== Rank-1 of each angle (Exclude identical-view cases) ===
NM: [35.99 43.24 48.74 48.96 50.86 48.02 53.74 56.39 49.64 44.96 33.29]
BG: [29.15 33.96 36.17 35.86 34.10 30.23 33.51 37.96 32.80 31.10 23.71]
CL: [10.81 12.61 14.37 15.48 14.78 15.09 16.22 17.10 14.98 12.51  8.83]

=== Testing checkpoint at iter 27400 ===
🔧 Initializing model...
📦 Loading model from iteration 27400...
🚀 Running inference...
📊 Evaluating results...
✅ Done. Time cost: 0:00:50.461935

=== Rank-1 (Include identical-view cases) ===
NM: 51.381,	BG: 36.745,	CL: 14.913

=== Rank-1 (Exclude identical-view cases) ===
NM: 46.749,	BG: 32.827,	CL: 13.544

=== Rank-1 of each angle (Exclude identical-view cases) ===
NM: [36.17 41.76 48.69 50.81 50.14 47.93 54.95 56.04 49.82 44.91 33.02]
BG: [28.79 32.75 36.31 36.68 34.86 31.08 33.74 38.51 33.44 31.55 23.39]
CL: [ 9.37 12.12 14.82 16.11 13.96 14.32 15.68 16.79 14.52 12.56  8.74]

=== Testing checkpoint at iter 27500 ===
🔧 Initializing model...
📦 Loading model from iteration 27500...
🚀 Running inference...
📊 Evaluating results...
✅ Done. Time cost: 0:00:48.115252

=== Rank-1 (Include identical-view cases) ===
NM: 51.106,	BG: 36.606,	CL: 15.373

=== Rank-1 (Exclude identical-view cases) ===
NM: 46.450,	BG: 32.638,	CL: 13.959

=== Rank-1 of each angle (Exclude identical-view cases) ===
NM: [35.90 41.35 48.42 49.50 50.54 47.48 53.02 55.00 49.95 45.00 34.77]
BG: [29.05 32.88 35.77 36.32 34.55 30.54 33.24 37.65 32.85 31.32 24.84]
CL: [10.41 12.97 14.91 16.24 14.14 14.59 15.23 17.37 14.80 13.47  9.42]

=== Testing checkpoint at iter 27600 ===
🔧 Initializing model...
📦 Loading model from iteration 27600...
🚀 Running inference...
📊 Evaluating results...
✅ Done. Time cost: 0:00:50.485712

=== Rank-1 (Include identical-view cases) ===
NM: 51.125,	BG: 36.919,	CL: 15.228

=== Rank-1 (Exclude identical-view cases) ===
NM: 46.434,	BG: 32.957,	CL: 13.779

=== Rank-1 of each angle (Exclude identical-view cases) ===
NM: [36.17 42.21 49.78 47.03 50.59 49.05 53.78 54.55 49.96 44.73 32.93]
BG: [29.05 33.88 37.03 35.54 35.14 30.09 33.69 39.41 34.34 31.32 23.03]
CL: [10.50 12.66 13.78 15.29 14.55 14.78 15.63 16.56 15.25 13.84  8.74]

=== Testing checkpoint at iter 27700 ===
🔧 Initializing model...
📦 Loading model from iteration 27700...
🚀 Running inference...
📊 Evaluating results...
✅ Done. Time cost: 0:00:50.463227

=== Rank-1 (Include identical-view cases) ===
NM: 50.432,	BG: 35.804,	CL: 14.396

=== Rank-1 (Exclude identical-view cases) ===
NM: 45.704,	BG: 31.887,	CL: 13.037

=== Rank-1 of each angle (Exclude identical-view cases) ===
NM: [35.94 42.48 48.06 48.78 49.19 45.95 50.99 54.64 49.37 43.83 33.51]
BG: [29.01 31.94 35.04 36.68 34.01 29.28 31.89 37.15 31.99 31.23 22.53]
CL: [ 9.82 11.62 13.74 16.02 13.02 12.88 14.32 15.79 14.21 13.11  8.88]

=== Testing checkpoint at iter 27800 ===
🔧 Initializing model...
📦 Loading model from iteration 27800...
🚀 Running inference...
📊 Evaluating results...
✅ Done. Time cost: 0:00:51.255999

=== Rank-1 (Include identical-view cases) ===
NM: 51.180,	BG: 36.935,	CL: 14.735

=== Rank-1 (Exclude identical-view cases) ===
NM: 46.523,	BG: 32.986,	CL: 13.380

=== Rank-1 of each angle (Exclude identical-view cases) ===
NM: [35.00 42.34 48.38 48.51 51.31 48.78 53.56 54.73 49.46 45.54 34.14]
BG: [28.70 33.60 35.18 35.91 35.86 31.26 34.33 39.32 33.17 31.46 24.07]
CL: [ 9.28 11.26 13.83 16.11 14.19 14.78 15.00 16.74 14.52 12.47  9.01]

=== Testing checkpoint at iter 27900 ===
🔧 Initializing model...
📦 Loading model from iteration 27900...
🚀 Running inference...
📊 Evaluating results...
✅ Done. Time cost: 0:00:50.651345

=== Rank-1 (Include identical-view cases) ===
NM: 50.648,	BG: 36.452,	CL: 15.015

=== Rank-1 (Exclude identical-view cases) ===
NM: 45.958,	BG: 32.435,	CL: 13.598

=== Rank-1 of each angle (Exclude identical-view cases) ===
NM: [34.77 41.31 47.79 48.06 50.09 48.20 54.59 55.41 48.60 43.51 33.20]
BG: [27.70 32.30 35.13 35.86 35.95 31.31 34.42 39.46 31.63 30.18 22.85]
CL: [ 9.78 11.49 14.41 15.47 14.55 14.86 15.54 17.10 13.76 13.15  9.46]

=== Testing checkpoint at iter 28000 ===
🔧 Initializing model...
📦 Loading model from iteration 28000...
🚀 Running inference...
📊 Evaluating results...
✅ Done. Time cost: 0:00:48.791891

=== Rank-1 (Include identical-view cases) ===
NM: 51.113,	BG: 36.725,	CL: 15.426

=== Rank-1 (Exclude identical-view cases) ===
NM: 46.458,	BG: 32.875,	CL: 14.005

=== Rank-1 of each angle (Exclude identical-view cases) ===
NM: [34.87 41.98 48.78 48.42 50.23 49.55 54.64 55.05 50.54 44.50 32.48]
BG: [28.29 31.89 36.08 36.50 36.98 31.35 34.42 39.28 33.66 30.64 22.53]
CL: [10.32 12.61 14.73 16.47 14.46 14.73 15.63 17.28 14.71 14.29  8.83]

=== Testing checkpoint at iter 28100 ===
🔧 Initializing model...
📦 Loading model from iteration 28100...
🚀 Running inference...
📊 Evaluating results...
✅ Done. Time cost: 0:00:48.640219

=== Rank-1 (Include identical-view cases) ===
NM: 50.566,	BG: 36.286,	CL: 14.881

=== Rank-1 (Exclude identical-view cases) ===
NM: 45.852,	BG: 32.335,	CL: 13.463

=== Rank-1 of each angle (Exclude identical-view cases) ===
NM: [34.60 40.72 47.93 49.05 50.68 48.47 54.14 54.37 48.92 43.06 32.43]
BG: [28.65 31.35 35.68 36.23 36.30 31.98 34.69 37.78 31.81 29.63 21.58]
CL: [ 9.64 12.03 14.05 15.70 14.10 14.64 14.78 16.56 14.21 13.42  8.96]

=== Testing checkpoint at iter 28200 ===
🔧 Initializing model...
📦 Loading model from iteration 28200...
🚀 Running inference...
📊 Evaluating results...
✅ Done. Time cost: 0:00:48.019514

=== Rank-1 (Include identical-view cases) ===
NM: 51.340,	BG: 36.870,	CL: 15.630

=== Rank-1 (Exclude identical-view cases) ===
NM: 46.687,	BG: 32.886,	CL: 14.172

=== Rank-1 of each angle (Exclude identical-view cases) ===
NM: [37.07 42.34 48.15 48.83 50.59 49.10 54.37 55.50 49.91 44.05 33.65]
BG: [30.00 32.25 35.63 36.05 36.35 31.17 34.19 38.87 33.66 30.36 23.21]
CL: [10.68 13.02 14.64 15.75 15.59 15.59 16.04 16.47 15.29 13.47  9.37]

=== Testing checkpoint at iter 28300 ===
🔧 Initializing model...
📦 Loading model from iteration 28300...
🚀 Running inference...
📊 Evaluating results...
✅ Done. Time cost: 0:00:47.877148

=== Rank-1 (Include identical-view cases) ===
NM: 51.675,	BG: 37.186,	CL: 14.832

=== Rank-1 (Exclude identical-view cases) ===
NM: 47.043,	BG: 33.292,	CL: 13.434

=== Rank-1 of each angle (Exclude identical-view cases) ===
NM: [36.44 42.12 49.60 49.28 50.95 49.41 55.13 56.44 50.54 44.10 33.47]
BG: [29.91 33.69 37.16 36.77 36.53 31.89 35.68 39.00 32.31 30.27 22.99]
CL: [10.14 11.26 13.92 16.02 14.19 14.73 15.63 15.88 14.43 12.92  8.65]

=== Testing checkpoint at iter 28400 ===
🔧 Initializing model...
📦 Loading model from iteration 28400...
🚀 Running inference...
📊 Evaluating results...
✅ Done. Time cost: 0:00:49.434943

=== Rank-1 (Include identical-view cases) ===
NM: 50.775,	BG: 36.164,	CL: 15.247

=== Rank-1 (Exclude identical-view cases) ===
NM: 46.097,	BG: 32.254,	CL: 13.869

=== Rank-1 of each angle (Exclude identical-view cases) ===
NM: [36.08 42.93 47.48 48.51 49.78 46.62 53.02 55.18 49.82 44.10 33.56]
BG: [29.14 32.43 35.36 35.68 35.50 30.36 33.38 37.87 32.58 29.91 22.58]
CL: [10.50 12.12 14.37 15.84 14.82 14.91 15.68 16.43 14.16 13.97  9.78]

=== Testing checkpoint at iter 28500 ===
🔧 Initializing model...
📦 Loading model from iteration 28500...
🚀 Running inference...
📊 Evaluating results...
✅ Done. Time cost: 0:00:50.187615

=== Rank-1 (Include identical-view cases) ===
NM: 51.296,	BG: 36.751,	CL: 14.884

=== Rank-1 (Exclude identical-view cases) ===
NM: 46.650,	BG: 32.896,	CL: 13.499

=== Rank-1 of each angle (Exclude identical-view cases) ===
NM: [36.76 42.12 47.93 47.88 50.32 48.06 54.68 55.95 49.82 44.73 34.91]
BG: [29.59 33.15 36.04 35.36 35.14 30.94 34.51 38.55 32.63 31.73 24.21]
CL: [ 9.87 11.94 14.19 15.56 14.73 14.10 14.77 16.47 14.48 13.11  9.28]

=== Testing checkpoint at iter 28600 ===
🔧 Initializing model...
📦 Loading model from iteration 28600...
🚀 Running inference...
📊 Evaluating results...
✅ Done. Time cost: 0:00:47.400894

=== Rank-1 (Include identical-view cases) ===
NM: 50.949,	BG: 36.274,	CL: 14.869

=== Rank-1 (Exclude identical-view cases) ===
NM: 46.281,	BG: 32.432,	CL: 13.515

=== Rank-1 of each angle (Exclude identical-view cases) ===
NM: [36.98 42.03 48.47 48.11 49.01 47.79 53.47 54.55 50.59 44.28 33.83]
BG: [29.69 33.56 35.23 36.64 33.56 30.45 34.78 37.33 31.63 31.42 22.49]
CL: [10.00 10.99 14.14 15.97 14.28 15.90 15.45 16.83 13.39 12.69  9.01]

=== Testing checkpoint at iter 28700 ===
🔧 Initializing model...
📦 Loading model from iteration 28700...
🚀 Running inference...
📊 Evaluating results...
✅ Done. Time cost: 0:00:50.078620

=== Rank-1 (Include identical-view cases) ===
NM: 51.169,	BG: 36.363,	CL: 14.854

=== Rank-1 (Exclude identical-view cases) ===
NM: 46.515,	BG: 32.432,	CL: 13.487

=== Rank-1 of each angle (Exclude identical-view cases) ===
NM: [36.67 42.57 48.79 49.23 49.77 47.61 53.47 54.95 49.95 44.28 34.37]
BG: [28.42 32.43 36.40 36.59 33.83 31.26 34.14 37.33 32.35 30.96 23.03]
CL: [ 9.55 11.98 13.69 15.20 14.32 14.87 15.18 16.20 15.11 13.20  9.05]

=== Testing checkpoint at iter 28800 ===
🔧 Initializing model...
📦 Loading model from iteration 28800...
🚀 Running inference...
📊 Evaluating results...
✅ Done. Time cost: 0:00:48.542672

=== Rank-1 (Include identical-view cases) ===
NM: 50.011,	BG: 35.030,	CL: 14.739

=== Rank-1 (Exclude identical-view cases) ===
NM: 45.221,	BG: 31.018,	CL: 13.315

=== Rank-1 of each angle (Exclude identical-view cases) ===
NM: [34.28 40.00 46.44 48.20 49.28 47.70 52.88 54.01 47.93 43.74 32.97]
BG: [26.49 30.36 33.78 34.55 34.28 30.23 32.97 36.11 30.77 29.73 21.94]
CL: [ 9.01 11.44 13.92 15.84 14.82 14.69 14.96 16.20 13.48 13.33  8.78]

=== Testing checkpoint at iter 28900 ===
🔧 Initializing model...
📦 Loading model from iteration 28900...
🚀 Running inference...
📊 Evaluating results...
✅ Done. Time cost: 0:00:48.660763

=== Rank-1 (Include identical-view cases) ===
NM: 50.800,	BG: 36.556,	CL: 14.578

=== Rank-1 (Exclude identical-view cases) ===
NM: 46.105,	BG: 32.611,	CL: 13.241

=== Rank-1 of each angle (Exclude identical-view cases) ===
NM: [35.32 41.71 47.97 48.42 50.23 48.87 54.19 54.64 49.82 43.42 32.57]
BG: [28.42 32.16 36.17 36.27 35.99 31.22 34.23 39.23 33.21 29.77 22.04]
CL: [10.14 11.22 13.56 15.43 14.59 14.37 15.27 16.47 13.62 12.88  8.11]

=== Testing checkpoint at iter 29000 ===
🔧 Initializing model...
📦 Loading model from iteration 29000...
🚀 Running inference...
📊 Evaluating results...
✅ Done. Time cost: 0:00:47.859103

=== Rank-1 (Include identical-view cases) ===
NM: 50.648,	BG: 36.145,	CL: 14.567

=== Rank-1 (Exclude identical-view cases) ===
NM: 45.929,	BG: 32.142,	CL: 13.208

=== Rank-1 of each angle (Exclude identical-view cases) ===
NM: [35.41 40.86 46.76 47.70 50.18 47.75 54.51 54.82 49.95 43.47 33.83]
BG: [27.34 32.93 34.55 34.86 35.36 31.17 34.28 37.92 32.17 29.68 23.30]
CL: [ 9.96 11.31 13.33 15.16 14.19 14.37 15.22 16.29 13.62 12.92  8.92]

=== Testing checkpoint at iter 29100 ===
🔧 Initializing model...
📦 Loading model from iteration 29100...
🚀 Running inference...
📊 Evaluating results...
✅ Done. Time cost: 0:00:48.952334

=== Rank-1 (Include identical-view cases) ===
NM: 49.821,	BG: 35.153,	CL: 14.739

=== Rank-1 (Exclude identical-view cases) ===
NM: 45.033,	BG: 31.191,	CL: 13.365

=== Rank-1 of each angle (Exclude identical-view cases) ===
NM: [35.68 41.48 46.30 46.04 48.51 46.21 52.48 54.01 48.92 43.06 32.66]
BG: [27.75 30.59 33.15 34.41 33.42 29.46 32.93 37.20 32.17 29.13 22.90]
CL: [ 9.51 11.22 13.65 15.07 14.05 14.55 15.09 16.88 14.30 13.15  9.55]

=== Testing checkpoint at iter 29200 ===
🔧 Initializing model...
📦 Loading model from iteration 29200...
🚀 Running inference...
📊 Evaluating results...
✅ Done. Time cost: 0:00:48.722001

=== Rank-1 (Include identical-view cases) ===
NM: 50.756,	BG: 36.060,	CL: 15.034

=== Rank-1 (Exclude identical-view cases) ===
NM: 46.053,	BG: 32.135,	CL: 13.722

=== Rank-1 of each angle (Exclude identical-view cases) ===
NM: [34.91 40.95 47.21 49.23 49.91 49.37 53.47 54.73 49.33 44.32 33.15]
BG: [27.88 32.75 34.23 34.23 35.18 31.22 33.42 37.96 32.53 30.64 23.44]
CL: [10.59 11.80 13.51 15.97 14.68 15.45 16.17 16.38 13.89 13.88  8.60]

=== Testing checkpoint at iter 29300 ===
🔧 Initializing model...
📦 Loading model from iteration 29300...
🚀 Running inference...
📊 Evaluating results...
✅ Done. Time cost: 0:00:47.857937

=== Rank-1 (Include identical-view cases) ===
NM: 50.771,	BG: 36.465,	CL: 15.511

=== Rank-1 (Exclude identical-view cases) ===
NM: 46.073,	BG: 32.511,	CL: 14.045

=== Rank-1 of each angle (Exclude identical-view cases) ===
NM: [34.68 42.30 47.79 48.87 50.23 47.93 52.97 53.97 49.33 43.74 35.00]
BG: [27.30 32.84 34.14 35.50 35.05 30.68 33.88 39.23 33.44 31.00 24.57]
CL: [10.86 12.39 14.14 15.43 15.27 15.59 16.76 17.29 14.57 12.97  9.23]

=== Testing checkpoint at iter 29400 ===
🔧 Initializing model...
📦 Loading model from iteration 29400...
🚀 Running inference...
📊 Evaluating results...
✅ Done. Time cost: 0:00:47.693481

=== Rank-1 (Include identical-view cases) ===
NM: 50.406,	BG: 35.613,	CL: 14.746

=== Rank-1 (Exclude identical-view cases) ===
NM: 45.696,	BG: 31.627,	CL: 13.417

=== Rank-1 of each angle (Exclude identical-view cases) ===
NM: [34.91 42.75 46.76 46.71 49.77 47.34 53.24 53.79 49.28 44.23 33.87]
BG: [26.58 33.29 33.52 33.82 33.87 29.64 33.74 37.10 32.62 30.87 22.85]
CL: [ 9.82 12.07 13.51 15.34 14.37 14.50 15.99 16.47 13.67 12.83  9.01]

=== Testing checkpoint at iter 29500 ===
🔧 Initializing model...
📦 Loading model from iteration 29500...
🚀 Running inference...
📊 Evaluating results...
✅ Done. Time cost: 0:00:49.301714

=== Rank-1 (Include identical-view cases) ===
NM: 51.254,	BG: 36.705,	CL: 15.045

=== Rank-1 (Exclude identical-view cases) ===
NM: 46.601,	BG: 32.779,	CL: 13.652

=== Rank-1 of each angle (Exclude identical-view cases) ===
NM: [36.71 42.52 47.48 50.50 50.05 48.02 53.15 54.87 49.60 44.77 34.95]
BG: [28.38 33.38 34.87 37.18 34.51 31.49 33.47 37.60 32.94 32.10 24.66]
CL: [ 9.73 12.12 14.19 16.33 13.87 14.73 15.95 16.83 14.25 13.56  8.60]

=== Testing checkpoint at iter 29600 ===
🔧 Initializing model...
📦 Loading model from iteration 29600...
🚀 Running inference...
📊 Evaluating results...
✅ Done. Time cost: 0:00:48.337946

=== Rank-1 (Include identical-view cases) ===
NM: 50.815,	BG: 36.236,	CL: 14.688

=== Rank-1 (Exclude identical-view cases) ===
NM: 46.130,	BG: 32.452,	CL: 13.369

=== Rank-1 of each angle (Exclude identical-view cases) ===
NM: [36.80 41.53 48.56 48.87 48.92 47.61 52.79 54.46 49.05 44.87 33.96]
BG: [29.14 33.02 35.09 35.96 34.78 30.22 34.05 38.60 32.62 30.69 22.81]
CL: [10.00 11.94 14.14 15.52 13.47 13.92 14.55 16.38 14.34 13.70  9.10]

=== Testing checkpoint at iter 29700 ===
🔧 Initializing model...
📦 Loading model from iteration 29700...
🚀 Running inference...
📊 Evaluating results...
✅ Done. Time cost: 0:00:48.591029

=== Rank-1 (Include identical-view cases) ===
NM: 51.393,	BG: 36.321,	CL: 15.250

=== Rank-1 (Exclude identical-view cases) ===
NM: 46.761,	BG: 32.390,	CL: 13.922

=== Rank-1 of each angle (Exclude identical-view cases) ===
NM: [35.99 42.43 49.19 48.69 50.50 48.70 53.96 55.23 49.82 44.91 34.95]
BG: [27.79 32.84 34.91 35.00 35.09 31.13 33.69 38.46 32.71 30.55 24.12]
CL: [10.05 11.85 14.95 15.97 14.91 14.96 15.72 17.33 14.98 13.38  9.06]

=== Testing checkpoint at iter 29800 ===
🔧 Initializing model...
📦 Loading model from iteration 29800...
🚀 Running inference...
📊 Evaluating results...
✅ Done. Time cost: 0:00:48.722529

=== Rank-1 (Include identical-view cases) ===
NM: 52.383,	BG: 37.730,	CL: 14.832

=== Rank-1 (Exclude identical-view cases) ===
NM: 47.834,	BG: 33.857,	CL: 13.496

=== Rank-1 of each angle (Exclude identical-view cases) ===
NM: [37.52 43.92 49.82 51.08 51.71 49.32 54.55 56.40 50.18 46.62 35.04]
BG: [29.96 33.78 36.49 36.36 36.53 31.98 34.87 40.00 35.74 32.01 24.71]
CL: [ 9.82 11.44 14.05 15.97 14.19 14.91 16.22 16.02 14.12 13.47  8.24]

=== Testing checkpoint at iter 29900 ===
🔧 Initializing model...
📦 Loading model from iteration 29900...
🚀 Running inference...
📊 Evaluating results...
✅ Done. Time cost: 0:00:47.481074

=== Rank-1 (Include identical-view cases) ===
NM: 49.304,	BG: 35.045,	CL: 14.885

=== Rank-1 (Exclude identical-view cases) ===
NM: 44.447,	BG: 31.080,	CL: 13.480

=== Rank-1 of each angle (Exclude identical-view cases) ===
NM: [32.93 40.63 44.32 45.90 47.88 47.66 52.39 53.78 47.84 43.06 32.52]
BG: [25.49 30.04 33.20 33.91 33.78 30.27 33.38 37.37 32.26 29.68 22.49]
CL: [ 9.59 11.35 13.74 15.47 14.33 14.55 15.72 17.24 14.48 13.06  8.74]

=== Testing checkpoint at iter 30000 ===
🔧 Initializing model...
📦 Loading model from iteration 30000...
🚀 Running inference...
📊 Evaluating results...
✅ Done. Time cost: 0:00:47.501533

=== Rank-1 (Include identical-view cases) ===
NM: 50.410,	BG: 36.520,	CL: 15.067

=== Rank-1 (Exclude identical-view cases) ===
NM: 45.655,	BG: 32.547,	CL: 13.692

=== Rank-1 of each angle (Exclude identical-view cases) ===
NM: [33.47 39.77 47.66 48.15 49.37 48.78 53.51 53.78 49.32 44.95 33.42]
BG: [26.94 30.72 35.50 36.14 35.49 32.43 34.86 38.33 34.93 30.50 22.17]
CL: [ 9.91 10.23 14.41 16.33 14.87 15.41 16.17 17.60 14.34 12.83  8.51]

=== Testing checkpoint at iter 30100 ===
🔧 Initializing model...
📦 Loading model from iteration 30100...
🚀 Running inference...
📊 Evaluating results...
✅ Done. Time cost: 0:00:48.476073

=== Rank-1 (Include identical-view cases) ===
NM: 51.768,	BG: 37.655,	CL: 14.853

=== Rank-1 (Exclude identical-view cases) ===
NM: 47.162,	BG: 33.722,	CL: 13.494

=== Rank-1 of each angle (Exclude identical-view cases) ===
NM: [36.35 42.12 49.69 50.18 50.09 49.91 54.77 55.45 50.86 45.14 34.23]
BG: [29.91 32.84 36.22 36.37 36.40 33.06 35.54 39.14 35.02 32.28 24.16]
CL: [10.36 10.95 14.55 16.42 14.32 15.09 15.81 16.65 14.16 12.10  8.02]

=== Testing checkpoint at iter 30200 ===
🔧 Initializing model...
📦 Loading model from iteration 30200...
🚀 Running inference...
📊 Evaluating results...
✅ Done. Time cost: 0:00:48.530868

=== Rank-1 (Include identical-view cases) ===
NM: 50.916,	BG: 36.721,	CL: 15.138

=== Rank-1 (Exclude identical-view cases) ===
NM: 46.237,	BG: 32.834,	CL: 13.770

=== Rank-1 of each angle (Exclude identical-view cases) ===
NM: [34.14 42.79 48.52 49.51 49.50 47.43 52.61 54.46 50.45 45.63 33.56]
BG: [28.78 33.38 35.14 36.18 35.67 30.67 34.32 38.73 33.08 31.32 23.89]
CL: [ 9.87 11.80 14.77 16.24 14.23 14.46 15.90 17.01 14.39 13.29  9.51]

=== Testing checkpoint at iter 30300 ===
🔧 Initializing model...
📦 Loading model from iteration 30300...
🚀 Running inference...
📊 Evaluating results...
✅ Done. Time cost: 0:00:48.130258

=== Rank-1 (Include identical-view cases) ===
NM: 50.652,	BG: 36.337,	CL: 15.037

=== Rank-1 (Exclude identical-view cases) ===
NM: 45.942,	BG: 32.456,	CL: 13.590

=== Rank-1 of each angle (Exclude identical-view cases) ===
NM: [33.42 42.57 47.93 48.38 50.27 47.79 53.69 54.64 49.59 44.55 32.52]
BG: [27.93 32.03 35.32 35.36 35.59 31.17 34.14 38.33 33.17 30.96 23.03]
CL: [ 9.42 11.76 14.19 15.66 14.46 15.00 15.72 17.15 14.21 13.15  8.78]

=== Testing checkpoint at iter 30400 ===
🔧 Initializing model...
📦 Loading model from iteration 30400...
🚀 Running inference...
📊 Evaluating results...
✅ Done. Time cost: 0:00:47.493943

=== Rank-1 (Include identical-view cases) ===
NM: 49.754,	BG: 35.673,	CL: 14.672

=== Rank-1 (Exclude identical-view cases) ===
NM: 44.971,	BG: 31.673,	CL: 13.262

=== Rank-1 of each angle (Exclude identical-view cases) ===
NM: [32.61 40.50 46.17 48.56 48.92 46.13 53.11 54.05 48.69 43.78 32.16]
BG: [25.14 32.30 33.87 35.18 34.14 30.81 33.06 37.60 32.85 30.78 22.67]
CL: [ 9.14 11.26 14.37 15.70 13.78 13.92 15.18 17.10 13.76 12.88  8.79]

=== Testing checkpoint at iter 30500 ===
🔧 Initializing model...
📦 Loading model from iteration 30500...
🚀 Running inference...
📊 Evaluating results...
✅ Done. Time cost: 0:00:49.034464

=== Rank-1 (Include identical-view cases) ===
NM: 50.041,	BG: 36.542,	CL: 14.862

=== Rank-1 (Exclude identical-view cases) ===
NM: 45.286,	BG: 32.641,	CL: 13.491

=== Rank-1 of each angle (Exclude identical-view cases) ===
NM: [35.00 41.94 46.67 47.61 48.69 46.66 52.12 53.38 49.55 43.29 33.24]
BG: [28.29 31.98 34.55 36.32 35.77 32.12 35.32 38.42 32.31 30.82 23.17]
CL: [ 9.69 11.80 13.87 15.25 14.14 14.87 15.72 16.11 14.12 13.33  9.51]

=== Testing checkpoint at iter 30600 ===
🔧 Initializing model...
📦 Loading model from iteration 30600...
🚀 Running inference...
📊 Evaluating results...
✅ Done. Time cost: 0:00:48.063587

=== Rank-1 (Include identical-view cases) ===
NM: 50.495,	BG: 36.938,	CL: 15.235

=== Rank-1 (Exclude identical-view cases) ===
NM: 45.770,	BG: 32.945,	CL: 13.815

=== Rank-1 of each angle (Exclude identical-view cases) ===
NM: [32.88 41.53 48.56 48.38 49.87 47.75 54.01 54.55 49.10 44.19 32.66]
BG: [27.70 33.56 35.68 37.23 35.77 31.89 35.41 38.24 33.53 30.64 22.76]
CL: [ 8.92 11.80 15.49 17.01 14.41 15.09 15.81 16.70 15.20 12.88  8.65]

=== Testing checkpoint at iter 30700 ===
🔧 Initializing model...
📦 Loading model from iteration 30700...
🚀 Running inference...
📊 Evaluating results...
✅ Done. Time cost: 0:00:50.592940

=== Rank-1 (Include identical-view cases) ===
NM: 51.259,	BG: 37.487,	CL: 14.895

=== Rank-1 (Exclude identical-view cases) ===
NM: 46.605,	BG: 33.581,	CL: 13.499

=== Rank-1 of each angle (Exclude identical-view cases) ===
NM: [36.08 41.04 49.91 49.78 49.96 48.56 54.28 55.54 49.05 44.10 34.37]
BG: [28.83 33.24 36.80 38.14 36.31 32.52 36.31 39.18 33.62 31.32 23.12]
CL: [ 9.55 11.26 14.28 16.47 14.14 15.45 15.63 16.47 14.03 12.51  8.69]

=== Testing checkpoint at iter 30800 ===
🔧 Initializing model...
📦 Loading model from iteration 30800...
🚀 Running inference...
📊 Evaluating results...
✅ Done. Time cost: 0:00:50.279329

=== Rank-1 (Include identical-view cases) ===
NM: 50.842,	BG: 36.683,	CL: 15.116

=== Rank-1 (Exclude identical-view cases) ===
NM: 46.167,	BG: 32.746,	CL: 13.726

=== Rank-1 of each angle (Exclude identical-view cases) ===
NM: [35.27 41.53 48.92 49.50 49.14 46.58 53.20 55.27 49.96 43.78 34.68]
BG: [28.24 31.67 35.59 37.82 34.28 30.72 34.60 38.78 33.39 31.28 23.85]
CL: [ 9.51 11.62 14.10 16.51 13.92 14.96 15.59 16.88 14.52 13.52  9.87]

=== Testing checkpoint at iter 30900 ===
🔧 Initializing model...
📦 Loading model from iteration 30900...
🚀 Running inference...
📊 Evaluating results...
✅ Done. Time cost: 0:00:50.899131

=== Rank-1 (Include identical-view cases) ===
NM: 50.331,	BG: 36.970,	CL: 15.052

=== Rank-1 (Exclude identical-view cases) ===
NM: 45.577,	BG: 33.013,	CL: 13.696

=== Rank-1 of each angle (Exclude identical-view cases) ===
NM: [34.10 42.07 47.16 47.75 49.19 45.94 52.97 55.50 50.09 43.42 33.15]
BG: [28.51 32.88 35.14 36.04 36.89 31.76 34.64 39.37 34.48 29.95 23.48]
CL: [10.23 12.48 14.37 15.29 14.37 14.96 15.14 16.79 14.39 12.83  9.82]

=== Testing checkpoint at iter 31000 ===
🔧 Initializing model...
📦 Loading model from iteration 31000...
🚀 Running inference...
📊 Evaluating results...
✅ Done. Time cost: 0:00:50.687712

=== Rank-1 (Include identical-view cases) ===
NM: 50.715,	BG: 36.591,	CL: 14.698

=== Rank-1 (Exclude identical-view cases) ===
NM: 46.024,	BG: 32.600,	CL: 13.266

=== Rank-1 of each angle (Exclude identical-view cases) ===
NM: [33.92 41.31 48.38 49.19 49.46 48.33 53.92 55.14 50.41 43.38 32.84]
BG: [27.70 31.49 34.91 37.09 35.99 32.25 35.41 38.28 32.76 30.91 21.81]
CL: [ 9.78 10.81 13.60 15.25 13.74 14.77 15.63 16.65 14.16 12.97  8.56]

=== Testing checkpoint at iter 31100 ===
🔧 Initializing model...
📦 Loading model from iteration 31100...
🚀 Running inference...
📊 Evaluating results...
✅ Done. Time cost: 0:00:51.551574

=== Rank-1 (Include identical-view cases) ===
NM: 51.403,	BG: 37.596,	CL: 15.373

=== Rank-1 (Exclude identical-view cases) ===
NM: 46.752,	BG: 33.624,	CL: 13.934

=== Rank-1 of each angle (Exclude identical-view cases) ===
NM: [35.95 41.89 49.28 51.49 50.81 48.02 53.78 55.99 50.63 43.20 33.24]
BG: [28.96 33.29 36.67 38.73 36.53 32.79 35.54 38.78 34.48 31.73 22.35]
CL: [ 9.60 11.04 14.23 17.28 15.13 15.81 16.31 17.38 14.93 12.47  9.10]

=== Testing checkpoint at iter 31200 ===
🔧 Initializing model...
📦 Loading model from iteration 31200...
🚀 Running inference...
📊 Evaluating results...
✅ Done. Time cost: 0:00:49.240346

=== Rank-1 (Include identical-view cases) ===
NM: 51.649,	BG: 36.708,	CL: 15.216

=== Rank-1 (Exclude identical-view cases) ===
NM: 47.051,	BG: 32.880,	CL: 13.855

=== Rank-1 of each angle (Exclude identical-view cases) ===
NM: [35.63 43.47 49.28 51.04 50.58 49.37 53.96 56.17 50.49 43.74 33.83]
BG: [29.28 33.51 35.90 36.73 34.73 30.77 34.28 38.14 33.30 31.96 23.08]
CL: [10.09 12.25 14.77 17.01 14.95 15.23 15.72 16.29 14.48 12.51  9.10]

=== Testing checkpoint at iter 31300 ===
🔧 Initializing model...
📦 Loading model from iteration 31300...
🚀 Running inference...
📊 Evaluating results...
✅ Done. Time cost: 0:00:49.612453

=== Rank-1 (Include identical-view cases) ===
NM: 51.259,	BG: 37.110,	CL: 15.104

=== Rank-1 (Exclude identical-view cases) ===
NM: 46.597,	BG: 33.175,	CL: 13.704

=== Rank-1 of each angle (Exclude identical-view cases) ===
NM: [35.18 42.20 48.06 50.90 49.96 48.70 53.51 55.36 50.50 43.74 34.46]
BG: [29.32 33.65 35.14 37.91 36.22 32.12 34.64 37.78 33.85 30.50 23.80]
CL: [10.18 11.71 14.10 16.51 14.19 14.82 15.54 17.06 14.75 12.65  9.23]

=== Testing checkpoint at iter 31400 ===
🔧 Initializing model...
📦 Loading model from iteration 31400...
🚀 Running inference...
📊 Evaluating results...
✅ Done. Time cost: 0:00:47.927268

=== Rank-1 (Include identical-view cases) ===
NM: 51.798,	BG: 37.607,	CL: 15.336

=== Rank-1 (Exclude identical-view cases) ===
NM: 47.182,	BG: 33.730,	CL: 13.935

=== Rank-1 of each angle (Exclude identical-view cases) ===
NM: [37.03 41.84 49.55 50.45 51.26 49.19 53.83 54.73 50.09 45.95 35.09]
BG: [29.82 33.96 35.90 38.14 36.04 32.34 34.60 39.77 34.98 31.46 24.03]
CL: [10.41 11.67 13.83 16.15 14.64 15.32 15.99 17.37 14.93 13.74  9.23]

=== Testing checkpoint at iter 31500 ===
🔧 Initializing model...
📦 Loading model from iteration 31500...
🚀 Running inference...
📊 Evaluating results...
✅ Done. Time cost: 0:00:47.645162

=== Rank-1 (Include identical-view cases) ===
NM: 50.395,	BG: 36.515,	CL: 15.141

=== Rank-1 (Exclude identical-view cases) ===
NM: 45.651,	BG: 32.554,	CL: 13.786

=== Rank-1 of each angle (Exclude identical-view cases) ===
NM: [35.36 42.48 46.98 48.92 48.47 46.94 52.84 54.73 49.37 43.42 32.66]
BG: [29.19 31.76 35.23 35.18 35.05 32.16 34.91 38.10 33.12 30.68 22.71]
CL: [ 9.82 12.03 14.23 15.79 15.05 15.54 15.72 17.10 14.16 12.88  9.33]

=== Testing checkpoint at iter 31600 ===
🔧 Initializing model...
📦 Loading model from iteration 31600...
🚀 Running inference...
📊 Evaluating results...
✅ Done. Time cost: 0:00:47.502553

=== Rank-1 (Include identical-view cases) ===
NM: 50.387,	BG: 35.951,	CL: 15.172

=== Rank-1 (Exclude identical-view cases) ===
NM: 45.638,	BG: 32.008,	CL: 13.766

=== Rank-1 of each angle (Exclude identical-view cases) ===
NM: [36.26 41.67 46.58 47.52 48.87 47.39 52.61 54.64 49.55 42.75 34.19]
BG: [28.88 32.57 34.06 34.91 34.82 30.18 33.83 37.47 32.76 30.05 22.58]
CL: [10.18 12.25 14.68 15.84 15.32 15.09 15.86 16.51 13.80 13.43  8.47]

=== Testing checkpoint at iter 31700 ===
🔧 Initializing model...
📦 Loading model from iteration 31700...
🚀 Running inference...
📊 Evaluating results...
✅ Done. Time cost: 0:00:47.425170

=== Rank-1 (Include identical-view cases) ===
NM: 50.696,	BG: 36.539,	CL: 14.776

=== Rank-1 (Exclude identical-view cases) ===
NM: 45.983,	BG: 32.613,	CL: 13.380

=== Rank-1 of each angle (Exclude identical-view cases) ===
NM: [36.17 43.06 47.70 48.11 49.19 45.72 51.80 55.18 49.64 44.69 34.55]
BG: [29.41 33.42 34.77 36.00 34.69 30.41 33.87 37.56 33.39 30.96 24.25]
CL: [10.04 11.44 13.20 15.57 14.46 14.87 15.63 16.88 13.48 12.74  8.88]

=== Testing checkpoint at iter 31800 ===
🔧 Initializing model...
📦 Loading model from iteration 31800...
🚀 Running inference...
📊 Evaluating results...
✅ Done. Time cost: 0:00:49.272737

=== Rank-1 (Include identical-view cases) ===
NM: 51.180,	BG: 37.091,	CL: 14.739

=== Rank-1 (Exclude identical-view cases) ===
NM: 46.495,	BG: 33.203,	CL: 13.368

=== Rank-1 of each angle (Exclude identical-view cases) ===
NM: [36.80 42.39 48.83 50.63 49.37 46.49 53.20 55.36 49.46 44.14 34.77]
BG: [29.77 34.23 36.22 36.64 35.32 31.35 36.13 37.87 33.71 31.09 22.90]
CL: [10.18 11.17 14.37 15.66 14.14 14.87 15.09 16.15 14.11 12.74  8.56]

=== Testing checkpoint at iter 31900 ===
🔧 Initializing model...
📦 Loading model from iteration 31900...
🚀 Running inference...
📊 Evaluating results...
✅ Done. Time cost: 0:00:47.508800

=== Rank-1 (Include identical-view cases) ===
NM: 51.057,	BG: 36.898,	CL: 14.698

=== Rank-1 (Exclude identical-view cases) ===
NM: 46.388,	BG: 32.982,	CL: 13.212

=== Rank-1 of each angle (Exclude identical-view cases) ===
NM: [35.32 41.44 46.71 49.23 49.86 48.69 53.96 55.41 50.59 44.23 34.82]
BG: [29.01 32.93 35.14 34.91 35.14 31.40 34.82 38.87 34.43 31.96 24.21]
CL: [ 9.10 11.13 13.60 15.20 14.19 14.37 15.59 16.79 14.12 12.83  8.43]

=== Testing checkpoint at iter 32000 ===
🔧 Initializing model...
📦 Loading model from iteration 32000...
🚀 Running inference...
📊 Evaluating results...
✅ Done. Time cost: 0:00:47.743482

=== Rank-1 (Include identical-view cases) ===
NM: 51.567,	BG: 37.007,	CL: 14.691

=== Rank-1 (Exclude identical-view cases) ===
NM: 46.916,	BG: 33.095,	CL: 13.274

=== Rank-1 of each angle (Exclude identical-view cases) ===
NM: [36.62 41.67 48.56 51.40 49.46 47.61 53.69 55.99 49.91 44.91 36.26]
BG: [29.91 32.88 36.08 37.73 34.59 30.95 34.19 38.42 32.98 32.24 24.07]
CL: [ 9.69 10.90 13.87 15.97 13.83 14.37 15.23 16.15 14.79 12.88  8.33]

=== Testing checkpoint at iter 32100 ===
🔧 Initializing model...
📦 Loading model from iteration 32100...
🚀 Running inference...
📊 Evaluating results...
✅ Done. Time cost: 0:00:48.511212

=== Rank-1 (Include identical-view cases) ===
NM: 50.964,	BG: 36.724,	CL: 14.962

=== Rank-1 (Exclude identical-view cases) ===
NM: 46.273,	BG: 32.854,	CL: 13.560

=== Rank-1 of each angle (Exclude identical-view cases) ===
NM: [35.59 42.39 48.38 49.69 49.59 48.06 53.38 55.00 49.69 43.69 33.56]
BG: [29.14 32.66 35.45 36.23 35.59 30.99 35.41 38.78 33.53 29.91 23.71]
CL: [10.00 12.12 13.92 15.43 15.00 14.82 15.45 16.65 14.07 12.83  8.87]

=== Testing checkpoint at iter 32200 ===
🔧 Initializing model...
📦 Loading model from iteration 32200...
🚀 Running inference...
📊 Evaluating results...
✅ Done. Time cost: 0:00:49.625485

=== Rank-1 (Include identical-view cases) ===
NM: 51.444,	BG: 36.648,	CL: 14.966

=== Rank-1 (Exclude identical-view cases) ===
NM: 46.806,	BG: 32.720,	CL: 13.569

=== Rank-1 of each angle (Exclude identical-view cases) ===
NM: [37.79 42.43 47.79 50.00 50.59 48.96 53.33 54.69 50.09 44.05 35.14]
BG: [29.68 31.89 34.68 37.00 35.99 30.31 34.10 38.14 32.76 31.60 23.76]
CL: [10.50 11.58 13.92 16.02 13.96 14.82 15.54 15.97 14.30 13.01  9.64]

=== Testing checkpoint at iter 32300 ===
🔧 Initializing model...
📦 Loading model from iteration 32300...
🚀 Running inference...
📊 Evaluating results...
✅ Done. Time cost: 0:00:47.651168

=== Rank-1 (Include identical-view cases) ===
NM: 51.542,	BG: 36.920,	CL: 14.727

=== Rank-1 (Exclude identical-view cases) ===
NM: 46.884,	BG: 33.048,	CL: 13.347

=== Rank-1 of each angle (Exclude identical-view cases) ===
NM: [36.26 43.02 48.15 49.55 50.50 49.23 54.19 55.86 49.59 45.00 34.37]
BG: [28.74 33.11 35.72 35.95 36.31 31.04 34.10 39.00 34.21 31.64 23.71]
CL: [ 9.78 12.16 14.32 16.02 13.74 14.23 15.00 16.15 13.80 12.28  9.33]

=== Testing checkpoint at iter 32400 ===
🔧 Initializing model...
📦 Loading model from iteration 32400...
🚀 Running inference...
📊 Evaluating results...
✅ Done. Time cost: 0:00:48.198544

=== Rank-1 (Include identical-view cases) ===
NM: 50.547,	BG: 36.214,	CL: 15.089

=== Rank-1 (Exclude identical-view cases) ===
NM: 45.815,	BG: 32.222,	CL: 13.675

=== Rank-1 of each angle (Exclude identical-view cases) ===
NM: [34.77 41.53 46.98 48.65 49.10 47.79 53.56 54.19 49.01 43.69 34.68]
BG: [27.61 31.44 35.41 34.77 35.05 30.67 34.41 38.10 33.12 30.68 23.17]
CL: [ 9.73 12.21 14.14 14.89 14.50 15.32 16.17 17.42 14.03 12.97  9.05]

=== Testing checkpoint at iter 32500 ===
🔧 Initializing model...
📦 Loading model from iteration 32500...
🚀 Running inference...
📊 Evaluating results...
✅ Done. Time cost: 0:00:47.683614

=== Rank-1 (Include identical-view cases) ===
NM: 51.388,	BG: 36.424,	CL: 14.869

=== Rank-1 (Exclude identical-view cases) ===
NM: 46.732,	BG: 32.539,	CL: 13.479

=== Rank-1 of each angle (Exclude identical-view cases) ===
NM: [37.12 42.84 48.87 50.63 48.83 48.38 53.56 54.77 49.87 44.10 35.09]
BG: [29.01 32.79 35.04 37.14 34.55 30.18 34.46 37.92 32.49 30.91 23.44]
CL: [10.23 11.71 14.59 15.74 13.74 14.06 15.36 16.61 14.16 12.97  9.10]

=== Testing checkpoint at iter 32600 ===
🔧 Initializing model...
📦 Loading model from iteration 32600...
🚀 Running inference...
📊 Evaluating results...
✅ Done. Time cost: 0:00:48.069342

=== Rank-1 (Include identical-view cases) ===
NM: 51.292,	BG: 36.883,	CL: 14.762

=== Rank-1 (Exclude identical-view cases) ===
NM: 46.613,	BG: 33.049,	CL: 13.352

=== Rank-1 of each angle (Exclude identical-view cases) ===
NM: [37.34 42.79 48.33 50.00 50.36 46.26 53.15 54.82 49.78 44.60 35.31]
BG: [28.69 32.52 35.27 36.73 36.13 30.72 34.19 39.28 34.25 31.51 24.25]
CL: [10.32 12.03 13.96 15.70 14.10 14.05 14.87 16.11 13.85 13.15  8.74]

=== Testing checkpoint at iter 32700 ===
🔧 Initializing model...
📦 Loading model from iteration 32700...
🚀 Running inference...
📊 Evaluating results...
✅ Done. Time cost: 0:00:47.532968

=== Rank-1 (Include identical-view cases) ===
NM: 51.098,	BG: 37.121,	CL: 14.634

=== Rank-1 (Exclude identical-view cases) ===
NM: 46.400,	BG: 33.216,	CL: 13.273

=== Rank-1 of each angle (Exclude identical-view cases) ===
NM: [35.90 42.70 48.60 48.20 49.46 47.79 52.97 55.09 49.73 45.09 34.86]
BG: [29.14 33.11 36.13 36.32 36.49 32.34 34.64 39.14 33.17 31.83 23.08]
CL: [ 9.91 11.58 14.46 15.88 13.87 14.33 15.23 16.11 13.26 12.42  8.96]

=== Testing checkpoint at iter 32800 ===
🔧 Initializing model...
📦 Loading model from iteration 32800...
🚀 Running inference...
📊 Evaluating results...
✅ Done. Time cost: 0:00:48.017611

=== Rank-1 (Include identical-view cases) ===
NM: 51.001,	BG: 36.711,	CL: 14.873

=== Rank-1 (Exclude identical-view cases) ===
NM: 46.318,	BG: 32.847,	CL: 13.537

=== Rank-1 of each angle (Exclude identical-view cases) ===
NM: [35.63 41.76 47.34 49.23 50.41 47.43 54.05 55.18 49.95 43.65 34.86]
BG: [28.70 32.48 35.41 36.86 36.04 31.08 33.96 38.37 32.94 31.05 24.43]
CL: [ 9.55 11.94 14.50 16.43 14.37 14.23 15.00 16.92 14.03 13.02  8.92]

=== Testing checkpoint at iter 32900 ===
🔧 Initializing model...
📦 Loading model from iteration 32900...
🚀 Running inference...
📊 Evaluating results...
✅ Done. Time cost: 0:00:48.189302

=== Rank-1 (Include identical-view cases) ===
NM: 50.912,	BG: 37.173,	CL: 14.772

=== Rank-1 (Exclude identical-view cases) ===
NM: 46.204,	BG: 33.298,	CL: 13.413

=== Rank-1 of each angle (Exclude identical-view cases) ===
NM: [36.17 42.48 48.06 49.64 49.59 47.61 52.84 54.73 49.23 44.19 33.69]
BG: [29.59 33.60 36.22 36.00 35.45 31.53 35.63 39.18 33.44 31.87 23.76]
CL: [10.32 11.58 14.01 15.52 13.92 14.55 14.87 16.33 14.30 13.01  9.15]

=== Testing checkpoint at iter 33000 ===
🔧 Initializing model...
📦 Loading model from iteration 33000...
🚀 Running inference...
📊 Evaluating results...
✅ Done. Time cost: 0:00:50.004202

=== Rank-1 (Include identical-view cases) ===
NM: 51.813,	BG: 37.055,	CL: 14.814

=== Rank-1 (Exclude identical-view cases) ===
NM: 47.215,	BG: 33.118,	CL: 13.447

=== Rank-1 of each angle (Exclude identical-view cases) ===
NM: [36.30 44.19 49.78 50.86 51.17 48.61 53.69 55.18 49.82 44.77 35.00]
BG: [28.96 34.59 35.36 36.27 35.99 30.81 33.65 39.37 33.48 32.15 23.66]
CL: [10.18 11.53 14.10 15.11 14.24 13.74 15.45 16.97 13.98 14.11  8.51]

=== Testing checkpoint at iter 33100 ===
🔧 Initializing model...
📦 Loading model from iteration 33100...
🚀 Running inference...
📊 Evaluating results...
✅ Done. Time cost: 0:00:48.185893

=== Rank-1 (Include identical-view cases) ===
NM: 52.491,	BG: 37.901,	CL: 14.936

=== Rank-1 (Exclude identical-view cases) ===
NM: 47.957,	BG: 34.086,	CL: 13.610

=== Rank-1 of each angle (Exclude identical-view cases) ===
NM: [36.85 43.47 49.96 53.06 52.66 49.41 54.55 56.80 51.26 44.64 34.86]
BG: [30.18 34.68 37.75 37.96 36.31 32.25 35.81 40.86 34.44 30.68 24.03]
CL: [10.50 11.53 14.32 15.97 14.01 14.37 15.99 16.74 14.21 13.01  9.05]

=== Testing checkpoint at iter 33200 ===
🔧 Initializing model...
📦 Loading model from iteration 33200...
🚀 Running inference...
📊 Evaluating results...
✅ Done. Time cost: 0:00:47.851966

=== Rank-1 (Include identical-view cases) ===
NM: 51.076,	BG: 36.811,	CL: 15.265

=== Rank-1 (Exclude identical-view cases) ===
NM: 46.384,	BG: 32.884,	CL: 13.840

=== Rank-1 of each angle (Exclude identical-view cases) ===
NM: [35.00 41.31 48.15 50.95 50.23 48.47 53.47 54.55 49.82 44.05 34.23]
BG: [28.56 33.33 35.14 37.27 35.90 31.21 34.78 37.87 32.94 31.00 23.71]
CL: [ 9.46 12.12 14.41 16.61 14.68 14.33 16.35 17.01 14.66 13.52  9.10]

=== Testing checkpoint at iter 33300 ===
🔧 Initializing model...
📦 Loading model from iteration 33300...
🚀 Running inference...
📊 Evaluating results...
✅ Done. Time cost: 0:00:48.054521

=== Rank-1 (Include identical-view cases) ===
NM: 51.679,	BG: 37.645,	CL: 15.321

=== Rank-1 (Exclude identical-view cases) ===
NM: 47.039,	BG: 33.751,	CL: 13.869

=== Rank-1 of each angle (Exclude identical-view cases) ===
NM: [36.58 42.97 48.51 50.18 49.82 47.61 53.92 55.95 51.35 45.59 34.95]
BG: [29.69 34.32 36.76 37.32 35.59 32.43 34.82 39.14 34.07 33.01 24.12]
CL: [ 9.78 11.80 15.63 16.56 13.92 15.18 15.36 17.15 14.84 13.20  9.14]

=== Testing checkpoint at iter 33400 ===
🔧 Initializing model...
📦 Loading model from iteration 33400...
🚀 Running inference...
📊 Evaluating results...
✅ Done. Time cost: 0:00:47.985530

=== Rank-1 (Include identical-view cases) ===
NM: 50.673,	BG: 36.422,	CL: 15.004

=== Rank-1 (Exclude identical-view cases) ===
NM: 45.954,	BG: 32.488,	CL: 13.496

=== Rank-1 of each angle (Exclude identical-view cases) ===
NM: [36.40 41.62 46.94 48.24 48.83 47.66 52.52 55.05 50.00 44.01 34.23]
BG: [29.28 32.43 35.27 35.59 35.00 31.35 33.60 38.51 33.66 30.04 22.62]
CL: [ 9.78 12.12 14.23 15.25 14.10 13.65 15.59 17.29 14.66 12.83  8.96]

=== Testing checkpoint at iter 33500 ===
🔧 Initializing model...
📦 Loading model from iteration 33500...
🚀 Running inference...
📊 Evaluating results...
✅ Done. Time cost: 0:00:48.087616

=== Rank-1 (Include identical-view cases) ===
NM: 51.440,	BG: 37.322,	CL: 14.790

=== Rank-1 (Exclude identical-view cases) ===
NM: 46.768,	BG: 33.425,	CL: 13.425

=== Rank-1 of each angle (Exclude identical-view cases) ===
NM: [36.04 43.11 48.65 49.82 49.91 47.34 53.20 54.95 51.26 45.27 34.91]
BG: [28.96 34.32 36.71 36.91 37.25 32.21 35.09 38.19 33.21 31.00 23.80]
CL: [10.18 11.85 14.59 15.74 14.01 14.37 15.50 16.11 13.71 12.60  9.01]

=== Testing checkpoint at iter 33600 ===
🔧 Initializing model...
📦 Loading model from iteration 33600...
🚀 Running inference...
📊 Evaluating results...
✅ Done. Time cost: 0:00:47.722199

=== Rank-1 (Include identical-view cases) ===
NM: 51.143,	BG: 36.517,	CL: 15.034

=== Rank-1 (Exclude identical-view cases) ===
NM: 46.454,	BG: 32.617,	CL: 13.552

=== Rank-1 of each angle (Exclude identical-view cases) ===
NM: [37.57 41.62 48.20 48.65 48.97 49.14 53.06 55.59 49.77 45.00 33.42]
BG: [28.83 32.39 34.51 36.05 35.14 31.58 34.78 38.51 33.53 31.28 22.22]
CL: [10.68 11.62 14.10 15.84 14.23 15.18 15.63 16.42 14.16 12.97  8.24]

=== Testing checkpoint at iter 33700 ===
🔧 Initializing model...
📦 Loading model from iteration 33700...
🚀 Running inference...
📊 Evaluating results...
✅ Done. Time cost: 0:00:47.633622

=== Rank-1 (Include identical-view cases) ===
NM: 51.374,	BG: 37.388,	CL: 14.868

=== Rank-1 (Exclude identical-view cases) ===
NM: 46.695,	BG: 33.448,	CL: 13.412

=== Rank-1 of each angle (Exclude identical-view cases) ===
NM: [35.36 42.34 47.79 48.96 50.09 49.87 54.82 56.22 49.41 44.23 34.55]
BG: [29.91 33.83 36.40 35.41 36.76 31.98 35.09 40.00 33.76 30.91 23.89]
CL: [10.05 11.98 14.19 15.56 13.69 14.23 15.72 17.10 14.16 12.10  8.74]

=== Testing checkpoint at iter 33800 ===
🔧 Initializing model...
📦 Loading model from iteration 33800...
🚀 Running inference...
📊 Evaluating results...
✅ Done. Time cost: 0:00:47.634780

=== Rank-1 (Include identical-view cases) ===
NM: 51.161,	BG: 36.700,	CL: 14.593

=== Rank-1 (Exclude identical-view cases) ===
NM: 46.454,	BG: 32.826,	CL: 13.261

=== Rank-1 of each angle (Exclude identical-view cases) ===
NM: [38.06 42.61 47.84 48.51 48.33 46.80 52.97 55.77 49.59 45.05 35.45]
BG: [29.77 32.93 34.95 35.36 34.73 30.95 34.46 37.60 33.30 31.55 25.47]
CL: [10.05 11.22 14.23 15.43 13.42 14.24 14.78 16.43 14.61 12.33  9.15]

=== Testing checkpoint at iter 33900 ===
🔧 Initializing model...
📦 Loading model from iteration 33900...
🚀 Running inference...
📊 Evaluating results...
✅ Done. Time cost: 0:00:47.452261

=== Rank-1 (Include identical-view cases) ===
NM: 50.332,	BG: 36.463,	CL: 14.325

=== Rank-1 (Exclude identical-view cases) ===
NM: 45.557,	BG: 32.476,	CL: 12.975

=== Rank-1 of each angle (Exclude identical-view cases) ===
NM: [34.87 40.72 46.76 48.24 48.92 47.97 52.66 54.14 49.23 44.82 32.79]
BG: [28.61 32.66 35.72 35.27 34.82 32.25 34.64 37.69 32.67 30.41 22.49]
CL: [ 9.41 11.17 13.20 15.11 13.29 14.51 14.87 15.61 13.39 13.42  8.74]

=== Testing checkpoint at iter 34000 ===
🔧 Initializing model...
📦 Loading model from iteration 34000...
🚀 Running inference...
📊 Evaluating results...
✅ Done. Time cost: 0:00:49.742167

=== Rank-1 (Include identical-view cases) ===
NM: 51.269,	BG: 36.738,	CL: 14.586

=== Rank-1 (Exclude identical-view cases) ===
NM: 46.572,	BG: 32.832,	CL: 13.225

=== Rank-1 of each angle (Exclude identical-view cases) ===
NM: [36.17 40.77 48.11 48.96 50.09 48.56 53.42 55.14 50.14 45.04 35.90]
BG: [29.10 32.07 35.23 35.23 35.00 31.76 34.28 38.28 33.03 32.83 24.34]
CL: [10.27 10.99 12.97 14.89 14.10 14.41 15.09 16.33 14.21 13.20  9.01]

=== Testing checkpoint at iter 34100 ===
🔧 Initializing model...
📦 Loading model from iteration 34100...
🚀 Running inference...
📊 Evaluating results...
✅ Done. Time cost: 0:00:48.614941

=== Rank-1 (Include identical-view cases) ===
NM: 51.840,	BG: 37.412,	CL: 14.541

=== Rank-1 (Exclude identical-view cases) ===
NM: 47.199,	BG: 33.516,	CL: 13.191

=== Rank-1 of each angle (Exclude identical-view cases) ===
NM: [35.59 43.11 49.10 49.37 50.86 49.01 54.10 55.95 50.77 46.35 35.00]
BG: [29.10 34.46 36.62 35.45 36.84 32.16 35.23 39.14 32.99 32.74 23.94]
CL: [10.36 11.67 14.05 14.84 13.06 14.19 15.23 15.66 14.12 12.92  9.01]

=== Testing checkpoint at iter 34200 ===
🔧 Initializing model...
📦 Loading model from iteration 34200...
🚀 Running inference...
📊 Evaluating results...
✅ Done. Time cost: 0:00:47.476946

=== Rank-1 (Include identical-view cases) ===
NM: 51.307,	BG: 37.165,	CL: 14.993

=== Rank-1 (Exclude identical-view cases) ===
NM: 46.634,	BG: 33.257,	CL: 13.554

=== Rank-1 of each angle (Exclude identical-view cases) ===
NM: [35.32 41.31 47.66 49.82 50.99 49.64 53.78 55.18 49.91 45.27 34.10]
BG: [29.01 32.75 35.95 35.55 36.44 32.39 34.96 39.86 34.34 31.42 23.17]
CL: [ 9.78 11.35 14.32 15.39 13.56 15.04 16.04 16.24 14.66 13.84  8.87]

=== Testing checkpoint at iter 34300 ===
🔧 Initializing model...
📦 Loading model from iteration 34300...
🚀 Running inference...
📊 Evaluating results...
✅ Done. Time cost: 0:00:48.314300

=== Rank-1 (Include identical-view cases) ===
NM: 51.147,	BG: 37.053,	CL: 14.780

=== Rank-1 (Exclude identical-view cases) ===
NM: 46.441,	BG: 33.158,	CL: 13.343

=== Rank-1 of each angle (Exclude identical-view cases) ===
NM: [35.81 43.15 48.29 48.06 50.09 48.15 53.29 54.77 49.59 44.87 34.77]
BG: [29.59 33.74 35.90 35.23 35.67 32.16 35.00 38.19 33.62 31.64 23.98]
CL: [ 9.87 11.49 14.01 15.25 13.78 14.51 15.59 16.24 14.61 12.92  8.51]

=== Testing checkpoint at iter 34400 ===
🔧 Initializing model...
📦 Loading model from iteration 34400...
🚀 Running inference...
📊 Evaluating results...
✅ Done. Time cost: 0:00:47.635781

=== Rank-1 (Include identical-view cases) ===
NM: 52.320,	BG: 38.051,	CL: 14.948

=== Rank-1 (Exclude identical-view cases) ===
NM: 47.756,	BG: 34.198,	CL: 13.573

=== Rank-1 of each angle (Exclude identical-view cases) ===
NM: [37.30 44.01 49.28 50.23 50.77 50.22 54.91 55.95 51.49 46.22 34.95]
BG: [30.27 34.10 36.58 38.41 36.26 33.02 36.13 39.77 35.29 32.15 24.21]
CL: [10.54 11.53 14.91 15.84 13.24 14.82 15.09 16.47 15.07 13.15  8.65]

=== Testing checkpoint at iter 34500 ===
🔧 Initializing model...
📦 Loading model from iteration 34500...
🚀 Running inference...
📊 Evaluating results...
✅ Done. Time cost: 0:00:48.298366

=== Rank-1 (Include identical-view cases) ===
NM: 51.515,	BG: 36.980,	CL: 15.165

=== Rank-1 (Exclude identical-view cases) ===
NM: 46.871,	BG: 33.073,	CL: 13.755

=== Rank-1 of each angle (Exclude identical-view cases) ===
NM: [36.22 42.70 48.65 50.59 49.91 48.65 54.14 54.32 50.27 45.31 34.82]
BG: [29.64 33.02 34.64 36.91 35.32 31.53 34.73 38.87 33.44 31.69 24.03]
CL: [10.77 11.49 14.32 16.02 14.01 15.05 14.87 16.83 15.38 13.70  8.87]

=== Testing checkpoint at iter 34600 ===
🔧 Initializing model...
📦 Loading model from iteration 34600...
🚀 Running inference...
📊 Evaluating results...
✅ Done. Time cost: 0:00:47.704482

=== Rank-1 (Include identical-view cases) ===
NM: 51.199,	BG: 37.293,	CL: 15.019

=== Rank-1 (Exclude identical-view cases) ===
NM: 46.539,	BG: 33.274,	CL: 13.582

=== Rank-1 of each angle (Exclude identical-view cases) ===
NM: [35.99 41.12 48.83 50.09 48.97 48.33 54.55 53.87 50.18 45.18 34.82]
BG: [29.32 32.12 36.13 36.91 35.50 33.06 34.82 38.42 34.16 31.87 23.71]
CL: [ 9.82 11.35 14.32 16.24 13.65 14.55 15.45 16.88 15.34 13.20  8.60]

=== Testing checkpoint at iter 34700 ===
🔧 Initializing model...
📦 Loading model from iteration 34700...
🚀 Running inference...
📊 Evaluating results...
✅ Done. Time cost: 0:00:52.549046

=== Rank-1 (Include identical-view cases) ===
NM: 51.921,	BG: 37.073,	CL: 14.743

=== Rank-1 (Exclude identical-view cases) ===
NM: 47.318,	BG: 33.270,	CL: 13.319

=== Rank-1 of each angle (Exclude identical-view cases) ===
NM: [36.94 42.79 48.92 51.94 50.90 49.28 56.04 55.45 49.42 45.05 33.78]
BG: [30.09 31.67 36.22 37.68 36.26 32.30 35.32 39.37 33.03 31.73 22.31]
CL: [10.32 11.40 14.01 16.52 13.29 14.78 14.96 15.79 14.16 12.97  8.33]

=== Testing checkpoint at iter 34800 ===
🔧 Initializing model...
📦 Loading model from iteration 34800...
🚀 Running inference...
📊 Evaluating results...
✅ Done. Time cost: 0:00:51.993233

=== Rank-1 (Include identical-view cases) ===
NM: 50.395,	BG: 36.165,	CL: 14.441

=== Rank-1 (Exclude identical-view cases) ===
NM: 45.655,	BG: 32.181,	CL: 13.020

=== Rank-1 of each angle (Exclude identical-view cases) ===
NM: [32.25 40.72 48.51 49.10 49.28 48.38 53.56 53.78 48.74 45.36 32.52]
BG: [26.12 32.12 35.95 34.95 34.77 31.08 34.78 37.74 32.62 30.96 22.90]
CL: [ 8.70 11.40 13.78 15.47 12.97 14.32 15.13 16.79 13.62 12.97  8.06]

=== Testing checkpoint at iter 34900 ===
🔧 Initializing model...
📦 Loading model from iteration 34900...
🚀 Running inference...
📊 Evaluating results...
✅ Done. Time cost: 0:00:51.600820

=== Rank-1 (Include identical-view cases) ===
NM: 51.832,	BG: 37.366,	CL: 14.977

=== Rank-1 (Exclude identical-view cases) ===
NM: 47.208,	BG: 33.526,	CL: 13.483

=== Rank-1 of each angle (Exclude identical-view cases) ===
NM: [35.09 41.76 48.69 50.04 51.13 49.23 54.23 55.36 51.17 47.12 35.45]
BG: [29.24 32.12 36.44 37.23 35.86 32.52 34.37 38.91 34.70 32.97 24.43]
CL: [ 9.78 11.58 14.14 15.88 13.74 14.87 15.50 16.06 14.80 13.11  8.88]

=== Testing checkpoint at iter 35000 ===
🔧 Initializing model...
📦 Loading model from iteration 35000...
🚀 Running inference...
📊 Evaluating results...
✅ Done. Time cost: 0:00:50.062190

=== Rank-1 (Include identical-view cases) ===
NM: 51.062,	BG: 36.609,	CL: 14.628

=== Rank-1 (Exclude identical-view cases) ===
NM: 46.380,	BG: 32.682,	CL: 13.221

=== Rank-1 of each angle (Exclude identical-view cases) ===
NM: [35.05 41.44 48.65 49.32 49.14 49.10 54.10 54.82 49.10 45.59 33.87]
BG: [28.43 31.76 35.81 35.91 35.72 31.89 35.00 38.14 32.62 31.05 23.17]
CL: [ 9.55 10.95 14.37 15.66 13.24 14.19 15.04 16.29 14.16 13.52  8.47]

=== Testing checkpoint at iter 35100 ===
🔧 Initializing model...
📦 Loading model from iteration 35100...
🚀 Running inference...
📊 Evaluating results...
✅ Done. Time cost: 0:00:50.045538

=== Rank-1 (Include identical-view cases) ===
NM: 51.672,	BG: 36.867,	CL: 14.977

=== Rank-1 (Exclude identical-view cases) ===
NM: 47.035,	BG: 33.059,	CL: 13.593

=== Rank-1 of each angle (Exclude identical-view cases) ===
NM: [35.85 43.38 49.10 49.55 51.58 48.78 53.92 55.45 50.14 45.86 33.78]
BG: [27.66 32.48 36.89 37.23 37.16 32.30 34.82 39.77 32.67 30.73 21.95]
CL: [10.54 12.61 14.05 15.16 14.19 15.18 15.59 16.06 14.30 12.56  9.28]

=== Testing checkpoint at iter 35200 ===
🔧 Initializing model...
📦 Loading model from iteration 35200...
🚀 Running inference...
📊 Evaluating results...
✅ Done. Time cost: 0:00:48.436741

=== Rank-1 (Include identical-view cases) ===
NM: 50.912,	BG: 36.848,	CL: 14.401

=== Rank-1 (Exclude identical-view cases) ===
NM: 46.179,	BG: 32.845,	CL: 12.996

=== Rank-1 of each angle (Exclude identical-view cases) ===
NM: [35.27 41.13 47.79 49.95 50.27 49.23 53.83 54.51 48.83 44.05 33.11]
BG: [28.70 32.07 35.77 37.32 36.04 32.43 36.67 37.83 32.67 30.64 21.18]
CL: [ 8.96 10.27 13.38 15.70 13.56 14.01 15.00 15.57 14.39 13.52  8.61]

=== Testing checkpoint at iter 35300 ===
🔧 Initializing model...
📦 Loading model from iteration 35300...
🚀 Running inference...
📊 Evaluating results...
✅ Done. Time cost: 0:00:47.912163

=== Rank-1 (Include identical-view cases) ===
NM: 51.445,	BG: 37.205,	CL: 15.433

=== Rank-1 (Exclude identical-view cases) ===
NM: 46.814,	BG: 33.341,	CL: 14.038

=== Rank-1 of each angle (Exclude identical-view cases) ===
NM: [35.41 41.53 48.51 49.73 49.42 49.64 54.50 55.54 50.50 45.68 34.50]
BG: [29.50 32.39 35.54 37.91 34.86 32.97 35.36 38.87 33.98 32.01 23.35]
CL: [10.36 12.03 15.22 16.92 14.37 15.22 15.59 16.79 15.47 13.65  8.78]

=== Testing checkpoint at iter 35400 ===
🔧 Initializing model...
📦 Loading model from iteration 35400...
🚀 Running inference...
📊 Evaluating results...
✅ Done. Time cost: 0:00:48.887232

=== Rank-1 (Include identical-view cases) ===
NM: 51.515,	BG: 37.378,	CL: 15.031

=== Rank-1 (Exclude identical-view cases) ===
NM: 46.859,	BG: 33.470,	CL: 13.591

=== Rank-1 of each angle (Exclude identical-view cases) ===
NM: [37.30 42.75 48.29 50.00 49.46 47.30 53.96 55.22 50.27 45.49 35.41]
BG: [30.81 33.65 35.90 37.14 35.41 32.34 36.17 38.10 33.26 31.46 23.94]
CL: [10.23 11.44 14.41 15.93 14.15 14.91 15.14 16.74 13.57 13.79  9.19]

=== Testing checkpoint at iter 35500 ===
🔧 Initializing model...
📦 Loading model from iteration 35500...
🚀 Running inference...
📊 Evaluating results...
✅ Done. Time cost: 0:00:48.624058

=== Rank-1 (Include identical-view cases) ===
NM: 51.777,	BG: 37.429,	CL: 14.934

=== Rank-1 (Exclude identical-view cases) ===
NM: 47.142,	BG: 33.579,	CL: 13.509

=== Rank-1 of each angle (Exclude identical-view cases) ===
NM: [35.00 43.20 48.29 51.17 51.13 48.87 53.87 56.44 50.54 46.04 34.01]
BG: [29.10 33.51 36.13 37.00 35.50 32.30 35.23 39.55 34.25 32.42 24.39]
CL: [ 9.91 12.34 14.10 15.61 14.37 14.69 15.27 15.66 14.34 13.97  8.33]

=== Testing checkpoint at iter 35600 ===
🔧 Initializing model...
📦 Loading model from iteration 35600...
🚀 Running inference...
📊 Evaluating results...
✅ Done. Time cost: 0:00:47.822203

=== Rank-1 (Include identical-view cases) ===
NM: 51.634,	BG: 36.881,	CL: 14.369

=== Rank-1 (Exclude identical-view cases) ===
NM: 46.978,	BG: 32.952,	CL: 12.995

=== Rank-1 of each angle (Exclude identical-view cases) ===
NM: [36.22 42.03 48.42 50.09 50.86 49.73 54.41 55.00 50.63 44.95 34.41]
BG: [27.43 33.06 36.94 36.86 36.31 31.80 35.59 38.69 31.99 30.87 22.94]
CL: [ 9.64 11.13 14.05 15.16 13.42 13.60 15.36 15.70 13.85 12.65  8.38]

=== Testing checkpoint at iter 35700 ===
🔧 Initializing model...
📦 Loading model from iteration 35700...
🚀 Running inference...
📊 Evaluating results...
✅ Done. Time cost: 0:00:47.653523

=== Rank-1 (Include identical-view cases) ===
NM: 50.685,	BG: 36.661,	CL: 14.328

=== Rank-1 (Exclude identical-view cases) ===
NM: 45.933,	BG: 32.669,	CL: 12.995

=== Rank-1 of each angle (Exclude identical-view cases) ===
NM: [33.42 41.98 47.66 49.28 49.60 48.92 53.42 54.64 49.73 43.87 32.75]
BG: [27.62 32.84 35.54 36.13 34.91 32.25 35.81 38.05 32.67 30.32 23.21]
CL: [ 8.38 11.13 13.60 15.29 13.65 15.23 15.00 15.97 13.44 12.74  8.51]

=== Testing checkpoint at iter 35800 ===
🔧 Initializing model...
📦 Loading model from iteration 35800...
🚀 Running inference...
📊 Evaluating results...
✅ Done. Time cost: 0:00:48.708832

=== Rank-1 (Include identical-view cases) ===
NM: 51.738,	BG: 37.370,	CL: 14.683

=== Rank-1 (Exclude identical-view cases) ===
NM: 47.088,	BG: 33.432,	CL: 13.262

=== Rank-1 of each angle (Exclude identical-view cases) ===
NM: [36.85 42.88 49.64 50.77 50.90 50.04 53.60 55.36 50.00 44.55 33.38]
BG: [30.00 33.83 37.30 36.95 36.35 32.75 35.18 39.18 33.39 30.96 21.85]
CL: [10.23 11.35 14.32 15.66 12.75 14.28 15.14 15.47 14.34 13.38  8.96]

=== Testing checkpoint at iter 35900 ===
🔧 Initializing model...
📦 Loading model from iteration 35900...
🚀 Running inference...
📊 Evaluating results...
✅ Done. Time cost: 0:00:47.992769

=== Rank-1 (Include identical-view cases) ===
NM: 51.288,	BG: 36.310,	CL: 15.012

=== Rank-1 (Exclude identical-view cases) ===
NM: 46.593,	BG: 32.365,	CL: 13.615

=== Rank-1 of each angle (Exclude identical-view cases) ===
NM: [37.07 41.80 48.56 48.42 50.36 48.29 53.29 54.51 50.27 45.23 34.73]
BG: [28.74 32.57 34.01 35.32 35.00 31.04 34.05 38.78 32.67 30.14 23.71]
CL: [10.09 11.67 15.04 16.15 13.56 14.87 15.27 16.47 14.34 13.56  8.74]

=== Testing checkpoint at iter 36000 ===
🔧 Initializing model...
📦 Loading model from iteration 36000...
🚀 Running inference...
📊 Evaluating results...
✅ Done. Time cost: 0:00:47.139526

=== Rank-1 (Include identical-view cases) ===
NM: 52.126,	BG: 37.435,	CL: 15.014

=== Rank-1 (Exclude identical-view cases) ===
NM: 47.527,	BG: 33.524,	CL: 13.560

=== Rank-1 of each angle (Exclude identical-view cases) ===
NM: [35.63 43.02 49.10 50.95 51.44 49.96 54.50 55.99 51.35 45.99 34.86]
BG: [28.52 33.20 35.36 37.86 37.03 33.02 35.63 39.50 33.57 31.37 23.71]
CL: [ 9.87 11.76 14.64 16.02 13.87 14.60 16.04 16.51 14.34 13.15  8.38]

=== Testing checkpoint at iter 36100 ===
🔧 Initializing model...
📦 Loading model from iteration 36100...
🚀 Running inference...
📊 Evaluating results...
✅ Done. Time cost: 0:00:47.650582

=== Rank-1 (Include identical-view cases) ===
NM: 51.188,	BG: 36.863,	CL: 14.640

=== Rank-1 (Exclude identical-view cases) ===
NM: 46.503,	BG: 32.911,	CL: 13.301

=== Rank-1 of each angle (Exclude identical-view cases) ===
NM: [37.12 42.84 47.61 47.79 50.05 47.75 53.11 55.14 50.54 45.14 34.46]
BG: [29.05 33.78 35.63 35.59 35.59 31.53 34.33 38.82 33.08 30.91 23.71]
CL: [10.41 11.76 14.14 15.11 13.47 15.05 15.32 15.84 13.98 12.15  9.10]

=== Testing checkpoint at iter 36200 ===
🔧 Initializing model...
📦 Loading model from iteration 36200...
🚀 Running inference...
📊 Evaluating results...
✅ Done. Time cost: 0:00:47.484721

=== Rank-1 (Include identical-view cases) ===
NM: 51.910,	BG: 36.967,	CL: 15.235

=== Rank-1 (Exclude identical-view cases) ===
NM: 47.301,	BG: 33.092,	CL: 13.853

=== Rank-1 of each angle (Exclude identical-view cases) ===
NM: [36.66 42.30 49.10 50.68 50.27 49.15 54.55 55.36 51.44 45.90 34.91]
BG: [29.73 32.61 35.90 36.41 35.41 32.75 35.45 38.37 32.49 30.96 23.94]
CL: [10.27 11.62 14.55 16.74 13.74 14.46 16.31 16.92 15.11 13.15  9.50]

=== Testing checkpoint at iter 36300 ===
🔧 Initializing model...
📦 Loading model from iteration 36300...
🚀 Running inference...
📊 Evaluating results...
✅ Done. Time cost: 0:00:48.569827

=== Rank-1 (Include identical-view cases) ===
NM: 52.104,	BG: 37.412,	CL: 14.604

=== Rank-1 (Exclude identical-view cases) ===
NM: 47.494,	BG: 33.491,	CL: 13.129

=== Rank-1 of each angle (Exclude identical-view cases) ===
NM: [36.66 43.06 49.82 50.50 51.17 48.88 55.31 55.72 50.72 45.86 34.73]
BG: [29.55 34.55 36.04 37.41 36.62 31.30 35.14 38.60 33.71 31.78 23.71]
CL: [ 9.19 11.53 14.32 15.25 13.74 14.19 15.50 15.75 14.03 12.56  8.38]

=== Testing checkpoint at iter 36400 ===
🔧 Initializing model...
📦 Loading model from iteration 36400...
🚀 Running inference...
📊 Evaluating results...
✅ Done. Time cost: 0:00:48.396530

=== Rank-1 (Include identical-view cases) ===
NM: 51.299,	BG: 37.210,	CL: 14.776

=== Rank-1 (Exclude identical-view cases) ===
NM: 46.625,	BG: 33.167,	CL: 13.339

=== Rank-1 of each angle (Exclude identical-view cases) ===
NM: [35.63 42.07 47.88 50.63 50.81 48.83 53.47 55.18 49.55 44.77 34.05]
BG: [29.64 33.02 35.27 37.27 36.40 32.07 35.36 38.37 33.89 30.87 22.67]
CL: [ 9.19 11.40 14.37 15.47 13.74 14.86 15.50 16.20 13.75 13.24  9.01]

=== Testing checkpoint at iter 36500 ===
🔧 Initializing model...
📦 Loading model from iteration 36500...
🚀 Running inference...
📊 Evaluating results...
✅ Done. Time cost: 0:00:49.422262

=== Rank-1 (Include identical-view cases) ===
NM: 52.167,	BG: 37.894,	CL: 15.101

=== Rank-1 (Exclude identical-view cases) ===
NM: 47.576,	BG: 34.009,	CL: 13.614

=== Rank-1 of each angle (Exclude identical-view cases) ===
NM: [35.86 43.74 48.47 51.26 50.81 49.64 54.55 57.25 51.17 45.54 35.05]
BG: [29.82 33.47 36.85 37.41 36.76 33.02 36.44 38.87 34.71 32.69 24.07]
CL: [10.41 12.30 14.50 16.24 13.69 14.46 15.68 16.38 13.76 13.11  9.23]

=== Testing checkpoint at iter 36600 ===
🔧 Initializing model...
📦 Loading model from iteration 36600...
🚀 Running inference...
📊 Evaluating results...
✅ Done. Time cost: 0:00:51.280641

=== Rank-1 (Include identical-view cases) ===
NM: 51.895,	BG: 37.588,	CL: 14.801

=== Rank-1 (Exclude identical-view cases) ===
NM: 47.248,	BG: 33.676,	CL: 13.408

=== Rank-1 of each angle (Exclude identical-view cases) ===
NM: [36.04 43.38 48.69 50.77 51.31 48.92 53.87 56.17 50.72 45.18 34.68]
BG: [29.19 33.29 37.07 36.64 36.76 32.61 36.04 38.87 34.75 31.69 23.53]
CL: [10.27 12.57 14.82 15.93 13.20 14.46 15.49 16.38 13.48 12.15  8.74]

=== Testing checkpoint at iter 36700 ===
🔧 Initializing model...
📦 Loading model from iteration 36700...
🚀 Running inference...
📊 Evaluating results...
✅ Done. Time cost: 0:00:50.377122

=== Rank-1 (Include identical-view cases) ===
NM: 51.291,	BG: 37.220,	CL: 14.704

=== Rank-1 (Exclude identical-view cases) ===
NM: 46.601,	BG: 33.345,	CL: 13.297

=== Rank-1 of each angle (Exclude identical-view cases) ===
NM: [36.66 42.61 48.15 49.10 50.18 48.06 53.11 55.77 51.22 44.82 32.93]
BG: [30.23 32.70 36.12 37.45 36.31 31.08 34.55 39.23 34.48 32.33 22.31]
CL: [10.90 12.12 14.46 15.25 13.47 14.51 15.41 15.25 13.57 12.42  8.92]

=== Testing checkpoint at iter 36800 ===
🔧 Initializing model...
📦 Loading model from iteration 36800...
🚀 Running inference...
📊 Evaluating results...
✅ Done. Time cost: 0:00:52.063999

=== Rank-1 (Include identical-view cases) ===
NM: 50.812,	BG: 36.669,	CL: 14.432

=== Rank-1 (Exclude identical-view cases) ===
NM: 46.069,	BG: 32.694,	CL: 13.027

=== Rank-1 of each angle (Exclude identical-view cases) ===
NM: [33.65 41.08 47.48 49.28 50.99 48.83 53.06 54.32 49.69 44.64 33.74]
BG: [27.48 32.57 35.67 36.46 36.17 31.71 34.91 37.78 32.94 30.91 23.03]
CL: [ 8.51 11.58 13.92 14.61 14.23 14.37 15.27 16.34 13.39 12.69  8.38]

=== Testing checkpoint at iter 36900 ===
🔧 Initializing model...
📦 Loading model from iteration 36900...
🚀 Running inference...
📊 Evaluating results...
✅ Done. Time cost: 0:00:50.466210

=== Rank-1 (Include identical-view cases) ===
NM: 52.360,	BG: 37.633,	CL: 14.440

=== Rank-1 (Exclude identical-view cases) ===
NM: 47.776,	BG: 33.751,	CL: 13.002

=== Rank-1 of each angle (Exclude identical-view cases) ===
NM: [38.74 44.05 49.14 49.91 51.40 49.87 54.32 55.77 51.08 46.13 35.13]
BG: [30.54 32.88 36.40 37.09 36.62 31.62 35.27 39.32 35.11 32.46 23.93]
CL: [10.45 11.58 13.69 14.71 13.60 14.32 14.86 15.57 13.30 12.56  8.38]

=== Testing checkpoint at iter 37000 ===
🔧 Initializing model...
📦 Loading model from iteration 37000...
🚀 Running inference...
📊 Evaluating results...
✅ Done. Time cost: 0:00:48.747420

=== Rank-1 (Include identical-view cases) ===
NM: 50.968,	BG: 36.717,	CL: 14.350

=== Rank-1 (Exclude identical-view cases) ===
NM: 46.257,	BG: 32.747,	CL: 12.986

=== Rank-1 of each angle (Exclude identical-view cases) ===
NM: [37.30 41.80 46.94 48.69 49.64 47.97 52.88 54.59 50.27 44.87 33.87]
BG: [29.87 32.12 34.46 36.32 35.09 31.98 34.28 38.82 33.39 30.46 23.44]
CL: [ 9.60 11.40 13.83 14.66 13.02 14.14 15.00 15.61 13.62 13.06  8.92]

=== Testing checkpoint at iter 37100 ===
🔧 Initializing model...
📦 Loading model from iteration 37100...
🚀 Running inference...
📊 Evaluating results...
✅ Done. Time cost: 0:00:48.290479

=== Rank-1 (Include identical-view cases) ===
NM: 51.791,	BG: 37.894,	CL: 14.776

=== Rank-1 (Exclude identical-view cases) ===
NM: 47.171,	BG: 33.980,	CL: 13.360

=== Rank-1 of each angle (Exclude identical-view cases) ===
NM: [36.89 42.70 49.23 49.37 51.67 49.86 54.10 55.63 50.40 45.54 33.47]
BG: [30.14 33.51 36.62 36.63 36.76 31.85 35.72 40.59 35.97 31.92 24.07]
CL: [10.00 11.40 14.68 15.02 13.20 14.32 15.36 16.52 14.61 12.92  8.92]

=== Testing checkpoint at iter 37200 ===
🔧 Initializing model...
📦 Loading model from iteration 37200...
🚀 Running inference...
📊 Evaluating results...
✅ Done. Time cost: 0:00:49.888765

=== Rank-1 (Include identical-view cases) ===
NM: 50.950,	BG: 36.676,	CL: 14.671

=== Rank-1 (Exclude identical-view cases) ===
NM: 46.249,	BG: 32.747,	CL: 13.237

=== Rank-1 of each angle (Exclude identical-view cases) ===
NM: [35.32 41.31 47.25 49.64 50.54 48.88 53.56 55.18 49.69 43.65 33.74]
BG: [28.20 31.98 35.36 36.55 35.45 31.76 34.19 39.19 34.30 30.04 23.21]
CL: [ 9.91 11.40 14.05 15.52 13.96 14.10 15.32 16.24 13.44 13.01  8.65]

=== Testing checkpoint at iter 37300 ===
🔧 Initializing model...
📦 Loading model from iteration 37300...
🚀 Running inference...
📊 Evaluating results...
✅ Done. Time cost: 0:00:49.547745

=== Rank-1 (Include identical-view cases) ===
NM: 51.515,	BG: 37.244,	CL: 14.978

=== Rank-1 (Exclude identical-view cases) ===
NM: 46.855,	BG: 33.203,	CL: 13.549

=== Rank-1 of each angle (Exclude identical-view cases) ===
NM: [35.59 41.17 48.15 51.35 51.53 49.78 53.96 55.32 49.42 44.50 34.64]
BG: [28.92 32.12 36.85 36.45 36.80 32.97 35.41 38.64 33.17 31.46 22.44]
CL: [ 9.96 10.95 14.10 15.79 14.37 14.51 15.49 16.92 14.34 13.20  9.42]

=== Testing checkpoint at iter 37400 ===
🔧 Initializing model...
📦 Loading model from iteration 37400...
🚀 Running inference...
📊 Evaluating results...
✅ Done. Time cost: 0:00:48.545285

=== Rank-1 (Include identical-view cases) ===
NM: 51.296,	BG: 37.350,	CL: 14.660

=== Rank-1 (Exclude identical-view cases) ===
NM: 46.601,	BG: 33.332,	CL: 13.265

=== Rank-1 of each angle (Exclude identical-view cases) ===
NM: [36.13 40.95 48.02 49.96 50.68 47.70 53.33 55.59 49.91 45.13 35.22]
BG: [29.05 31.26 36.53 36.45 35.72 32.79 35.59 38.19 34.52 32.65 23.89]
CL: [ 9.64 10.95 13.29 16.42 13.60 14.37 15.63 15.75 14.70 12.65  8.92]

=== Testing checkpoint at iter 37500 ===
🔧 Initializing model...
📦 Loading model from iteration 37500...
🚀 Running inference...
📊 Evaluating results...
✅ Done. Time cost: 0:00:47.695766

=== Rank-1 (Include identical-view cases) ===
NM: 51.385,	BG: 36.882,	CL: 14.525

=== Rank-1 (Exclude identical-view cases) ===
NM: 46.716,	BG: 32.925,	CL: 13.101

=== Rank-1 of each angle (Exclude identical-view cases) ===
NM: [33.96 42.21 49.10 50.09 50.99 49.19 54.37 55.31 50.22 45.18 33.24]
BG: [28.42 31.85 36.17 38.14 35.72 32.25 34.91 38.19 33.17 30.77 22.58]
CL: [ 8.96 10.68 13.74 15.84 13.74 13.65 15.41 16.20 14.66 12.19  9.05]

=== Testing checkpoint at iter 37600 ===
🔧 Initializing model...
📦 Loading model from iteration 37600...
🚀 Running inference...
📊 Evaluating results...
✅ Done. Time cost: 0:00:47.939676

=== Rank-1 (Include identical-view cases) ===
NM: 51.582,	BG: 36.961,	CL: 14.735

=== Rank-1 (Exclude identical-view cases) ===
NM: 46.933,	BG: 33.048,	CL: 13.286

=== Rank-1 of each angle (Exclude identical-view cases) ===
NM: [35.04 41.85 49.10 51.03 51.26 49.15 54.28 55.50 50.00 44.46 34.59]
BG: [28.34 31.71 35.72 37.27 36.40 31.58 35.05 39.41 33.94 30.73 23.39]
CL: [ 9.42 11.40 14.55 15.07 14.23 13.96 15.22 16.29 14.21 13.15  8.65]

=== Testing checkpoint at iter 37700 ===
🔧 Initializing model...
📦 Loading model from iteration 37700...
🚀 Running inference...
📊 Evaluating results...
✅ Done. Time cost: 0:00:48.260075

=== Rank-1 (Include identical-view cases) ===
NM: 51.329,	BG: 36.427,	CL: 14.862

=== Rank-1 (Exclude identical-view cases) ===
NM: 46.650,	BG: 32.444,	CL: 13.446

=== Rank-1 of each angle (Exclude identical-view cases) ===
NM: [34.23 41.40 49.50 50.40 50.36 48.97 53.69 54.64 49.37 45.54 35.04]
BG: [26.94 31.80 35.99 35.77 35.09 31.62 34.64 37.83 32.89 31.23 23.07]
CL: [ 9.10 11.76 14.37 15.74 14.14 14.15 15.18 16.74 14.57 12.69  9.46]

=== Testing checkpoint at iter 37800 ===
🔧 Initializing model...
📦 Loading model from iteration 37800...
🚀 Running inference...
📊 Evaluating results...
✅ Done. Time cost: 0:00:49.897014

=== Rank-1 (Include identical-view cases) ===
NM: 51.709,	BG: 36.744,	CL: 14.451

=== Rank-1 (Exclude identical-view cases) ===
NM: 47.076,	BG: 32.900,	CL: 13.085

=== Rank-1 of each angle (Exclude identical-view cases) ===
NM: [36.89 41.53 48.29 51.49 51.08 49.19 54.59 55.32 49.14 44.95 35.36]
BG: [28.60 31.58 35.86 37.59 36.17 31.71 34.64 38.64 32.99 31.00 23.12]
CL: [ 9.46 11.31 13.56 15.79 13.78 13.79 15.45 15.56 13.94 12.65  8.65]

=== Testing checkpoint at iter 37900 ===
🔧 Initializing model...
📦 Loading model from iteration 37900...
🚀 Running inference...
📊 Evaluating results...
✅ Done. Time cost: 0:00:47.179883

=== Rank-1 (Include identical-view cases) ===
NM: 52.234,	BG: 37.719,	CL: 14.944

=== Rank-1 (Exclude identical-view cases) ===
NM: 47.637,	BG: 33.828,	CL: 13.549

=== Rank-1 of each angle (Exclude identical-view cases) ===
NM: [38.38 42.89 49.37 52.16 50.14 49.05 54.23 56.31 50.54 46.35 34.59]
BG: [29.91 33.96 37.34 37.36 36.26 32.66 35.14 39.64 34.30 32.33 23.21]
CL: [11.71 11.40 14.10 16.06 13.79 13.79 15.00 16.65 14.25 12.92  9.37]

=== Testing checkpoint at iter 38000 ===
🔧 Initializing model...
📦 Loading model from iteration 38000...
🚀 Running inference...
📊 Evaluating results...
✅ Done. Time cost: 0:00:47.761897

=== Rank-1 (Include identical-view cases) ===
NM: 51.388,	BG: 36.901,	CL: 14.888

=== Rank-1 (Exclude identical-view cases) ===
NM: 46.715,	BG: 32.937,	CL: 13.429

=== Rank-1 of each angle (Exclude identical-view cases) ===
NM: [34.91 40.72 48.74 50.49 51.26 49.14 53.96 55.36 49.82 44.69 34.77]
BG: [28.20 32.12 35.59 36.50 36.26 31.94 35.18 39.00 33.35 30.77 23.39]
CL: [10.32 11.35 14.14 15.65 13.74 14.50 15.72 16.20 14.39 12.79  8.92]

=== Testing checkpoint at iter 38100 ===
🔧 Initializing model...
📦 Loading model from iteration 38100...
🚀 Running inference...
📊 Evaluating results...
✅ Done. Time cost: 0:00:48.407131

=== Rank-1 (Include identical-view cases) ===
NM: 51.709,	BG: 37.179,	CL: 14.660

=== Rank-1 (Exclude identical-view cases) ===
NM: 47.047,	BG: 33.329,	CL: 13.277

=== Rank-1 of each angle (Exclude identical-view cases) ===
NM: [36.04 41.17 49.28 50.77 51.40 50.09 53.92 54.91 51.04 45.00 33.92]
BG: [29.10 32.52 37.12 36.14 37.12 33.24 35.59 38.01 33.80 30.91 23.08]
CL: [10.18 10.72 13.56 15.16 14.28 14.41 16.04 16.02 13.93 12.70  9.06]

=== Testing checkpoint at iter 38200 ===
🔧 Initializing model...
📦 Loading model from iteration 38200...
🚀 Running inference...
📊 Evaluating results...
✅ Done. Time cost: 0:00:48.751311

=== Rank-1 (Include identical-view cases) ===
NM: 51.407,	BG: 36.624,	CL: 14.791

=== Rank-1 (Exclude identical-view cases) ===
NM: 46.736,	BG: 32.625,	CL: 13.418

=== Rank-1 of each angle (Exclude identical-view cases) ===
NM: [35.27 42.07 48.69 50.77 51.31 49.23 54.28 54.78 51.13 43.29 33.29]
BG: [28.56 31.35 35.49 37.14 36.04 31.17 34.59 38.78 32.53 30.73 22.49]
CL: [10.05 11.80 14.46 15.47 13.87 13.70 15.09 16.33 13.98 13.29  9.55]

=== Testing checkpoint at iter 38300 ===
🔧 Initializing model...
📦 Loading model from iteration 38300...
🚀 Running inference...
📊 Evaluating results...
✅ Done. Time cost: 0:00:48.010544

=== Rank-1 (Include identical-view cases) ===
NM: 51.858,	BG: 37.618,	CL: 14.880

=== Rank-1 (Exclude identical-view cases) ===
NM: 47.244,	BG: 33.783,	CL: 13.487

=== Rank-1 of each angle (Exclude identical-view cases) ===
NM: [37.39 42.97 49.28 49.82 51.13 50.00 54.37 56.22 50.72 44.55 33.24]
BG: [30.04 34.50 37.34 36.82 35.90 31.89 35.00 40.14 34.80 31.96 23.21]
CL: [10.59 11.49 14.50 15.97 14.05 14.64 14.82 16.24 15.02 12.65  8.38]

=== Testing checkpoint at iter 38400 ===
🔧 Initializing model...
📦 Loading model from iteration 38400...
🚀 Running inference...
📊 Evaluating results...
✅ Done. Time cost: 0:00:48.919494

=== Rank-1 (Include identical-view cases) ===
NM: 52.279,	BG: 37.670,	CL: 14.698

=== Rank-1 (Exclude identical-view cases) ===
NM: 47.707,	BG: 33.808,	CL: 13.311

=== Rank-1 of each angle (Exclude identical-view cases) ===
NM: [37.70 42.43 50.05 52.57 50.54 49.10 54.32 55.45 50.63 46.26 35.72]
BG: [29.37 34.23 37.61 38.05 36.35 32.39 34.87 39.32 33.85 31.87 23.98]
CL: [10.95 11.26 13.29 15.57 13.78 13.92 15.41 16.47 14.39 12.83  8.56]

=== Testing checkpoint at iter 38500 ===
🔧 Initializing model...
📦 Loading model from iteration 38500...
🚀 Running inference...
📊 Evaluating results...
✅ Done. Time cost: 0:00:47.618129

=== Rank-1 (Include identical-view cases) ===
NM: 52.502,	BG: 37.403,	CL: 14.937

=== Rank-1 (Exclude identical-view cases) ===
NM: 47.936,	BG: 33.535,	CL: 13.561

=== Rank-1 of each angle (Exclude identical-view cases) ===
NM: [36.44 43.02 50.36 52.39 51.49 49.91 55.23 56.31 51.40 46.13 34.64]
BG: [29.55 32.07 35.72 39.14 36.04 31.98 34.87 39.19 34.61 32.05 23.67]
CL: [ 9.60 11.62 13.74 15.84 14.41 14.33 15.68 16.38 14.93 13.24  9.42]

=== Testing checkpoint at iter 38600 ===
🔧 Initializing model...
📦 Loading model from iteration 38600...
🚀 Running inference...
📊 Evaluating results...
✅ Done. Time cost: 0:00:48.512956

=== Rank-1 (Include identical-view cases) ===
NM: 51.318,	BG: 36.853,	CL: 14.384

=== Rank-1 (Exclude identical-view cases) ===
NM: 46.638,	BG: 32.880,	CL: 12.957

=== Rank-1 of each angle (Exclude identical-view cases) ===
NM: [35.05 42.39 48.78 49.32 50.36 48.65 53.60 54.50 50.13 45.81 34.41]
BG: [28.06 32.93 35.95 36.59 34.46 32.66 35.41 37.10 33.89 31.78 22.85]
CL: [10.27 10.99 13.38 14.97 14.05 14.14 14.73 15.61 13.07 12.47  8.83]

=== Testing checkpoint at iter 38700 ===
🔧 Initializing model...
📦 Loading model from iteration 38700...
🚀 Running inference...
📊 Evaluating results...
✅ Done. Time cost: 0:00:47.629225

=== Rank-1 (Include identical-view cases) ===
NM: 51.534,	BG: 37.137,	CL: 15.062

=== Rank-1 (Exclude identical-view cases) ===
NM: 46.892,	BG: 33.176,	CL: 13.617

=== Rank-1 of each angle (Exclude identical-view cases) ===
NM: [35.81 44.05 48.92 50.05 49.64 48.33 52.84 55.72 50.54 45.50 34.41]
BG: [28.70 33.83 35.95 36.32 35.41 31.44 34.68 38.51 33.85 31.96 24.30]
CL: [10.32 12.57 14.10 15.52 14.28 14.68 15.54 16.29 14.61 12.83  9.05]

=== Testing checkpoint at iter 38800 ===
🔧 Initializing model...
📦 Loading model from iteration 38800...
🚀 Running inference...
📊 Evaluating results...
✅ Done. Time cost: 0:00:48.025340

=== Rank-1 (Include identical-view cases) ===
NM: 52.495,	BG: 37.977,	CL: 14.788

=== Rank-1 (Exclude identical-view cases) ===
NM: 47.920,	BG: 34.149,	CL: 13.344

=== Rank-1 of each angle (Exclude identical-view cases) ===
NM: [37.21 43.11 50.72 51.53 51.08 49.46 54.86 56.13 51.71 45.95 35.36]
BG: [30.27 33.83 37.97 37.45 36.31 33.38 35.59 39.32 34.07 32.79 24.66]
CL: [ 9.59 11.26 13.74 16.02 13.60 13.87 15.81 16.65 14.39 13.11  8.74]

=== Testing checkpoint at iter 38900 ===
🔧 Initializing model...
📦 Loading model from iteration 38900...
🚀 Running inference...
📊 Evaluating results...
✅ Done. Time cost: 0:00:47.922935

=== Rank-1 (Include identical-view cases) ===
NM: 51.091,	BG: 36.759,	CL: 14.489

=== Rank-1 (Exclude identical-view cases) ===
NM: 46.401,	BG: 32.785,	CL: 13.183

=== Rank-1 of each angle (Exclude identical-view cases) ===
NM: [34.96 41.04 47.43 49.55 50.63 49.96 54.32 54.32 49.37 44.14 34.68]
BG: [27.88 32.25 35.00 35.27 35.99 31.98 34.73 37.83 33.85 31.73 24.12]
CL: [ 9.87 11.26 14.23 15.84 13.20 14.23 15.31 16.15 13.98 12.47  8.47]

=== Testing checkpoint at iter 39000 ===
🔧 Initializing model...
📦 Loading model from iteration 39000...
🚀 Running inference...
📊 Evaluating results...
✅ Done. Time cost: 0:00:48.873010

=== Rank-1 (Include identical-view cases) ===
NM: 51.217,	BG: 37.132,	CL: 14.671

=== Rank-1 (Exclude identical-view cases) ===
NM: 46.540,	BG: 33.153,	CL: 13.285

=== Rank-1 of each angle (Exclude identical-view cases) ===
NM: [34.64 41.58 48.60 50.27 51.08 49.87 53.51 54.78 50.09 44.19 33.33]
BG: [28.83 32.75 36.58 36.68 37.88 31.71 35.18 37.78 33.30 31.19 22.80]
CL: [10.05 11.94 13.60 16.20 13.92 14.55 15.45 16.15 13.93 12.24  8.11]

=== Testing checkpoint at iter 39100 ===
🔧 Initializing model...
📦 Loading model from iteration 39100...
🚀 Running inference...
📊 Evaluating results...
✅ Done. Time cost: 0:00:48.502788

=== Rank-1 (Include identical-view cases) ===
NM: 51.910,	BG: 37.510,	CL: 14.792

=== Rank-1 (Exclude identical-view cases) ===
NM: 47.285,	BG: 33.558,	CL: 13.390

=== Rank-1 of each angle (Exclude identical-view cases) ===
NM: [36.22 42.57 49.59 51.35 51.13 49.51 54.73 54.91 50.49 45.18 34.46]
BG: [29.82 33.02 35.86 37.36 36.58 32.84 35.41 38.42 34.12 32.56 23.17]
CL: [10.18 11.22 13.78 15.11 13.78 14.01 15.27 16.43 15.38 13.43  8.70]

=== Testing checkpoint at iter 39200 ===
🔧 Initializing model...
📦 Loading model from iteration 39200...
🚀 Running inference...
📊 Evaluating results...
✅ Done. Time cost: 0:00:47.871587

=== Rank-1 (Include identical-view cases) ===
NM: 50.760,	BG: 36.569,	CL: 14.824

=== Rank-1 (Exclude identical-view cases) ===
NM: 46.040,	BG: 32.682,	CL: 13.434

=== Rank-1 of each angle (Exclude identical-view cases) ===
NM: [34.69 40.59 48.20 50.23 49.96 48.42 53.42 54.10 48.83 44.19 33.83]
BG: [28.16 32.34 35.00 36.36 35.77 31.71 35.00 37.74 33.62 31.05 22.76]
CL: [ 9.69 11.53 14.32 16.24 14.69 15.00 14.91 15.88 13.80 13.15  8.56]

=== Testing checkpoint at iter 39300 ===
🔧 Initializing model...
📦 Loading model from iteration 39300...
🚀 Running inference...
📊 Evaluating results...
✅ Done. Time cost: 0:00:47.899966

=== Rank-1 (Include identical-view cases) ===
NM: 50.775,	BG: 36.562,	CL: 14.623

=== Rank-1 (Exclude identical-view cases) ===
NM: 46.049,	BG: 32.577,	CL: 13.224

=== Rank-1 of each angle (Exclude identical-view cases) ===
NM: [33.74 41.53 48.38 48.11 50.45 47.70 52.30 54.28 49.51 45.90 34.64]
BG: [27.93 32.84 35.36 35.68 34.32 30.99 34.46 37.33 33.35 32.19 23.89]
CL: [ 9.10 12.03 13.65 15.02 14.28 14.78 14.55 16.70 13.80 12.97  8.60]

=== Testing checkpoint at iter 39400 ===
🔧 Initializing model...
📦 Loading model from iteration 39400...
🚀 Running inference...
📊 Evaluating results...
✅ Done. Time cost: 0:00:48.736616

=== Rank-1 (Include identical-view cases) ===
NM: 51.709,	BG: 37.872,	CL: 14.932

=== Rank-1 (Exclude identical-view cases) ===
NM: 47.076,	BG: 33.910,	CL: 13.532

=== Rank-1 of each angle (Exclude identical-view cases) ===
NM: [36.22 43.56 47.70 49.55 50.54 49.14 54.19 56.04 50.59 45.77 34.55]
BG: [29.24 33.15 36.53 37.55 37.43 33.56 36.31 38.60 33.98 32.51 24.16]
CL: [10.59 12.48 13.87 15.11 14.05 14.64 15.68 16.51 14.34 12.83  8.74]

=== Testing checkpoint at iter 39500 ===
🔧 Initializing model...
📦 Loading model from iteration 39500...
🚀 Running inference...
📊 Evaluating results...
✅ Done. Time cost: 0:00:49.100152

=== Rank-1 (Include identical-view cases) ===
NM: 51.120,	BG: 37.079,	CL: 14.574

=== Rank-1 (Exclude identical-view cases) ===
NM: 46.433,	BG: 33.137,	CL: 13.133

=== Rank-1 of each angle (Exclude identical-view cases) ===
NM: [36.44 40.36 48.24 50.77 50.36 48.60 53.24 54.19 50.00 44.37 34.19]
BG: [28.56 32.12 35.41 36.64 37.12 33.78 36.08 37.65 33.39 31.23 22.53]
CL: [10.13 10.99 14.19 15.97 13.87 13.96 14.59 15.56 13.98 12.56  8.65]

=== Testing checkpoint at iter 39600 ===
🔧 Initializing model...
📦 Loading model from iteration 39600...
🚀 Running inference...
📊 Evaluating results...
✅ Done. Time cost: 0:00:52.438027

=== Rank-1 (Include identical-view cases) ===
NM: 51.467,	BG: 37.222,	CL: 14.417

=== Rank-1 (Exclude identical-view cases) ===
NM: 46.818,	BG: 33.295,	CL: 13.035

=== Rank-1 of each angle (Exclude identical-view cases) ===
NM: [35.95 42.93 47.88 49.37 49.91 48.52 53.83 55.23 50.45 45.54 35.41]
BG: [29.28 33.92 35.99 36.36 35.41 32.12 35.63 37.47 33.84 32.28 23.94]
CL: [10.00 11.67 13.74 15.25 13.65 13.42 15.09 15.56 13.89 12.47  8.65]

=== Testing checkpoint at iter 39700 ===
🔧 Initializing model...
📦 Loading model from iteration 39700...
🚀 Running inference...
📊 Evaluating results...
✅ Done. Time cost: 0:00:50.778127

=== Rank-1 (Include identical-view cases) ===
NM: 51.694,	BG: 37.479,	CL: 14.552

=== Rank-1 (Exclude identical-view cases) ===
NM: 47.060,	BG: 33.573,	CL: 13.130

=== Rank-1 of each angle (Exclude identical-view cases) ===
NM: [35.99 42.07 48.11 50.27 51.31 49.28 54.50 55.67 50.45 45.77 34.23]
BG: [29.96 33.51 36.04 36.05 36.58 32.66 35.95 38.82 33.80 31.69 24.25]
CL: [ 9.55 10.68 13.78 14.88 14.32 14.23 15.14 15.97 13.89 13.02  8.96]

=== Testing checkpoint at iter 39800 ===
🔧 Initializing model...
📦 Loading model from iteration 39800...
🚀 Running inference...
📊 Evaluating results...
✅ Done. Time cost: 0:00:51.677468

=== Rank-1 (Include identical-view cases) ===
NM: 51.645,	BG: 37.492,	CL: 14.672

=== Rank-1 (Exclude identical-view cases) ===
NM: 46.994,	BG: 33.505,	CL: 13.307

=== Rank-1 of each angle (Exclude identical-view cases) ===
NM: [34.59 41.53 48.24 51.08 51.40 49.59 54.23 55.41 51.26 45.14 34.46]
BG: [28.29 32.39 35.86 37.68 36.80 33.11 35.50 39.23 34.25 31.60 23.85]
CL: [ 9.28 11.53 14.05 15.84 14.32 14.60 15.18 15.97 13.80 13.06  8.74]

=== Testing checkpoint at iter 39900 ===
🔧 Initializing model...
📦 Loading model from iteration 39900...
🚀 Running inference...
📊 Evaluating results...
✅ Done. Time cost: 0:00:50.332786

=== Rank-1 (Include identical-view cases) ===
NM: 51.705,	BG: 37.800,	CL: 14.992

=== Rank-1 (Exclude identical-view cases) ===
NM: 47.056,	BG: 33.885,	CL: 13.594

=== Rank-1 of each angle (Exclude identical-view cases) ===
NM: [35.36 42.97 48.33 49.73 50.90 49.05 54.86 55.50 50.41 45.63 34.86]
BG: [28.74 34.23 36.80 36.45 36.53 33.87 35.99 39.09 34.07 32.60 24.34]
CL: [10.41 11.31 13.96 15.75 13.69 15.23 15.41 16.74 14.93 12.97  9.14]

=== Testing checkpoint at iter 40000 ===
🔧 Initializing model...
📦 Loading model from iteration 40000...
🚀 Running inference...
📊 Evaluating results...
✅ Done. Time cost: 0:00:51.605580

=== Rank-1 (Include identical-view cases) ===
NM: 52.055,	BG: 37.561,	CL: 14.433

=== Rank-1 (Exclude identical-view cases) ===
NM: 47.441,	BG: 33.614,	CL: 13.118

=== Rank-1 of each angle (Exclude identical-view cases) ===
NM: [36.58 42.61 49.06 50.36 51.53 49.77 54.64 55.59 51.49 45.27 34.95]
BG: [28.83 34.28 36.49 37.09 36.62 32.70 35.45 39.00 33.76 31.55 23.98]
CL: [10.72 10.99 13.15 15.79 13.38 14.28 14.91 15.75 13.48 12.79  9.06]

=== Testing checkpoint at iter 40100 ===
🔧 Initializing model...
📦 Loading model from iteration 40100...
🚀 Running inference...
📊 Evaluating results...
✅ Done. Time cost: 0:00:48.808167

=== Rank-1 (Include identical-view cases) ===
NM: 50.856,	BG: 37.005,	CL: 14.360

=== Rank-1 (Exclude identical-view cases) ===
NM: 46.171,	BG: 33.010,	CL: 13.029

=== Rank-1 of each angle (Exclude identical-view cases) ===
NM: [34.69 41.76 47.88 48.33 49.28 48.24 53.06 54.50 50.49 45.86 33.79]
BG: [29.01 33.51 36.04 35.50 35.18 31.40 35.36 38.19 33.53 31.87 23.53]
CL: [ 8.51 11.08 13.69 15.52 12.79 13.92 14.73 16.52 14.07 13.75  8.74]

=== Testing checkpoint at iter 40200 ===
🔧 Initializing model...
📦 Loading model from iteration 40200...
🚀 Running inference...
📊 Evaluating results...
✅ Done. Time cost: 0:00:47.908039

=== Rank-1 (Include identical-view cases) ===
NM: 51.646,	BG: 36.940,	CL: 14.284

=== Rank-1 (Exclude identical-view cases) ===
NM: 46.995,	BG: 33.045,	CL: 12.941

=== Rank-1 of each angle (Exclude identical-view cases) ===
NM: [36.49 42.57 47.75 48.60 51.17 49.42 53.83 55.54 50.59 45.63 35.36]
BG: [28.83 32.57 35.68 35.86 35.27 32.03 35.00 38.73 33.17 32.47 23.89]
CL: [ 9.46 11.40 13.56 15.29 12.48 13.83 15.31 15.38 14.07 12.79  8.79]

=== Testing checkpoint at iter 40300 ===
🔧 Initializing model...
📦 Loading model from iteration 40300...
🚀 Running inference...
📊 Evaluating results...
✅ Done. Time cost: 0:00:47.850824

=== Rank-1 (Include identical-view cases) ===
NM: 52.074,	BG: 37.906,	CL: 14.664

=== Rank-1 (Exclude identical-view cases) ===
NM: 47.465,	BG: 34.006,	CL: 13.281

=== Rank-1 of each angle (Exclude identical-view cases) ===
NM: [36.49 42.88 48.78 51.44 51.31 49.55 54.91 55.86 50.86 45.95 34.10]
BG: [28.88 33.78 37.21 38.41 37.52 32.48 36.04 40.27 34.25 31.87 23.35]
CL: [10.54 11.89 14.01 15.75 14.23 13.96 15.18 15.16 13.89 12.74  8.74]

=== Testing checkpoint at iter 40400 ===
🔧 Initializing model...
📦 Loading model from iteration 40400...
🚀 Running inference...
📊 Evaluating results...
✅ Done. Time cost: 0:00:48.041687

=== Rank-1 (Include identical-view cases) ===
NM: 51.080,	BG: 36.416,	CL: 14.575

=== Rank-1 (Exclude identical-view cases) ===
NM: 46.380,	BG: 32.428,	CL: 13.164

=== Rank-1 of each angle (Exclude identical-view cases) ===
NM: [34.50 42.07 46.76 49.50 50.77 48.96 53.11 55.45 50.14 44.32 34.59]
BG: [28.11 32.16 34.77 36.23 35.95 30.76 33.78 37.65 32.63 31.09 23.58]
CL: [10.05 11.76 13.92 15.66 13.24 13.33 14.82 16.20 14.16 12.92  8.74]

=== Testing checkpoint at iter 40500 ===
🔧 Initializing model...
📦 Loading model from iteration 40500...
🚀 Running inference...
📊 Evaluating results...
✅ Done. Time cost: 0:00:50.200727

=== Rank-1 (Include identical-view cases) ===
NM: 52.085,	BG: 37.151,	CL: 14.306

=== Rank-1 (Exclude identical-view cases) ===
NM: 47.494,	BG: 33.327,	CL: 12.950

=== Rank-1 of each angle (Exclude identical-view cases) ===
NM: [36.80 43.33 49.41 50.40 50.63 49.91 55.00 55.45 51.22 45.05 35.22]
BG: [29.14 32.57 37.66 37.91 36.08 32.30 34.82 37.65 33.62 31.60 23.26]
CL: [ 9.69 10.68 14.23 16.29 12.93 13.47 14.28 15.75 14.30 12.56  8.29]

=== Testing checkpoint at iter 40600 ===
🔧 Initializing model...
📦 Loading model from iteration 40600...
🚀 Running inference...
📊 Evaluating results...
✅ Done. Time cost: 0:00:50.300463

=== Rank-1 (Include identical-view cases) ===
NM: 50.979,	BG: 36.857,	CL: 14.183

=== Rank-1 (Exclude identical-view cases) ===
NM: 46.294,	BG: 32.889,	CL: 12.773

=== Rank-1 of each angle (Exclude identical-view cases) ===
NM: [34.59 41.94 47.25 48.92 49.55 48.06 53.29 54.69 50.23 45.54 35.18]
BG: [27.80 33.60 35.99 37.77 35.99 31.62 33.96 37.78 32.89 31.60 22.76]
CL: [ 9.19 11.04 13.92 15.11 12.79 13.83 14.82 15.07 13.35 12.97  8.42]

=== Testing checkpoint at iter 40700 ===
🔧 Initializing model...
📦 Loading model from iteration 40700...
🚀 Running inference...
📊 Evaluating results...
✅ Done. Time cost: 0:00:50.200214

=== Rank-1 (Include identical-view cases) ===
NM: 52.062,	BG: 37.389,	CL: 14.507

=== Rank-1 (Exclude identical-view cases) ===
NM: 47.448,	BG: 33.532,	CL: 13.171

=== Rank-1 of each angle (Exclude identical-view cases) ===
NM: [36.35 43.78 48.29 51.62 51.40 49.55 54.95 55.41 51.22 44.82 34.55]
BG: [28.78 33.33 36.53 38.18 37.30 32.84 35.59 40.09 32.94 31.00 22.26]
CL: [ 9.78 11.53 14.50 16.38 12.97 13.92 15.32 15.16 13.94 12.92  8.47]

=== Testing checkpoint at iter 40800 ===
🔧 Initializing model...
📦 Loading model from iteration 40800...
🚀 Running inference...
📊 Evaluating results...
✅ Done. Time cost: 0:00:49.054916

=== Rank-1 (Include identical-view cases) ===
NM: 52.160,	BG: 37.671,	CL: 14.582

=== Rank-1 (Exclude identical-view cases) ===
NM: 47.580,	BG: 33.833,	CL: 13.204

=== Rank-1 of each angle (Exclude identical-view cases) ===
NM: [36.98 43.51 49.37 51.85 51.26 49.14 53.78 56.40 50.90 45.68 34.50]
BG: [29.19 33.24 37.21 37.63 37.39 31.94 35.13 40.18 34.34 32.05 23.85]
CL: [10.41 11.71 14.32 15.57 13.38 13.78 15.32 15.97 13.39 12.92  8.47]

=== Testing checkpoint at iter 40900 ===
🔧 Initializing model...
📦 Loading model from iteration 40900...
🚀 Running inference...
📊 Evaluating results...
✅ Done. Time cost: 0:00:47.992618

=== Rank-1 (Include identical-view cases) ===
NM: 51.925,	BG: 37.020,	CL: 14.686

=== Rank-1 (Exclude identical-view cases) ===
NM: 47.326,	BG: 33.179,	CL: 13.294

=== Rank-1 of each angle (Exclude identical-view cases) ===
NM: [36.26 42.57 49.87 50.14 51.08 50.23 54.64 55.99 50.81 44.28 34.73]
BG: [29.55 32.25 36.04 37.32 36.67 31.53 34.64 39.95 33.35 30.32 23.35]
CL: [ 9.60 11.62 14.32 16.02 13.52 14.14 15.68 16.15 14.21 12.15  8.83]

=== Testing checkpoint at iter 41000 ===
🔧 Initializing model...
📦 Loading model from iteration 41000...
🚀 Running inference...
📊 Evaluating results...
✅ Done. Time cost: 0:00:47.542990

=== Rank-1 (Include identical-view cases) ===
NM: 52.022,	BG: 37.998,	CL: 14.430

=== Rank-1 (Exclude identical-view cases) ===
NM: 47.424,	BG: 34.050,	CL: 13.036

=== Rank-1 of each angle (Exclude identical-view cases) ===
NM: [35.81 42.12 49.05 51.30 51.53 49.33 55.00 56.26 51.08 45.00 35.18]
BG: [28.83 33.20 36.89 36.82 37.97 33.20 35.99 40.82 35.93 31.46 23.44]
CL: [ 9.50 10.63 13.83 15.25 13.33 14.24 15.00 16.15 13.71 12.79  8.96]

=== Testing checkpoint at iter 41100 ===
🔧 Initializing model...
📦 Loading model from iteration 41100...
🚀 Running inference...
📊 Evaluating results...
✅ Done. Time cost: 0:00:49.355017

=== Rank-1 (Include identical-view cases) ===
NM: 52.848,	BG: 38.076,	CL: 14.925

=== Rank-1 (Exclude identical-view cases) ===
NM: 48.321,	BG: 34.160,	CL: 13.516

=== Rank-1 of each angle (Exclude identical-view cases) ===
NM: [37.52 44.19 50.95 52.03 51.94 51.30 55.72 56.49 51.58 44.64 35.18]
BG: [29.46 33.60 37.97 37.86 38.15 33.74 36.62 39.41 33.57 32.19 23.17]
CL: [10.50 10.90 14.23 15.88 14.14 14.28 16.26 16.47 14.07 13.01  8.92]

=== Testing checkpoint at iter 41200 ===
🔧 Initializing model...
📦 Loading model from iteration 41200...
🚀 Running inference...
📊 Evaluating results...
✅ Done. Time cost: 0:00:47.802993

=== Rank-1 (Include identical-view cases) ===
NM: 51.337,	BG: 37.013,	CL: 14.691

=== Rank-1 (Exclude identical-view cases) ===
NM: 46.655,	BG: 33.019,	CL: 13.357

=== Rank-1 of each angle (Exclude identical-view cases) ===
NM: [34.41 42.21 49.01 49.59 50.36 48.78 53.15 55.63 50.36 45.86 33.83]
BG: [27.88 33.02 35.77 36.63 35.59 32.30 34.41 38.64 34.43 31.28 23.26]
CL: [ 9.60 10.95 14.50 15.79 13.56 14.14 15.32 16.65 14.07 13.24  9.10]

=== Testing checkpoint at iter 41300 ===
🔧 Initializing model...
📦 Loading model from iteration 41300...
🚀 Running inference...
📊 Evaluating results...
✅ Done. Time cost: 0:00:47.373243

=== Rank-1 (Include identical-view cases) ===
NM: 51.709,	BG: 37.664,	CL: 14.851

=== Rank-1 (Exclude identical-view cases) ===
NM: 47.089,	BG: 33.776,	CL: 13.504

=== Rank-1 of each angle (Exclude identical-view cases) ===
NM: [35.59 42.57 49.55 49.96 50.54 48.92 53.83 55.99 50.63 45.05 35.36]
BG: [29.19 33.33 36.94 37.68 36.08 32.21 35.63 40.45 34.71 32.14 23.17]
CL: [10.45 11.22 14.68 15.70 14.01 14.64 15.72 16.15 14.12 13.11  8.74]

=== Testing checkpoint at iter 41400 ===
🔧 Initializing model...
📦 Loading model from iteration 41400...
🚀 Running inference...
📊 Evaluating results...
✅ Done. Time cost: 0:00:48.118364

=== Rank-1 (Include identical-view cases) ===
NM: 51.943,	BG: 37.650,	CL: 14.675

=== Rank-1 (Exclude identical-view cases) ===
NM: 47.338,	BG: 33.740,	CL: 13.286

=== Rank-1 of each angle (Exclude identical-view cases) ===
NM: [37.66 42.25 49.55 51.26 51.35 49.19 54.96 55.36 50.27 44.14 34.73]
BG: [29.51 32.75 36.94 37.09 37.79 32.93 35.63 39.68 34.43 30.36 24.03]
CL: [ 9.82 10.99 14.73 16.42 13.47 14.15 15.36 16.38 13.62 12.28  8.92]

=== Testing checkpoint at iter 41500 ===
🔧 Initializing model...
📦 Loading model from iteration 41500...
🚀 Running inference...
📊 Evaluating results...
✅ Done. Time cost: 0:00:49.312347

=== Rank-1 (Include identical-view cases) ===
NM: 51.612,	BG: 36.974,	CL: 14.615

=== Rank-1 (Exclude identical-view cases) ===
NM: 46.998,	BG: 33.083,	CL: 13.244

=== Rank-1 of each angle (Exclude identical-view cases) ===
NM: [35.99 43.20 48.06 51.76 50.05 48.65 54.32 55.77 50.63 44.59 33.96]
BG: [29.55 32.61 36.17 35.95 36.22 32.70 35.00 38.51 34.12 29.86 23.21]
CL: [ 9.78 11.08 14.32 15.29 13.60 14.42 15.90 16.88 13.84 12.10  8.47]

=== Testing checkpoint at iter 41600 ===
🔧 Initializing model...
📦 Loading model from iteration 41600...
🚀 Running inference...
📊 Evaluating results...
✅ Done. Time cost: 0:00:47.511559

=== Rank-1 (Include identical-view cases) ===
NM: 51.522,	BG: 36.848,	CL: 14.455

=== Rank-1 (Exclude identical-view cases) ===
NM: 46.900,	BG: 33.019,	CL: 13.129

=== Rank-1 of each angle (Exclude identical-view cases) ===
NM: [36.71 43.74 48.29 49.82 49.69 48.15 53.24 54.51 50.72 45.54 35.50]
BG: [29.91 33.29 36.03 36.09 35.09 30.72 34.69 38.55 33.44 31.51 23.89]
CL: [ 9.87 11.44 14.19 15.79 13.29 14.01 15.13 15.70 13.84 12.24  8.92]

=== Testing checkpoint at iter 41700 ===
🔧 Initializing model...
📦 Loading model from iteration 41700...
🚀 Running inference...
📊 Evaluating results...
✅ Done. Time cost: 0:00:47.273710

=== Rank-1 (Include identical-view cases) ===
NM: 51.292,	BG: 37.103,	CL: 14.777

=== Rank-1 (Exclude identical-view cases) ===
NM: 46.618,	BG: 33.147,	CL: 13.414

=== Rank-1 of each angle (Exclude identical-view cases) ===
NM: [35.09 42.93 47.75 51.44 50.32 48.43 53.65 55.59 49.28 44.86 33.47]
BG: [28.51 32.48 35.81 37.27 36.58 32.39 34.05 39.50 33.71 31.42 22.90]
CL: [10.05 11.76 14.86 16.06 13.24 13.38 15.99 16.29 13.62 13.70  8.61]

=== Testing checkpoint at iter 41800 ===
🔧 Initializing model...
📦 Loading model from iteration 41800...
🚀 Running inference...
📊 Evaluating results...
✅ Done. Time cost: 0:00:49.233278

=== Rank-1 (Include identical-view cases) ===
NM: 52.137,	BG: 38.114,	CL: 14.721

=== Rank-1 (Exclude identical-view cases) ===
NM: 47.531,	BG: 34.251,	CL: 13.406

=== Rank-1 of each angle (Exclude identical-view cases) ===
NM: [37.61 43.47 49.37 51.58 50.86 49.51 54.19 55.27 50.63 46.67 33.69]
BG: [30.72 32.84 37.61 38.55 36.80 33.83 35.95 39.95 34.75 32.14 23.62]
CL: [10.50 10.99 14.28 16.29 13.78 13.43 15.90 16.11 14.16 13.43  8.60]

=== Testing checkpoint at iter 41900 ===
🔧 Initializing model...
📦 Loading model from iteration 41900...
🚀 Running inference...
📊 Evaluating results...
✅ Done. Time cost: 0:00:47.915290

=== Rank-1 (Include identical-view cases) ===
NM: 52.513,	BG: 37.503,	CL: 14.623

=== Rank-1 (Exclude identical-view cases) ===
NM: 47.957,	BG: 33.669,	CL: 13.331

=== Rank-1 of each angle (Exclude identical-view cases) ===
NM: [38.02 44.10 50.72 51.49 51.58 49.91 54.59 56.04 50.49 45.86 34.73]
BG: [29.60 33.33 36.71 37.59 36.40 32.52 34.82 39.68 33.80 32.01 23.89]
CL: [10.77 11.17 14.32 16.38 13.42 14.10 15.90 16.29 13.30 12.60  8.38]

=== Testing checkpoint at iter 42000 ===
🔧 Initializing model...
📦 Loading model from iteration 42000...
🚀 Running inference...
📊 Evaluating results...
✅ Done. Time cost: 0:00:52.382916

=== Rank-1 (Include identical-view cases) ===
NM: 51.537,	BG: 37.292,	CL: 14.463

=== Rank-1 (Exclude identical-view cases) ===
NM: 46.871,	BG: 33.396,	CL: 13.158

=== Rank-1 of each angle (Exclude identical-view cases) ===
NM: [36.35 42.57 49.01 50.94 50.32 48.56 53.06 54.55 51.03 44.64 34.55]
BG: [29.41 32.70 36.85 36.36 36.04 32.70 36.04 38.19 34.52 31.14 23.39]
CL: [ 9.96 10.45 14.37 15.02 13.92 14.28 15.90 16.47 14.21 12.10  8.06]

=== Testing checkpoint at iter 42100 ===
🔧 Initializing model...
📦 Loading model from iteration 42100...
🚀 Running inference...
📊 Evaluating results...
✅ Done. Time cost: 0:00:51.108961

=== Rank-1 (Include identical-view cases) ===
NM: 51.750,	BG: 37.417,	CL: 14.467

=== Rank-1 (Exclude identical-view cases) ===
NM: 47.101,	BG: 33.557,	CL: 13.142

=== Rank-1 of each angle (Exclude identical-view cases) ===
NM: [35.45 41.44 50.00 51.35 50.45 48.20 55.04 56.26 50.72 44.37 34.82]
BG: [29.55 32.52 37.03 38.18 36.80 32.21 35.59 38.91 33.57 31.69 23.08]
CL: [ 9.73 11.04 14.50 15.84 12.93 13.83 15.22 16.52 13.76 12.69  8.51]

=== Testing checkpoint at iter 42200 ===
🔧 Initializing model...
📦 Loading model from iteration 42200...
🚀 Running inference...
📊 Evaluating results...
✅ Done. Time cost: 0:00:50.655978

=== Rank-1 (Include identical-view cases) ===
NM: 50.894,	BG: 36.430,	CL: 14.309

=== Rank-1 (Exclude identical-view cases) ===
NM: 46.167,	BG: 32.468,	CL: 12.949

=== Rank-1 of each angle (Exclude identical-view cases) ===
NM: [33.52 40.90 47.61 50.05 50.86 48.29 53.51 54.73 49.46 45.36 33.56]
BG: [28.65 32.07 35.77 35.45 35.18 30.81 34.55 37.60 33.85 30.78 22.44]
CL: [ 9.59 10.63 14.32 16.02 12.93 13.51 15.63 16.02 13.80 11.83  8.15]

=== Testing checkpoint at iter 42300 ===
🔧 Initializing model...
📦 Loading model from iteration 42300...
🚀 Running inference...
📊 Evaluating results...
✅ Done. Time cost: 0:00:50.107983

=== Rank-1 (Include identical-view cases) ===
NM: 50.570,	BG: 36.345,	CL: 14.331

=== Rank-1 (Exclude identical-view cases) ===
NM: 45.803,	BG: 32.416,	CL: 12.945

=== Rank-1 of each angle (Exclude identical-view cases) ===
NM: [34.95 42.25 47.75 48.11 49.28 47.93 51.12 53.11 49.91 45.32 34.10]
BG: [28.78 32.12 35.36 35.59 35.04 30.49 34.01 37.33 33.35 31.60 22.89]
CL: [ 9.55 10.95 13.83 15.75 14.05 14.60 14.64 15.75 13.16 12.10  8.02]

=== Testing checkpoint at iter 42400 ===
🔧 Initializing model...
📦 Loading model from iteration 42400...
🚀 Running inference...
📊 Evaluating results...
✅ Done. Time cost: 0:00:50.767928

=== Rank-1 (Include identical-view cases) ===
NM: 51.455,	BG: 36.672,	CL: 14.372

=== Rank-1 (Exclude identical-view cases) ===
NM: 46.793,	BG: 32.763,	CL: 12.969

=== Rank-1 of each angle (Exclude identical-view cases) ===
NM: [34.10 42.30 47.84 49.32 50.95 49.46 54.05 54.86 51.22 45.41 35.23]
BG: [27.61 32.30 36.62 36.63 37.07 31.66 34.91 37.65 32.53 31.05 22.35]
CL: [10.05 10.41 13.83 15.79 13.78 13.06 15.63 15.88 13.44 12.51  8.29]

=== Testing checkpoint at iter 42500 ===
🔧 Initializing model...
📦 Loading model from iteration 42500...
🚀 Running inference...
📊 Evaluating results...
✅ Done. Time cost: 0:00:49.586856

=== Rank-1 (Include identical-view cases) ===
NM: 51.973,	BG: 37.442,	CL: 14.310

=== Rank-1 (Exclude identical-view cases) ===
NM: 47.367,	BG: 33.586,	CL: 12.991

=== Rank-1 of each angle (Exclude identical-view cases) ===
NM: [38.11 43.47 49.28 49.64 50.50 48.97 53.92 55.77 51.17 45.90 34.32]
BG: [30.13 34.10 36.67 37.23 36.40 32.07 34.73 38.51 33.75 31.83 24.03]
CL: [10.99 10.59 13.65 15.34 13.11 13.42 14.87 15.79 14.11 12.69  8.34]

=== Testing checkpoint at iter 42600 ===
🔧 Initializing model...
📦 Loading model from iteration 42600...
🚀 Running inference...
📊 Evaluating results...
✅ Done. Time cost: 0:00:47.658008

=== Rank-1 (Include identical-view cases) ===
NM: 50.704,	BG: 36.705,	CL: 13.939

=== Rank-1 (Exclude identical-view cases) ===
NM: 45.967,	BG: 32.701,	CL: 12.484

=== Rank-1 of each angle (Exclude identical-view cases) ===
NM: [33.24 41.80 48.29 48.87 50.72 49.23 54.05 54.32 48.83 43.97 32.30]
BG: [27.43 32.52 37.03 35.82 36.04 31.80 35.59 37.69 32.85 30.41 22.53]
CL: [ 9.19  9.96 13.42 14.88 13.92 13.47 14.78 15.97 12.81 11.10  7.84]

=== Testing checkpoint at iter 42700 ===
🔧 Initializing model...
📦 Loading model from iteration 42700...
🚀 Running inference...
📊 Evaluating results...
✅ Done. Time cost: 0:00:48.010307

=== Rank-1 (Include identical-view cases) ===
NM: 51.258,	BG: 36.882,	CL: 14.246

=== Rank-1 (Exclude identical-view cases) ===
NM: 46.560,	BG: 32.920,	CL: 12.896

=== Rank-1 of each angle (Exclude identical-view cases) ===
NM: [34.77 41.98 47.43 49.55 50.99 49.42 53.69 55.18 50.23 44.82 34.10]
BG: [27.39 32.88 35.81 35.91 36.22 31.94 35.99 37.78 33.85 31.28 23.08]
CL: [10.00 11.31 13.33 15.61 13.56 12.93 14.42 15.88 13.35 12.51  8.96]

=== Testing checkpoint at iter 42800 ===
🔧 Initializing model...
📦 Loading model from iteration 42800...
🚀 Running inference...
📊 Evaluating results...
✅ Done. Time cost: 0:00:49.233410

=== Rank-1 (Include identical-view cases) ===
NM: 51.850,	BG: 37.445,	CL: 14.392

=== Rank-1 (Exclude identical-view cases) ===
NM: 47.211,	BG: 33.544,	CL: 13.044

=== Rank-1 of each angle (Exclude identical-view cases) ===
NM: [37.48 42.57 49.55 51.26 50.95 48.96 53.56 54.95 50.59 45.77 33.69]
BG: [30.36 34.59 36.08 37.09 35.95 31.76 35.23 39.14 33.89 31.19 23.71]
CL: [10.95 10.99 13.65 16.11 12.97 13.69 14.96 15.52 13.30 12.60  8.74]

=== Testing checkpoint at iter 42900 ===
🔧 Initializing model...
📦 Loading model from iteration 42900...
🚀 Running inference...
📊 Evaluating results...
✅ Done. Time cost: 0:00:47.809301

=== Rank-1 (Include identical-view cases) ===
NM: 51.366,	BG: 37.229,	CL: 14.078

=== Rank-1 (Exclude identical-view cases) ===
NM: 46.675,	BG: 33.207,	CL: 12.719

=== Rank-1 of each angle (Exclude identical-view cases) ===
NM: [35.59 41.85 47.16 49.91 50.90 49.50 53.78 54.32 50.68 45.54 34.19]
BG: [27.88 33.47 36.04 36.45 35.81 32.48 36.31 39.09 34.17 30.91 22.67]
CL: [ 9.60 11.22 13.20 15.20 12.84 14.19 14.78 15.43 12.76 11.92  8.79]

=== Testing checkpoint at iter 43000 ===
🔧 Initializing model...
📦 Loading model from iteration 43000...
🚀 Running inference...
📊 Evaluating results...
✅ Done. Time cost: 0:00:48.220716

=== Rank-1 (Include identical-view cases) ===
NM: 51.404,	BG: 36.837,	CL: 14.186

=== Rank-1 (Exclude identical-view cases) ===
NM: 46.724,	BG: 32.789,	CL: 12.801

=== Rank-1 of each angle (Exclude identical-view cases) ===
NM: [34.55 42.21 48.96 49.41 50.95 49.28 54.77 54.69 49.59 45.59 33.96]
BG: [27.61 32.30 36.08 36.36 35.40 31.71 35.45 37.83 33.48 31.41 23.03]
CL: [ 9.60 10.90 13.38 14.84 12.75 13.38 15.41 16.20 13.48 12.01  8.88]

=== Testing checkpoint at iter 43100 ===
🔧 Initializing model...
📦 Loading model from iteration 43100...
🚀 Running inference...
📊 Evaluating results...
✅ Done. Time cost: 0:00:49.889423

=== Rank-1 (Include identical-view cases) ===
NM: 50.662,	BG: 36.733,	CL: 14.316

=== Rank-1 (Exclude identical-view cases) ===
NM: 45.900,	BG: 32.727,	CL: 12.883

=== Rank-1 of each angle (Exclude identical-view cases) ===
NM: [33.74 41.31 46.94 49.10 50.09 47.34 52.66 53.83 50.72 44.68 34.50]
BG: [27.16 33.56 35.41 37.27 35.00 30.72 34.82 38.51 34.21 30.27 23.08]
CL: [10.14 11.31 13.69 15.25 13.56 13.02 15.09 14.75 13.57 12.33  9.01]

=== Testing checkpoint at iter 43200 ===
🔧 Initializing model...
📦 Loading model from iteration 43200...
🚀 Running inference...
📊 Evaluating results...
✅ Done. Time cost: 0:00:48.554498

=== Rank-1 (Include identical-view cases) ===
NM: 51.013,	BG: 36.827,	CL: 14.380

=== Rank-1 (Exclude identical-view cases) ===
NM: 46.286,	BG: 32.827,	CL: 12.961

=== Rank-1 of each angle (Exclude identical-view cases) ===
NM: [34.28 41.62 47.52 49.87 50.32 48.51 53.83 54.05 49.46 45.50 34.19]
BG: [27.52 32.12 35.59 36.41 35.72 31.12 34.95 38.73 34.39 31.37 23.17]
CL: [ 9.51 10.95 13.60 15.34 13.60 14.41 15.41 15.84 13.35 12.05  8.51]

=== Testing checkpoint at iter 43300 ===
🔧 Initializing model...
📦 Loading model from iteration 43300...
🚀 Running inference...
📊 Evaluating results...
✅ Done. Time cost: 0:00:47.952996

=== Rank-1 (Include identical-view cases) ===
NM: 51.466,	BG: 36.990,	CL: 14.526

=== Rank-1 (Exclude identical-view cases) ===
NM: 46.805,	BG: 33.076,	CL: 13.159

=== Rank-1 of each angle (Exclude identical-view cases) ===
NM: [35.99 42.07 47.79 50.04 50.81 49.28 54.46 54.82 51.17 44.82 33.60]
BG: [29.24 32.20 35.27 37.41 36.62 31.85 34.41 39.00 34.21 31.41 22.22]
CL: [10.00 10.86 13.96 15.75 13.96 13.38 15.32 16.38 14.07 12.38  8.69]

=== Testing checkpoint at iter 43400 ===
🔧 Initializing model...
📦 Loading model from iteration 43400...
🚀 Running inference...
📊 Evaluating results...
✅ Done. Time cost: 0:00:48.878417

=== Rank-1 (Include identical-view cases) ===
NM: 51.586,	BG: 37.392,	CL: 14.206

=== Rank-1 (Exclude identical-view cases) ===
NM: 46.920,	BG: 33.469,	CL: 12.868

=== Rank-1 of each angle (Exclude identical-view cases) ===
NM: [37.03 41.71 48.20 50.72 50.68 48.92 53.87 55.09 50.59 44.64 34.69]
BG: [30.18 32.93 36.71 36.68 36.89 32.25 36.35 38.73 33.93 30.82 22.67]
CL: [ 9.69 10.90 13.47 15.38 13.42 13.60 15.23 15.75 13.44 12.47  8.20]

=== Testing checkpoint at iter 43500 ===
🔧 Initializing model...
📦 Loading model from iteration 43500...
🚀 Running inference...
📊 Evaluating results...
✅ Done. Time cost: 0:00:52.123298

=== Rank-1 (Include identical-view cases) ===
NM: 51.608,	BG: 37.090,	CL: 14.403

=== Rank-1 (Exclude identical-view cases) ===
NM: 46.933,	BG: 33.145,	CL: 13.089

=== Rank-1 of each angle (Exclude identical-view cases) ===
NM: [35.04 44.19 48.78 50.72 49.41 48.96 53.74 54.82 50.00 45.68 34.91]
BG: [28.42 32.97 37.30 36.27 36.17 31.85 35.72 37.51 33.80 31.41 23.17]
CL: [ 9.10 11.22 14.68 15.93 13.33 13.78 15.22 16.02 13.71 12.33  8.65]

=== Testing checkpoint at iter 43600 ===
🔧 Initializing model...
📦 Loading model from iteration 43600...
🚀 Running inference...
📊 Evaluating results...
✅ Done. Time cost: 0:00:50.670738

=== Rank-1 (Include identical-view cases) ===
NM: 52.059,	BG: 37.185,	CL: 14.694

=== Rank-1 (Exclude identical-view cases) ===
NM: 47.457,	BG: 33.290,	CL: 13.392

=== Rank-1 of each angle (Exclude identical-view cases) ===
NM: [37.48 44.78 48.42 51.44 50.68 48.96 53.56 54.59 50.67 46.53 34.91]
BG: [29.51 33.74 36.04 36.91 35.95 31.31 34.46 39.28 33.98 31.69 23.35]
CL: [10.63 12.66 13.60 16.02 13.83 14.28 15.14 15.38 13.75 13.06  8.96]

=== Testing checkpoint at iter 43700 ===
🔧 Initializing model...
📦 Loading model from iteration 43700...
🚀 Running inference...
📊 Evaluating results...
✅ Done. Time cost: 0:00:51.800588

=== Rank-1 (Include identical-view cases) ===
NM: 51.255,	BG: 37.184,	CL: 14.477

=== Rank-1 (Exclude identical-view cases) ===
NM: 46.565,	BG: 33.261,	CL: 13.129

=== Rank-1 of each angle (Exclude identical-view cases) ===
NM: [36.40 42.66 47.88 48.47 49.96 49.91 53.20 54.59 49.91 44.50 34.73]
BG: [30.18 32.57 35.86 37.64 36.76 31.40 35.14 39.23 33.58 31.00 22.53]
CL: [10.41 11.13 13.33 16.33 14.32 13.96 14.96 15.84 13.21 12.46  8.47]

=== Testing checkpoint at iter 43800 ===
🔧 Initializing model...
📦 Loading model from iteration 43800...
🚀 Running inference...
📊 Evaluating results...
✅ Done. Time cost: 0:00:50.095605

=== Rank-1 (Include identical-view cases) ===
NM: 51.530,	BG: 37.355,	CL: 14.941

=== Rank-1 (Exclude identical-view cases) ===
NM: 46.888,	BG: 33.412,	CL: 13.619

=== Rank-1 of each angle (Exclude identical-view cases) ===
NM: [35.32 44.68 48.69 50.05 50.59 48.42 54.37 55.31 49.78 44.69 33.87]
BG: [28.42 33.83 36.35 36.14 37.03 32.48 35.18 39.91 34.70 30.87 22.62]
CL: [10.23 11.67 15.14 16.15 13.74 14.42 14.86 16.52 14.25 13.24  9.59]

=== Testing checkpoint at iter 43900 ===
🔧 Initializing model...
📦 Loading model from iteration 43900...
🚀 Running inference...
📊 Evaluating results...
✅ Done. Time cost: 0:00:48.523324

=== Rank-1 (Include identical-view cases) ===
NM: 51.311,	BG: 37.095,	CL: 14.515

=== Rank-1 (Exclude identical-view cases) ===
NM: 46.646,	BG: 33.122,	CL: 13.159

=== Rank-1 of each angle (Exclude identical-view cases) ===
NM: [35.23 43.02 47.75 49.73 50.18 48.70 53.60 55.45 49.69 45.63 34.14]
BG: [28.65 32.70 35.72 36.14 36.35 31.31 35.81 38.51 34.21 31.37 23.57]
CL: [10.14 11.31 13.96 14.97 13.20 14.10 15.23 16.02 13.48 13.29  9.06]

=== Testing checkpoint at iter 44000 ===
🔧 Initializing model...
📦 Loading model from iteration 44000...
🚀 Running inference...
📊 Evaluating results...
✅ Done. Time cost: 0:00:47.617635

=== Rank-1 (Include identical-view cases) ===
NM: 51.117,	BG: 37.241,	CL: 14.193

=== Rank-1 (Exclude identical-view cases) ===
NM: 46.421,	BG: 33.265,	CL: 12.875

=== Rank-1 of each angle (Exclude identical-view cases) ===
NM: [36.22 41.62 47.84 47.30 50.18 49.69 54.10 54.55 49.55 45.59 34.01]
BG: [29.14 32.34 35.90 36.18 36.71 32.43 34.78 39.14 35.20 31.23 22.85]
CL: [10.27 10.36 13.87 15.11 12.93 13.83 14.82 15.65 13.62 12.19  8.96]

=== Testing checkpoint at iter 44100 ===
🔧 Initializing model...
📦 Loading model from iteration 44100...
🚀 Running inference...
📊 Evaluating results...
✅ Done. Time cost: 0:00:47.737913

=== Rank-1 (Include identical-view cases) ===
NM: 52.014,	BG: 37.575,	CL: 14.444

=== Rank-1 (Exclude identical-view cases) ===
NM: 47.388,	BG: 33.633,	CL: 13.044

=== Rank-1 of each angle (Exclude identical-view cases) ===
NM: [36.49 42.97 49.01 50.77 51.35 50.40 54.50 55.72 50.32 45.05 34.69]
BG: [28.74 33.56 37.39 37.55 37.12 32.12 36.13 39.05 35.02 30.18 23.12]
CL: [ 9.42 10.72 14.14 15.97 12.97 14.23 14.91 15.97 13.48 12.65  9.01]

=== Testing checkpoint at iter 44200 ===
🔧 Initializing model...
📦 Loading model from iteration 44200...
🚀 Running inference...
📊 Evaluating results...
✅ Done. Time cost: 0:00:49.669351

=== Rank-1 (Include identical-view cases) ===
NM: 52.055,	BG: 37.498,	CL: 14.213

=== Rank-1 (Exclude identical-view cases) ===
NM: 47.445,	BG: 33.561,	CL: 12.900

=== Rank-1 of each angle (Exclude identical-view cases) ===
NM: [38.06 43.47 48.69 52.21 51.08 48.79 53.87 54.86 52.12 45.31 33.42]
BG: [29.15 33.65 36.30 38.09 37.34 32.39 35.36 39.00 34.75 31.28 21.86]
CL: [10.14 10.99 14.14 16.15 12.34 13.65 14.55 15.07 14.07 12.56  8.25]

=== Testing checkpoint at iter 44300 ===
🔧 Initializing model...
📦 Loading model from iteration 44300...
🚀 Running inference...
📊 Evaluating results...
✅ Done. Time cost: 0:00:48.122202

=== Rank-1 (Include identical-view cases) ===
NM: 52.282,	BG: 37.144,	CL: 14.508

=== Rank-1 (Exclude identical-view cases) ===
NM: 47.682,	BG: 33.278,	CL: 13.167

=== Rank-1 of each angle (Exclude identical-view cases) ===
NM: [37.61 43.87 49.32 50.95 51.22 48.96 53.74 55.68 51.26 46.49 35.41]
BG: [29.95 35.00 35.40 36.68 36.35 30.58 34.19 38.73 33.58 32.19 23.39]
CL: [10.63 12.21 13.92 14.84 12.97 14.06 15.13 15.52 13.89 13.33  8.33]

=== Testing checkpoint at iter 44400 ===
🔧 Initializing model...
📦 Loading model from iteration 44400...
🚀 Running inference...
📊 Evaluating results...
✅ Done. Time cost: 0:00:48.192831

=== Rank-1 (Include identical-view cases) ===
NM: 51.318,	BG: 37.163,	CL: 14.818

=== Rank-1 (Exclude identical-view cases) ===
NM: 46.634,	BG: 33.187,	CL: 13.467

=== Rank-1 of each angle (Exclude identical-view cases) ===
NM: [36.71 43.42 48.47 50.27 49.69 46.49 52.02 54.95 50.04 46.35 34.55]
BG: [29.77 33.61 35.31 35.50 36.31 31.35 34.64 38.41 34.57 32.19 23.39]
CL: [10.86 12.34 14.95 16.38 13.20 13.38 14.37 16.20 14.52 13.11  8.83]

=== Testing checkpoint at iter 44500 ===
🔧 Initializing model...
📦 Loading model from iteration 44500...
🚀 Running inference...
📊 Evaluating results...
✅ Done. Time cost: 0:00:47.509568

=== Rank-1 (Include identical-view cases) ===
NM: 51.512,	BG: 37.354,	CL: 14.271

=== Rank-1 (Exclude identical-view cases) ===
NM: 46.822,	BG: 33.366,	CL: 12.915

=== Rank-1 of each angle (Exclude identical-view cases) ===
NM: [35.41 42.25 49.50 50.68 50.95 49.73 54.46 54.28 50.00 44.73 33.06]
BG: [29.05 33.15 37.25 36.77 36.89 32.66 35.77 39.64 33.62 30.41 21.81]
CL: [ 9.64  9.96 14.73 15.38 13.51 14.05 15.23 16.06 13.48 11.69  8.33]

=== Testing checkpoint at iter 44600 ===
🔧 Initializing model...
📦 Loading model from iteration 44600...
🚀 Running inference...
📊 Evaluating results...
✅ Done. Time cost: 0:00:47.763767

=== Rank-1 (Include identical-view cases) ===
NM: 52.353,	BG: 38.144,	CL: 14.873

=== Rank-1 (Exclude identical-view cases) ===
NM: 47.776,	BG: 34.292,	CL: 13.536

=== Rank-1 of each angle (Exclude identical-view cases) ===
NM: [36.58 43.96 49.73 52.25 52.03 49.10 54.10 56.44 51.22 44.68 35.45]
BG: [30.27 33.20 38.20 37.86 36.94 33.42 36.76 39.91 34.89 32.42 23.35]
CL: [11.26 11.44 14.46 16.06 13.69 13.88 16.08 16.47 13.84 12.83  8.87]

=== Testing checkpoint at iter 44700 ===
🔧 Initializing model...
📦 Loading model from iteration 44700...
🚀 Running inference...
📊 Evaluating results...
✅ Done. Time cost: 0:00:48.545476

=== Rank-1 (Include identical-view cases) ===
NM: 51.966,	BG: 37.867,	CL: 13.914

=== Rank-1 (Exclude identical-view cases) ===
NM: 47.347,	BG: 33.889,	CL: 12.543

=== Rank-1 of each angle (Exclude identical-view cases) ===
NM: [37.21 43.06 49.59 50.09 49.64 48.56 53.69 56.22 51.26 46.76 34.73]
BG: [29.59 34.87 37.12 37.00 36.62 32.07 36.49 39.19 34.71 32.10 23.03]
CL: [ 9.55 10.77 13.38 14.79 12.84 13.38 14.28 14.80 13.03 12.65  8.51]

=== Testing checkpoint at iter 44800 ===
🔧 Initializing model...
📦 Loading model from iteration 44800...
🚀 Running inference...
📊 Evaluating results...
✅ Done. Time cost: 0:00:47.761875

=== Rank-1 (Include identical-view cases) ===
NM: 51.955,	BG: 37.715,	CL: 14.739

=== Rank-1 (Exclude identical-view cases) ===
NM: 47.338,	BG: 33.779,	CL: 13.319

=== Rank-1 of each angle (Exclude identical-view cases) ===
NM: [36.44 42.12 49.69 50.45 50.99 49.10 54.10 55.18 51.40 46.17 35.09]
BG: [29.19 33.24 35.86 37.00 37.07 32.97 36.04 39.64 34.80 32.79 22.98]
CL: [10.27 11.44 14.50 16.20 13.42 13.78 14.91 15.93 14.03 13.02  9.01]

=== Testing checkpoint at iter 44900 ===
🔧 Initializing model...
📦 Loading model from iteration 44900...
🚀 Running inference...
📊 Evaluating results...
✅ Done. Time cost: 0:00:49.327555

=== Rank-1 (Include identical-view cases) ===
NM: 52.022,	BG: 37.476,	CL: 14.757

=== Rank-1 (Exclude identical-view cases) ===
NM: 47.421,	BG: 33.512,	CL: 13.351

=== Rank-1 of each angle (Exclude identical-view cases) ===
NM: [36.49 42.88 49.33 50.63 50.86 49.28 54.01 55.14 51.40 46.49 35.14]
BG: [30.18 33.56 36.26 36.45 35.72 32.93 35.50 37.96 34.71 32.60 22.76]
CL: [10.95 10.99 14.55 15.66 14.10 14.37 14.78 15.70 13.93 12.79  9.06]

=== Testing checkpoint at iter 45000 ===
🔧 Initializing model...
📦 Loading model from iteration 45000...
🚀 Running inference...
📊 Evaluating results...
✅ Done. Time cost: 0:00:47.553004

=== Rank-1 (Include identical-view cases) ===
NM: 51.631,	BG: 37.084,	CL: 14.504

=== Rank-1 (Exclude identical-view cases) ===
NM: 46.990,	BG: 33.143,	CL: 13.106

=== Rank-1 of each angle (Exclude identical-view cases) ===
NM: [36.44 41.98 49.19 49.73 50.18 47.52 53.65 54.73 50.90 46.67 35.90]
BG: [29.14 33.42 35.63 36.23 34.87 31.12 35.68 37.74 34.66 32.05 24.03]
CL: [10.05 11.35 14.37 15.16 13.33 13.74 14.59 15.93 14.21 12.83  8.60]

=== Testing checkpoint at iter 45100 ===
🔧 Initializing model...
📦 Loading model from iteration 45100...
🚀 Running inference...
📊 Evaluating results...
✅ Done. Time cost: 0:00:47.821357

=== Rank-1 (Include identical-view cases) ===
NM: 52.051,	BG: 37.117,	CL: 14.448

=== Rank-1 (Exclude identical-view cases) ===
NM: 47.461,	BG: 33.153,	CL: 13.085

=== Rank-1 of each angle (Exclude identical-view cases) ===
NM: [36.98 44.14 48.56 50.14 50.32 49.10 54.41 54.68 51.21 46.67 35.86]
BG: [29.10 34.91 35.45 35.36 35.45 31.39 34.77 39.01 34.12 31.14 23.98]
CL: [10.41 11.62 13.92 14.93 13.11 13.78 14.32 15.93 13.89 12.92  9.10]

=== Testing checkpoint at iter 45200 ===
🔧 Initializing model...
📦 Loading model from iteration 45200...
🚀 Running inference...
📊 Evaluating results...
✅ Done. Time cost: 0:00:49.746750

=== Rank-1 (Include identical-view cases) ===
NM: 52.357,	BG: 37.625,	CL: 14.310

=== Rank-1 (Exclude identical-view cases) ===
NM: 47.777,	BG: 33.770,	CL: 12.970

=== Rank-1 of each angle (Exclude identical-view cases) ===
NM: [36.53 44.19 50.40 50.72 50.59 49.15 54.46 56.08 52.03 46.35 35.04]
BG: [29.37 35.18 35.99 35.45 36.08 32.03 35.95 39.73 34.98 32.15 24.57]
CL: [ 9.55 10.99 14.28 15.61 13.60 14.05 14.42 15.52 13.57 12.51  8.56]

=== Testing checkpoint at iter 45300 ===
🔧 Initializing model...
📦 Loading model from iteration 45300...
🚀 Running inference...
📊 Evaluating results...
✅ Done. Time cost: 0:00:48.113667

=== Rank-1 (Include identical-view cases) ===
NM: 52.751,	BG: 37.774,	CL: 14.918

=== Rank-1 (Exclude identical-view cases) ===
NM: 48.214,	BG: 33.848,	CL: 13.602

=== Rank-1 of each angle (Exclude identical-view cases) ===
NM: [38.78 43.97 50.36 51.58 51.17 48.61 54.73 57.07 51.08 47.34 35.68]
BG: [29.73 34.28 37.34 35.95 36.35 31.98 36.17 40.31 34.07 32.28 23.85]
CL: [11.22 11.76 14.55 15.97 14.32 14.60 15.23 15.70 13.80 13.20  9.28]

=== Testing checkpoint at iter 45400 ===
🔧 Initializing model...
📦 Loading model from iteration 45400...
🚀 Running inference...
📊 Evaluating results...
✅ Done. Time cost: 0:00:49.003323

=== Rank-1 (Include identical-view cases) ===
NM: 51.969,	BG: 37.346,	CL: 14.541

=== Rank-1 (Exclude identical-view cases) ===
NM: 47.350,	BG: 33.410,	CL: 13.220

=== Rank-1 of each angle (Exclude identical-view cases) ===
NM: [34.91 43.06 49.87 50.18 51.40 49.46 54.46 55.99 52.02 45.00 34.50]
BG: [28.97 33.83 36.40 36.55 36.71 33.02 36.62 39.05 34.03 30.09 22.26]
CL: [ 9.69 10.77 14.73 16.47 14.01 14.55 15.14 15.93 13.26 12.24  8.65]

=== Testing checkpoint at iter 45500 ===
🔧 Initializing model...
📦 Loading model from iteration 45500...
🚀 Running inference...
📊 Evaluating results...
✅ Done. Time cost: 0:00:49.656206

=== Rank-1 (Include identical-view cases) ===
NM: 51.623,	BG: 36.642,	CL: 14.888

=== Rank-1 (Exclude identical-view cases) ===
NM: 46.990,	BG: 32.743,	CL: 13.520

=== Rank-1 of each angle (Exclude identical-view cases) ===
NM: [35.95 43.56 48.29 49.68 51.35 49.01 53.24 55.49 50.63 45.77 33.92]
BG: [28.51 33.92 34.73 35.14 35.77 32.25 34.15 38.87 33.21 30.55 23.08]
CL: [10.81 12.07 14.55 15.43 14.05 13.83 15.45 16.38 13.44 13.43  9.28]

=== Testing checkpoint at iter 45600 ===
🔧 Initializing model...
📦 Loading model from iteration 45600...
🚀 Running inference...
📊 Evaluating results...
✅ Done. Time cost: 0:00:48.260267

=== Rank-1 (Include identical-view cases) ===
NM: 51.906,	BG: 37.049,	CL: 15.075

=== Rank-1 (Exclude identical-view cases) ===
NM: 47.318,	BG: 33.284,	CL: 13.680

=== Rank-1 of each angle (Exclude identical-view cases) ===
NM: [36.44 44.19 49.46 50.45 50.23 47.52 53.24 55.45 52.12 45.50 35.90]
BG: [29.41 34.73 36.17 35.50 35.86 32.12 35.40 38.64 33.57 31.28 23.44]
CL: [10.50 12.16 15.09 16.65 13.60 14.50 15.09 16.60 13.98 13.29  9.01]

=== Testing checkpoint at iter 45700 ===
🔧 Initializing model...
📦 Loading model from iteration 45700...
🚀 Running inference...
📊 Evaluating results...
✅ Done. Time cost: 0:00:48.593139

=== Rank-1 (Include identical-view cases) ===
NM: 51.485,	BG: 36.982,	CL: 14.298

=== Rank-1 (Exclude identical-view cases) ===
NM: 46.814,	BG: 33.084,	CL: 12.969

=== Rank-1 of each angle (Exclude identical-view cases) ===
NM: [36.35 43.02 48.78 50.54 50.54 48.42 53.56 54.50 50.31 44.68 34.23]
BG: [28.06 34.37 35.72 36.50 36.13 31.62 35.27 38.96 32.94 30.96 23.39]
CL: [10.18 11.35 14.14 15.66 13.02 13.47 15.32 15.43 12.58 12.14  9.37]

=== Testing checkpoint at iter 45800 ===
🔧 Initializing model...
📦 Loading model from iteration 45800...
🚀 Running inference...
📊 Evaluating results...
✅ Done. Time cost: 0:00:49.011546

=== Rank-1 (Include identical-view cases) ===
NM: 51.709,	BG: 36.788,	CL: 14.473

=== Rank-1 (Exclude identical-view cases) ===
NM: 47.060,	BG: 32.836,	CL: 13.145

=== Rank-1 of each angle (Exclude identical-view cases) ===
NM: [36.85 43.47 49.06 49.46 50.86 48.52 52.79 55.54 50.36 46.26 34.50]
BG: [29.19 33.83 36.13 35.86 35.81 31.22 33.92 38.51 33.53 30.46 22.76]
CL: [10.54 11.80 14.41 15.47 13.56 13.56 14.86 15.20 13.75 12.56  8.88]

=== Testing checkpoint at iter 45900 ===
🔧 Initializing model...
📦 Loading model from iteration 45900...
🚀 Running inference...
📊 Evaluating results...
✅ Done. Time cost: 0:00:48.171348

=== Rank-1 (Include identical-view cases) ===
NM: 51.739,	BG: 36.837,	CL: 14.365

=== Rank-1 (Exclude identical-view cases) ===
NM: 47.109,	BG: 32.974,	CL: 12.928

=== Rank-1 of each angle (Exclude identical-view cases) ===
NM: [37.21 43.24 49.15 49.73 50.90 48.74 53.42 55.41 50.09 44.86 35.45]
BG: [29.28 34.23 35.13 36.55 36.17 31.17 33.92 38.42 32.67 31.32 23.85]
CL: [ 9.91 11.49 14.05 15.34 13.20 13.33 15.00 15.34 12.89 12.56  9.10]

=== Testing checkpoint at iter 46000 ===
🔧 Initializing model...
📦 Loading model from iteration 46000...
🚀 Running inference...
📊 Evaluating results...
✅ Done. Time cost: 0:00:47.645847

=== Rank-1 (Include identical-view cases) ===
NM: 51.754,	BG: 37.420,	CL: 14.373

=== Rank-1 (Exclude identical-view cases) ===
NM: 47.129,	BG: 33.524,	CL: 13.040

=== Rank-1 of each angle (Exclude identical-view cases) ===
NM: [36.62 42.97 49.37 50.54 50.50 48.83 53.29 54.73 50.90 45.68 35.00]
BG: [30.14 33.29 36.31 37.23 36.53 32.07 35.09 39.73 33.35 31.60 23.44]
CL: [ 9.82 10.18 13.74 16.06 13.56 14.06 15.41 15.52 13.84 12.92  8.33]

=== Testing checkpoint at iter 46100 ===
🔧 Initializing model...
📦 Loading model from iteration 46100...
🚀 Running inference...
📊 Evaluating results...
✅ Done. Time cost: 0:00:48.715257

=== Rank-1 (Include identical-view cases) ===
NM: 51.627,	BG: 37.043,	CL: 14.802

=== Rank-1 (Exclude identical-view cases) ===
NM: 46.986,	BG: 33.122,	CL: 13.409

=== Rank-1 of each angle (Exclude identical-view cases) ===
NM: [36.76 44.23 48.33 48.65 50.90 47.16 52.48 55.45 50.49 46.53 35.86]
BG: [29.55 34.37 35.99 35.50 35.18 30.54 33.69 38.60 34.39 31.41 25.11]
CL: [10.86 11.76 13.38 15.43 13.74 14.24 15.95 15.93 13.98 13.29  8.96]

=== Testing checkpoint at iter 46200 ===
🔧 Initializing model...
📦 Loading model from iteration 46200...
🚀 Running inference...
📊 Evaluating results...
✅ Done. Time cost: 0:00:48.053185

=== Rank-1 (Include identical-view cases) ===
NM: 50.823,	BG: 36.546,	CL: 14.370

=== Rank-1 (Exclude identical-view cases) ===
NM: 46.110,	BG: 32.592,	CL: 12.917

=== Rank-1 of each angle (Exclude identical-view cases) ===
NM: [33.56 42.30 48.24 48.38 50.14 49.05 53.96 53.65 49.82 44.23 33.87]
BG: [27.84 31.71 35.05 35.77 35.77 32.21 34.64 38.55 33.71 30.82 22.44]
CL: [ 8.87 11.40 13.06 14.62 13.92 13.51 14.82 16.38 14.52 12.92  8.06]

=== Testing checkpoint at iter 46300 ===
🔧 Initializing model...
📦 Loading model from iteration 46300...
🚀 Running inference...
📊 Evaluating results...
✅ Done. Time cost: 0:00:47.855206

=== Rank-1 (Include identical-view cases) ===
NM: 51.560,	BG: 36.990,	CL: 14.265

=== Rank-1 (Exclude identical-view cases) ===
NM: 46.916,	BG: 33.072,	CL: 12.880

=== Rank-1 of each angle (Exclude identical-view cases) ===
NM: [36.71 43.15 48.60 48.47 49.69 48.56 53.24 55.81 50.95 46.13 34.77]
BG: [29.41 32.79 35.77 35.09 35.86 31.80 34.64 39.55 33.80 31.51 23.57]
CL: [10.18 11.08 13.33 14.84 13.74 13.20 14.41 16.20 14.12 12.46  8.11]

=== Testing checkpoint at iter 46400 ===
🔧 Initializing model...
📦 Loading model from iteration 46400...
🚀 Running inference...
📊 Evaluating results...
✅ Done. Time cost: 0:00:47.550350

=== Rank-1 (Include identical-view cases) ===
NM: 52.208,	BG: 37.676,	CL: 14.552

=== Rank-1 (Exclude identical-view cases) ===
NM: 47.613,	BG: 33.769,	CL: 13.163

=== Rank-1 of each angle (Exclude identical-view cases) ===
NM: [36.67 43.92 49.14 51.26 51.40 49.46 54.82 55.86 50.95 45.36 34.91]
BG: [29.41 34.32 36.80 37.32 37.75 31.98 35.04 39.96 34.57 31.05 23.26]
CL: [10.05 11.31 13.74 15.38 13.56 14.05 15.22 15.88 14.43 12.56  8.61]

=== Testing checkpoint at iter 46500 ===
🔧 Initializing model...
📦 Loading model from iteration 46500...
🚀 Running inference...
📊 Evaluating results...
✅ Done. Time cost: 0:00:51.692879

=== Rank-1 (Include identical-view cases) ===
NM: 52.010,	BG: 37.554,	CL: 14.462

=== Rank-1 (Exclude identical-view cases) ===
NM: 47.424,	BG: 33.606,	CL: 13.113

=== Rank-1 of each angle (Exclude identical-view cases) ===
NM: [35.14 43.74 49.01 50.50 50.77 49.86 55.00 55.05 51.49 46.40 34.73]
BG: [27.97 33.60 37.16 36.82 37.75 32.70 35.18 39.82 34.03 31.69 22.94]
CL: [ 9.78 11.35 14.68 15.61 13.56 13.69 15.50 16.15 13.62 12.28  8.02]

=== Testing checkpoint at iter 46600 ===
🔧 Initializing model...
📦 Loading model from iteration 46600...
🚀 Running inference...
📊 Evaluating results...
✅ Done. Time cost: 0:00:52.478632

=== Rank-1 (Include identical-view cases) ===
NM: 51.973,	BG: 37.292,	CL: 14.433

=== Rank-1 (Exclude identical-view cases) ===
NM: 47.371,	BG: 33.314,	CL: 13.101

=== Rank-1 of each angle (Exclude identical-view cases) ===
NM: [37.16 41.76 48.33 49.86 51.62 49.64 54.55 54.77 51.62 46.26 35.49]
BG: [28.74 32.52 36.17 36.23 37.79 32.34 35.77 40.00 33.62 30.96 22.31]
CL: [10.36 10.45 13.78 15.16 13.47 14.19 15.63 15.20 13.48 13.24  9.14]

=== Testing checkpoint at iter 46700 ===
🔧 Initializing model...
📦 Loading model from iteration 46700...
🚀 Running inference...
📊 Evaluating results...
✅ Done. Time cost: 0:00:52.156133

=== Rank-1 (Include identical-view cases) ===
NM: 51.486,	BG: 37.308,	CL: 14.168

=== Rank-1 (Exclude identical-view cases) ===
NM: 46.839,	BG: 33.360,	CL: 12.810

=== Rank-1 of each angle (Exclude identical-view cases) ===
NM: [35.14 42.97 48.83 50.13 50.86 48.88 54.32 54.19 49.14 46.04 34.73]
BG: [27.12 35.45 36.35 36.36 36.08 31.35 34.86 39.50 33.98 31.78 24.12]
CL: [ 9.19 11.17 13.78 15.61 13.15 13.02 15.09 15.20 13.89 12.47  8.34]

=== Testing checkpoint at iter 46800 ===
🔧 Initializing model...
📦 Loading model from iteration 46800...
🚀 Running inference...
📊 Evaluating results...
✅ Done. Time cost: 0:00:51.235615

=== Rank-1 (Include identical-view cases) ===
NM: 50.342,	BG: 36.628,	CL: 14.567

=== Rank-1 (Exclude identical-view cases) ===
NM: 45.544,	BG: 32.558,	CL: 13.142

=== Rank-1 of each angle (Exclude identical-view cases) ===
NM: [32.52 39.82 46.44 48.29 49.82 49.37 54.10 53.69 49.64 44.28 33.02]
BG: [26.04 31.71 35.54 36.37 36.49 32.66 35.23 38.73 33.57 30.32 21.49]
CL: [ 8.65 10.63 13.47 15.66 13.92 14.68 16.17 16.24 14.16 12.24  8.74]

=== Testing checkpoint at iter 46900 ===
🔧 Initializing model...
📦 Loading model from iteration 46900...
🚀 Running inference...
📊 Evaluating results...
✅ Done. Time cost: 0:00:52.459506

=== Rank-1 (Include identical-view cases) ===
NM: 52.074,	BG: 37.585,	CL: 14.533

=== Rank-1 (Exclude identical-view cases) ===
NM: 47.477,	BG: 33.673,	CL: 13.178

=== Rank-1 of each angle (Exclude identical-view cases) ===
NM: [36.04 42.21 49.46 52.61 51.17 48.70 54.10 55.41 51.49 45.50 35.58]
BG: [29.32 34.32 36.40 37.50 36.40 31.62 35.95 39.14 33.58 32.56 23.62]
CL: [10.36 11.08 14.10 15.93 14.42 13.74 15.59 15.52 14.12 11.96  8.15]

=== Testing checkpoint at iter 47000 ===
🔧 Initializing model...
📦 Loading model from iteration 47000...
🚀 Running inference...
📊 Evaluating results...
✅ Done. Time cost: 0:00:48.020688

=== Rank-1 (Include identical-view cases) ===
NM: 52.163,	BG: 37.504,	CL: 14.353

=== Rank-1 (Exclude identical-view cases) ===
NM: 47.551,	BG: 33.588,	CL: 13.051

=== Rank-1 of each angle (Exclude identical-view cases) ===
NM: [37.52 43.51 49.69 50.13 50.50 49.37 54.55 55.94 51.17 46.17 34.50]
BG: [29.77 34.82 36.89 36.32 36.85 32.03 35.41 38.64 33.89 31.23 23.62]
CL: [ 9.87 10.50 13.92 15.47 13.96 14.10 16.17 15.70 13.71 11.60  8.56]

=== Testing checkpoint at iter 47100 ===
🔧 Initializing model...
📦 Loading model from iteration 47100...
🚀 Running inference...
📊 Evaluating results...
✅ Done. Time cost: 0:00:47.650370

=== Rank-1 (Include identical-view cases) ===
NM: 51.876,	BG: 37.001,	CL: 14.540

=== Rank-1 (Exclude identical-view cases) ===
NM: 47.244,	BG: 33.170,	CL: 13.187

=== Rank-1 of each angle (Exclude identical-view cases) ===
NM: [36.85 43.33 49.05 50.27 50.18 48.33 53.24 55.63 50.54 46.67 35.59]
BG: [30.00 34.37 35.45 36.32 35.86 30.94 34.19 39.05 33.21 31.55 23.93]
CL: [10.50 11.40 14.19 15.93 13.69 13.83 15.54 16.11 13.71 11.83  8.33]

=== Testing checkpoint at iter 47200 ===
🔧 Initializing model...
📦 Loading model from iteration 47200...
🚀 Running inference...
📊 Evaluating results...
✅ Done. Time cost: 0:00:48.313469

=== Rank-1 (Include identical-view cases) ===
NM: 52.286,	BG: 37.503,	CL: 14.753

=== Rank-1 (Exclude identical-view cases) ===
NM: 47.686,	BG: 33.583,	CL: 13.343

=== Rank-1 of each angle (Exclude identical-view cases) ===
NM: [36.71 43.02 48.42 50.50 51.35 49.68 54.73 56.26 51.03 46.94 35.90]
BG: [29.19 33.15 35.72 36.59 36.49 31.49 35.68 40.72 34.53 31.96 23.89]
CL: [ 9.96 10.54 14.05 16.74 14.23 14.37 15.36 16.47 13.89 12.10  9.06]

=== Testing checkpoint at iter 47300 ===
🔧 Initializing model...
📦 Loading model from iteration 47300...
🚀 Running inference...
📊 Evaluating results...
✅ Done. Time cost: 0:00:49.466351

=== Rank-1 (Include identical-view cases) ===
NM: 51.456,	BG: 37.241,	CL: 14.488

=== Rank-1 (Exclude identical-view cases) ===
NM: 46.769,	BG: 33.332,	CL: 13.175

=== Rank-1 of each angle (Exclude identical-view cases) ===
NM: [35.00 43.96 48.69 49.55 50.14 48.83 53.38 55.09 49.73 45.95 34.14]
BG: [27.93 34.68 36.08 36.05 36.40 31.58 34.87 38.64 34.25 32.51 23.66]
CL: [ 9.51 11.62 13.74 15.84 13.96 14.86 15.18 15.84 13.71 12.51  8.15]

=== Testing checkpoint at iter 47400 ===
🔧 Initializing model...
📦 Loading model from iteration 47400...
🚀 Running inference...
📊 Evaluating results...
✅ Done. Time cost: 0:00:47.987256

=== Rank-1 (Include identical-view cases) ===
NM: 51.996,	BG: 37.465,	CL: 14.768

=== Rank-1 (Exclude identical-view cases) ===
NM: 47.392,	BG: 33.516,	CL: 13.409

=== Rank-1 of each angle (Exclude identical-view cases) ===
NM: [35.99 42.70 49.73 50.77 50.77 49.41 54.01 56.76 51.35 45.45 34.37]
BG: [29.55 33.33 36.71 36.68 35.99 31.98 35.36 39.41 34.34 31.78 23.53]
CL: [10.36 11.49 14.59 15.79 13.92 13.92 14.91 16.24 14.25 12.60  9.42]

=== Testing checkpoint at iter 47500 ===
🔧 Initializing model...
📦 Loading model from iteration 47500...
🚀 Running inference...
📊 Evaluating results...
✅ Done. Time cost: 0:00:47.906308

=== Rank-1 (Include identical-view cases) ===
NM: 51.683,	BG: 37.722,	CL: 14.484

=== Rank-1 (Exclude identical-view cases) ===
NM: 47.035,	BG: 33.782,	CL: 13.187

=== Rank-1 of each angle (Exclude identical-view cases) ===
NM: [35.63 42.39 48.56 50.36 50.72 49.14 54.01 55.40 51.31 45.45 34.41]
BG: [29.32 33.56 37.16 37.05 37.48 33.20 35.50 39.32 34.30 31.60 23.12]
CL: [10.18 10.63 13.83 15.11 14.01 14.19 15.63 16.06 14.25 12.42  8.74]

=== Testing checkpoint at iter 47600 ===
🔧 Initializing model...
📦 Loading model from iteration 47600...
🚀 Running inference...
📊 Evaluating results...
✅ Done. Time cost: 0:00:48.436765

=== Rank-1 (Include identical-view cases) ===
NM: 51.903,	BG: 37.706,	CL: 14.633

=== Rank-1 (Exclude identical-view cases) ===
NM: 47.265,	BG: 33.695,	CL: 13.260

=== Rank-1 of each angle (Exclude identical-view cases) ===
NM: [36.62 43.51 49.19 50.81 49.59 49.28 54.10 55.18 50.90 45.09 35.63]
BG: [29.33 33.60 36.85 36.41 36.40 33.74 36.26 38.60 34.52 31.19 23.76]
CL: [ 9.82 11.04 14.50 15.84 14.10 14.23 15.18 16.15 14.57 11.96  8.47]

=== Testing checkpoint at iter 47700 ===
🔧 Initializing model...
📦 Loading model from iteration 47700...
🚀 Running inference...
📊 Evaluating results...
✅ Done. Time cost: 0:00:47.474015

=== Rank-1 (Include identical-view cases) ===
NM: 51.396,	BG: 36.650,	CL: 14.277

=== Rank-1 (Exclude identical-view cases) ===
NM: 46.716,	BG: 32.739,	CL: 12.905

=== Rank-1 of each angle (Exclude identical-view cases) ===
NM: [36.40 43.47 48.47 49.46 49.42 48.20 53.74 54.60 50.27 45.72 34.14]
BG: [27.57 33.29 36.58 36.23 35.86 31.03 34.82 37.65 33.21 30.87 23.03]
CL: [ 9.55 10.72 13.15 15.66 13.11 13.96 14.91 15.93 13.62 12.74  8.60]

=== Testing checkpoint at iter 47800 ===
🔧 Initializing model...
📦 Loading model from iteration 47800...
🚀 Running inference...
📊 Evaluating results...
✅ Done. Time cost: 0:00:48.142599

=== Rank-1 (Include identical-view cases) ===
NM: 51.552,	BG: 36.996,	CL: 14.250

=== Rank-1 (Exclude identical-view cases) ===
NM: 46.900,	BG: 33.120,	CL: 12.949

=== Rank-1 of each angle (Exclude identical-view cases) ===
NM: [37.66 43.92 48.74 50.90 49.77 47.39 52.16 54.86 50.63 44.95 34.91]
BG: [28.61 34.28 36.40 36.73 35.90 31.30 35.23 38.55 33.12 30.64 23.57]
CL: [10.99 10.72 13.60 15.38 13.42 13.43 15.05 15.11 12.71 13.02  9.01]

=== Testing checkpoint at iter 47900 ===
🔧 Initializing model...
📦 Loading model from iteration 47900...
🚀 Running inference...
📊 Evaluating results...
✅ Done. Time cost: 0:00:48.072393

=== Rank-1 (Include identical-view cases) ===
NM: 51.378,	BG: 37.480,	CL: 13.993

=== Rank-1 (Exclude identical-view cases) ===
NM: 46.691,	BG: 33.517,	CL: 12.630

=== Rank-1 of each angle (Exclude identical-view cases) ===
NM: [36.44 42.97 47.21 49.41 50.36 47.66 52.34 55.81 50.90 46.08 34.41]
BG: [29.10 34.01 36.35 36.86 35.32 31.31 35.95 39.91 34.30 31.87 23.71]
CL: [10.27 10.54 12.93 15.34 12.61 13.29 14.41 15.11 12.89 12.79  8.74]

=== Testing checkpoint at iter 48000 ===
🔧 Initializing model...
📦 Loading model from iteration 48000...
🚀 Running inference...
📊 Evaluating results...
✅ Done. Time cost: 0:00:48.600005

=== Rank-1 (Include identical-view cases) ===
NM: 52.159,	BG: 37.988,	CL: 14.030

=== Rank-1 (Exclude identical-view cases) ===
NM: 47.563,	BG: 34.059,	CL: 12.716

=== Rank-1 of each angle (Exclude identical-view cases) ===
NM: [37.97 44.68 48.65 50.32 50.59 48.65 53.87 55.77 51.17 46.44 35.09]
BG: [29.28 35.36 36.76 37.68 36.17 32.34 36.35 39.82 35.11 32.33 23.44]
CL: [ 9.91 10.68 13.56 15.79 12.43 13.02 14.14 14.75 14.03 12.60  8.96]

=== Testing checkpoint at iter 48100 ===
🔧 Initializing model...
📦 Loading model from iteration 48100...
🚀 Running inference...
📊 Evaluating results...
✅ Done. Time cost: 0:00:49.447668

=== Rank-1 (Include identical-view cases) ===
NM: 51.419,	BG: 36.875,	CL: 13.899

=== Rank-1 (Exclude identical-view cases) ===
NM: 46.753,	BG: 32.904,	CL: 12.440

=== Rank-1 of each angle (Exclude identical-view cases) ===
NM: [36.71 43.33 48.88 50.85 49.24 47.07 53.15 54.55 49.64 45.81 35.04]
BG: [28.25 34.37 36.44 37.55 35.85 30.41 34.32 38.69 33.21 30.64 22.22]
CL: [10.09 10.09 13.20 15.38 12.66 12.61 14.46 14.84 13.12 12.10  8.29]

=== Testing checkpoint at iter 48200 ===
🔧 Initializing model...
📦 Loading model from iteration 48200...
🚀 Running inference...
📊 Evaluating results...
✅ Done. Time cost: 0:00:49.213240

=== Rank-1 (Include identical-view cases) ===
NM: 51.575,	BG: 36.892,	CL: 14.407

=== Rank-1 (Exclude identical-view cases) ===
NM: 46.908,	BG: 32.993,	CL: 13.109

=== Rank-1 of each angle (Exclude identical-view cases) ===
NM: [35.90 42.97 48.92 50.27 49.60 49.86 53.24 55.50 50.86 44.55 34.32]
BG: [27.66 34.14 35.54 36.41 36.44 32.12 35.45 39.14 33.66 30.36 21.99]
CL: [10.50 11.13 13.42 15.16 13.51 13.79 14.87 15.88 13.80 12.65  9.51]

=== Testing checkpoint at iter 48300 ===
🔧 Initializing model...
📦 Loading model from iteration 48300...
🚀 Running inference...
📊 Evaluating results...
✅ Done. Time cost: 0:00:48.003410

=== Rank-1 (Include identical-view cases) ===
NM: 52.658,	BG: 38.408,	CL: 14.387

=== Rank-1 (Exclude identical-view cases) ===
NM: 48.104,	BG: 34.599,	CL: 13.002

=== Rank-1 of each angle (Exclude identical-view cases) ===
NM: [38.51 43.38 50.45 52.16 51.85 49.87 55.54 55.54 52.03 44.86 34.96]
BG: [30.32 35.14 38.11 38.36 37.21 34.37 36.22 40.68 35.25 31.46 23.48]
CL: [10.90 10.77 14.14 15.70 13.11 13.47 15.14 15.75 13.89 11.96  8.20]

=== Testing checkpoint at iter 48400 ===
🔧 Initializing model...
📦 Loading model from iteration 48400...
🚀 Running inference...
📊 Evaluating results...
✅ Done. Time cost: 0:00:48.156128

=== Rank-1 (Include identical-view cases) ===
NM: 51.083,	BG: 36.780,	CL: 14.041

=== Rank-1 (Exclude identical-view cases) ===
NM: 46.388,	BG: 32.829,	CL: 12.687

=== Rank-1 of each angle (Exclude identical-view cases) ===
NM: [37.61 41.67 47.70 47.88 50.36 48.51 53.06 54.01 49.14 45.63 34.68]
BG: [28.56 33.83 35.54 36.64 36.17 31.31 34.01 38.33 33.39 30.64 22.71]
CL: [10.36 10.36 12.70 15.16 13.33 13.83 14.87 15.52 12.98 12.06  8.38]

=== Testing checkpoint at iter 48500 ===
🔧 Initializing model...
📦 Loading model from iteration 48500...
🚀 Running inference...
📊 Evaluating results...
✅ Done. Time cost: 0:00:47.493266

=== Rank-1 (Include identical-view cases) ===
NM: 51.180,	BG: 37.128,	CL: 14.194

=== Rank-1 (Exclude identical-view cases) ===
NM: 46.470,	BG: 33.150,	CL: 12.814

=== Rank-1 of each angle (Exclude identical-view cases) ===
NM: [35.68 41.40 47.61 49.19 50.18 48.29 53.74 54.87 50.50 45.63 34.10]
BG: [28.38 32.88 35.99 35.64 35.45 32.79 36.08 37.87 34.66 31.87 23.03]
CL: [ 9.73 10.59 13.83 15.57 12.43 13.56 15.00 15.83 13.66 12.24  8.51]

=== Testing checkpoint at iter 48600 ===
🔧 Initializing model...
📦 Loading model from iteration 48600...
🚀 Running inference...
📊 Evaluating results...
✅ Done. Time cost: 0:00:49.906626

=== Rank-1 (Include identical-view cases) ===
NM: 51.195,	BG: 36.871,	CL: 14.340

=== Rank-1 (Exclude identical-view cases) ===
NM: 46.507,	BG: 32.855,	CL: 12.925

=== Rank-1 of each angle (Exclude identical-view cases) ===
NM: [34.86 41.40 48.34 50.13 49.28 48.65 54.59 54.86 50.50 44.28 34.68]
BG: [27.43 32.39 35.45 36.68 36.13 31.49 35.63 39.05 33.57 30.64 22.94]
CL: [10.09 10.59 13.83 16.20 12.93 13.56 14.55 15.47 13.76 12.42  8.78]

=== Testing checkpoint at iter 48700 ===
🔧 Initializing model...
📦 Loading model from iteration 48700...
🚀 Running inference...
📊 Evaluating results...
✅ Done. Time cost: 0:00:48.232382

=== Rank-1 (Include identical-view cases) ===
NM: 51.243,	BG: 37.020,	CL: 14.261

=== Rank-1 (Exclude identical-view cases) ===
NM: 46.527,	BG: 33.076,	CL: 12.904

=== Rank-1 of each angle (Exclude identical-view cases) ===
NM: [37.07 41.53 47.34 49.23 49.46 48.47 52.66 54.96 50.18 45.90 35.00]
BG: [29.77 33.47 34.77 36.50 35.27 32.57 34.91 37.28 34.16 31.46 23.66]
CL: [10.50 10.54 13.47 15.29 13.02 13.70 15.09 15.38 14.21 12.42  8.33]

=== Testing checkpoint at iter 48800 ===
🔧 Initializing model...
📦 Loading model from iteration 48800...
🚀 Running inference...
📊 Evaluating results...
✅ Done. Time cost: 0:00:47.726585

=== Rank-1 (Include identical-view cases) ===
NM: 51.861,	BG: 37.105,	CL: 14.817

=== Rank-1 (Exclude identical-view cases) ===
NM: 47.248,	BG: 33.244,	CL: 13.467

=== Rank-1 of each angle (Exclude identical-view cases) ===
NM: [37.57 42.79 49.01 49.68 50.23 48.65 54.10 56.31 51.58 45.54 34.28]
BG: [29.01 33.15 35.50 37.09 36.44 32.25 35.22 40.05 34.12 30.18 22.67]
CL: [11.13 10.90 14.10 16.29 14.19 13.83 15.45 16.06 14.16 12.88  9.14]

=== Testing checkpoint at iter 48900 ===
🔧 Initializing model...
📦 Loading model from iteration 48900...
🚀 Running inference...
📊 Evaluating results...
✅ Done. Time cost: 0:00:48.302026

=== Rank-1 (Include identical-view cases) ===
NM: 50.451,	BG: 36.207,	CL: 14.063

=== Rank-1 (Exclude identical-view cases) ===
NM: 45.680,	BG: 32.248,	CL: 12.760

=== Rank-1 of each angle (Exclude identical-view cases) ===
NM: [35.63 41.35 46.71 48.07 48.60 47.61 51.76 54.28 49.82 44.64 34.01]
BG: [28.11 31.80 34.23 35.59 35.23 30.67 34.41 37.87 32.62 31.14 23.03]
CL: [10.14 10.86 13.38 15.43 13.06 13.43 14.50 14.84 13.39 12.37  8.96]

=== Testing checkpoint at iter 49000 ===
🔧 Initializing model...
📦 Loading model from iteration 49000...
🚀 Running inference...
📊 Evaluating results...
✅ Done. Time cost: 0:00:48.067193

=== Rank-1 (Include identical-view cases) ===
NM: 50.738,	BG: 36.822,	CL: 14.030

=== Rank-1 (Exclude identical-view cases) ===
NM: 45.996,	BG: 32.822,	CL: 12.715

=== Rank-1 of each angle (Exclude identical-view cases) ===
NM: [33.52 41.67 46.44 48.92 49.69 48.24 52.97 54.05 50.23 46.26 33.96]
BG: [27.52 32.75 35.59 36.64 35.72 32.03 35.23 38.28 33.44 30.96 22.90]
CL: [ 9.78 10.81 13.65 15.29 12.93 13.38 14.68 15.16 13.35 12.28  8.56]

=== Testing checkpoint at iter 49100 ===
🔧 Initializing model...
📦 Loading model from iteration 49100...
🚀 Running inference...
📊 Evaluating results...
✅ Done. Time cost: 0:00:47.850078

=== Rank-1 (Include identical-view cases) ===
NM: 51.768,	BG: 37.609,	CL: 14.365

=== Rank-1 (Exclude identical-view cases) ===
NM: 47.137,	BG: 33.749,	CL: 12.982

=== Rank-1 of each angle (Exclude identical-view cases) ===
NM: [36.30 41.98 49.19 49.73 50.95 49.59 53.24 54.64 51.49 46.58 34.82]
BG: [28.74 34.42 37.12 36.86 36.85 32.75 35.99 39.46 34.80 31.28 22.99]
CL: [10.05 11.13 13.51 15.84 13.79 13.83 15.54 15.57 13.12 12.01  8.42]

=== Testing checkpoint at iter 49200 ===
🔧 Initializing model...
📦 Loading model from iteration 49200...
🚀 Running inference...
📊 Evaluating results...
✅ Done. Time cost: 0:00:47.551238

=== Rank-1 (Include identical-view cases) ===
NM: 52.323,	BG: 37.941,	CL: 14.328

=== Rank-1 (Exclude identical-view cases) ===
NM: 47.714,	BG: 33.982,	CL: 13.003

=== Rank-1 of each angle (Exclude identical-view cases) ===
NM: [36.80 43.56 50.36 50.99 51.17 49.37 55.40 56.17 50.45 45.72 34.86]
BG: [29.60 35.00 37.48 37.59 37.61 32.66 35.45 39.91 34.30 31.51 22.72]
CL: [10.77 10.54 14.01 16.38 12.97 13.65 14.91 15.25 12.94 12.65  8.96]

=== Testing checkpoint at iter 49300 ===
🔧 Initializing model...
📦 Loading model from iteration 49300...
🚀 Running inference...
📊 Evaluating results...
✅ Done. Time cost: 0:00:47.235791

=== Rank-1 (Include identical-view cases) ===
NM: 51.936,	BG: 37.202,	CL: 14.409

=== Rank-1 (Exclude identical-view cases) ===
NM: 47.293,	BG: 33.317,	CL: 13.059

=== Rank-1 of each angle (Exclude identical-view cases) ===
NM: [37.48 43.83 49.64 49.41 50.54 48.65 53.15 55.59 51.21 45.90 34.82]
BG: [29.77 33.60 36.04 35.73 36.40 32.07 35.36 38.96 33.89 31.14 23.53]
CL: [10.50 11.13 14.01 15.16 13.51 14.24 15.23 15.74 12.94 12.01  9.19]

=== Testing checkpoint at iter 49400 ===
🔧 Initializing model...
📦 Loading model from iteration 49400...
🚀 Running inference...
📊 Evaluating results...
✅ Done. Time cost: 0:00:52.634183

=== Rank-1 (Include identical-view cases) ===
NM: 51.929,	BG: 37.629,	CL: 14.044

=== Rank-1 (Exclude identical-view cases) ===
NM: 47.293,	BG: 33.676,	CL: 12.690

=== Rank-1 of each angle (Exclude identical-view cases) ===
NM: [36.76 42.12 48.42 50.14 51.04 49.87 54.77 55.22 50.77 46.13 35.00]
BG: [28.56 33.56 36.40 37.36 37.66 32.66 35.41 39.95 34.30 31.37 23.21]
CL: [10.14 10.14 13.20 14.98 13.78 14.06 14.69 14.62 13.07 12.10  8.83]

=== Testing checkpoint at iter 49500 ===
🔧 Initializing model...
📦 Loading model from iteration 49500...
🚀 Running inference...
📊 Evaluating results...
✅ Done. Time cost: 0:00:50.769480

=== Rank-1 (Include identical-view cases) ===
NM: 50.589,	BG: 36.457,	CL: 14.104

=== Rank-1 (Exclude identical-view cases) ===
NM: 45.815,	BG: 32.428,	CL: 12.687

=== Rank-1 of each angle (Exclude identical-view cases) ===
NM: [34.55 41.49 46.94 48.11 48.92 48.65 52.30 54.37 50.49 44.59 33.56]
BG: [27.61 31.76 34.73 35.77 35.54 31.80 34.33 38.10 33.84 31.46 21.76]
CL: [10.09 10.99 13.78 15.29 13.02 13.24 14.24 15.43 13.62 11.83  8.02]

=== Testing checkpoint at iter 49600 ===
🔧 Initializing model...
📦 Loading model from iteration 49600...
🚀 Running inference...
📊 Evaluating results...
✅ Done. Time cost: 0:00:50.670599

=== Rank-1 (Include identical-view cases) ===
NM: 50.733,	BG: 36.981,	CL: 13.850

=== Rank-1 (Exclude identical-view cases) ===
NM: 45.999,	BG: 32.980,	CL: 12.456

=== Rank-1 of each angle (Exclude identical-view cases) ===
NM: [35.09 40.86 47.66 49.05 49.05 49.32 53.15 54.64 50.09 44.05 33.02]
BG: [28.38 32.21 36.94 34.95 35.59 32.57 36.26 39.73 33.30 30.46 22.40]
CL: [ 8.78 10.81 13.51 15.61 13.20 12.25 14.78 15.20 13.62 11.46  7.79]

=== Testing checkpoint at iter 49700 ===
🔧 Initializing model...
📦 Loading model from iteration 49700...
🚀 Running inference...
📊 Evaluating results...
✅ Done. Time cost: 0:00:51.386320

=== Rank-1 (Include identical-view cases) ===
NM: 51.590,	BG: 37.575,	CL: 14.134

=== Rank-1 (Exclude identical-view cases) ===
NM: 46.933,	BG: 33.609,	CL: 12.801

=== Rank-1 of each angle (Exclude identical-view cases) ===
NM: [35.27 41.98 48.96 50.36 51.17 49.37 53.92 54.01 51.62 45.31 34.28]
BG: [28.11 33.33 36.98 36.73 37.34 32.97 35.94 39.64 34.52 31.14 22.98]
CL: [ 9.69 10.63 14.01 15.38 13.29 13.56 15.54 15.66 13.39 11.87  7.79]

=== Testing checkpoint at iter 49800 ===
🔧 Initializing model...
📦 Loading model from iteration 49800...
🚀 Running inference...
📊 Evaluating results...
✅ Done. Time cost: 0:00:50.939256

=== Rank-1 (Include identical-view cases) ===
NM: 51.754,	BG: 37.236,	CL: 14.466

=== Rank-1 (Exclude identical-view cases) ===
NM: 47.117,	BG: 33.294,	CL: 13.027

=== Rank-1 of each angle (Exclude identical-view cases) ===
NM: [35.81 42.21 48.47 50.13 51.08 49.10 54.68 55.36 51.71 44.55 35.18]
BG: [28.79 32.79 35.63 36.05 35.77 32.52 35.77 38.51 34.66 31.64 24.12]
CL: [10.00 10.50 13.92 15.61 13.24 14.10 15.36 16.24 14.16 11.87  8.29]

=== Testing checkpoint at iter 49900 ===
🔧 Initializing model...
📦 Loading model from iteration 49900...
🚀 Running inference...
📊 Evaluating results...
✅ Done. Time cost: 0:00:47.718147

=== Rank-1 (Include identical-view cases) ===
NM: 51.381,	BG: 36.885,	CL: 14.264

=== Rank-1 (Exclude identical-view cases) ===
NM: 46.687,	BG: 32.912,	CL: 12.854

=== Rank-1 of each angle (Exclude identical-view cases) ===
NM: [36.31 42.57 48.51 48.79 50.18 48.20 54.41 55.27 49.73 44.96 34.64]
BG: [28.96 33.51 35.54 36.04 35.41 30.90 34.78 38.96 33.53 31.05 23.35]
CL: [10.27 10.90 13.47 15.38 13.47 13.69 14.86 16.02 13.57 11.64  8.11]

=== Testing checkpoint at iter 50000 ===
🔧 Initializing model...
📦 Loading model from iteration 50000...
🚀 Running inference...
📊 Evaluating results...
✅ Done. Time cost: 0:00:47.798132

=== Rank-1 (Include identical-view cases) ===
NM: 51.046,	BG: 37.035,	CL: 14.257

=== Rank-1 (Exclude identical-view cases) ===
NM: 46.327,	BG: 33.068,	CL: 12.891

=== Rank-1 of each angle (Exclude identical-view cases) ===
NM: [35.86 42.03 48.83 48.47 49.41 47.48 52.48 54.55 50.77 45.32 34.41]
BG: [28.24 33.38 35.86 36.14 35.81 31.39 35.09 39.14 33.66 30.87 24.16]
CL: [10.09 10.86 13.56 15.38 13.38 13.56 15.14 15.84 14.07 11.65  8.29]

=== Testing checkpoint at iter 50100 ===
🔧 Initializing model...
📦 Loading model from iteration 50100...
🚀 Running inference...
📊 Evaluating results...
✅ Done. Time cost: 0:00:47.851827

=== Rank-1 (Include identical-view cases) ===
NM: 51.690,	BG: 36.994,	CL: 14.078

=== Rank-1 (Exclude identical-view cases) ===
NM: 47.043,	BG: 33.027,	CL: 12.707

=== Rank-1 of each angle (Exclude identical-view cases) ===
NM: [36.49 43.06 48.42 49.95 49.73 48.61 53.42 55.77 51.30 45.90 34.82]
BG: [28.11 34.55 36.04 35.68 35.00 31.89 34.10 38.69 34.25 31.37 23.62]
CL: [10.09 10.41 12.61 14.79 13.24 12.84 15.14 16.29 13.44 12.10  8.83]

=== Testing checkpoint at iter 50200 ===
🔧 Initializing model...
📦 Loading model from iteration 50200...
🚀 Running inference...
📊 Evaluating results...
✅ Done. Time cost: 0:00:47.349816

=== Rank-1 (Include identical-view cases) ===
NM: 52.230,	BG: 37.471,	CL: 14.328

=== Rank-1 (Exclude identical-view cases) ===
NM: 47.633,	BG: 33.519,	CL: 12.974

=== Rank-1 of each angle (Exclude identical-view cases) ===
NM: [36.94 43.02 49.37 51.31 50.99 49.01 54.73 56.71 50.72 46.04 35.13]
BG: [29.42 34.10 36.98 37.14 36.48 32.43 34.86 39.32 33.80 31.10 23.08]
CL: [10.50 10.90 13.65 16.02 13.47 13.33 15.63 15.16 13.66 12.24  8.15]

=== Testing checkpoint at iter 50300 ===
🔧 Initializing model...
📦 Loading model from iteration 50300...
🚀 Running inference...
📊 Evaluating results...
✅ Done. Time cost: 0:00:47.531479

=== Rank-1 (Include identical-view cases) ===
NM: 51.750,	BG: 37.501,	CL: 14.227

=== Rank-1 (Exclude identical-view cases) ===
NM: 47.097,	BG: 33.535,	CL: 12.851

=== Rank-1 of each angle (Exclude identical-view cases) ===
NM: [36.98 43.20 49.60 49.87 50.72 49.10 53.88 55.36 50.09 45.09 34.19]
BG: [29.19 34.23 37.48 37.59 37.70 31.71 35.09 38.46 33.53 31.19 22.71]
CL: [10.05 11.17 13.29 16.15 13.11 12.79 14.96 15.88 14.03 11.42  8.51]

=== Testing checkpoint at iter 50400 ===
🔧 Initializing model...
📦 Loading model from iteration 50400...
🚀 Running inference...
📊 Evaluating results...
✅ Done. Time cost: 0:00:47.398130

=== Rank-1 (Include identical-view cases) ===
NM: 51.378,	BG: 36.752,	CL: 14.157

=== Rank-1 (Exclude identical-view cases) ===
NM: 46.684,	BG: 32.798,	CL: 12.814

=== Rank-1 of each angle (Exclude identical-view cases) ===
NM: [35.32 42.93 48.33 49.60 50.23 48.42 52.97 55.00 50.81 45.77 34.14]
BG: [27.39 34.32 35.59 36.95 35.68 30.77 33.92 38.28 32.49 31.87 23.53]
CL: [10.14 10.72 13.78 15.11 13.11 12.84 14.64 15.88 14.34 11.96  8.42]

=== Testing checkpoint at iter 50500 ===
🔧 Initializing model...
📦 Loading model from iteration 50500...
🚀 Running inference...
📊 Evaluating results...
✅ Done. Time cost: 0:00:48.864267

=== Rank-1 (Include identical-view cases) ===
NM: 51.176,	BG: 36.717,	CL: 13.766

=== Rank-1 (Exclude identical-view cases) ===
NM: 46.474,	BG: 32.804,	CL: 12.420

=== Rank-1 of each angle (Exclude identical-view cases) ===
NM: [36.48 41.49 48.56 50.27 48.38 48.11 52.88 54.82 50.45 44.55 35.23]
BG: [28.97 32.52 35.99 35.95 35.36 31.58 35.05 38.73 33.12 30.73 22.85]
CL: [10.14 10.36 12.57 14.98 12.12 12.79 14.55 15.88 13.12 11.96  8.15]

=== Testing checkpoint at iter 50600 ===
🔧 Initializing model...
📦 Loading model from iteration 50600...
🚀 Running inference...
📊 Evaluating results...
✅ Done. Time cost: 0:00:49.452687

=== Rank-1 (Include identical-view cases) ===
NM: 51.813,	BG: 38.025,	CL: 13.940

=== Rank-1 (Exclude identical-view cases) ===
NM: 47.178,	BG: 34.030,	CL: 12.604

=== Rank-1 of each angle (Exclude identical-view cases) ===
NM: [36.85 42.70 49.10 51.49 50.50 48.33 53.47 54.59 50.58 46.08 35.27]
BG: [29.32 33.69 37.84 39.32 37.79 31.89 35.05 39.91 34.30 31.96 23.26]
CL: [10.32 10.68 13.42 15.29 12.97 12.61 14.69 14.61 13.66 11.74  8.65]

=== Testing checkpoint at iter 50700 ===
🔧 Initializing model...
📦 Loading model from iteration 50700...
🚀 Running inference...
📊 Evaluating results...
✅ Done. Time cost: 0:00:47.549038

=== Rank-1 (Include identical-view cases) ===
NM: 50.942,	BG: 36.825,	CL: 14.436

=== Rank-1 (Exclude identical-view cases) ===
NM: 46.212,	BG: 32.854,	CL: 13.039

=== Rank-1 of each angle (Exclude identical-view cases) ===
NM: [33.56 41.94 48.29 49.42 49.68 49.14 52.66 54.37 49.77 45.63 33.87]
BG: [26.49 32.03 36.31 36.18 36.71 32.88 35.32 38.82 33.62 30.59 22.44]
CL: [ 9.59 10.95 14.14 15.20 14.14 13.51 14.59 15.88 14.30 12.28  8.83]

=== Testing checkpoint at iter 50800 ===
🔧 Initializing model...
📦 Loading model from iteration 50800...
🚀 Running inference...
📊 Evaluating results...
✅ Done. Time cost: 0:00:47.986712

=== Rank-1 (Include identical-view cases) ===
NM: 52.145,	BG: 37.651,	CL: 14.104

=== Rank-1 (Exclude identical-view cases) ===
NM: 47.539,	BG: 33.803,	CL: 12.727

=== Rank-1 of each angle (Exclude identical-view cases) ===
NM: [37.34 41.85 49.77 50.68 50.00 49.28 54.91 55.59 50.77 46.40 36.35]
BG: [29.10 33.06 36.13 37.77 37.70 33.11 36.03 39.82 33.66 31.60 23.85]
CL: [10.45 10.04 13.47 15.47 13.20 13.42 14.82 15.70 13.39 11.69  8.33]

=== Testing checkpoint at iter 50900 ===
🔧 Initializing model...
📦 Loading model from iteration 50900...
🚀 Running inference...
📊 Evaluating results...
✅ Done. Time cost: 0:00:47.841172

=== Rank-1 (Include identical-view cases) ===
NM: 52.516,	BG: 38.002,	CL: 14.156

=== Rank-1 (Exclude identical-view cases) ===
NM: 47.948,	BG: 34.074,	CL: 12.805

=== Rank-1 of each angle (Exclude identical-view cases) ===
NM: [37.61 43.06 50.18 51.35 51.62 49.82 54.95 55.41 51.31 46.49 35.63]
BG: [29.41 34.05 37.70 37.41 37.07 32.52 36.13 39.86 35.52 31.51 23.62]
CL: [10.54 10.59 13.83 15.38 13.24 12.79 14.73 15.52 13.98 12.06  8.20]

=== Testing checkpoint at iter 51000 ===
🔧 Initializing model...
📦 Loading model from iteration 51000...
🚀 Running inference...
📊 Evaluating results...
✅ Done. Time cost: 0:00:47.544368

=== Rank-1 (Include identical-view cases) ===
NM: 52.848,	BG: 37.840,	CL: 14.922

=== Rank-1 (Exclude identical-view cases) ===
NM: 48.337,	BG: 33.953,	CL: 13.586

=== Rank-1 of each angle (Exclude identical-view cases) ===
NM: [37.48 44.50 50.18 50.90 51.76 49.10 54.68 56.04 52.16 48.20 36.71]
BG: [28.96 34.68 37.12 36.96 36.80 31.89 34.91 39.77 34.57 33.47 24.35]
CL: [11.67 11.76 14.64 15.43 13.96 13.97 15.22 15.93 14.66 13.56  8.65]

=== Testing checkpoint at iter 51100 ===
🔧 Initializing model...
📦 Loading model from iteration 51100...
🚀 Running inference...
📊 Evaluating results...
✅ Done. Time cost: 0:00:47.805489

=== Rank-1 (Include identical-view cases) ===
NM: 51.389,	BG: 37.076,	CL: 14.358

=== Rank-1 (Exclude identical-view cases) ===
NM: 46.703,	BG: 33.101,	CL: 13.007

=== Rank-1 of each angle (Exclude identical-view cases) ===
NM: [36.62 42.25 48.65 50.86 49.28 48.47 52.61 53.92 50.67 45.45 34.95]
BG: [29.55 32.39 35.63 38.05 35.45 31.08 35.41 39.23 33.98 30.64 22.71]
CL: [10.45 10.90 13.78 15.57 13.65 13.47 14.73 15.84 13.57 12.79  8.33]

=== Testing checkpoint at iter 51200 ===
🔧 Initializing model...
📦 Loading model from iteration 51200...
🚀 Running inference...
📊 Evaluating results...
✅ Done. Time cost: 0:00:48.775138

=== Rank-1 (Include identical-view cases) ===
NM: 51.910,	BG: 37.416,	CL: 14.148

=== Rank-1 (Exclude identical-view cases) ===
NM: 47.297,	BG: 33.532,	CL: 12.805

=== Rank-1 of each angle (Exclude identical-view cases) ===
NM: [35.67 42.12 49.28 50.54 51.49 49.23 53.24 55.68 51.31 46.67 35.05]
BG: [28.74 33.56 36.53 37.55 37.03 32.07 35.81 38.91 33.48 31.32 23.85]
CL: [10.23 10.18 13.33 14.71 13.92 13.87 15.13 15.25 13.57 12.28  8.38]

=== Testing checkpoint at iter 51300 ===
🔧 Initializing model...
📦 Loading model from iteration 51300...
🚀 Running inference...
📊 Evaluating results...
✅ Done. Time cost: 0:00:47.567889

=== Rank-1 (Include identical-view cases) ===
NM: 52.186,	BG: 37.518,	CL: 14.470

=== Rank-1 (Exclude identical-view cases) ===
NM: 47.588,	BG: 33.603,	CL: 13.076

=== Rank-1 of each angle (Exclude identical-view cases) ===
NM: [34.95 43.83 50.27 51.94 51.26 48.83 54.37 56.22 51.76 45.41 34.64]
BG: [27.61 34.28 36.22 38.27 36.04 32.03 35.54 39.68 34.75 31.14 24.07]
CL: [10.99 10.72 13.87 15.65 13.47 13.02 15.27 16.06 13.62 12.65  8.51]

=== Testing checkpoint at iter 51400 ===
🔧 Initializing model...
📦 Loading model from iteration 51400...
🚀 Running inference...
📊 Evaluating results...
✅ Done. Time cost: 0:00:48.988576

=== Rank-1 (Include identical-view cases) ===
NM: 51.560,	BG: 36.848,	CL: 14.075

=== Rank-1 (Exclude identical-view cases) ===
NM: 46.908,	BG: 32.916,	CL: 12.720

=== Rank-1 of each angle (Exclude identical-view cases) ===
NM: [36.13 41.98 47.97 50.05 50.14 48.88 54.10 54.50 50.90 45.54 35.81]
BG: [29.28 32.52 35.49 37.73 36.08 31.62 34.82 38.28 31.86 30.68 23.71]
CL: [10.27 10.45 13.20 15.07 12.88 12.93 14.69 15.70 13.48 12.42  8.83]

=== Testing checkpoint at iter 51500 ===
🔧 Initializing model...
📦 Loading model from iteration 51500...
🚀 Running inference...
📊 Evaluating results...
✅ Done. Time cost: 0:00:48.430311

=== Rank-1 (Include identical-view cases) ===
NM: 51.296,	BG: 36.762,	CL: 14.089

=== Rank-1 (Exclude identical-view cases) ===
NM: 46.605,	BG: 32.830,	CL: 12.798

=== Rank-1 of each angle (Exclude identical-view cases) ===
NM: [35.09 42.61 48.11 50.05 50.27 48.61 53.02 55.00 50.77 44.37 34.78]
BG: [28.11 32.39 36.80 37.23 35.90 31.71 35.09 38.55 32.44 30.32 22.58]
CL: [10.09 11.26 13.51 15.16 12.34 12.75 14.59 16.15 13.98 12.01  8.92]

=== Testing checkpoint at iter 51600 ===
🔧 Initializing model...
📦 Loading model from iteration 51600...
🚀 Running inference...
📊 Evaluating results...
✅ Done. Time cost: 0:00:47.896635

=== Rank-1 (Include identical-view cases) ===
NM: 51.173,	BG: 36.683,	CL: 14.261

=== Rank-1 (Exclude identical-view cases) ===
NM: 46.483,	BG: 32.693,	CL: 12.895

=== Rank-1 of each angle (Exclude identical-view cases) ===
NM: [34.51 42.34 48.06 49.10 50.36 48.88 53.20 54.77 50.45 45.00 34.64]
BG: [28.33 32.88 35.99 35.05 35.04 32.34 34.82 38.41 32.99 30.64 23.12]
CL: [ 9.96 10.86 13.47 15.25 13.33 13.56 15.00 15.88 13.98 11.73  8.83]

=== Testing checkpoint at iter 51700 ===
🔧 Initializing model...
📦 Loading model from iteration 51700...
🚀 Running inference...
📊 Evaluating results...
✅ Done. Time cost: 0:00:48.295678

=== Rank-1 (Include identical-view cases) ===
NM: 51.281,	BG: 36.862,	CL: 13.925

=== Rank-1 (Exclude identical-view cases) ===
NM: 46.589,	BG: 32.931,	CL: 12.571

=== Rank-1 of each angle (Exclude identical-view cases) ===
NM: [35.81 42.34 47.66 49.28 49.91 48.06 53.78 54.96 50.63 45.09 34.95]
BG: [29.24 33.15 35.63 37.00 35.68 31.85 35.63 37.96 32.13 30.18 23.80]
CL: [ 9.96 10.09 12.61 15.02 12.97 13.42 15.27 15.02 13.62 11.87  8.42]

=== Testing checkpoint at iter 51800 ===
🔧 Initializing model...
📦 Loading model from iteration 51800...
🚀 Running inference...
📊 Evaluating results...
✅ Done. Time cost: 0:00:47.484541

=== Rank-1 (Include identical-view cases) ===
NM: 51.474,	BG: 37.251,	CL: 13.948

=== Rank-1 (Exclude identical-view cases) ===
NM: 46.826,	BG: 33.306,	CL: 12.638

=== Rank-1 of each angle (Exclude identical-view cases) ===
NM: [37.07 42.16 48.20 49.10 50.77 50.40 53.92 54.23 49.64 45.09 34.50]
BG: [28.70 33.56 35.77 37.09 36.40 32.79 34.64 39.28 33.84 30.59 23.71]
CL: [10.45 10.05 12.84 15.52 13.29 13.29 14.87 15.11 12.99 12.10  8.51]

=== Testing checkpoint at iter 51900 ===
🔧 Initializing model...
📦 Loading model from iteration 51900...
🚀 Running inference...
📊 Evaluating results...
✅ Done. Time cost: 0:00:48.182020

=== Rank-1 (Include identical-view cases) ===
NM: 51.534,	BG: 37.542,	CL: 14.138

=== Rank-1 (Exclude identical-view cases) ===
NM: 46.863,	BG: 33.618,	CL: 12.789

=== Rank-1 of each angle (Exclude identical-view cases) ===
NM: [35.90 42.84 48.11 50.32 50.63 48.24 52.88 54.68 50.90 45.90 35.09]
BG: [28.79 34.19 37.16 37.55 36.62 33.02 35.54 39.91 32.58 31.42 23.03]
CL: [10.36 10.50 13.38 15.16 13.02 12.66 15.13 16.02 13.35 12.51  8.60]

=== Testing checkpoint at iter 52000 ===
🔧 Initializing model...
📦 Loading model from iteration 52000...
🚀 Running inference...
📊 Evaluating results...
✅ Done. Time cost: 0:00:48.326588

=== Rank-1 (Include identical-view cases) ===
NM: 51.906,	BG: 38.163,	CL: 14.265

=== Rank-1 (Exclude identical-view cases) ===
NM: 47.306,	BG: 34.288,	CL: 12.904

=== Rank-1 of each angle (Exclude identical-view cases) ===
NM: [35.86 41.57 48.65 51.04 51.80 49.23 54.86 55.00 51.48 45.90 34.95]
BG: [29.28 33.65 36.94 38.05 36.40 34.10 37.34 40.27 34.93 31.78 24.43]
CL: [ 9.96 10.05 13.83 15.43 13.20 14.06 15.32 16.02 13.44 12.28  8.38]

=== Testing checkpoint at iter 52100 ===
🔧 Initializing model...
📦 Loading model from iteration 52100...
🚀 Running inference...
📊 Evaluating results...
✅ Done. Time cost: 0:00:47.671563

=== Rank-1 (Include identical-view cases) ===
NM: 51.184,	BG: 37.090,	CL: 14.425

=== Rank-1 (Exclude identical-view cases) ===
NM: 46.486,	BG: 33.178,	CL: 12.999

=== Rank-1 of each angle (Exclude identical-view cases) ===
NM: [35.36 42.57 48.69 49.77 50.09 47.43 53.24 54.55 50.63 45.05 33.96]
BG: [27.93 33.33 35.76 37.09 36.22 32.39 35.81 39.27 33.62 30.73 22.80]
CL: [ 9.91 10.81 14.19 15.75 13.47 13.42 15.00 15.61 13.94 12.65  8.24]

=== Testing checkpoint at iter 52200 ===
🔧 Initializing model...
📦 Loading model from iteration 52200...
🚀 Running inference...
📊 Evaluating results...
✅ Done. Time cost: 0:00:47.677114

=== Rank-1 (Include identical-view cases) ===
NM: 51.344,	BG: 37.553,	CL: 14.142

=== Rank-1 (Exclude identical-view cases) ===
NM: 46.675,	BG: 33.629,	CL: 12.740

=== Rank-1 of each angle (Exclude identical-view cases) ===
NM: [33.60 41.85 50.18 50.49 50.99 48.74 54.55 55.45 50.22 44.14 33.20]
BG: [26.85 34.68 37.16 37.68 37.39 32.57 36.49 40.41 34.30 30.27 22.13]
CL: [ 9.28 10.14 14.23 15.79 13.38 13.33 15.18 15.56 13.17 12.24  7.84]

=== Testing checkpoint at iter 52300 ===
🔧 Initializing model...
📦 Loading model from iteration 52300...
🚀 Running inference...
📊 Evaluating results...
✅ Done. Time cost: 0:00:48.977625

=== Rank-1 (Include identical-view cases) ===
NM: 51.586,	BG: 37.613,	CL: 14.608

=== Rank-1 (Exclude identical-view cases) ===
NM: 46.933,	BG: 33.688,	CL: 13.212

=== Rank-1 of each angle (Exclude identical-view cases) ===
NM: [35.54 43.06 49.69 51.13 50.95 48.11 53.11 54.23 50.18 45.45 34.82]
BG: [28.38 34.46 37.07 38.59 36.85 32.12 36.31 39.10 33.48 31.10 23.12]
CL: [ 9.82 11.08 13.78 16.61 13.78 14.06 15.81 15.84 13.44 12.33  8.79]

=== Testing checkpoint at iter 52400 ===
🔧 Initializing model...
📦 Loading model from iteration 52400...
🚀 Running inference...
📊 Evaluating results...
✅ Done. Time cost: 0:00:47.659111

=== Rank-1 (Include identical-view cases) ===
NM: 51.557,	BG: 37.319,	CL: 14.268

=== Rank-1 (Exclude identical-view cases) ===
NM: 46.884,	BG: 33.388,	CL: 12.916

=== Rank-1 of each angle (Exclude identical-view cases) ===
NM: [35.54 40.95 48.33 50.27 51.98 49.41 54.68 55.14 50.41 44.68 34.32]
BG: [27.79 32.88 36.66 37.82 37.16 32.25 35.45 39.95 33.17 31.00 23.12]
CL: [ 9.32 10.27 13.78 15.79 14.05 13.11 15.90 15.61 13.71 12.06  8.47]

=== Testing checkpoint at iter 52500 ===
🔧 Initializing model...
📦 Loading model from iteration 52500...
🚀 Running inference...
📊 Evaluating results...
✅ Done. Time cost: 0:00:48.035280

=== Rank-1 (Include identical-view cases) ===
NM: 51.594,	BG: 37.374,	CL: 14.115

=== Rank-1 (Exclude identical-view cases) ===
NM: 46.941,	BG: 33.490,	CL: 12.751

=== Rank-1 of each angle (Exclude identical-view cases) ===
NM: [36.08 43.56 47.93 47.75 51.35 48.96 53.87 55.45 50.68 45.40 35.32]
BG: [28.83 34.50 36.17 35.18 35.36 32.21 36.17 40.41 33.76 31.28 24.52]
CL: [10.50 10.86 13.15 14.66 13.83 12.70 15.18 15.70 13.03 11.92  8.74]

=== Testing checkpoint at iter 52600 ===
🔧 Initializing model...
📦 Loading model from iteration 52600...
🚀 Running inference...
📊 Evaluating results...
✅ Done. Time cost: 0:00:48.122202

=== Rank-1 (Include identical-view cases) ===
NM: 50.842,	BG: 36.373,	CL: 13.866

=== Rank-1 (Exclude identical-view cases) ===
NM: 46.106,	BG: 32.418,	CL: 12.588

=== Rank-1 of each angle (Exclude identical-view cases) ===
NM: [36.21 40.99 47.30 47.93 50.27 48.74 52.70 53.87 49.91 45.00 34.23]
BG: [28.61 32.25 35.05 35.68 34.91 30.76 35.54 38.23 33.08 30.18 22.31]
CL: [10.41 10.09 13.15 14.52 13.06 12.84 14.19 15.79 13.71 12.37  8.33]

=== Testing checkpoint at iter 52700 ===
🔧 Initializing model...
📦 Loading model from iteration 52700...
🚀 Running inference...
📊 Evaluating results...
✅ Done. Time cost: 0:00:47.507022

=== Rank-1 (Include identical-view cases) ===
NM: 51.932,	BG: 37.760,	CL: 14.549

=== Rank-1 (Exclude identical-view cases) ===
NM: 47.281,	BG: 33.815,	CL: 13.241

=== Rank-1 of each angle (Exclude identical-view cases) ===
NM: [36.75 41.76 48.74 50.09 52.12 49.87 54.01 55.59 51.22 45.49 34.46]
BG: [28.88 33.74 37.79 37.32 36.31 32.75 35.95 39.45 34.52 31.92 23.35]
CL: [10.77 10.77 13.33 16.42 13.51 13.56 15.54 16.51 14.25 12.60  8.38]

=== Testing checkpoint at iter 52800 ===
🔧 Initializing model...
📦 Loading model from iteration 52800...
🚀 Running inference...
📊 Evaluating results...
✅ Done. Time cost: 0:00:47.707931

=== Rank-1 (Include identical-view cases) ===
NM: 52.100,	BG: 37.557,	CL: 14.182

=== Rank-1 (Exclude identical-view cases) ===
NM: 47.486,	BG: 33.622,	CL: 12.858

=== Rank-1 of each angle (Exclude identical-view cases) ===
NM: [37.30 42.16 48.87 51.40 50.63 49.23 54.23 54.95 51.80 46.58 35.18]
BG: [29.46 33.56 36.67 36.59 36.35 32.30 36.31 38.69 34.39 32.10 23.44]
CL: [10.81 10.90 13.56 15.29 13.42 13.69 14.78 15.65 13.17 11.96  8.20]

=== Testing checkpoint at iter 52900 ===
🔧 Initializing model...
📦 Loading model from iteration 52900...
🚀 Running inference...
📊 Evaluating results...
✅ Done. Time cost: 0:00:48.725844

=== Rank-1 (Include identical-view cases) ===
NM: 51.847,	BG: 37.986,	CL: 14.413

=== Rank-1 (Exclude identical-view cases) ===
NM: 47.207,	BG: 34.064,	CL: 13.121

=== Rank-1 of each angle (Exclude identical-view cases) ===
NM: [36.85 42.25 49.42 50.90 50.72 49.23 53.78 54.37 51.04 45.95 34.77]
BG: [29.73 34.28 37.88 37.36 36.26 33.42 37.07 40.41 34.03 31.51 22.76]
CL: [10.68 10.81 13.24 15.34 14.10 13.74 15.63 15.93 13.71 12.51  8.65]

=== Testing checkpoint at iter 53000 ===
🔧 Initializing model...
📦 Loading model from iteration 53000...
🚀 Running inference...
📊 Evaluating results...
✅ Done. Time cost: 0:00:49.424360

=== Rank-1 (Include identical-view cases) ===
NM: 51.631,	BG: 37.091,	CL: 14.216

=== Rank-1 (Exclude identical-view cases) ===
NM: 46.978,	BG: 33.117,	CL: 12.871

=== Rank-1 of each angle (Exclude identical-view cases) ===
NM: [37.07 42.61 48.29 49.95 50.68 48.56 53.20 55.14 50.27 46.71 34.28]
BG: [28.11 33.78 36.98 36.14 36.40 31.89 34.68 37.69 33.53 31.64 23.44]
CL: [10.86 11.08 12.88 15.57 13.42 13.78 14.50 15.52 13.57 12.06  8.33]

=== Testing checkpoint at iter 53100 ===
🔧 Initializing model...
📦 Loading model from iteration 53100...
🚀 Running inference...
📊 Evaluating results...
✅ Done. Time cost: 0:00:47.470613

=== Rank-1 (Include identical-view cases) ===
NM: 51.616,	BG: 37.441,	CL: 14.204

=== Rank-1 (Exclude identical-view cases) ===
NM: 46.966,	BG: 33.519,	CL: 12.805

=== Rank-1 of each angle (Exclude identical-view cases) ===
NM: [35.45 41.58 48.83 49.59 51.08 49.10 54.01 54.77 51.76 45.41 35.04]
BG: [27.43 33.70 36.76 36.36 37.39 32.75 36.71 38.82 34.16 31.60 23.03]
CL: [10.09 10.77 13.20 15.70 13.47 13.52 15.27 15.65 13.57 11.60  8.02]

=== Testing checkpoint at iter 53200 ===
🔧 Initializing model...
📦 Loading model from iteration 53200...
🚀 Running inference...
📊 Evaluating results...
✅ Done. Time cost: 0:00:51.807052

=== Rank-1 (Include identical-view cases) ===
NM: 51.702,	BG: 37.980,	CL: 14.182

=== Rank-1 (Exclude identical-view cases) ===
NM: 47.011,	BG: 33.947,	CL: 12.797

=== Rank-1 of each angle (Exclude identical-view cases) ===
NM: [35.14 41.89 48.34 50.18 51.08 49.50 54.28 55.18 50.41 46.49 34.64]
BG: [28.07 34.23 37.97 37.27 37.66 33.60 35.90 39.05 34.39 32.01 23.26]
CL: [ 9.37 10.77 13.11 16.02 13.74 14.19 15.05 15.29 13.12 11.74  8.38]

=== Testing checkpoint at iter 53300 ===
🔧 Initializing model...
📦 Loading model from iteration 53300...
🚀 Running inference...
📊 Evaluating results...
✅ Done. Time cost: 0:00:51.169099

=== Rank-1 (Include identical-view cases) ===
NM: 51.910,	BG: 37.561,	CL: 14.649

=== Rank-1 (Exclude identical-view cases) ===
NM: 47.297,	BG: 33.643,	CL: 13.270

=== Rank-1 of each angle (Exclude identical-view cases) ===
NM: [35.50 42.52 48.42 50.54 51.13 49.05 54.82 55.63 51.85 45.59 35.23]
BG: [28.29 33.87 36.17 36.96 36.62 33.02 36.62 39.91 33.53 31.46 23.62]
CL: [10.54 11.26 13.15 14.98 13.42 14.28 16.31 16.79 13.85 12.79  8.60]

=== Testing checkpoint at iter 53400 ===
🔧 Initializing model...
📦 Loading model from iteration 53400...
🚀 Running inference...
📊 Evaluating results...
✅ Done. Time cost: 0:00:50.536147

=== Rank-1 (Include identical-view cases) ===
NM: 51.843,	BG: 37.784,	CL: 14.473

=== Rank-1 (Exclude identical-view cases) ===
NM: 47.220,	BG: 33.826,	CL: 13.137

=== Rank-1 of each angle (Exclude identical-view cases) ===
NM: [37.12 42.93 49.10 50.86 50.77 48.65 54.77 55.09 51.35 43.65 35.14]
BG: [29.51 34.41 36.58 36.32 36.58 32.79 37.48 39.50 34.61 30.73 23.57]
CL: [10.45 10.99 13.38 15.25 13.24 13.52 15.86 16.79 14.39 11.83  8.83]

=== Testing checkpoint at iter 53500 ===
🔧 Initializing model...
📦 Loading model from iteration 53500...
🚀 Running inference...
📊 Evaluating results...
✅ Done. Time cost: 0:00:50.574191

=== Rank-1 (Include identical-view cases) ===
NM: 51.843,	BG: 37.599,	CL: 14.264

=== Rank-1 (Exclude identical-view cases) ===
NM: 47.240,	BG: 33.602,	CL: 12.924

=== Rank-1 of each angle (Exclude identical-view cases) ===
NM: [34.91 42.75 49.05 49.96 51.44 49.23 53.60 55.81 51.35 46.22 35.31]
BG: [27.70 34.01 36.31 35.73 36.35 32.30 35.77 40.27 34.84 32.01 24.34]
CL: [10.32 10.72 13.20 14.93 13.24 14.42 15.85 15.93 13.48 11.78  8.29]

=== Testing checkpoint at iter 53600 ===
🔧 Initializing model...
📦 Loading model from iteration 53600...
🚀 Running inference...
📊 Evaluating results...
✅ Done. Time cost: 0:00:52.352830

=== Rank-1 (Include identical-view cases) ===
NM: 51.516,	BG: 37.411,	CL: 14.160

=== Rank-1 (Exclude identical-view cases) ===
NM: 46.863,	BG: 33.400,	CL: 12.809

=== Rank-1 of each angle (Exclude identical-view cases) ===
NM: [34.33 41.40 48.51 49.59 51.35 49.78 54.59 55.18 51.35 45.05 34.37]
BG: [27.57 33.38 36.31 36.18 36.26 33.88 36.40 38.91 33.66 31.55 23.30]
CL: [ 9.82 10.54 13.69 15.02 13.38 13.92 15.32 15.79 13.08 11.92  8.42]

=== Testing checkpoint at iter 53700 ===
🔧 Initializing model...
📦 Loading model from iteration 53700...
🚀 Running inference...
📊 Evaluating results...
✅ Done. Time cost: 0:00:49.228613

=== Rank-1 (Include identical-view cases) ===
NM: 51.813,	BG: 37.685,	CL: 14.048

=== Rank-1 (Exclude identical-view cases) ===
NM: 47.179,	BG: 33.786,	CL: 12.711

=== Rank-1 of each angle (Exclude identical-view cases) ===
NM: [36.71 42.52 49.46 50.36 50.32 49.33 53.92 54.28 50.81 45.81 35.45]
BG: [29.60 34.32 36.98 37.27 37.25 32.57 35.77 39.10 33.94 31.74 23.12]
CL: [10.14 10.72 12.34 15.02 13.74 13.60 15.45 15.11 13.30 11.78  8.60]

=== Testing checkpoint at iter 53800 ===
🔧 Initializing model...
📦 Loading model from iteration 53800...
🚀 Running inference...
📊 Evaluating results...
✅ Done. Time cost: 0:00:49.688759

=== Rank-1 (Include identical-view cases) ===
NM: 51.538,	BG: 36.944,	CL: 13.965

=== Rank-1 (Exclude identical-view cases) ===
NM: 46.872,	BG: 32.988,	CL: 12.616

=== Rank-1 of each angle (Exclude identical-view cases) ===
NM: [35.77 41.49 48.78 49.23 49.69 49.64 53.69 55.85 51.04 45.68 34.73]
BG: [27.21 32.84 36.80 35.73 35.99 32.88 35.59 38.96 34.03 30.32 22.53]
CL: [ 9.91 10.72 12.97 14.25 13.33 14.33 14.51 15.47 12.98 11.83  8.47]

=== Testing checkpoint at iter 53900 ===
🔧 Initializing model...
📦 Loading model from iteration 53900...
🚀 Running inference...
📊 Evaluating results...
✅ Done. Time cost: 0:00:48.058556

=== Rank-1 (Include identical-view cases) ===
NM: 52.625,	BG: 37.830,	CL: 14.048

=== Rank-1 (Exclude identical-view cases) ===
NM: 48.055,	BG: 33.988,	CL: 12.751

=== Rank-1 of each angle (Exclude identical-view cases) ===
NM: [38.24 44.51 50.14 50.99 50.90 47.75 53.11 56.17 52.25 46.98 37.57]
BG: [30.77 35.32 35.90 36.50 36.67 31.53 35.63 39.32 34.89 32.24 25.11]
CL: [11.58 11.58 12.84 14.61 13.15 12.97 14.46 14.43 12.94 12.42  9.28]

=== Testing checkpoint at iter 54000 ===
🔧 Initializing model...
📦 Loading model from iteration 54000...
🚀 Running inference...
📊 Evaluating results...
✅ Done. Time cost: 0:00:49.308188

=== Rank-1 (Include identical-view cases) ===
NM: 51.795,	BG: 37.285,	CL: 14.692

=== Rank-1 (Exclude identical-view cases) ===
NM: 47.174,	BG: 33.421,	CL: 13.337

=== Rank-1 of each angle (Exclude identical-view cases) ===
NM: [36.04 42.61 48.96 50.90 50.99 49.19 53.87 55.50 50.49 45.41 34.95]
BG: [28.34 34.10 36.13 37.09 36.71 31.89 35.13 39.77 34.12 31.92 22.44]
CL: [10.18 11.44 13.69 15.88 13.51 13.52 15.14 16.15 14.71 13.38  9.10]

=== Testing checkpoint at iter 54100 ===
🔧 Initializing model...
📦 Loading model from iteration 54100...
🚀 Running inference...
📊 Evaluating results...
✅ Done. Time cost: 0:00:49.632183

=== Rank-1 (Include identical-view cases) ===
NM: 51.824,	BG: 37.901,	CL: 14.462

=== Rank-1 (Exclude identical-view cases) ===
NM: 47.179,	BG: 33.983,	CL: 13.076

=== Rank-1 of each angle (Exclude identical-view cases) ===
NM: [36.31 42.84 49.37 50.23 50.32 48.79 53.69 55.13 51.49 45.68 35.13]
BG: [29.55 34.86 37.39 37.27 37.21 32.75 36.26 39.59 33.80 32.19 22.94]
CL: [10.45 11.80 13.20 15.66 13.38 13.56 15.04 15.88 13.48 12.42  8.96]

=== Testing checkpoint at iter 54200 ===
🔧 Initializing model...
📦 Loading model from iteration 54200...
🚀 Running inference...
📊 Evaluating results...
✅ Done. Time cost: 0:00:49.536631

=== Rank-1 (Include identical-view cases) ===
NM: 51.861,	BG: 37.666,	CL: 14.526

=== Rank-1 (Exclude identical-view cases) ===
NM: 47.232,	BG: 33.737,	CL: 13.121

=== Rank-1 of each angle (Exclude identical-view cases) ===
NM: [37.34 42.43 49.19 50.23 50.81 49.01 54.23 55.68 50.85 45.36 34.41]
BG: [29.05 34.50 36.94 36.91 36.67 32.48 35.90 38.78 33.89 32.60 23.39]
CL: [10.68 11.58 13.42 15.97 13.51 13.06 15.50 15.88 13.71 12.28  8.74]

=== Testing checkpoint at iter 54300 ===
🔧 Initializing model...
📦 Loading model from iteration 54300...
🚀 Running inference...
📊 Evaluating results...
✅ Done. Time cost: 0:00:49.962846

=== Rank-1 (Include identical-view cases) ===
NM: 52.517,	BG: 37.945,	CL: 14.833

=== Rank-1 (Exclude identical-view cases) ===
NM: 47.948,	BG: 34.081,	CL: 13.504

=== Rank-1 of each angle (Exclude identical-view cases) ===
NM: [37.93 43.78 49.87 53.11 50.59 49.14 54.41 56.31 51.04 45.77 35.50]
BG: [29.91 34.86 37.07 38.32 36.71 33.29 36.22 40.18 34.21 31.28 22.85]
CL: [11.26 12.03 13.78 16.61 13.42 13.24 15.31 16.74 14.21 12.97  8.96]

=== Testing checkpoint at iter 54400 ===
🔧 Initializing model...
📦 Loading model from iteration 54400...
🚀 Running inference...
📊 Evaluating results...
✅ Done. Time cost: 0:00:47.461908

=== Rank-1 (Include identical-view cases) ===
NM: 51.958,	BG: 37.663,	CL: 14.564

=== Rank-1 (Exclude identical-view cases) ===
NM: 47.326,	BG: 33.759,	CL: 13.216

=== Rank-1 of each angle (Exclude identical-view cases) ===
NM: [36.76 42.43 49.37 51.62 51.13 49.33 54.05 54.41 50.63 45.86 35.00]
BG: [28.96 33.74 37.43 37.68 36.85 31.98 34.91 39.50 34.30 32.37 23.62]
CL: [10.72 11.08 13.47 16.47 13.38 13.47 15.68 16.11 13.98 12.65  8.38]

=== Testing checkpoint at iter 54500 ===
🔧 Initializing model...
📦 Loading model from iteration 54500...
🚀 Running inference...
📊 Evaluating results...
✅ Done. Time cost: 0:00:49.619013

=== Rank-1 (Include identical-view cases) ===
NM: 51.366,	BG: 36.982,	CL: 14.183

=== Rank-1 (Exclude identical-view cases) ===
NM: 46.675,	BG: 33.035,	CL: 12.872

=== Rank-1 of each angle (Exclude identical-view cases) ===
NM: [34.82 42.21 48.24 50.32 50.31 49.24 54.37 54.19 50.90 44.73 34.10]
BG: [28.78 32.75 36.71 37.18 35.90 32.21 34.28 38.73 34.30 30.59 21.94]
CL: [ 9.41 10.27 13.83 15.25 12.75 13.74 15.50 16.11 13.85 12.51  8.38]

=== Testing checkpoint at iter 54600 ===
🔧 Initializing model...
📦 Loading model from iteration 54600...
🚀 Running inference...
📊 Evaluating results...
✅ Done. Time cost: 0:00:49.069450

=== Rank-1 (Include identical-view cases) ===
NM: 51.936,	BG: 37.785,	CL: 14.511

=== Rank-1 (Exclude identical-view cases) ===
NM: 47.297,	BG: 33.885,	CL: 13.228

=== Rank-1 of each angle (Exclude identical-view cases) ===
NM: [35.76 43.24 49.95 51.94 50.81 48.70 54.01 55.50 51.04 44.95 34.37]
BG: [28.20 34.82 37.79 38.36 37.39 32.79 36.03 39.23 33.58 31.64 22.90]
CL: [11.13 11.76 13.51 15.52 13.24 12.88 15.36 16.65 13.89 12.79  8.78]

=== Testing checkpoint at iter 54700 ===
🔧 Initializing model...
📦 Loading model from iteration 54700...
🚀 Running inference...
📊 Evaluating results...
✅ Done. Time cost: 0:00:48.192177

=== Rank-1 (Include identical-view cases) ===
NM: 51.403,	BG: 37.195,	CL: 13.966

=== Rank-1 (Exclude identical-view cases) ===
NM: 46.707,	BG: 33.265,	CL: 12.690

=== Rank-1 of each angle (Exclude identical-view cases) ===
NM: [35.94 42.52 48.24 49.28 50.49 49.23 53.24 54.37 50.05 45.68 34.73]
BG: [28.20 34.19 36.44 36.55 36.71 32.07 34.55 39.68 33.48 31.46 22.58]
CL: [10.72 11.04 12.84 14.98 12.66 13.51 15.05 14.98 12.58 12.24  9.01]

=== Testing checkpoint at iter 54800 ===
🔧 Initializing model...
📦 Loading model from iteration 54800...
🚀 Running inference...
📊 Evaluating results...
✅ Done. Time cost: 0:00:47.983717

=== Rank-1 (Include identical-view cases) ===
NM: 52.796,	BG: 38.312,	CL: 14.437

=== Rank-1 (Exclude identical-view cases) ===
NM: 48.223,	BG: 34.452,	CL: 13.089

=== Rank-1 of each angle (Exclude identical-view cases) ===
NM: [38.11 43.96 50.63 52.12 50.99 49.73 54.77 56.31 52.12 46.22 35.49]
BG: [30.49 35.00 38.29 38.23 36.94 32.52 36.17 40.77 35.07 32.10 23.39]
CL: [10.41 10.95 13.56 15.97 13.65 13.20 15.45 15.97 14.03 12.47  8.33]

=== Testing checkpoint at iter 54900 ===
🔧 Initializing model...
📦 Loading model from iteration 54900...
🚀 Running inference...
📊 Evaluating results...
✅ Done. Time cost: 0:00:48.818297

=== Rank-1 (Include identical-view cases) ===
NM: 52.591,	BG: 38.017,	CL: 14.357

=== Rank-1 (Exclude identical-view cases) ===
NM: 48.018,	BG: 34.123,	CL: 13.108

=== Rank-1 of each angle (Exclude identical-view cases) ===
NM: [37.57 43.74 49.60 51.80 50.86 49.59 54.28 55.67 53.02 46.31 35.77]
BG: [30.31 34.14 36.94 37.55 37.52 32.34 35.99 39.77 35.25 31.64 23.89]
CL: [11.44 11.40 13.65 15.66 13.29 13.52 15.45 15.66 13.39 11.55  9.19]

=== Testing checkpoint at iter 55000 ===
🔧 Initializing model...
📦 Loading model from iteration 55000...
🚀 Running inference...
📊 Evaluating results...
✅ Done. Time cost: 0:00:50.855490

=== Rank-1 (Include identical-view cases) ===
NM: 52.360,	BG: 38.326,	CL: 14.801

=== Rank-1 (Exclude identical-view cases) ===
NM: 47.743,	BG: 34.435,	CL: 13.494

=== Rank-1 of each angle (Exclude identical-view cases) ===
NM: [37.61 43.92 49.50 51.76 51.17 49.41 54.05 55.27 51.35 46.22 34.91]
BG: [30.59 35.18 38.29 38.95 37.43 33.78 36.22 39.14 34.57 31.78 22.85]
CL: [11.58 11.76 14.10 17.06 14.14 14.10 15.04 15.79 13.80 11.96  9.10]

=== Testing checkpoint at iter 55100 ===
🔧 Initializing model...
📦 Loading model from iteration 55100...
🚀 Running inference...
📊 Evaluating results...
✅ Done. Time cost: 0:00:47.761768

=== Rank-1 (Include identical-view cases) ===
NM: 51.549,	BG: 37.438,	CL: 14.600

=== Rank-1 (Exclude identical-view cases) ===
NM: 46.859,	BG: 33.532,	CL: 13.231

=== Rank-1 of each angle (Exclude identical-view cases) ===
NM: [32.84 42.34 49.37 50.99 51.22 49.73 53.92 55.45 50.90 45.00 33.69]
BG: [27.25 33.74 36.58 37.59 36.53 32.70 36.44 39.10 34.39 31.37 23.17]
CL: [10.27 11.71 12.97 14.57 13.92 14.73 15.50 17.19 13.93 12.01  8.74]

=== Testing checkpoint at iter 55200 ===
🔧 Initializing model...
📦 Loading model from iteration 55200...
🚀 Running inference...
📊 Evaluating results...
✅ Done. Time cost: 0:00:47.627031

=== Rank-1 (Include identical-view cases) ===
NM: 51.072,	BG: 36.512,	CL: 14.358

=== Rank-1 (Exclude identical-view cases) ===
NM: 46.359,	BG: 32.653,	CL: 13.035

=== Rank-1 of each angle (Exclude identical-view cases) ===
NM: [36.35 42.30 48.29 50.45 49.59 48.38 51.94 54.10 49.33 44.91 34.32]
BG: [28.88 32.97 36.35 36.45 34.91 30.68 34.55 38.60 32.80 31.00 21.99]
CL: [10.27 11.08 13.78 14.93 13.65 14.19 15.14 15.66 13.57 12.24  8.88]

=== Testing checkpoint at iter 55300 ===
🔧 Initializing model...
📦 Loading model from iteration 55300...
🚀 Running inference...
📊 Evaluating results...
✅ Done. Time cost: 0:00:47.823709

=== Rank-1 (Include identical-view cases) ===
NM: 51.132,	BG: 36.844,	CL: 14.286

=== Rank-1 (Exclude identical-view cases) ===
NM: 46.421,	BG: 32.931,	CL: 12.972

=== Rank-1 of each angle (Exclude identical-view cases) ===
NM: [35.49 41.89 48.11 50.14 50.04 48.65 52.84 53.51 50.36 45.50 34.10]
BG: [28.15 33.20 36.67 36.36 35.50 33.11 35.18 37.78 33.08 30.37 22.85]
CL: [10.90 10.77 13.47 15.52 13.69 14.51 15.05 15.34 13.21 11.74  8.51]

=== Testing checkpoint at iter 55400 ===
🔧 Initializing model...
📦 Loading model from iteration 55400...
🚀 Running inference...
📊 Evaluating results...
✅ Done. Time cost: 0:00:48.483007

=== Rank-1 (Include identical-view cases) ===
NM: 51.501,	BG: 37.243,	CL: 14.190

=== Rank-1 (Exclude identical-view cases) ===
NM: 46.810,	BG: 33.322,	CL: 12.887

=== Rank-1 of each angle (Exclude identical-view cases) ===
NM: [36.17 41.71 48.06 50.27 50.05 49.23 52.88 54.55 50.68 46.40 34.91]
BG: [28.74 32.97 36.44 36.18 35.99 33.51 35.54 39.55 33.94 31.14 22.53]
CL: [10.41 10.95 12.75 14.80 13.29 14.73 15.00 16.02 13.21 11.87  8.74]

=== Testing checkpoint at iter 55500 ===
🔧 Initializing model...
📦 Loading model from iteration 55500...
🚀 Running inference...
📊 Evaluating results...
✅ Done. Time cost: 0:00:48.102283

=== Rank-1 (Include identical-view cases) ===
NM: 52.453,	BG: 37.719,	CL: 14.208

=== Rank-1 (Exclude identical-view cases) ===
NM: 47.883,	BG: 33.886,	CL: 12.895

=== Rank-1 of each angle (Exclude identical-view cases) ===
NM: [37.34 44.73 49.95 51.13 51.58 49.55 54.64 55.45 50.95 45.77 35.63]
BG: [29.24 34.19 37.61 38.32 36.44 32.07 35.45 39.23 34.16 31.73 24.30]
CL: [10.77 11.35 13.65 15.16 13.02 13.83 15.14 15.16 13.39 12.01  8.38]

=== Testing checkpoint at iter 55600 ===
🔧 Initializing model...
📦 Loading model from iteration 55600...
🚀 Running inference...
📊 Evaluating results...
✅ Done. Time cost: 0:00:48.427576

=== Rank-1 (Include identical-view cases) ===
NM: 50.790,	BG: 36.781,	CL: 14.040

=== Rank-1 (Exclude identical-view cases) ===
NM: 46.044,	BG: 32.838,	CL: 12.636

=== Rank-1 of each angle (Exclude identical-view cases) ===
NM: [36.26 41.08 47.66 48.56 48.56 47.39 52.61 53.87 50.54 45.09 34.86]
BG: [28.97 32.21 35.45 35.82 35.36 32.48 35.00 37.69 33.66 31.28 23.30]
CL: [ 9.46 10.72 13.69 14.25 12.97 14.10 15.18 15.20 12.85 12.05  8.51]

=== Testing checkpoint at iter 55700 ===
🔧 Initializing model...
📦 Loading model from iteration 55700...
🚀 Running inference...
📊 Evaluating results...
✅ Done. Time cost: 0:00:48.492596

=== Rank-1 (Include identical-view cases) ===
NM: 51.742,	BG: 37.139,	CL: 14.197

=== Rank-1 (Exclude identical-view cases) ===
NM: 47.084,	BG: 33.203,	CL: 12.793

=== Rank-1 of each angle (Exclude identical-view cases) ===
NM: [37.16 42.34 49.01 50.13 50.23 49.23 53.42 54.59 50.72 46.08 35.00]
BG: [28.56 33.56 35.72 37.32 36.26 32.70 35.09 38.60 33.53 30.91 22.99]
CL: [10.45 10.90 13.47 15.61 13.15 13.02 15.09 15.07 13.26 12.24  8.47]

=== Testing checkpoint at iter 55800 ===
🔧 Initializing model...
📦 Loading model from iteration 55800...
🚀 Running inference...
📊 Evaluating results...
✅ Done. Time cost: 0:00:48.244787

=== Rank-1 (Include identical-view cases) ===
NM: 51.263,	BG: 37.016,	CL: 13.853

=== Rank-1 (Exclude identical-view cases) ===
NM: 46.548,	BG: 32.981,	CL: 12.509

=== Rank-1 of each angle (Exclude identical-view cases) ===
NM: [34.77 41.71 48.20 49.19 50.00 48.92 54.05 53.96 51.35 45.45 34.42]
BG: [27.07 33.38 35.41 36.14 35.41 33.02 36.17 38.87 33.62 30.78 22.94]
CL: [ 9.50 10.14 12.52 15.07 13.11 14.37 14.91 14.93 13.03 11.55  8.47]

=== Testing checkpoint at iter 55900 ===
🔧 Initializing model...
📦 Loading model from iteration 55900...
🚀 Running inference...
📊 Evaluating results...
✅ Done. Time cost: 0:00:47.872881

=== Rank-1 (Include identical-view cases) ===
NM: 51.973,	BG: 37.668,	CL: 14.369

=== Rank-1 (Exclude identical-view cases) ===
NM: 47.338,	BG: 33.756,	CL: 13.084

=== Rank-1 of each angle (Exclude identical-view cases) ===
NM: [37.56 43.42 48.38 51.62 50.50 50.09 54.23 55.09 51.26 44.68 33.88]
BG: [29.24 34.19 37.34 37.95 37.34 32.88 36.08 39.37 33.93 30.69 22.31]
CL: [10.81 10.90 13.69 15.70 13.65 13.24 15.32 16.24 13.48 12.05  8.83]

=== Testing checkpoint at iter 56000 ===
🔧 Initializing model...
📦 Loading model from iteration 56000...
🚀 Running inference...
📊 Evaluating results...
✅ Done. Time cost: 0:00:47.766582

=== Rank-1 (Include identical-view cases) ===
NM: 52.361,	BG: 37.710,	CL: 14.164

=== Rank-1 (Exclude identical-view cases) ===
NM: 47.752,	BG: 33.839,	CL: 12.900

=== Rank-1 of each angle (Exclude identical-view cases) ===
NM: [36.66 43.11 49.73 51.39 50.72 49.69 55.09 55.68 51.40 46.13 35.68]
BG: [29.10 33.47 38.24 37.05 36.08 33.11 36.58 40.09 34.12 31.69 22.71]
CL: [10.14 10.14 13.38 15.20 13.92 13.69 15.27 15.43 13.89 12.15  8.69]

=== Testing checkpoint at iter 56100 ===
🔧 Initializing model...
📦 Loading model from iteration 56100...
🚀 Running inference...
📊 Evaluating results...
✅ Done. Time cost: 0:00:47.676341

=== Rank-1 (Include identical-view cases) ===
NM: 51.423,	BG: 37.307,	CL: 14.227

=== Rank-1 (Exclude identical-view cases) ===
NM: 46.733,	BG: 33.342,	CL: 12.920

=== Rank-1 of each angle (Exclude identical-view cases) ===
NM: [34.95 42.21 48.74 50.13 50.23 49.15 53.29 54.01 50.49 46.04 34.82]
BG: [28.74 33.20 36.31 36.46 36.17 32.79 36.17 39.27 33.53 31.41 22.71]
CL: [10.32 11.17 14.01 15.16 13.24 13.15 15.00 15.66 13.80 12.19  8.42]

=== Testing checkpoint at iter 56200 ===
🔧 Initializing model...
📦 Loading model from iteration 56200...
🚀 Running inference...
📊 Evaluating results...
✅ Done. Time cost: 0:00:50.006875

=== Rank-1 (Include identical-view cases) ===
NM: 51.541,	BG: 37.296,	CL: 14.134

=== Rank-1 (Exclude identical-view cases) ===
NM: 46.855,	BG: 33.339,	CL: 12.772

=== Rank-1 of each angle (Exclude identical-view cases) ===
NM: [36.49 42.75 48.38 50.63 50.72 48.83 53.29 54.77 50.49 44.77 34.28]
BG: [29.32 33.51 36.58 36.59 36.22 32.57 36.04 37.87 32.58 32.05 23.39]
CL: [10.36 11.44 12.93 16.02 13.42 13.02 14.78 14.84 13.03 12.15  8.51]

=== Testing checkpoint at iter 56300 ===
🔧 Initializing model...
📦 Loading model from iteration 56300...
🚀 Running inference...
📊 Evaluating results...
✅ Done. Time cost: 0:00:50.380988

=== Rank-1 (Include identical-view cases) ===
NM: 52.676,	BG: 38.043,	CL: 14.665

=== Rank-1 (Exclude identical-view cases) ===
NM: 48.120,	BG: 34.157,	CL: 13.282

=== Rank-1 of each angle (Exclude identical-view cases) ===
NM: [37.88 44.86 51.13 52.21 50.90 48.83 54.23 55.99 51.40 46.08 35.81]
BG: [30.31 35.49 38.11 37.14 36.85 33.02 35.63 38.87 33.89 33.20 23.21]
CL: [10.72 11.62 13.87 15.61 13.78 13.78 15.18 16.42 13.67 12.88  8.56]

=== Testing checkpoint at iter 56400 ===
🔧 Initializing model...
📦 Loading model from iteration 56400...
🚀 Running inference...
📊 Evaluating results...
✅ Done. Time cost: 0:00:50.035501

=== Rank-1 (Include identical-view cases) ===
NM: 51.757,	BG: 37.538,	CL: 14.836

=== Rank-1 (Exclude identical-view cases) ===
NM: 47.088,	BG: 33.589,	CL: 13.463

=== Rank-1 of each angle (Exclude identical-view cases) ===
NM: [37.21 43.11 48.83 49.42 49.68 48.74 52.88 54.86 50.67 46.44 36.13]
BG: [29.68 34.50 36.62 35.59 35.90 32.57 35.32 38.23 34.80 31.87 24.39]
CL: [11.26 11.62 13.78 15.61 14.37 13.79 15.27 16.29 13.94 13.10  9.06]

=== Testing checkpoint at iter 56500 ===
🔧 Initializing model...
📦 Loading model from iteration 56500...
🚀 Running inference...
📊 Evaluating results...
✅ Done. Time cost: 0:00:51.263297

=== Rank-1 (Include identical-view cases) ===
NM: 52.725,	BG: 38.397,	CL: 14.194

=== Rank-1 (Exclude identical-view cases) ===
NM: 48.169,	BG: 34.455,	CL: 12.916

=== Rank-1 of each angle (Exclude identical-view cases) ===
NM: [36.76 44.37 50.63 53.15 51.67 49.51 55.13 55.95 51.66 45.81 35.22]
BG: [29.46 35.04 38.29 38.09 37.66 33.69 37.30 40.36 34.66 31.69 22.76]
CL: [10.68 11.35 13.20 15.93 13.96 12.93 14.82 15.43 12.89 12.29  8.60]

=== Testing checkpoint at iter 56600 ===
🔧 Initializing model...
📦 Loading model from iteration 56600...
🚀 Running inference...
📊 Evaluating results...
✅ Done. Time cost: 0:00:49.803405

=== Rank-1 (Include identical-view cases) ===
NM: 51.162,	BG: 36.728,	CL: 14.364

=== Rank-1 (Exclude identical-view cases) ===
NM: 46.450,	BG: 32.673,	CL: 12.969

=== Rank-1 of each angle (Exclude identical-view cases) ===
NM: [35.59 41.21 46.94 50.23 50.54 49.33 53.38 54.46 49.23 45.36 34.69]
BG: [27.25 32.21 35.59 35.91 35.04 32.52 34.95 38.05 33.85 30.82 23.21]
CL: [10.36 10.90 13.06 13.93 13.60 14.51 15.86 15.97 13.44 12.19  8.83]

=== Testing checkpoint at iter 56700 ===
🔧 Initializing model...
📦 Loading model from iteration 56700...
🚀 Running inference...
📊 Evaluating results...
✅ Done. Time cost: 0:00:47.265022

=== Rank-1 (Include identical-view cases) ===
NM: 51.794,	BG: 37.863,	CL: 13.989

=== Rank-1 (Exclude identical-view cases) ===
NM: 47.158,	BG: 33.987,	CL: 12.646

=== Rank-1 of each angle (Exclude identical-view cases) ===
NM: [35.45 41.62 48.92 50.85 50.81 49.73 54.10 55.59 51.31 45.36 35.00]
BG: [28.24 33.47 37.25 38.32 37.16 33.74 36.53 39.68 33.76 31.14 24.57]
CL: [10.23 10.32 13.15 14.61 13.29 12.84 14.91 15.61 13.67 12.19  8.29]

=== Testing checkpoint at iter 56800 ===
🔧 Initializing model...
📦 Loading model from iteration 56800...
🚀 Running inference...
📊 Evaluating results...
✅ Done. Time cost: 0:00:48.274342

=== Rank-1 (Include identical-view cases) ===
NM: 51.776,	BG: 36.892,	CL: 14.193

=== Rank-1 (Exclude identical-view cases) ===
NM: 47.133,	BG: 33.001,	CL: 12.813

=== Rank-1 of each angle (Exclude identical-view cases) ===
NM: [37.52 42.93 49.23 51.12 50.27 48.83 53.56 53.87 50.94 45.23 34.95]
BG: [28.56 33.47 37.03 36.64 36.80 31.44 34.05 38.19 33.48 30.55 22.80]
CL: [10.32 10.23 13.38 15.43 13.38 13.38 15.76 15.52 13.53 11.92  8.11]

=== Testing checkpoint at iter 56900 ===
🔧 Initializing model...
📦 Loading model from iteration 56900...
🚀 Running inference...
📊 Evaluating results...
✅ Done. Time cost: 0:00:48.203540

=== Rank-1 (Include identical-view cases) ===
NM: 52.483,	BG: 37.808,	CL: 14.717

=== Rank-1 (Exclude identical-view cases) ===
NM: 47.899,	BG: 33.885,	CL: 13.352

=== Rank-1 of each angle (Exclude identical-view cases) ===
NM: [37.03 43.42 49.64 52.57 50.81 49.55 54.14 56.26 51.53 45.41 36.53]
BG: [28.79 33.87 36.94 37.82 36.85 33.38 35.63 39.64 34.21 31.28 24.34]
CL: [10.81 11.22 13.20 15.70 13.88 13.15 15.45 16.97 14.30 12.88  9.33]

=== Testing checkpoint at iter 57000 ===
🔧 Initializing model...
📦 Loading model from iteration 57000...
🚀 Running inference...
📊 Evaluating results...
✅ Done. Time cost: 0:00:48.226078

=== Rank-1 (Include identical-view cases) ===
NM: 51.940,	BG: 37.393,	CL: 14.108

=== Rank-1 (Exclude identical-view cases) ===
NM: 47.297,	BG: 33.511,	CL: 12.797

=== Rank-1 of each angle (Exclude identical-view cases) ===
NM: [36.13 41.40 49.87 50.95 51.40 49.05 54.19 54.82 51.62 45.36 35.49]
BG: [27.61 33.29 37.07 37.14 37.30 33.74 35.72 38.82 33.85 31.37 22.71]
CL: [ 9.78 10.59 13.06 15.34 13.42 14.05 15.23 15.97 13.26 11.92  8.15]

=== Testing checkpoint at iter 57100 ===
🔧 Initializing model...
📦 Loading model from iteration 57100...
🚀 Running inference...
📊 Evaluating results...
✅ Done. Time cost: 0:00:47.327753

=== Rank-1 (Include identical-view cases) ===
NM: 51.664,	BG: 37.143,	CL: 14.022

=== Rank-1 (Exclude identical-view cases) ===
NM: 47.006,	BG: 33.174,	CL: 12.764

=== Rank-1 of each angle (Exclude identical-view cases) ===
NM: [36.85 42.39 49.41 50.41 49.37 49.01 53.87 54.73 50.72 45.31 35.00]
BG: [28.88 32.66 36.35 36.59 37.03 32.34 35.27 38.96 33.12 30.78 22.94]
CL: [11.04  9.82 13.65 14.57 13.24 13.20 15.23 15.11 13.39 12.19  8.97]

=== Testing checkpoint at iter 57200 ===
🔧 Initializing model...
📦 Loading model from iteration 57200...
🚀 Running inference...
📊 Evaluating results...
✅ Done. Time cost: 0:00:48.908125

=== Rank-1 (Include identical-view cases) ===
NM: 51.936,	BG: 37.295,	CL: 14.406

=== Rank-1 (Exclude identical-view cases) ===
NM: 47.306,	BG: 33.297,	CL: 13.027

=== Rank-1 of each angle (Exclude identical-view cases) ===
NM: [34.91 43.47 49.82 51.17 50.41 49.78 54.32 55.90 50.99 45.00 34.60]
BG: [27.30 33.51 36.53 36.68 35.99 32.79 36.08 39.73 32.99 30.55 24.12]
CL: [ 9.87 10.63 13.78 15.79 13.69 14.28 15.41 16.38 13.48 11.87  8.11]

=== Testing checkpoint at iter 57300 ===
🔧 Initializing model...
📦 Loading model from iteration 57300...
🚀 Running inference...
📊 Evaluating results...
✅ Done. Time cost: 0:00:48.810064

=== Rank-1 (Include identical-view cases) ===
NM: 52.398,	BG: 37.974,	CL: 13.933

=== Rank-1 (Exclude identical-view cases) ===
NM: 47.805,	BG: 33.945,	CL: 12.621

=== Rank-1 of each angle (Exclude identical-view cases) ===
NM: [36.49 42.93 50.68 51.71 51.44 49.41 54.95 56.26 51.89 44.91 35.18]
BG: [28.15 34.46 37.25 37.50 36.89 33.69 37.25 39.95 34.21 31.14 22.89]
CL: [10.27 11.13 12.97 15.25 12.70 13.52 14.64 15.16 12.85 11.92  8.42]

=== Testing checkpoint at iter 57400 ===
🔧 Initializing model...
📦 Loading model from iteration 57400...
🚀 Running inference...
📊 Evaluating results...
✅ Done. Time cost: 0:00:47.870210

=== Rank-1 (Include identical-view cases) ===
NM: 51.653,	BG: 37.258,	CL: 14.007

=== Rank-1 (Exclude identical-view cases) ===
NM: 47.003,	BG: 33.318,	CL: 12.695

=== Rank-1 of each angle (Exclude identical-view cases) ===
NM: [36.40 42.16 48.83 51.13 50.23 49.41 53.74 54.55 50.36 45.54 34.69]
BG: [28.02 33.20 36.31 37.59 37.12 32.88 35.09 39.18 33.30 30.73 23.08]
CL: [10.54 11.31 12.97 15.25 13.20 12.75 14.55 14.75 13.35 11.96  9.01]

=== Testing checkpoint at iter 57500 ===
🔧 Initializing model...
📦 Loading model from iteration 57500...
🚀 Running inference...
📊 Evaluating results...
✅ Done. Time cost: 0:00:48.659452

=== Rank-1 (Include identical-view cases) ===
NM: 52.412,	BG: 37.650,	CL: 14.324

=== Rank-1 (Exclude identical-view cases) ===
NM: 47.837,	BG: 33.683,	CL: 13.035

=== Rank-1 of each angle (Exclude identical-view cases) ===
NM: [36.62 42.88 50.77 52.03 51.62 49.68 54.82 55.36 51.94 44.86 35.63]
BG: [29.01 34.23 37.16 37.50 37.21 32.79 35.99 39.46 33.84 30.78 22.53]
CL: [10.99 10.50 13.65 15.52 12.97 13.96 15.54 15.11 14.03 12.42  8.69]

=== Testing checkpoint at iter 57600 ===
🔧 Initializing model...
📦 Loading model from iteration 57600...
🚀 Running inference...
📊 Evaluating results...
✅ Done. Time cost: 0:00:47.616177

=== Rank-1 (Include identical-view cases) ===
NM: 51.783,	BG: 37.533,	CL: 14.212

=== Rank-1 (Exclude identical-view cases) ===
NM: 47.166,	BG: 33.555,	CL: 12.822

=== Rank-1 of each angle (Exclude identical-view cases) ===
NM: [35.95 42.70 49.77 52.21 50.72 49.82 54.10 54.91 49.91 44.01 34.73]
BG: [27.79 34.64 37.39 37.64 37.48 32.93 36.13 38.73 33.03 30.23 23.12]
CL: [10.40 10.36 13.65 15.93 12.88 13.33 15.27 15.16 13.48 12.10  8.47]

=== Testing checkpoint at iter 57700 ===
🔧 Initializing model...
📦 Loading model from iteration 57700...
🚀 Running inference...
📊 Evaluating results...
✅ Done. Time cost: 0:00:47.378296

=== Rank-1 (Include identical-view cases) ===
NM: 52.773,	BG: 37.781,	CL: 14.723

=== Rank-1 (Exclude identical-view cases) ===
NM: 48.222,	BG: 33.917,	CL: 13.397

=== Rank-1 of each angle (Exclude identical-view cases) ===
NM: [36.39 44.19 50.63 52.48 51.67 49.41 54.95 56.40 51.89 46.08 36.35]
BG: [30.18 34.95 37.12 37.36 37.03 33.06 35.22 39.64 33.71 31.60 23.21]
CL: [10.72 11.71 14.46 15.70 13.74 13.69 15.81 16.38 14.39 12.83  7.93]

=== Testing checkpoint at iter 57800 ===
🔧 Initializing model...
📦 Loading model from iteration 57800...
🚀 Running inference...
📊 Evaluating results...
✅ Done. Time cost: 0:00:49.178144

=== Rank-1 (Include identical-view cases) ===
NM: 50.968,	BG: 37.027,	CL: 13.954

=== Rank-1 (Exclude identical-view cases) ===
NM: 46.233,	BG: 33.006,	CL: 12.612

=== Rank-1 of each angle (Exclude identical-view cases) ===
NM: [35.68 40.68 47.66 48.92 49.73 47.93 53.06 54.28 49.50 46.49 34.64]
BG: [27.48 33.11 37.43 35.18 36.04 32.84 34.64 37.29 33.35 32.33 23.39]
CL: [ 9.78 10.72 13.51 14.84 13.33 14.10 14.41 14.62 13.35 11.51  8.56]

=== Testing checkpoint at iter 57900 ===
🔧 Initializing model...
📦 Loading model from iteration 57900...
🚀 Running inference...
📊 Evaluating results...
✅ Done. Time cost: 0:00:49.423273

=== Rank-1 (Include identical-view cases) ===
NM: 52.520,	BG: 37.631,	CL: 14.547

=== Rank-1 (Exclude identical-view cases) ===
NM: 47.928,	BG: 33.720,	CL: 13.190

=== Rank-1 of each angle (Exclude identical-view cases) ===
NM: [35.81 43.92 50.59 52.07 52.75 49.91 55.18 56.71 50.32 45.00 34.95]
BG: [29.01 33.24 38.29 37.00 37.25 32.70 35.68 39.37 33.80 31.46 23.12]
CL: [10.54 10.86 14.19 15.52 14.01 14.50 15.36 15.93 13.62 12.15  8.42]

=== Testing checkpoint at iter 58000 ===
🔧 Initializing model...
📦 Loading model from iteration 58000...
🚀 Running inference...
📊 Evaluating results...
✅ Done. Time cost: 0:00:47.691006

=== Rank-1 (Include identical-view cases) ===
NM: 52.412,	BG: 37.931,	CL: 14.305

=== Rank-1 (Exclude identical-view cases) ===
NM: 47.821,	BG: 34.008,	CL: 12.969

=== Rank-1 of each angle (Exclude identical-view cases) ===
NM: [36.98 43.51 49.64 51.04 51.53 49.77 53.47 57.03 51.76 46.26 35.04]
BG: [29.68 34.91 37.25 37.00 37.30 32.70 35.32 39.32 34.52 32.33 23.76]
CL: [10.72 10.99 13.29 15.07 13.11 14.10 15.23 15.75 13.12 12.15  9.14]

=== Testing checkpoint at iter 58100 ===
🔧 Initializing model...
📦 Loading model from iteration 58100...
🚀 Running inference...
📊 Evaluating results...
✅ Done. Time cost: 0:00:47.337297

=== Rank-1 (Include identical-view cases) ===
NM: 52.494,	BG: 37.959,	CL: 14.216

=== Rank-1 (Exclude identical-view cases) ===
NM: 47.928,	BG: 34.072,	CL: 12.870

=== Rank-1 of each angle (Exclude identical-view cases) ===
NM: [37.34 43.69 49.86 51.58 51.22 48.60 53.78 56.49 51.89 46.58 36.17]
BG: [29.51 33.96 37.21 37.86 36.67 32.25 35.59 39.50 34.80 33.29 24.16]
CL: [10.54 10.41 13.29 14.98 13.47 13.56 15.68 15.34 13.93 11.78  8.61]

=== Testing checkpoint at iter 58200 ===
🔧 Initializing model...
📦 Loading model from iteration 58200...
🚀 Running inference...
📊 Evaluating results...
✅ Done. Time cost: 0:00:47.567248

=== Rank-1 (Include identical-view cases) ===
NM: 52.323,	BG: 37.549,	CL: 14.048

=== Rank-1 (Exclude identical-view cases) ===
NM: 47.707,	BG: 33.707,	CL: 12.740

=== Rank-1 of each angle (Exclude identical-view cases) ===
NM: [36.71 42.88 49.42 50.90 51.22 49.69 54.37 55.81 50.99 46.58 36.22]
BG: [29.19 34.95 37.03 36.36 37.21 32.52 34.50 38.82 34.57 31.78 23.84]
CL: [11.04 11.22 12.34 14.75 12.75 13.33 14.77 15.29 13.84 12.05  8.74]

=== Testing checkpoint at iter 58300 ===
🔧 Initializing model...
📦 Loading model from iteration 58300...
🚀 Running inference...
📊 Evaluating results...
✅ Done. Time cost: 0:00:47.188267

=== Rank-1 (Include identical-view cases) ===
NM: 52.487,	BG: 37.518,	CL: 14.052

=== Rank-1 (Exclude identical-view cases) ===
NM: 47.924,	BG: 33.636,	CL: 12.728

=== Rank-1 of each angle (Exclude identical-view cases) ===
NM: [37.21 43.47 49.55 52.52 50.68 48.33 53.78 56.44 51.58 46.94 36.67]
BG: [29.28 34.55 36.71 37.18 36.62 30.81 33.87 39.00 34.89 32.88 24.21]
CL: [10.50 10.68 12.57 15.11 13.42 13.33 14.51 14.80 14.03 12.42  8.65]

=== Testing checkpoint at iter 58400 ===
🔧 Initializing model...
📦 Loading model from iteration 58400...
🚀 Running inference...
📊 Evaluating results...
✅ Done. Time cost: 0:00:48.005720

=== Rank-1 (Include identical-view cases) ===
NM: 52.312,	BG: 37.364,	CL: 14.291

=== Rank-1 (Exclude identical-view cases) ===
NM: 47.715,	BG: 33.500,	CL: 12.908

=== Rank-1 of each angle (Exclude identical-view cases) ===
NM: [37.93 44.41 49.46 52.21 50.45 48.02 52.70 55.32 51.62 46.85 35.90]
BG: [29.55 34.59 36.44 36.68 35.77 31.22 34.68 39.19 34.07 32.47 23.84]
CL: [10.95 10.72 13.11 14.93 13.38 13.42 14.51 15.97 13.80 12.37  8.83]

=== Testing checkpoint at iter 58500 ===
🔧 Initializing model...
📦 Loading model from iteration 58500...
🚀 Running inference...
📊 Evaluating results...
✅ Done. Time cost: 0:00:47.433765

=== Rank-1 (Include identical-view cases) ===
NM: 52.018,	BG: 37.615,	CL: 14.268

=== Rank-1 (Exclude identical-view cases) ===
NM: 47.387,	BG: 33.768,	CL: 12.945

=== Rank-1 of each angle (Exclude identical-view cases) ===
NM: [36.49 42.61 48.92 51.71 50.90 49.15 53.65 55.50 50.18 46.17 35.99]
BG: [28.47 34.01 37.12 37.37 36.40 32.25 36.13 39.00 33.80 32.83 24.07]
CL: [10.36 11.04 12.88 15.61 13.29 13.47 15.49 15.70 13.57 12.42  8.56]

=== Testing checkpoint at iter 58600 ===
🔧 Initializing model...
📦 Loading model from iteration 58600...
🚀 Running inference...
📊 Evaluating results...
✅ Done. Time cost: 0:00:47.510455

=== Rank-1 (Include identical-view cases) ===
NM: 51.236,	BG: 37.198,	CL: 13.772

=== Rank-1 (Exclude identical-view cases) ===
NM: 46.519,	BG: 33.214,	CL: 12.539

=== Rank-1 of each angle (Exclude identical-view cases) ===
NM: [34.37 42.21 47.48 48.92 50.32 50.00 54.41 54.37 50.23 45.13 34.28]
BG: [27.34 33.65 36.98 36.09 35.72 33.47 36.40 38.55 33.62 31.10 22.44]
CL: [ 9.42 10.14 11.98 14.30 13.65 14.37 15.00 15.70 12.80 12.33  8.24]

=== Testing checkpoint at iter 58700 ===
🔧 Initializing model...
📦 Loading model from iteration 58700...
🚀 Running inference...
📊 Evaluating results...
✅ Done. Time cost: 0:00:47.917864

=== Rank-1 (Include identical-view cases) ===
NM: 52.204,	BG: 38.058,	CL: 14.092

=== Rank-1 (Exclude identical-view cases) ===
NM: 47.596,	BG: 34.082,	CL: 12.763

=== Rank-1 of each angle (Exclude identical-view cases) ===
NM: [36.94 43.47 49.32 51.31 50.59 50.00 54.28 56.26 51.76 44.82 34.82]
BG: [28.88 34.64 38.65 37.82 36.76 33.15 36.62 39.55 34.30 32.01 22.53]
CL: [10.72 10.95 13.65 15.79 13.24 13.24 14.95 15.38 12.85 11.42  8.20]

=== Testing checkpoint at iter 58800 ===
🔧 Initializing model...
📦 Loading model from iteration 58800...
🚀 Running inference...
📊 Evaluating results...
✅ Done. Time cost: 0:00:47.470812

=== Rank-1 (Include identical-view cases) ===
NM: 52.516,	BG: 37.700,	CL: 14.533

=== Rank-1 (Exclude identical-view cases) ===
NM: 47.952,	BG: 33.796,	CL: 13.232

=== Rank-1 of each angle (Exclude identical-view cases) ===
NM: [37.16 43.97 50.36 53.20 50.99 49.41 54.37 55.86 51.26 45.54 35.36]
BG: [29.14 34.69 37.25 37.82 36.40 32.07 35.18 38.51 35.11 32.15 23.44]
CL: [11.71 11.31 13.47 14.93 13.96 14.32 14.91 16.06 13.67 12.28  8.92]

=== Testing checkpoint at iter 58900 ===
🔧 Initializing model...
📦 Loading model from iteration 58900...
🚀 Running inference...
📊 Evaluating results...
✅ Done. Time cost: 0:00:48.382007

=== Rank-1 (Include identical-view cases) ===
NM: 52.294,	BG: 37.543,	CL: 14.369

=== Rank-1 (Exclude identical-view cases) ===
NM: 47.691,	BG: 33.623,	CL: 13.014

=== Rank-1 of each angle (Exclude identical-view cases) ===
NM: [36.53 44.82 50.09 51.71 51.44 47.97 54.01 55.54 51.31 45.90 35.27]
BG: [28.60 34.41 36.71 37.36 36.49 32.66 35.81 38.78 33.85 31.64 23.53]
CL: [10.81 11.67 13.06 15.11 14.42 13.52 15.14 15.02 13.48 12.15  8.78]

=== Testing checkpoint at iter 59000 ===
🔧 Initializing model...
📦 Loading model from iteration 59000...
🚀 Running inference...
📊 Evaluating results...
✅ Done. Time cost: 0:00:48.233003

=== Rank-1 (Include identical-view cases) ===
NM: 51.969,	BG: 37.548,	CL: 14.380

=== Rank-1 (Exclude identical-view cases) ===
NM: 47.326,	BG: 33.596,	CL: 13.055

=== Rank-1 of each angle (Exclude identical-view cases) ===
NM: [35.63 43.29 49.51 51.85 51.26 49.69 54.01 55.13 50.99 45.09 34.14]
BG: [28.69 34.14 37.12 36.96 37.43 33.11 36.31 39.55 33.03 30.78 22.44]
CL: [10.90 11.53 13.15 14.89 13.96 14.32 14.82 15.52 13.48 11.92  9.10]

=== Testing checkpoint at iter 59100 ===
🔧 Initializing model...
📦 Loading model from iteration 59100...
🚀 Running inference...
📊 Evaluating results...
✅ Done. Time cost: 0:00:47.479679

=== Rank-1 (Include identical-view cases) ===
NM: 52.126,	BG: 37.466,	CL: 14.301

=== Rank-1 (Exclude identical-view cases) ===
NM: 47.510,	BG: 33.543,	CL: 13.063

=== Rank-1 of each angle (Exclude identical-view cases) ===
NM: [37.57 44.42 49.41 50.54 50.86 48.29 53.65 55.14 50.90 46.04 35.81]
BG: [29.95 35.22 36.58 35.95 36.76 32.03 35.00 38.78 33.89 31.28 23.53]
CL: [11.13 11.04 13.87 15.07 13.69 13.83 14.78 15.56 13.71 12.28  8.74]

=== Testing checkpoint at iter 59200 ===
🔧 Initializing model...
📦 Loading model from iteration 59200...
🚀 Running inference...
📊 Evaluating results...
✅ Done. Time cost: 0:00:47.697591

=== Rank-1 (Include identical-view cases) ===
NM: 52.279,	BG: 37.650,	CL: 14.178

=== Rank-1 (Exclude identical-view cases) ===
NM: 47.686,	BG: 33.728,	CL: 12.891

=== Rank-1 of each angle (Exclude identical-view cases) ===
NM: [37.52 44.46 49.87 50.45 51.62 49.82 53.33 54.95 50.72 46.44 35.36]
BG: [29.46 35.31 36.80 36.14 37.21 32.48 36.08 38.55 33.26 32.33 23.39]
CL: [10.77 11.13 13.65 15.20 13.74 13.74 14.42 15.16 13.62 11.69  8.69]

=== Testing checkpoint at iter 59300 ===
🔧 Initializing model...
📦 Loading model from iteration 59300...
🚀 Running inference...
📊 Evaluating results...
✅ Done. Time cost: 0:00:47.149216

=== Rank-1 (Include identical-view cases) ===
NM: 52.271,	BG: 37.997,	CL: 14.140

=== Rank-1 (Exclude identical-view cases) ===
NM: 47.662,	BG: 33.999,	CL: 12.862

=== Rank-1 of each angle (Exclude identical-view cases) ===
NM: [36.80 43.06 49.69 52.21 52.16 49.68 55.00 55.72 51.30 44.64 34.01]
BG: [28.74 35.67 37.57 37.59 37.75 33.11 36.53 38.42 33.62 31.87 23.12]
CL: [10.59 11.26 13.24 14.89 13.88 13.69 15.41 15.07 13.26 11.51  8.69]

=== Testing checkpoint at iter 59400 ===
🔧 Initializing model...
📦 Loading model from iteration 59400...
🚀 Running inference...
📊 Evaluating results...
✅ Done. Time cost: 0:00:48.025166

=== Rank-1 (Include identical-view cases) ===
NM: 52.114,	BG: 37.800,	CL: 14.246

=== Rank-1 (Exclude identical-view cases) ===
NM: 47.490,	BG: 33.819,	CL: 12.965

=== Rank-1 of each angle (Exclude identical-view cases) ===
NM: [36.40 42.66 49.37 51.71 51.62 48.83 54.32 55.36 52.02 45.18 34.91]
BG: [29.51 34.28 36.76 37.55 37.93 32.61 35.36 39.50 34.12 31.83 22.58]
CL: [10.68 11.13 13.11 15.61 13.96 13.65 15.18 15.38 13.26 12.15  8.52]

=== Testing checkpoint at iter 59500 ===
🔧 Initializing model...
📦 Loading model from iteration 59500...
🚀 Running inference...
📊 Evaluating results...
✅ Done. Time cost: 0:00:47.187754

=== Rank-1 (Include identical-view cases) ===
NM: 52.196,	BG: 37.592,	CL: 14.649

=== Rank-1 (Exclude identical-view cases) ===
NM: 47.588,	BG: 33.672,	CL: 13.310

=== Rank-1 of each angle (Exclude identical-view cases) ===
NM: [37.25 43.47 49.37 50.18 50.99 49.73 54.95 55.31 51.58 45.18 35.45]
BG: [28.20 34.55 36.85 36.73 36.22 32.25 35.49 40.77 33.39 32.19 23.75]
CL: [11.13 11.67 13.87 15.29 14.55 13.52 15.18 15.84 13.76 12.70  8.92]

=== Testing checkpoint at iter 59600 ===
🔧 Initializing model...
📦 Loading model from iteration 59600...
🚀 Running inference...
📊 Evaluating results...
✅ Done. Time cost: 0:00:47.706890

=== Rank-1 (Include identical-view cases) ===
NM: 51.869,	BG: 37.618,	CL: 14.223

=== Rank-1 (Exclude identical-view cases) ===
NM: 47.240,	BG: 33.606,	CL: 12.945

=== Rank-1 of each angle (Exclude identical-view cases) ===
NM: [34.37 43.38 49.10 51.71 51.53 49.64 54.23 55.90 51.26 44.91 33.60]
BG: [27.34 34.64 36.31 38.09 37.16 33.29 35.72 39.19 33.71 31.51 22.71]
CL: [ 9.64 11.31 13.42 15.70 13.51 13.56 14.78 15.75 13.94 11.87  8.92]

=== Testing checkpoint at iter 59700 ===
🔧 Initializing model...
📦 Loading model from iteration 59700...
🚀 Running inference...
📊 Evaluating results...
✅ Done. Time cost: 0:00:47.584746

=== Rank-1 (Include identical-view cases) ===
NM: 51.404,	BG: 36.986,	CL: 14.362

=== Rank-1 (Exclude identical-view cases) ===
NM: 46.720,	BG: 33.035,	CL: 13.040

=== Rank-1 of each angle (Exclude identical-view cases) ===
NM: [34.33 43.06 48.88 49.91 51.13 49.46 54.05 54.28 50.23 44.91 33.69]
BG: [27.03 34.41 36.53 36.68 36.31 31.94 35.72 39.37 32.17 31.64 21.58]
CL: [10.18 11.13 13.42 15.74 13.92 13.52 15.09 15.47 14.52 12.06  8.38]

=== Testing checkpoint at iter 59800 ===
🔧 Initializing model...
📦 Loading model from iteration 59800...
🚀 Running inference...
📊 Evaluating results...
✅ Done. Time cost: 0:00:47.672086

=== Rank-1 (Include identical-view cases) ===
NM: 51.690,	BG: 37.534,	CL: 13.977

=== Rank-1 (Exclude identical-view cases) ===
NM: 47.015,	BG: 33.564,	CL: 12.637

=== Rank-1 of each angle (Exclude identical-view cases) ===
NM: [35.36 41.76 48.61 50.68 50.63 49.77 54.55 55.77 51.13 45.00 33.92]
BG: [27.88 34.01 37.61 37.64 37.43 33.42 36.08 39.19 32.58 30.96 22.40]
CL: [10.36 10.45 13.02 15.74 12.97 13.29 14.78 15.70 12.44 11.87  8.38]

=== Testing checkpoint at iter 59900 ===
🔧 Initializing model...
📦 Loading model from iteration 59900...
🚀 Running inference...
📊 Evaluating results...
✅ Done. Time cost: 0:00:47.529046

=== Rank-1 (Include identical-view cases) ===
NM: 51.731,	BG: 37.051,	CL: 14.243

=== Rank-1 (Exclude identical-view cases) ===
NM: 47.076,	BG: 33.127,	CL: 12.875

=== Rank-1 of each angle (Exclude identical-view cases) ===
NM: [36.94 43.83 48.83 50.40 49.68 48.42 53.38 54.69 50.31 46.35 35.00]
BG: [28.24 34.91 36.49 37.13 35.77 30.18 34.42 38.42 33.39 32.19 23.26]
CL: [10.32 10.81 12.93 15.43 13.33 13.70 14.91 15.16 13.76 12.42  8.87]

=== Testing checkpoint at iter 60000 ===
🔧 Initializing model...
📦 Loading model from iteration 60000...
🚀 Running inference...
📊 Evaluating results...
✅ Done. Time cost: 0:00:47.942182

=== Rank-1 (Include identical-view cases) ===
NM: 51.776,	BG: 36.876,	CL: 13.824

=== Rank-1 (Exclude identical-view cases) ===
NM: 47.125,	BG: 32.984,	CL: 12.428

=== Rank-1 of each angle (Exclude identical-view cases) ===
NM: [37.34 42.84 49.46 50.68 50.00 47.97 52.84 54.77 51.31 45.99 35.18]
BG: [28.74 33.78 36.62 37.18 36.71 31.89 35.32 37.73 31.68 30.27 22.89]
CL: [ 9.91 10.09 13.29 15.43 12.79 12.84 14.23 15.25 13.39 11.69  7.79]

=== Testing checkpoint at iter 60100 ===
🔧 Initializing model...
📦 Loading model from iteration 60100...
🚀 Running inference...
📊 Evaluating results...
✅ Done. Time cost: 0:00:47.562575

=== Rank-1 (Include identical-view cases) ===
NM: 52.632,	BG: 38.432,	CL: 14.130

=== Rank-1 (Exclude identical-view cases) ===
NM: 48.063,	BG: 34.580,	CL: 12.748

=== Rank-1 of each angle (Exclude identical-view cases) ===
NM: [38.20 43.69 50.36 52.84 50.68 49.64 54.10 55.99 50.81 46.76 35.63]
BG: [29.68 35.45 38.11 38.86 37.93 33.56 35.95 40.36 34.93 32.74 22.80]
CL: [10.68 10.54 13.42 15.34 13.24 13.20 15.04 15.34 12.71 12.33  8.38]

=== Testing checkpoint at iter 60200 ===
🔧 Initializing model...
📦 Loading model from iteration 60200...
🚀 Running inference...
📊 Evaluating results...
✅ Done. Time cost: 0:00:48.181339

=== Rank-1 (Include identical-view cases) ===
NM: 52.056,	BG: 37.435,	CL: 14.428

=== Rank-1 (Exclude identical-view cases) ===
NM: 47.421,	BG: 33.540,	CL: 13.018

=== Rank-1 of each angle (Exclude identical-view cases) ===
NM: [37.39 42.79 49.69 50.86 50.68 49.10 54.06 55.81 49.96 46.13 35.18]
BG: [28.83 34.50 36.71 37.50 36.53 32.16 34.50 39.50 33.48 31.51 23.71]
CL: [10.95 10.68 13.56 15.29 14.01 13.52 15.00 15.75 13.57 12.28  8.61]

=== Testing checkpoint at iter 60300 ===
🔧 Initializing model...
📦 Loading model from iteration 60300...
🚀 Running inference...
📊 Evaluating results...
✅ Done. Time cost: 0:00:48.525055

=== Rank-1 (Include identical-view cases) ===
NM: 51.995,	BG: 37.599,	CL: 14.045

=== Rank-1 (Exclude identical-view cases) ===
NM: 47.363,	BG: 33.644,	CL: 12.711

=== Rank-1 of each angle (Exclude identical-view cases) ===
NM: [36.48 42.25 47.84 49.95 51.22 49.10 54.28 55.95 51.53 46.94 35.45]
BG: [29.91 33.42 35.99 36.27 36.98 33.02 35.09 38.64 33.57 33.20 23.98]
CL: [10.05 10.50 12.75 14.07 13.83 13.87 14.77 16.06 13.39 12.33  8.20]

=== Testing checkpoint at iter 60400 ===
🔧 Initializing model...
📦 Loading model from iteration 60400...
🚀 Running inference...
📊 Evaluating results...
✅ Done. Time cost: 0:00:48.293459

=== Rank-1 (Include identical-view cases) ===
NM: 52.632,	BG: 37.706,	CL: 14.507

=== Rank-1 (Exclude identical-view cases) ===
NM: 48.080,	BG: 33.757,	CL: 13.080

=== Rank-1 of each angle (Exclude identical-view cases) ===
NM: [36.67 43.92 50.36 51.85 51.40 50.41 54.64 56.71 51.58 46.08 35.27]
BG: [28.61 34.86 37.70 37.00 36.40 33.06 35.86 38.87 33.71 31.91 23.35]
CL: [10.54 10.90 13.29 15.20 14.10 14.01 15.41 16.15 13.89 11.92  8.47]

=== Testing checkpoint at iter 60500 ===
🔧 Initializing model...
📦 Loading model from iteration 60500...
🚀 Running inference...
📊 Evaluating results...
✅ Done. Time cost: 0:00:47.818535

=== Rank-1 (Include identical-view cases) ===
NM: 51.899,	BG: 37.666,	CL: 14.210

=== Rank-1 (Exclude identical-view cases) ===
NM: 47.265,	BG: 33.758,	CL: 12.765

=== Rank-1 of each angle (Exclude identical-view cases) ===
NM: [36.71 43.78 50.00 50.59 50.81 48.15 53.74 55.14 50.18 46.31 34.50]
BG: [29.24 35.36 36.80 36.36 36.80 32.16 35.68 39.37 33.58 32.37 23.62]
CL: [10.23 10.86 13.15 14.93 13.33 13.33 14.14 15.75 13.76 12.60  8.33]

=== Testing checkpoint at iter 60600 ===
🔧 Initializing model...
📦 Loading model from iteration 60600...
🚀 Running inference...
📊 Evaluating results...
✅ Done. Time cost: 0:00:48.390491

=== Rank-1 (Include identical-view cases) ===
NM: 51.936,	BG: 37.225,	CL: 14.086

=== Rank-1 (Exclude identical-view cases) ===
NM: 47.330,	BG: 33.278,	CL: 12.670

=== Rank-1 of each angle (Exclude identical-view cases) ===
NM: [35.14 41.71 48.47 51.94 50.81 50.67 55.45 56.13 50.95 45.81 33.56]
BG: [26.26 33.02 37.07 37.86 36.80 32.39 36.35 38.87 33.53 31.51 22.40]
CL: [ 8.96 10.18 12.93 16.11 13.83 13.74 15.41 15.07 13.26 11.74  8.15]

=== Testing checkpoint at iter 60700 ===
🔧 Initializing model...
📦 Loading model from iteration 60700...
🚀 Running inference...
📊 Evaluating results...
✅ Done. Time cost: 0:00:49.668101

=== Rank-1 (Include identical-view cases) ===
NM: 52.010,	BG: 37.175,	CL: 14.224

=== Rank-1 (Exclude identical-view cases) ===
NM: 47.379,	BG: 33.272,	CL: 12.883

=== Rank-1 of each angle (Exclude identical-view cases) ===
NM: [35.94 42.07 48.42 51.40 51.26 51.26 55.05 55.27 50.54 45.18 34.77]
BG: [28.92 32.97 37.52 37.04 36.44 32.43 35.27 38.73 33.08 30.73 22.85]
CL: [ 9.69 10.54 13.24 14.52 13.83 14.23 14.95 15.65 13.53 12.74  8.78]

=== Testing checkpoint at iter 60800 ===
🔧 Initializing model...
📦 Loading model from iteration 60800...
🚀 Running inference...
📊 Evaluating results...
✅ Done. Time cost: 0:00:52.684436

=== Rank-1 (Include identical-view cases) ===
NM: 52.893,	BG: 37.973,	CL: 13.895

=== Rank-1 (Exclude identical-view cases) ===
NM: 48.350,	BG: 34.121,	CL: 12.514

=== Rank-1 of each angle (Exclude identical-view cases) ===
NM: [36.89 44.37 50.99 53.79 51.94 48.60 54.55 56.58 50.95 46.53 36.67]
BG: [29.96 35.45 37.16 38.36 36.17 31.35 36.08 39.77 34.03 33.24 23.76]
CL: [ 9.82 10.86 13.87 15.52 13.15 13.38 14.19 14.75 13.17 11.65  7.30]

=== Testing checkpoint at iter 60900 ===
🔧 Initializing model...
📦 Loading model from iteration 60900...
🚀 Running inference...
📊 Evaluating results...
✅ Done. Time cost: 0:00:49.778453

=== Rank-1 (Include identical-view cases) ===
NM: 50.879,	BG: 36.848,	CL: 13.753

=== Rank-1 (Exclude identical-view cases) ===
NM: 46.155,	BG: 32.838,	CL: 12.379

=== Rank-1 of each angle (Exclude identical-view cases) ===
NM: [35.72 41.44 46.98 49.01 49.32 48.42 52.34 54.82 49.73 45.90 34.01]
BG: [28.11 32.30 36.35 36.86 36.12 31.49 35.18 38.46 32.80 31.28 22.26]
CL: [ 9.91 10.04 12.43 14.30 13.11 13.79 14.01 15.07 13.35 12.06  8.11]

=== Testing checkpoint at iter 61000 ===
🔧 Initializing model...
📦 Loading model from iteration 61000...
🚀 Running inference...
📊 Evaluating results...
✅ Done. Time cost: 0:00:52.069216

=== Rank-1 (Include identical-view cases) ===
NM: 51.765,	BG: 36.891,	CL: 14.298

=== Rank-1 (Exclude identical-view cases) ===
NM: 47.101,	BG: 33.017,	CL: 12.887

=== Rank-1 of each angle (Exclude identical-view cases) ===
NM: [35.09 42.48 49.15 50.14 50.05 50.68 53.87 55.99 50.23 45.54 34.91]
BG: [27.70 32.88 36.17 36.77 37.48 33.33 35.49 38.73 31.85 30.05 22.71]
CL: [10.00 10.36 13.02 14.98 13.88 14.37 15.50 15.57 13.53 12.33  8.24]

=== Testing checkpoint at iter 61100 ===
🔧 Initializing model...
📦 Loading model from iteration 61100...
🚀 Running inference...
📊 Evaluating results...
✅ Done. Time cost: 0:00:50.296191

=== Rank-1 (Include identical-view cases) ===
NM: 52.208,	BG: 37.753,	CL: 14.440

=== Rank-1 (Exclude identical-view cases) ===
NM: 47.625,	BG: 33.752,	CL: 13.146

=== Rank-1 of each angle (Exclude identical-view cases) ===
NM: [35.50 43.06 49.28 50.77 51.76 50.31 55.27 56.08 51.31 46.40 34.14]
BG: [27.89 34.14 37.88 36.27 37.61 34.10 36.89 38.82 33.62 31.23 22.81]
CL: [10.68 10.95 13.29 16.24 13.65 14.14 15.45 15.79 13.44 12.56  8.42]

=== Testing checkpoint at iter 61200 ===
🔧 Initializing model...
📦 Loading model from iteration 61200...
🚀 Running inference...
📊 Evaluating results...
✅ Done. Time cost: 0:00:47.681032

=== Rank-1 (Include identical-view cases) ===
NM: 51.169,	BG: 36.582,	CL: 14.231

=== Rank-1 (Exclude identical-view cases) ===
NM: 46.458,	BG: 32.554,	CL: 12.941

=== Rank-1 of each angle (Exclude identical-view cases) ===
NM: [36.26 40.63 47.48 49.91 50.36 49.19 53.11 54.50 49.73 45.13 34.73]
BG: [28.06 32.03 35.67 35.23 37.30 31.62 34.96 37.01 32.53 31.14 22.53]
CL: [10.72 10.72 13.47 15.02 13.65 13.97 15.14 15.25 13.62 12.56  8.24]

=== Testing checkpoint at iter 61300 ===
🔧 Initializing model...
📦 Loading model from iteration 61300...
🚀 Running inference...
📊 Evaluating results...
✅ Done. Time cost: 0:00:47.433340

=== Rank-1 (Include identical-view cases) ===
NM: 52.535,	BG: 37.900,	CL: 14.339

=== Rank-1 (Exclude identical-view cases) ===
NM: 47.953,	BG: 34.102,	CL: 12.928

=== Rank-1 of each angle (Exclude identical-view cases) ===
NM: [36.85 43.11 49.32 51.75 51.53 50.14 55.27 57.07 50.77 46.71 34.95]
BG: [30.45 35.18 36.76 37.00 37.70 33.24 35.63 39.55 34.12 32.51 22.99]
CL: [10.59 11.17 13.56 14.57 13.38 14.15 15.77 14.89 13.80 11.96  8.38]

=== Testing checkpoint at iter 61400 ===
🔧 Initializing model...
📦 Loading model from iteration 61400...
🚀 Running inference...
📊 Evaluating results...
✅ Done. Time cost: 0:00:47.910094

=== Rank-1 (Include identical-view cases) ===
NM: 52.543,	BG: 37.543,	CL: 14.026

=== Rank-1 (Exclude identical-view cases) ===
NM: 47.965,	BG: 33.606,	CL: 12.624

=== Rank-1 of each angle (Exclude identical-view cases) ===
NM: [37.84 42.52 49.23 50.85 50.77 49.69 54.95 56.89 51.53 46.80 36.53]
BG: [29.23 33.51 36.53 36.23 36.85 33.60 36.04 37.33 33.57 33.20 23.57]
CL: [10.18 10.41 12.93 13.98 13.47 13.78 14.82 15.25 13.71 11.92  8.43]

=== Testing checkpoint at iter 61500 ===
🔧 Initializing model...
📦 Loading model from iteration 61500...
🚀 Running inference...
📊 Evaluating results...
✅ Done. Time cost: 0:00:49.208673

=== Rank-1 (Include identical-view cases) ===
NM: 51.534,	BG: 37.318,	CL: 14.313

=== Rank-1 (Exclude identical-view cases) ===
NM: 46.863,	BG: 33.359,	CL: 12.957

=== Rank-1 of each angle (Exclude identical-view cases) ===
NM: [36.44 42.12 48.11 48.96 50.63 49.32 54.19 55.00 51.17 45.72 33.83]
BG: [27.57 33.42 36.22 36.50 36.89 33.06 35.90 39.14 34.34 30.82 23.08]
CL: [10.36 10.54 13.83 15.34 13.65 13.74 14.96 15.61 13.57 12.24  8.69]

=== Testing checkpoint at iter 61600 ===
🔧 Initializing model...
📦 Loading model from iteration 61600...
🚀 Running inference...
📊 Evaluating results...
✅ Done. Time cost: 0:00:47.190021

=== Rank-1 (Include identical-view cases) ===
NM: 52.263,	BG: 37.715,	CL: 14.241

=== Rank-1 (Exclude identical-view cases) ===
NM: 47.645,	BG: 33.792,	CL: 12.887

=== Rank-1 of each angle (Exclude identical-view cases) ===
NM: [38.60 42.97 50.36 50.85 51.44 49.10 53.60 55.41 50.41 45.72 35.63]
BG: [29.91 33.65 36.26 38.27 36.26 32.75 35.18 39.28 34.39 32.10 23.67]
CL: [10.90 10.41 12.34 14.57 14.10 14.10 15.31 15.83 13.66 11.96  8.56]

=== Testing checkpoint at iter 61700 ===
🔧 Initializing model...
📦 Loading model from iteration 61700...
🚀 Running inference...
📊 Evaluating results...
✅ Done. Time cost: 0:00:47.428094

=== Rank-1 (Include identical-view cases) ===
NM: 52.554,	BG: 37.573,	CL: 14.516

=== Rank-1 (Exclude identical-view cases) ===
NM: 47.973,	BG: 33.729,	CL: 13.179

=== Rank-1 of each angle (Exclude identical-view cases) ===
NM: [38.38 43.69 49.82 52.07 51.67 48.74 54.23 56.04 50.99 47.52 34.55]
BG: [29.55 34.64 36.40 38.09 36.17 32.88 34.95 40.04 34.21 31.64 22.44]
CL: [10.86 10.95 12.93 15.16 14.50 14.10 15.81 15.43 13.80 13.10  8.33]

=== Testing checkpoint at iter 61800 ===
🔧 Initializing model...
📦 Loading model from iteration 61800...
🚀 Running inference...
📊 Evaluating results...
✅ Done. Time cost: 0:00:48.919764

=== Rank-1 (Include identical-view cases) ===
NM: 52.506,	BG: 37.871,	CL: 14.496

=== Rank-1 (Exclude identical-view cases) ===
NM: 47.895,	BG: 33.918,	CL: 13.134

=== Rank-1 of each angle (Exclude identical-view cases) ===
NM: [36.31 42.52 49.69 52.34 50.54 50.05 55.14 55.95 51.53 46.85 35.95]
BG: [28.33 34.32 36.71 38.37 37.25 33.56 36.58 38.87 33.98 31.64 23.48]
CL: [10.05 10.95 13.51 15.61 13.87 13.60 15.90 15.66 14.03 12.74  8.56]

=== Testing checkpoint at iter 61900 ===
🔧 Initializing model...
📦 Loading model from iteration 61900...
🚀 Running inference...
📊 Evaluating results...
✅ Done. Time cost: 0:00:47.329102

=== Rank-1 (Include identical-view cases) ===
NM: 51.995,	BG: 37.676,	CL: 14.011

=== Rank-1 (Exclude identical-view cases) ===
NM: 47.359,	BG: 33.684,	CL: 12.654

=== Rank-1 of each angle (Exclude identical-view cases) ===
NM: [37.03 41.35 49.23 51.04 50.09 49.77 54.14 55.68 50.76 46.58 35.27]
BG: [28.92 33.24 36.62 37.95 37.21 33.65 36.26 39.05 33.44 31.42 22.76]
CL: [10.05 10.54 12.66 15.34 13.78 13.06 14.73 15.25 13.08 12.37  8.33]

=== Testing checkpoint at iter 62000 ===
🔧 Initializing model...
📦 Loading model from iteration 62000...
🚀 Running inference...
📊 Evaluating results...
✅ Done. Time cost: 0:00:47.290625

=== Rank-1 (Include identical-view cases) ===
NM: 52.822,	BG: 38.704,	CL: 14.615

=== Rank-1 (Exclude identical-view cases) ===
NM: 48.260,	BG: 34.822,	CL: 13.261

=== Rank-1 of each angle (Exclude identical-view cases) ===
NM: [37.70 43.42 51.22 52.34 51.67 49.95 55.00 56.67 51.35 46.44 35.09]
BG: [30.13 35.54 38.11 38.14 37.79 34.41 37.07 40.59 34.12 33.56 23.57]
CL: [10.86 11.35 13.38 15.66 14.01 14.05 15.77 15.70 13.89 12.47  8.74]

=== Testing checkpoint at iter 62100 ===
🔧 Initializing model...
📦 Loading model from iteration 62100...
🚀 Running inference...
📊 Evaluating results...
✅ Done. Time cost: 0:00:47.600619

=== Rank-1 (Include identical-view cases) ===
NM: 51.817,	BG: 36.866,	CL: 14.463

=== Rank-1 (Exclude identical-view cases) ===
NM: 47.141,	BG: 32.927,	CL: 13.180

=== Rank-1 of each angle (Exclude identical-view cases) ===
NM: [36.67 42.39 48.42 51.08 50.50 49.37 53.87 55.09 51.22 44.91 35.05]
BG: [28.43 33.78 36.35 36.95 35.77 32.07 34.87 37.87 32.17 30.96 22.99]
CL: [10.54 11.71 13.11 15.52 14.51 13.79 14.87 15.47 13.89 12.92  8.65]

=== Testing checkpoint at iter 62200 ===
🔧 Initializing model...
📦 Loading model from iteration 62200...
🚀 Running inference...
📊 Evaluating results...
✅ Done. Time cost: 0:00:47.295256

=== Rank-1 (Include identical-view cases) ===
NM: 51.590,	BG: 36.945,	CL: 13.847

=== Rank-1 (Exclude identical-view cases) ===
NM: 46.909,	BG: 33.002,	CL: 12.542

=== Rank-1 of each angle (Exclude identical-view cases) ===
NM: [35.14 42.03 48.83 50.36 50.59 49.46 53.83 54.91 50.95 45.90 34.01]
BG: [27.84 33.29 35.81 36.91 35.45 32.57 35.81 37.24 33.26 31.41 23.44]
CL: [10.41 10.54 12.88 14.21 13.60 13.24 14.32 15.66 12.76 12.15  8.20]

=== Testing checkpoint at iter 62300 ===
🔧 Initializing model...
📦 Loading model from iteration 62300...
🚀 Running inference...
📊 Evaluating results...
✅ Done. Time cost: 0:00:47.669882

=== Rank-1 (Include identical-view cases) ===
NM: 51.694,	BG: 36.766,	CL: 14.074

=== Rank-1 (Exclude identical-view cases) ===
NM: 47.039,	BG: 32.822,	CL: 12.719

=== Rank-1 of each angle (Exclude identical-view cases) ===
NM: [36.40 42.48 48.78 49.87 50.36 48.56 52.79 55.09 50.81 46.04 36.26]
BG: [28.87 32.84 36.22 37.45 35.36 30.72 33.74 38.01 33.30 30.87 23.66]
CL: [10.32 10.81 13.60 14.80 13.29 13.15 14.46 14.66 13.80 12.65  8.38]

=== Testing checkpoint at iter 62400 ===
🔧 Initializing model...
📦 Loading model from iteration 62400...
🚀 Running inference...
📊 Evaluating results...
✅ Done. Time cost: 0:00:47.721636

=== Rank-1 (Include identical-view cases) ===
NM: 51.910,	BG: 37.434,	CL: 14.234

=== Rank-1 (Exclude identical-view cases) ===
NM: 47.261,	BG: 33.474,	CL: 12.932

=== Rank-1 of each angle (Exclude identical-view cases) ===
NM: [38.56 43.65 49.59 50.09 50.18 48.29 53.11 55.50 49.69 45.63 35.59]
BG: [29.46 34.64 37.25 37.18 36.44 31.80 34.59 38.64 33.39 31.32 23.48]
CL: [11.22 10.86 13.60 15.02 13.56 13.24 15.45 15.16 13.35 12.15  8.65]

=== Testing checkpoint at iter 62500 ===
🔧 Initializing model...
📦 Loading model from iteration 62500...
🚀 Running inference...
📊 Evaluating results...
✅ Done. Time cost: 0:00:48.010863

=== Rank-1 (Include identical-view cases) ===
NM: 51.943,	BG: 37.011,	CL: 14.250

=== Rank-1 (Exclude identical-view cases) ===
NM: 47.305,	BG: 33.062,	CL: 12.908

=== Rank-1 of each angle (Exclude identical-view cases) ===
NM: [36.22 42.75 49.33 50.14 51.22 49.60 53.65 55.81 51.53 45.31 34.82]
BG: [28.11 34.14 36.26 36.00 36.13 31.89 35.63 38.37 33.35 30.23 23.57]
CL: [10.05 10.95 12.75 15.29 14.23 14.28 15.18 15.02 13.53 12.38  8.33]

=== Testing checkpoint at iter 62600 ===
🔧 Initializing model...
📦 Loading model from iteration 62600...
🚀 Running inference...
📊 Evaluating results...
✅ Done. Time cost: 0:00:47.564762

=== Rank-1 (Include identical-view cases) ===
NM: 52.517,	BG: 38.144,	CL: 14.567

=== Rank-1 (Exclude identical-view cases) ===
NM: 47.940,	BG: 34.182,	CL: 13.262

=== Rank-1 of each angle (Exclude identical-view cases) ===
NM: [38.11 44.10 50.05 51.48 51.71 49.41 54.37 56.17 50.95 45.86 35.14]
BG: [29.24 35.36 37.16 38.32 37.52 33.43 35.27 40.23 33.98 32.15 23.35]
CL: [11.44 11.49 13.15 15.84 13.87 13.56 14.91 15.75 13.93 13.01  8.92]

=== Testing checkpoint at iter 62700 ===
🔧 Initializing model...
📦 Loading model from iteration 62700...
🚀 Running inference...
📊 Evaluating results...
✅ Done. Time cost: 0:00:47.716883

=== Rank-1 (Include identical-view cases) ===
NM: 51.973,	BG: 37.209,	CL: 14.332

=== Rank-1 (Exclude identical-view cases) ===
NM: 47.351,	BG: 33.255,	CL: 12.953

=== Rank-1 of each angle (Exclude identical-view cases) ===
NM: [35.81 42.43 49.73 50.72 51.53 49.28 55.23 56.35 50.63 45.05 34.10]
BG: [27.61 34.10 36.98 36.95 37.39 33.06 35.50 37.74 32.81 30.87 22.80]
CL: [10.14 10.86 14.37 15.75 13.87 13.38 14.73 15.11 13.12 12.60  8.56]

=== Testing checkpoint at iter 62800 ===
🔧 Initializing model...
📦 Loading model from iteration 62800...
🚀 Running inference...
📊 Evaluating results...
✅ Done. Time cost: 0:00:47.385328

=== Rank-1 (Include identical-view cases) ===
NM: 52.639,	BG: 37.960,	CL: 14.085

=== Rank-1 (Exclude identical-view cases) ===
NM: 48.079,	BG: 34.073,	CL: 12.736

=== Rank-1 of each angle (Exclude identical-view cases) ===
NM: [37.25 43.88 50.77 51.17 51.53 51.08 55.50 56.62 51.48 45.05 34.55]
BG: [29.19 34.46 38.47 38.00 37.84 33.65 36.94 39.64 32.90 31.41 22.31]
CL: [10.32 10.90 13.65 15.25 13.24 13.11 14.73 14.66 13.26 12.10  8.88]

=== Testing checkpoint at iter 62900 ===
🔧 Initializing model...
📦 Loading model from iteration 62900...
🚀 Running inference...
📊 Evaluating results...
✅ Done. Time cost: 0:00:47.572070

=== Rank-1 (Include identical-view cases) ===
NM: 52.606,	BG: 37.373,	CL: 14.167

=== Rank-1 (Exclude identical-view cases) ===
NM: 48.047,	BG: 33.481,	CL: 12.801

=== Rank-1 of each angle (Exclude identical-view cases) ===
NM: [37.21 44.78 50.54 51.04 51.13 49.55 54.14 56.62 51.98 45.77 35.77]
BG: [28.65 35.00 36.67 36.59 36.62 32.21 36.31 39.55 32.76 31.05 22.89]
CL: [10.00 11.08 13.60 14.70 13.69 12.93 15.04 15.38 13.71 12.10  8.56]

=== Testing checkpoint at iter 63000 ===
🔧 Initializing model...
📦 Loading model from iteration 63000...
🚀 Running inference...
📊 Evaluating results...
✅ Done. Time cost: 0:00:47.470560

=== Rank-1 (Include identical-view cases) ===
NM: 51.858,	BG: 37.336,	CL: 14.092

=== Rank-1 (Exclude identical-view cases) ===
NM: 47.224,	BG: 33.379,	CL: 12.718

=== Rank-1 of each angle (Exclude identical-view cases) ===
NM: [37.57 43.11 48.11 49.37 49.91 48.78 53.74 55.23 51.40 46.13 36.13]
BG: [29.05 33.83 35.63 35.77 36.53 32.52 36.58 38.69 33.39 31.41 23.75]
CL: [ 9.64 10.50 13.51 15.47 13.96 13.74 14.73 14.84 13.80 11.60  8.11]

=== Testing checkpoint at iter 63100 ===
🔧 Initializing model...
📦 Loading model from iteration 63100...
🚀 Running inference...
📊 Evaluating results...
✅ Done. Time cost: 0:00:47.782562

=== Rank-1 (Include identical-view cases) ===
NM: 52.163,	BG: 37.722,	CL: 13.966

=== Rank-1 (Exclude identical-view cases) ===
NM: 47.547,	BG: 33.701,	CL: 12.682

=== Rank-1 of each angle (Exclude identical-view cases) ===
NM: [36.40 43.60 49.51 50.31 51.17 49.96 54.10 55.41 51.08 46.71 34.77]
BG: [27.07 34.50 37.48 37.73 36.26 33.06 35.72 39.77 34.43 31.37 23.30]
CL: [ 9.91 10.50 12.84 14.53 14.23 12.97 14.59 15.61 13.80 11.87  8.65]

=== Testing checkpoint at iter 63200 ===
🔧 Initializing model...
📦 Loading model from iteration 63200...
🚀 Running inference...
📊 Evaluating results...
✅ Done. Time cost: 0:00:47.432666

=== Rank-1 (Include identical-view cases) ===
NM: 52.848,	BG: 38.003,	CL: 14.597

=== Rank-1 (Exclude identical-view cases) ===
NM: 48.301,	BG: 34.169,	CL: 13.220

=== Rank-1 of each angle (Exclude identical-view cases) ===
NM: [37.66 43.92 50.27 52.11 50.68 49.41 55.00 56.35 52.84 46.89 36.17]
BG: [29.01 34.64 37.52 38.82 36.17 33.38 35.99 39.32 35.20 32.01 23.80]
CL: [10.72 11.04 14.05 16.06 14.19 13.06 15.23 16.06 13.85 12.51  8.65]

=== Testing checkpoint at iter 63300 ===
🔧 Initializing model...
📦 Loading model from iteration 63300...
🚀 Running inference...
📊 Evaluating results...
✅ Done. Time cost: 0:00:47.700667

=== Rank-1 (Include identical-view cases) ===
NM: 51.676,	BG: 37.083,	CL: 14.332

=== Rank-1 (Exclude identical-view cases) ===
NM: 47.023,	BG: 33.129,	CL: 12.982

=== Rank-1 of each angle (Exclude identical-view cases) ===
NM: [35.36 42.43 48.47 49.60 50.23 49.46 54.10 55.40 51.17 46.26 34.77]
BG: [28.11 32.61 35.86 36.64 36.08 32.61 36.44 38.37 32.94 30.82 23.94]
CL: [10.23 11.17 13.24 15.16 14.46 14.01 13.96 15.66 14.25 12.15  8.51]

=== Testing checkpoint at iter 63400 ===
🔧 Initializing model...
📦 Loading model from iteration 63400...
🚀 Running inference...
📊 Evaluating results...
✅ Done. Time cost: 0:00:49.032550

=== Rank-1 (Include identical-view cases) ===
NM: 53.165,	BG: 38.413,	CL: 14.160

=== Rank-1 (Exclude identical-view cases) ===
NM: 48.637,	BG: 34.531,	CL: 12.875

=== Rank-1 of each angle (Exclude identical-view cases) ===
NM: [39.46 44.28 51.04 53.24 52.34 48.96 54.77 56.44 51.98 46.89 35.59]
BG: [29.96 35.23 36.76 39.55 36.76 33.06 37.16 40.86 34.02 32.92 23.57]
CL: [10.77 11.04 13.38 15.97 13.51 13.42 14.46 15.07 13.12 12.42  8.47]

=== Testing checkpoint at iter 63500 ===
🔧 Initializing model...
📦 Loading model from iteration 63500...
🚀 Running inference...
📊 Evaluating results...
✅ Done. Time cost: 0:00:47.437599

=== Rank-1 (Include identical-view cases) ===
NM: 52.015,	BG: 37.288,	CL: 14.085

=== Rank-1 (Exclude identical-view cases) ===
NM: 47.367,	BG: 33.301,	CL: 12.813

=== Rank-1 of each angle (Exclude identical-view cases) ===
NM: [38.38 42.16 49.42 50.36 51.49 49.01 53.56 55.63 51.12 45.23 34.68]
BG: [28.56 33.02 35.95 36.91 35.95 33.11 36.67 39.23 33.53 30.87 22.53]
CL: [10.95 10.99 13.20 14.84 14.01 13.06 14.64 15.70 13.44 11.74  8.38]

=== Testing checkpoint at iter 63600 ===
🔧 Initializing model...
📦 Loading model from iteration 63600...
🚀 Running inference...
📊 Evaluating results...
✅ Done. Time cost: 0:00:47.315249

=== Rank-1 (Include identical-view cases) ===
NM: 51.933,	BG: 37.128,	CL: 13.955

=== Rank-1 (Exclude identical-view cases) ===
NM: 47.294,	BG: 33.199,	CL: 12.653

=== Rank-1 of each angle (Exclude identical-view cases) ===
NM: [36.44 43.60 48.74 49.60 51.31 48.42 53.65 55.63 51.58 45.86 35.41]
BG: [28.20 34.19 35.90 35.73 35.45 33.02 36.04 38.42 33.17 32.01 23.08]
CL: [10.63 11.17 12.61 14.75 13.47 12.93 14.55 15.43 13.62 11.51  8.51]

=== Testing checkpoint at iter 63700 ===
🔧 Initializing model...
📦 Loading model from iteration 63700...
🚀 Running inference...
📊 Evaluating results...
✅ Done. Time cost: 0:00:48.736618

=== Rank-1 (Include identical-view cases) ===
NM: 52.092,	BG: 37.202,	CL: 13.961

=== Rank-1 (Exclude identical-view cases) ===
NM: 47.456,	BG: 33.277,	CL: 12.702

=== Rank-1 of each angle (Exclude identical-view cases) ===
NM: [38.24 42.93 49.59 50.36 50.41 49.01 54.01 55.09 51.12 45.72 35.54]
BG: [28.97 33.74 36.94 37.36 35.54 32.12 35.81 38.69 32.44 31.05 23.39]
CL: [11.26 11.31 13.20 15.11 13.65 13.06 14.05 14.39 13.17 11.87  8.65]

=== Testing checkpoint at iter 63800 ===
🔧 Initializing model...
📦 Loading model from iteration 63800...
🚀 Running inference...
📊 Evaluating results...
✅ Done. Time cost: 0:00:49.397522

=== Rank-1 (Include identical-view cases) ===
NM: 51.329,	BG: 36.964,	CL: 14.428

=== Rank-1 (Exclude identical-view cases) ===
NM: 46.638,	BG: 33.011,	CL: 13.043

=== Rank-1 of each angle (Exclude identical-view cases) ===
NM: [33.87 41.94 47.88 50.45 50.72 49.23 54.41 55.23 50.86 45.05 33.38]
BG: [26.13 33.20 36.08 37.13 36.13 32.43 35.99 39.05 32.85 31.28 22.85]
CL: [ 9.37 10.63 13.65 16.79 14.64 13.78 15.54 14.89 13.62 11.83  8.74]

=== Testing checkpoint at iter 63900 ===
🔧 Initializing model...
📦 Loading model from iteration 63900...
🚀 Running inference...
📊 Evaluating results...
✅ Done. Time cost: 0:00:48.030904

=== Rank-1 (Include identical-view cases) ===
NM: 52.718,	BG: 38.150,	CL: 14.029

=== Rank-1 (Exclude identical-view cases) ===
NM: 48.129,	BG: 34.226,	CL: 12.653

=== Rank-1 of each angle (Exclude identical-view cases) ===
NM: [36.98 44.41 50.59 51.17 51.49 49.19 54.50 57.30 51.62 46.71 35.45]
BG: [29.24 35.67 38.29 37.82 36.62 32.88 36.31 39.55 34.03 31.87 24.21]
CL: [10.45 11.22 12.93 15.61 13.47 13.02 14.32 14.61 13.35 11.60  8.60]

=== Testing checkpoint at iter 64000 ===
🔧 Initializing model...
📦 Loading model from iteration 64000...
🚀 Running inference...
📊 Evaluating results...
✅ Done. Time cost: 0:00:47.503325

=== Rank-1 (Include identical-view cases) ===
NM: 52.197,	BG: 37.322,	CL: 13.925

=== Rank-1 (Exclude identical-view cases) ===
NM: 47.584,	BG: 33.433,	CL: 12.534

=== Rank-1 of each angle (Exclude identical-view cases) ===
NM: [36.44 43.92 50.14 51.13 50.14 48.69 53.38 56.22 51.35 46.04 35.99]
BG: [27.93 34.69 36.98 37.73 35.77 32.66 35.63 38.46 32.44 31.14 24.34]
CL: [10.18 10.45 12.57 14.53 13.15 13.42 14.96 14.89 13.03 12.01  8.69]

=== Testing checkpoint at iter 64100 ===
🔧 Initializing model...
📦 Loading model from iteration 64100...
🚀 Running inference...
📊 Evaluating results...
✅ Done. Time cost: 0:00:47.342257

=== Rank-1 (Include identical-view cases) ===
NM: 52.189,	BG: 37.215,	CL: 14.306

=== Rank-1 (Exclude identical-view cases) ===
NM: 47.567,	BG: 33.291,	CL: 12.961

=== Rank-1 of each angle (Exclude identical-view cases) ===
NM: [36.53 43.65 49.96 51.57 50.54 48.15 53.78 55.72 50.95 46.67 35.72]
BG: [27.57 34.23 36.98 37.77 34.55 32.03 35.59 38.87 33.08 31.96 23.57]
CL: [10.50 11.26 13.38 14.79 13.65 12.84 14.64 15.56 14.12 12.79  9.05]

=== Testing checkpoint at iter 64200 ===
🔧 Initializing model...
📦 Loading model from iteration 64200...
🚀 Running inference...
📊 Evaluating results...
✅ Done. Time cost: 0:00:48.023636

=== Rank-1 (Include identical-view cases) ===
NM: 52.878,	BG: 38.300,	CL: 14.056

=== Rank-1 (Exclude identical-view cases) ===
NM: 48.329,	BG: 34.381,	CL: 12.831

=== Rank-1 of each angle (Exclude identical-view cases) ===
NM: [37.16 44.15 50.72 51.58 51.53 50.63 55.81 56.85 51.89 46.40 34.91]
BG: [29.55 34.96 38.24 38.73 37.16 33.96 37.21 39.23 34.21 31.46 23.48]
CL: [10.72 10.54 13.38 15.79 13.38 13.15 15.13 14.79 13.03 12.83  8.38]

=== Testing checkpoint at iter 64300 ===
🔧 Initializing model...
📦 Loading model from iteration 64300...
🚀 Running inference...
📊 Evaluating results...
✅ Done. Time cost: 0:00:47.524356

=== Rank-1 (Include identical-view cases) ===
NM: 53.090,	BG: 38.283,	CL: 14.172

=== Rank-1 (Exclude identical-view cases) ===
NM: 48.551,	BG: 34.371,	CL: 12.954

=== Rank-1 of each angle (Exclude identical-view cases) ===
NM: [37.75 45.23 50.99 52.39 52.34 49.95 54.95 56.08 51.71 47.43 35.23]
BG: [28.65 35.67 37.52 39.63 37.21 32.48 36.85 39.82 33.57 33.20 23.48]
CL: [10.59 11.53 13.29 16.15 13.06 13.24 14.68 14.75 13.66 12.79  8.74]

=== Testing checkpoint at iter 64400 ===
🔧 Initializing model...
📦 Loading model from iteration 64400...
🚀 Running inference...
📊 Evaluating results...
✅ Done. Time cost: 0:00:48.108693

=== Rank-1 (Include identical-view cases) ===
NM: 52.260,	BG: 37.028,	CL: 14.164

=== Rank-1 (Exclude identical-view cases) ===
NM: 47.654,	BG: 33.097,	CL: 12.810

=== Rank-1 of each angle (Exclude identical-view cases) ===
NM: [36.39 42.84 49.42 50.99 51.40 50.36 55.00 55.77 51.35 45.50 35.18]
BG: [28.02 33.11 36.58 37.36 35.63 32.16 35.09 39.00 33.35 31.19 22.58]
CL: [ 9.91 10.72 12.75 15.56 13.96 13.56 14.87 15.34 13.48 12.33  8.43]

=== Testing checkpoint at iter 64500 ===
🔧 Initializing model...
📦 Loading model from iteration 64500...
🚀 Running inference...
📊 Evaluating results...
✅ Done. Time cost: 0:00:48.598124

=== Rank-1 (Include identical-view cases) ===
NM: 52.141,	BG: 36.889,	CL: 14.391

=== Rank-1 (Exclude identical-view cases) ===
NM: 47.498,	BG: 32.961,	CL: 13.010

=== Rank-1 of each angle (Exclude identical-view cases) ===
NM: [36.85 43.33 49.82 50.49 51.08 48.47 53.24 55.23 51.35 46.53 36.08]
BG: [28.38 33.51 36.13 36.73 35.18 31.89 35.54 38.05 32.94 31.00 23.21]
CL: [11.26 11.58 12.84 15.57 13.47 13.29 15.05 15.70 13.98 12.10  8.29]

=== Testing checkpoint at iter 64600 ===
🔧 Initializing model...
📦 Loading model from iteration 64600...
🚀 Running inference...
📊 Evaluating results...
✅ Done. Time cost: 0:00:47.249111

=== Rank-1 (Include identical-view cases) ===
NM: 52.513,	BG: 37.901,	CL: 14.249

=== Rank-1 (Exclude identical-view cases) ===
NM: 47.932,	BG: 33.959,	CL: 12.846

=== Rank-1 of each angle (Exclude identical-view cases) ===
NM: [36.80 43.78 50.36 51.71 50.90 49.77 54.91 56.31 52.25 46.08 34.37]
BG: [27.61 34.41 37.21 38.32 37.57 33.87 36.80 40.00 32.99 31.64 23.12]
CL: [10.23 11.26 12.88 16.20 13.56 13.29 15.13 15.29 13.80 11.69  7.97]

=== Testing checkpoint at iter 64700 ===
🔧 Initializing model...
📦 Loading model from iteration 64700...
🚀 Running inference...
📊 Evaluating results...
✅ Done. Time cost: 0:00:47.170012

=== Rank-1 (Include identical-view cases) ===
NM: 52.297,	BG: 37.727,	CL: 14.320

=== Rank-1 (Exclude identical-view cases) ===
NM: 47.686,	BG: 33.854,	CL: 12.965

=== Rank-1 of each angle (Exclude identical-view cases) ===
NM: [37.93 43.60 50.09 51.39 49.77 48.92 53.02 55.86 51.71 46.58 35.68]
BG: [29.32 34.41 37.11 38.54 35.18 32.21 35.45 39.14 33.76 32.51 24.75]
CL: [11.40 11.49 12.84 15.11 13.56 13.02 14.82 15.61 13.57 12.19  9.01]

=== Testing checkpoint at iter 64800 ===
🔧 Initializing model...
📦 Loading model from iteration 64800...
🚀 Running inference...
📊 Evaluating results...
✅ Done. Time cost: 0:00:47.678152

=== Rank-1 (Include identical-view cases) ===
NM: 52.576,	BG: 38.041,	CL: 14.205

=== Rank-1 (Exclude identical-view cases) ===
NM: 47.998,	BG: 34.179,	CL: 12.883

=== Rank-1 of each angle (Exclude identical-view cases) ===
NM: [37.16 43.33 50.09 50.50 51.44 50.09 54.28 55.94 52.25 47.43 35.45]
BG: [29.05 34.73 38.02 36.77 37.16 34.15 37.07 39.27 33.84 31.51 24.39]
CL: [11.04 11.17 13.15 15.34 13.47 13.65 14.55 15.11 13.57 12.05  8.60]

=== Testing checkpoint at iter 64900 ===
🔧 Initializing model...
📦 Loading model from iteration 64900...
🚀 Running inference...
📊 Evaluating results...
✅ Done. Time cost: 0:00:47.240858

=== Rank-1 (Include identical-view cases) ===
NM: 52.450,	BG: 37.983,	CL: 14.219

=== Rank-1 (Exclude identical-view cases) ===
NM: 47.850,	BG: 34.123,	CL: 12.841

=== Rank-1 of each angle (Exclude identical-view cases) ===
NM: [35.63 43.92 49.73 50.36 51.94 50.09 54.64 56.48 52.34 46.35 34.87]
BG: [28.65 34.14 37.52 36.55 36.71 34.01 36.53 40.72 34.71 32.28 23.53]
CL: [10.68 10.90 12.97 15.20 13.78 13.87 14.91 15.25 13.44 11.78  8.47]

=== Testing checkpoint at iter 65000 ===
🔧 Initializing model...
📦 Loading model from iteration 65000...
🚀 Running inference...
📊 Evaluating results...
✅ Done. Time cost: 0:00:47.305153

=== Rank-1 (Include identical-view cases) ===
NM: 51.906,	BG: 37.452,	CL: 13.910

=== Rank-1 (Exclude identical-view cases) ===
NM: 47.261,	BG: 33.589,	CL: 12.625

=== Rank-1 of each angle (Exclude identical-view cases) ===
NM: [36.22 42.48 49.10 50.86 51.17 49.14 53.60 53.92 51.48 46.22 35.68]
BG: [29.10 34.32 37.03 36.73 36.22 33.20 35.99 39.37 32.81 31.51 23.21]
CL: [10.41 10.95 12.61 15.29 13.92 12.70 14.59 15.38 12.85 12.10  8.06]

=== Testing checkpoint at iter 65100 ===
🔧 Initializing model...
📦 Loading model from iteration 65100...
🚀 Running inference...
📊 Evaluating results...
✅ Done. Time cost: 0:00:47.884414

=== Rank-1 (Include identical-view cases) ===
NM: 52.651,	BG: 38.181,	CL: 13.813

=== Rank-1 (Exclude identical-view cases) ===
NM: 48.079,	BG: 34.238,	CL: 12.489

=== Rank-1 of each angle (Exclude identical-view cases) ===
NM: [37.88 43.29 49.32 52.48 51.62 49.73 54.55 56.04 51.76 47.07 35.14]
BG: [29.51 35.63 36.48 37.45 37.84 33.47 36.30 40.45 33.84 32.56 23.08]
CL: [10.59 10.77 12.57 14.52 13.87 12.57 14.46 15.16 13.30 11.60  7.97]

=== Testing checkpoint at iter 65200 ===
🔧 Initializing model...
📦 Loading model from iteration 65200...
🚀 Running inference...
📊 Evaluating results...
✅ Done. Time cost: 0:00:47.648553

=== Rank-1 (Include identical-view cases) ===
NM: 51.877,	BG: 37.192,	CL: 14.139

=== Rank-1 (Exclude identical-view cases) ===
NM: 47.249,	BG: 33.277,	CL: 12.843

=== Rank-1 of each angle (Exclude identical-view cases) ===
NM: [35.41 42.34 48.29 50.27 51.35 50.00 53.88 54.87 50.99 46.85 35.50]
BG: [27.43 33.65 35.76 37.14 36.58 32.52 36.04 39.50 33.08 31.60 22.76]
CL: [10.50 11.26 13.06 15.20 13.92 12.97 13.83 15.16 13.80 12.60  8.96]

=== Testing checkpoint at iter 65300 ===
🔧 Initializing model...
📦 Loading model from iteration 65300...
🚀 Running inference...
📊 Evaluating results...
✅ Done. Time cost: 0:00:47.904329

=== Rank-1 (Include identical-view cases) ===
NM: 52.904,	BG: 38.129,	CL: 14.037

=== Rank-1 (Exclude identical-view cases) ===
NM: 48.378,	BG: 34.276,	CL: 12.744

=== Rank-1 of each angle (Exclude identical-view cases) ===
NM: [37.43 44.50 50.54 52.07 51.35 49.68 54.55 57.25 51.89 46.40 36.48]
BG: [29.46 35.14 37.07 38.05 36.22 34.01 36.94 39.77 34.43 32.15 23.80]
CL: [10.54 11.17 13.24 15.97 13.47 12.88 14.59 15.20 12.90 11.87  8.33]

=== Testing checkpoint at iter 65400 ===
🔧 Initializing model...
📦 Loading model from iteration 65400...
🚀 Running inference...
📊 Evaluating results...
✅ Done. Time cost: 0:00:47.803000

=== Rank-1 (Include identical-view cases) ===
NM: 50.987,	BG: 36.778,	CL: 13.962

=== Rank-1 (Exclude identical-view cases) ===
NM: 46.274,	BG: 32.822,	CL: 12.579

=== Rank-1 of each angle (Exclude identical-view cases) ===
NM: [34.32 42.39 47.39 48.92 49.33 49.19 53.24 54.91 50.13 45.31 33.87]
BG: [26.98 32.88 36.08 35.91 35.67 32.66 34.64 38.23 33.94 31.41 22.62]
CL: [ 9.77 10.99 12.61 14.93 13.83 13.56 14.10 15.38 13.17 11.69  8.33]

=== Testing checkpoint at iter 65500 ===
🔧 Initializing model...
📦 Loading model from iteration 65500...
🚀 Running inference...
📊 Evaluating results...
✅ Done. Time cost: 0:00:48.560726

=== Rank-1 (Include identical-view cases) ===
NM: 52.170,	BG: 37.464,	CL: 14.324

=== Rank-1 (Exclude identical-view cases) ===
NM: 47.563,	BG: 33.556,	CL: 12.957

=== Rank-1 of each angle (Exclude identical-view cases) ===
NM: [36.71 43.78 49.19 50.99 51.26 50.00 53.74 55.36 50.63 46.13 35.41]
BG: [29.05 34.37 36.08 36.91 36.67 33.42 35.27 38.91 33.44 31.64 23.35]
CL: [10.68 11.62 13.11 15.74 13.78 13.33 14.41 16.02 13.57 12.14  8.11]

=== Testing checkpoint at iter 65600 ===
🔧 Initializing model...
📦 Loading model from iteration 65600...
🚀 Running inference...
📊 Evaluating results...
✅ Done. Time cost: 0:00:48.681924

=== Rank-1 (Include identical-view cases) ===
NM: 52.033,	BG: 37.598,	CL: 14.148

=== Rank-1 (Exclude identical-view cases) ===
NM: 47.408,	BG: 33.634,	CL: 12.796

=== Rank-1 of each angle (Exclude identical-view cases) ===
NM: [36.80 44.19 48.24 50.36 51.58 49.28 53.92 55.95 51.08 45.54 34.55]
BG: [27.66 34.59 35.67 36.86 36.31 33.15 37.16 39.77 33.39 31.10 24.30]
CL: [10.45 11.49 12.75 15.38 13.60 13.65 14.64 15.38 12.94 12.01  8.47]

=== Testing checkpoint at iter 65700 ===
🔧 Initializing model...
📦 Loading model from iteration 65700...
🚀 Running inference...
📊 Evaluating results...
✅ Done. Time cost: 0:00:47.221511

=== Rank-1 (Include identical-view cases) ===
NM: 52.624,	BG: 37.811,	CL: 13.962

=== Rank-1 (Exclude identical-view cases) ===
NM: 48.046,	BG: 33.930,	CL: 12.616

=== Rank-1 of each angle (Exclude identical-view cases) ===
NM: [34.68 43.96 50.32 51.17 51.94 50.95 55.54 56.89 51.21 46.04 35.81]
BG: [27.25 35.14 37.39 38.00 36.85 33.88 37.34 39.00 32.94 32.10 23.35]
CL: [ 9.87 10.68 12.66 15.52 13.51 13.25 14.82 15.02 12.81 11.64  9.01]

=== Testing checkpoint at iter 65800 ===
🔧 Initializing model...
📦 Loading model from iteration 65800...
🚀 Running inference...
📊 Evaluating results...
✅ Done. Time cost: 0:00:50.407850

=== Rank-1 (Include identical-view cases) ===
NM: 52.509,	BG: 38.031,	CL: 14.107

=== Rank-1 (Exclude identical-view cases) ===
NM: 47.928,	BG: 34.139,	CL: 12.801

=== Rank-1 of each angle (Exclude identical-view cases) ===
NM: [36.35 44.05 49.10 51.49 51.49 49.64 53.87 56.08 52.84 45.72 36.58]
BG: [28.60 34.68 36.85 37.64 37.34 33.47 37.52 39.96 33.80 31.60 24.07]
CL: [10.45 11.22 12.88 15.20 14.01 14.14 14.51 15.38 12.81 11.83  8.38]

=== Testing checkpoint at iter 65900 ===
🔧 Initializing model...
📦 Loading model from iteration 65900...
🚀 Running inference...
📊 Evaluating results...
✅ Done. Time cost: 0:00:48.363058

=== Rank-1 (Include identical-view cases) ===
NM: 52.595,	BG: 37.870,	CL: 14.063

=== Rank-1 (Exclude identical-view cases) ===
NM: 48.014,	BG: 33.975,	CL: 12.747

=== Rank-1 of each angle (Exclude identical-view cases) ===
NM: [37.84 43.69 49.37 51.98 51.85 49.42 54.05 56.31 51.62 46.40 35.63]
BG: [29.42 34.32 36.89 37.55 37.25 33.83 35.81 39.91 33.71 31.60 23.44]
CL: [10.72 10.72 12.88 14.84 14.23 13.42 14.68 14.75 13.26 11.83  8.88]

=== Testing checkpoint at iter 66000 ===
🔧 Initializing model...
📦 Loading model from iteration 66000...
🚀 Running inference...
📊 Evaluating results...
✅ Done. Time cost: 0:00:47.227070

=== Rank-1 (Include identical-view cases) ===
NM: 52.599,	BG: 37.732,	CL: 14.574

=== Rank-1 (Exclude identical-view cases) ===
NM: 48.039,	BG: 33.847,	CL: 13.256

=== Rank-1 of each angle (Exclude identical-view cases) ===
NM: [36.98 43.96 50.18 51.44 51.31 49.19 54.41 56.62 52.16 45.72 36.44]
BG: [29.73 35.27 36.40 37.41 36.44 32.88 35.72 39.46 33.35 31.37 24.30]
CL: [11.49 11.67 13.92 16.02 14.14 14.10 15.04 15.34 13.30 12.05  8.74]

=== Testing checkpoint at iter 66100 ===
🔧 Initializing model...
📦 Loading model from iteration 66100...
🚀 Running inference...
📊 Evaluating results...
✅ Done. Time cost: 0:00:47.917261

=== Rank-1 (Include identical-view cases) ===
NM: 51.720,	BG: 37.272,	CL: 13.738

=== Rank-1 (Exclude identical-view cases) ===
NM: 47.052,	BG: 33.317,	CL: 12.439

=== Rank-1 of each angle (Exclude identical-view cases) ===
NM: [35.81 42.88 48.20 50.27 50.54 49.46 53.51 55.23 51.04 44.86 35.77]
BG: [28.29 33.60 35.59 36.91 36.71 33.06 36.53 38.60 33.26 30.04 23.89]
CL: [ 9.73 10.95 12.70 14.12 13.78 13.42 14.46 15.20 12.76 11.73  7.97]

=== Testing checkpoint at iter 66200 ===
🔧 Initializing model...
📦 Loading model from iteration 66200...
🚀 Running inference...
📊 Evaluating results...
✅ Done. Time cost: 0:00:47.405582

=== Rank-1 (Include identical-view cases) ===
NM: 52.762,	BG: 37.726,	CL: 13.984

=== Rank-1 (Exclude identical-view cases) ===
NM: 48.227,	BG: 33.853,	CL: 12.681

=== Rank-1 of each angle (Exclude identical-view cases) ===
NM: [37.30 44.01 50.59 52.25 51.35 50.00 55.36 56.31 51.49 46.44 35.41]
BG: [28.47 32.88 37.66 39.41 37.07 33.06 36.49 38.73 33.80 31.28 23.53]
CL: [10.54 11.13 13.69 15.47 12.93 12.79 14.91 14.80 13.30 11.69  8.24]

=== Testing checkpoint at iter 66300 ===
🔧 Initializing model...
📦 Loading model from iteration 66300...
🚀 Running inference...
📊 Evaluating results...
✅ Done. Time cost: 0:00:47.700435

=== Rank-1 (Include identical-view cases) ===
NM: 52.323,	BG: 37.617,	CL: 13.824

=== Rank-1 (Exclude identical-view cases) ===
NM: 47.740,	BG: 33.758,	CL: 12.489

=== Rank-1 of each angle (Exclude identical-view cases) ===
NM: [37.48 43.11 49.69 50.94 51.13 50.32 54.23 55.90 50.95 46.44 34.95]
BG: [28.47 34.01 37.34 37.32 37.21 32.57 36.31 39.50 33.17 31.73 23.71]
CL: [10.63 10.41 13.20 15.43 12.61 13.20 14.73 14.52 12.94 11.92  7.79]

=== Testing checkpoint at iter 66400 ===
🔧 Initializing model...
📦 Loading model from iteration 66400...
🚀 Running inference...
📊 Evaluating results...
✅ Done. Time cost: 0:00:47.884437

=== Rank-1 (Include identical-view cases) ===
NM: 51.664,	BG: 37.039,	CL: 13.936

=== Rank-1 (Exclude identical-view cases) ===
NM: 47.031,	BG: 33.130,	CL: 12.608

=== Rank-1 of each angle (Exclude identical-view cases) ===
NM: [36.62 42.43 48.38 50.67 49.64 48.60 54.05 55.76 51.48 44.77 34.91]
BG: [28.51 32.30 35.36 38.23 35.81 31.98 35.90 39.14 33.12 31.14 22.94]
CL: [10.23  9.78 12.79 15.02 13.96 13.69 14.96 15.84 12.71 11.60  8.11]

=== Testing checkpoint at iter 66500 ===
🔧 Initializing model...
📦 Loading model from iteration 66500...
🚀 Running inference...
📊 Evaluating results...
✅ Done. Time cost: 0:00:47.270331

=== Rank-1 (Include identical-view cases) ===
NM: 52.870,	BG: 38.060,	CL: 13.977

=== Rank-1 (Exclude identical-view cases) ===
NM: 48.346,	BG: 34.147,	CL: 12.678

=== Rank-1 of each angle (Exclude identical-view cases) ===
NM: [38.29 43.70 50.32 51.17 51.67 49.82 54.86 56.76 52.20 46.40 36.62]
BG: [30.86 34.91 36.53 37.23 36.94 32.61 36.58 40.18 34.52 31.74 23.53]
CL: [11.35 10.99 12.97 15.07 13.38 13.24 14.41 14.61 12.49 12.51  8.42]

=== Testing checkpoint at iter 66600 ===
🔧 Initializing model...
📦 Loading model from iteration 66600...
🚀 Running inference...
📊 Evaluating results...
✅ Done. Time cost: 0:00:49.843304

=== Rank-1 (Include identical-view cases) ===
NM: 52.599,	BG: 37.630,	CL: 13.880

=== Rank-1 (Exclude identical-view cases) ===
NM: 48.026,	BG: 33.731,	CL: 12.641

=== Rank-1 of each angle (Exclude identical-view cases) ===
NM: [36.66 43.69 49.78 51.03 51.44 49.64 54.64 56.98 52.12 46.35 35.95]
BG: [28.33 34.46 37.21 37.14 37.52 32.97 37.66 39.27 32.89 30.59 22.99]
CL: [10.18 11.08 12.84 15.47 13.38 13.51 14.87 15.07 12.44 11.74  8.47]

=== Testing checkpoint at iter 66700 ===
🔧 Initializing model...
📦 Loading model from iteration 66700...
🚀 Running inference...
📊 Evaluating results...
✅ Done. Time cost: 0:00:48.455591

=== Rank-1 (Include identical-view cases) ===
NM: 52.033,	BG: 37.160,	CL: 14.186

=== Rank-1 (Exclude identical-view cases) ===
NM: 47.425,	BG: 33.226,	CL: 12.834

=== Rank-1 of each angle (Exclude identical-view cases) ===
NM: [36.31 44.55 49.28 51.13 50.99 48.78 53.47 54.96 50.45 46.17 35.59]
BG: [28.88 35.09 36.62 36.86 36.08 31.98 35.31 38.69 32.26 30.45 23.26]
CL: [10.32 11.44 13.42 15.74 13.24 13.74 14.82 15.02 13.26 11.96  8.20]

=== Testing checkpoint at iter 66800 ===
🔧 Initializing model...
📦 Loading model from iteration 66800...
🚀 Running inference...
📊 Evaluating results...
✅ Done. Time cost: 0:00:47.743802

=== Rank-1 (Include identical-view cases) ===
NM: 52.167,	BG: 37.235,	CL: 13.797

=== Rank-1 (Exclude identical-view cases) ===
NM: 47.564,	BG: 33.342,	CL: 12.472

=== Rank-1 of each angle (Exclude identical-view cases) ===
NM: [37.43 43.29 49.06 51.35 50.63 49.51 53.92 55.67 51.13 46.13 35.09]
BG: [28.43 34.23 36.40 37.32 36.67 31.84 36.58 39.05 33.26 30.14 22.85]
CL: [10.50 11.26 12.66 14.62 13.02 13.20 14.32 15.29 13.26 10.96  8.11]

=== Testing checkpoint at iter 66900 ===
🔧 Initializing model...
📦 Loading model from iteration 66900...
🚀 Running inference...
📊 Evaluating results...
✅ Done. Time cost: 0:00:49.389610

=== Rank-1 (Include identical-view cases) ===
NM: 52.547,	BG: 37.411,	CL: 14.040

=== Rank-1 (Exclude identical-view cases) ===
NM: 47.969,	BG: 33.556,	CL: 12.690

=== Rank-1 of each angle (Exclude identical-view cases) ===
NM: [36.80 44.33 49.82 51.17 51.17 49.33 54.28 55.27 52.52 46.22 36.76]
BG: [28.92 34.91 36.62 36.95 36.35 32.52 35.81 38.55 33.39 31.42 23.67]
CL: [10.86 11.22 13.15 14.75 13.15 13.15 14.46 15.16 13.44 12.19  8.06]

=== Testing checkpoint at iter 67000 ===
🔧 Initializing model...
📦 Loading model from iteration 67000...
🚀 Running inference...
📊 Evaluating results...
✅ Done. Time cost: 0:00:47.678309

=== Rank-1 (Include identical-view cases) ===
NM: 51.486,	BG: 36.806,	CL: 14.191

=== Rank-1 (Exclude identical-view cases) ===
NM: 46.794,	BG: 32.903,	CL: 12.864

=== Rank-1 of each angle (Exclude identical-view cases) ===
NM: [35.00 42.25 49.50 50.14 51.31 48.61 53.47 55.00 50.86 45.86 32.75]
BG: [26.76 33.65 36.17 36.23 36.31 31.40 36.08 38.91 33.35 30.46 22.62]
CL: [10.32 11.26 12.61 15.66 13.79 13.65 14.05 15.48 13.62 12.47  8.60]

=== Testing checkpoint at iter 67100 ===
🔧 Initializing model...
📦 Loading model from iteration 67100...
🚀 Running inference...
📊 Evaluating results...
✅ Done. Time cost: 0:00:47.591402

=== Rank-1 (Include identical-view cases) ===
NM: 52.569,	BG: 37.792,	CL: 14.474

=== Rank-1 (Exclude identical-view cases) ===
NM: 48.030,	BG: 33.897,	CL: 13.179

=== Rank-1 of each angle (Exclude identical-view cases) ===
NM: [37.43 44.41 50.45 51.30 50.54 50.09 53.83 55.90 51.89 46.58 35.90]
BG: [29.19 34.64 35.99 37.41 36.98 33.69 36.17 39.37 34.30 31.37 23.76]
CL: [11.13 11.49 13.15 14.84 14.10 13.69 14.95 16.34 13.94 12.56  8.78]

=== Testing checkpoint at iter 67200 ===
🔧 Initializing model...
📦 Loading model from iteration 67200...
🚀 Running inference...
📊 Evaluating results...
✅ Done. Time cost: 0:00:47.713221

=== Rank-1 (Include identical-view cases) ===
NM: 51.571,	BG: 36.918,	CL: 13.872

=== Rank-1 (Exclude identical-view cases) ===
NM: 46.904,	BG: 32.972,	CL: 12.529

=== Rank-1 of each angle (Exclude identical-view cases) ===
NM: [35.63 43.38 48.24 50.49 50.45 49.10 53.83 55.27 51.30 44.55 33.70]
BG: [26.67 32.84 36.71 37.41 36.49 32.88 36.04 38.28 33.30 30.00 22.08]
CL: [ 9.68 10.41 13.47 14.03 14.10 13.29 14.73 14.98 13.39 11.64  8.11]

=== Testing checkpoint at iter 67300 ===
🔧 Initializing model...
📦 Loading model from iteration 67300...
🚀 Running inference...
📊 Evaluating results...
✅ Done. Time cost: 0:00:47.374036

=== Rank-1 (Include identical-view cases) ===
NM: 52.993,	BG: 38.408,	CL: 14.473

=== Rank-1 (Exclude identical-view cases) ===
NM: 48.452,	BG: 34.550,	CL: 13.109

=== Rank-1 of each angle (Exclude identical-view cases) ===
NM: [37.70 45.36 51.04 53.69 50.95 49.32 54.55 56.04 51.89 46.58 35.86]
BG: [29.64 35.31 37.43 39.27 37.93 34.23 36.44 40.14 34.61 31.74 23.30]
CL: [11.35 11.58 13.47 15.61 13.47 13.65 14.68 15.52 14.16 12.42  8.29]

=== Testing checkpoint at iter 67400 ===
🔧 Initializing model...
📦 Loading model from iteration 67400...
🚀 Running inference...
📊 Evaluating results...
✅ Done. Time cost: 0:00:47.845160

=== Rank-1 (Include identical-view cases) ===
NM: 52.222,	BG: 37.448,	CL: 14.383

=== Rank-1 (Exclude identical-view cases) ===
NM: 47.617,	BG: 33.564,	CL: 13.055

=== Rank-1 of each angle (Exclude identical-view cases) ===
NM: [35.90 43.15 49.64 51.08 51.58 49.14 54.82 55.90 51.03 46.49 35.05]
BG: [27.52 34.59 36.49 36.54 37.03 33.42 36.13 38.64 33.76 31.55 23.53]
CL: [10.18 11.35 13.74 15.74 13.69 14.15 15.32 15.57 13.03 12.15  8.70]

=== Testing checkpoint at iter 67500 ===
🔧 Initializing model...
📦 Loading model from iteration 67500...
🚀 Running inference...
📊 Evaluating results...
✅ Done. Time cost: 0:00:48.527452

=== Rank-1 (Include identical-view cases) ===
NM: 52.744,	BG: 37.729,	CL: 14.429

=== Rank-1 (Exclude identical-view cases) ===
NM: 48.182,	BG: 33.901,	CL: 13.101

=== Rank-1 of each angle (Exclude identical-view cases) ===
NM: [38.29 42.97 50.49 53.29 51.26 49.95 54.82 56.03 52.39 45.36 35.14]
BG: [29.24 34.28 36.53 38.68 36.89 33.02 36.35 38.78 34.30 31.32 23.53]
CL: [10.68 11.08 13.15 16.24 14.10 13.83 15.09 15.88 13.26 12.37  8.42]

=== Testing checkpoint at iter 67600 ===
🔧 Initializing model...
📦 Loading model from iteration 67600...
🚀 Running inference...
📊 Evaluating results...
✅ Done. Time cost: 0:00:49.048023

=== Rank-1 (Include identical-view cases) ===
NM: 51.605,	BG: 36.971,	CL: 14.182

=== Rank-1 (Exclude identical-view cases) ===
NM: 46.954,	BG: 33.002,	CL: 12.748

=== Rank-1 of each angle (Exclude identical-view cases) ===
NM: [35.90 42.88 48.92 49.28 49.95 48.87 53.02 55.68 51.17 45.18 35.63]
BG: [28.02 33.51 35.54 36.95 35.77 31.67 35.54 38.55 33.62 30.55 23.30]
CL: [ 9.87 11.13 13.02 14.52 14.68 12.97 14.60 15.84 13.26 12.24  8.11]

=== Testing checkpoint at iter 67700 ===
🔧 Initializing model...
📦 Loading model from iteration 67700...
🚀 Running inference...
📊 Evaluating results...
✅ Done. Time cost: 0:00:47.113321

=== Rank-1 (Include identical-view cases) ===
NM: 52.443,	BG: 37.674,	CL: 13.992

=== Rank-1 (Exclude identical-view cases) ===
NM: 47.871,	BG: 33.685,	CL: 12.567

=== Rank-1 of each angle (Exclude identical-view cases) ===
NM: [37.25 44.19 49.46 50.72 51.13 49.51 54.32 55.68 51.62 46.98 35.72]
BG: [28.11 34.19 36.44 38.09 36.67 33.15 36.22 39.05 33.30 32.24 23.08]
CL: [10.09 10.99 13.29 14.66 13.11 12.75 14.46 14.93 13.03 12.01  8.92]

=== Testing checkpoint at iter 67800 ===
🔧 Initializing model...
📦 Loading model from iteration 67800...
🚀 Running inference...
📊 Evaluating results...
✅ Done. Time cost: 0:00:50.578257

=== Rank-1 (Include identical-view cases) ===
NM: 52.677,	BG: 37.926,	CL: 14.440

=== Rank-1 (Exclude identical-view cases) ===
NM: 48.100,	BG: 33.994,	CL: 13.019

=== Rank-1 of each angle (Exclude identical-view cases) ===
NM: [36.40 44.14 50.00 52.61 51.53 50.50 54.73 56.49 51.76 46.26 34.69]
BG: [28.96 34.14 36.76 37.50 37.03 33.78 37.12 40.09 33.85 31.14 23.57]
CL: [10.27 10.95 13.51 15.07 14.01 13.83 14.96 15.97 13.53 12.51  8.60]

=== Testing checkpoint at iter 67900 ===
🔧 Initializing model...
📦 Loading model from iteration 67900...
🚀 Running inference...
📊 Evaluating results...
✅ Done. Time cost: 0:00:50.420567

=== Rank-1 (Include identical-view cases) ===
NM: 51.530,	BG: 37.075,	CL: 13.958

=== Rank-1 (Exclude identical-view cases) ===
NM: 46.830,	BG: 33.137,	CL: 12.666

=== Rank-1 of each angle (Exclude identical-view cases) ===
NM: [35.54 43.33 49.19 50.76 49.82 48.47 53.47 55.23 50.09 45.40 33.83]
BG: [27.79 33.60 36.67 36.91 35.32 32.52 37.21 38.69 32.62 30.00 23.17]
CL: [ 9.87 10.95 13.33 16.15 13.47 13.02 14.59 15.16 13.35 11.37  8.06]

=== Testing checkpoint at iter 68000 ===
🔧 Initializing model...
📦 Loading model from iteration 68000...
🚀 Running inference...
📊 Evaluating results...
✅ Done. Time cost: 0:00:50.751201

=== Rank-1 (Include identical-view cases) ===
NM: 52.748,	BG: 37.530,	CL: 14.492

=== Rank-1 (Exclude identical-view cases) ===
NM: 48.202,	BG: 33.679,	CL: 13.137

=== Rank-1 of each angle (Exclude identical-view cases) ===
NM: [38.11 45.41 50.86 51.49 51.98 49.01 54.01 55.31 51.80 46.76 35.50]
BG: [29.91 35.13 37.39 37.36 35.59 32.34 35.54 38.73 32.89 31.51 24.07]
CL: [11.13 11.67 14.23 15.16 14.37 13.11 14.73 15.52 13.93 12.33  8.34]

=== Testing checkpoint at iter 68100 ===
🔧 Initializing model...
📦 Loading model from iteration 68100...
🚀 Running inference...
📊 Evaluating results...
✅ Done. Time cost: 0:00:50.653066

=== Rank-1 (Include identical-view cases) ===
NM: 52.152,	BG: 37.098,	CL: 14.044

=== Rank-1 (Exclude identical-view cases) ===
NM: 47.556,	BG: 33.183,	CL: 12.756

=== Rank-1 of each angle (Exclude identical-view cases) ===
NM: [35.45 43.29 50.05 49.60 51.58 50.18 55.31 55.41 51.40 45.95 34.91]
BG: [28.11 33.06 36.22 37.55 36.44 32.93 35.72 38.23 33.08 31.14 22.53]
CL: [ 9.69 10.59 13.56 14.84 14.28 12.66 14.68 15.61 14.39 11.83  8.20]

=== Testing checkpoint at iter 68200 ===
🔧 Initializing model...
📦 Loading model from iteration 68200...
🚀 Running inference...
📊 Evaluating results...
✅ Done. Time cost: 0:00:48.434336

=== Rank-1 (Include identical-view cases) ===
NM: 52.789,	BG: 38.017,	CL: 14.197

=== Rank-1 (Exclude identical-view cases) ===
NM: 48.248,	BG: 34.062,	CL: 12.896

=== Rank-1 of each angle (Exclude identical-view cases) ===
NM: [37.97 43.65 50.54 50.95 52.39 49.51 54.82 56.44 51.62 46.49 36.35]
BG: [29.69 34.10 36.62 38.14 37.39 33.24 36.17 39.37 33.44 32.33 24.21]
CL: [11.40 11.26 13.02 14.98 13.65 13.02 15.00 15.02 13.08 12.60  8.83]

=== Testing checkpoint at iter 68300 ===
🔧 Initializing model...
📦 Loading model from iteration 68300...
🚀 Running inference...
📊 Evaluating results...
✅ Done. Time cost: 0:00:47.330357

=== Rank-1 (Include identical-view cases) ===
NM: 52.915,	BG: 38.117,	CL: 13.936

=== Rank-1 (Exclude identical-view cases) ===
NM: 48.395,	BG: 34.246,	CL: 12.625

=== Rank-1 of each angle (Exclude identical-view cases) ===
NM: [37.43 43.65 49.96 50.95 52.75 50.86 55.00 56.44 52.21 46.58 36.53]
BG: [28.74 35.22 37.12 38.68 37.93 33.47 36.76 39.37 33.80 31.64 23.98]
CL: [10.99 11.08 12.66 14.84 13.51 12.43 14.64 14.34 13.39 12.33  8.65]

=== Testing checkpoint at iter 68400 ===
🔧 Initializing model...
📦 Loading model from iteration 68400...
🚀 Running inference...
📊 Evaluating results...
✅ Done. Time cost: 0:00:47.487441

=== Rank-1 (Include identical-view cases) ===
NM: 52.889,	BG: 37.788,	CL: 14.171

=== Rank-1 (Exclude identical-view cases) ===
NM: 48.337,	BG: 33.905,	CL: 12.879

=== Rank-1 of each angle (Exclude identical-view cases) ===
NM: [37.70 44.28 48.92 52.16 51.40 50.27 54.37 57.39 52.61 46.35 36.26]
BG: [29.19 34.28 37.30 37.91 36.49 33.15 36.98 38.69 33.85 31.51 23.62]
CL: [10.50 10.81 13.15 15.88 13.96 13.42 14.91 14.84 13.39 12.28  8.51]

=== Testing checkpoint at iter 68500 ===
🔧 Initializing model...
📦 Loading model from iteration 68500...
🚀 Running inference...
📊 Evaluating results...
✅ Done. Time cost: 0:00:47.672348

=== Rank-1 (Include identical-view cases) ===
NM: 52.185,	BG: 37.101,	CL: 14.201

=== Rank-1 (Exclude identical-view cases) ===
NM: 47.551,	BG: 33.198,	CL: 12.924

=== Rank-1 of each angle (Exclude identical-view cases) ===
NM: [36.80 43.87 50.00 52.70 51.53 48.29 53.47 56.35 50.18 45.27 34.59]
BG: [29.05 34.32 36.53 38.36 36.89 30.95 35.90 38.46 32.08 30.46 22.17]
CL: [10.59 10.99 13.78 16.24 14.01 13.02 14.41 15.97 12.94 12.05  8.16]

=== Testing checkpoint at iter 68600 ===
🔧 Initializing model...
📦 Loading model from iteration 68600...
🚀 Running inference...
📊 Evaluating results...
✅ Done. Time cost: 0:00:47.345314

=== Rank-1 (Include identical-view cases) ===
NM: 52.081,	BG: 37.703,	CL: 14.302

=== Rank-1 (Exclude identical-view cases) ===
NM: 47.453,	BG: 33.824,	CL: 12.981

=== Rank-1 of each angle (Exclude identical-view cases) ===
NM: [36.03 42.79 48.78 51.22 51.35 49.42 54.10 55.72 50.63 46.40 35.54]
BG: [28.70 33.11 37.16 38.36 37.52 33.15 36.22 38.78 33.89 31.55 23.62]
CL: [10.36 11.17 13.42 16.34 13.96 13.33 15.09 16.02 13.39 11.87  7.84]

=== Testing checkpoint at iter 68700 ===
🔧 Initializing model...
📦 Loading model from iteration 68700...
🚀 Running inference...
📊 Evaluating results...
✅ Done. Time cost: 0:00:47.069538

=== Rank-1 (Include identical-view cases) ===
NM: 52.204,	BG: 37.250,	CL: 14.052

=== Rank-1 (Exclude identical-view cases) ===
NM: 47.588,	BG: 33.318,	CL: 12.748

=== Rank-1 of each angle (Exclude identical-view cases) ===
NM: [36.35 43.29 49.46 51.21 50.40 49.68 54.23 56.22 51.58 45.68 35.36]
BG: [28.74 32.84 36.40 36.77 37.03 33.15 36.44 38.51 33.03 31.19 22.40]
CL: [10.18 10.59 13.51 15.47 13.87 13.42 14.32 15.43 13.80 11.92  7.70]

=== Testing checkpoint at iter 68800 ===
🔧 Initializing model...
📦 Loading model from iteration 68800...
🚀 Running inference...
📊 Evaluating results...
✅ Done. Time cost: 0:00:47.603628

=== Rank-1 (Include identical-view cases) ===
NM: 52.334,	BG: 37.235,	CL: 14.298

=== Rank-1 (Exclude identical-view cases) ===
NM: 47.719,	BG: 33.362,	CL: 12.948

=== Rank-1 of each angle (Exclude identical-view cases) ===
NM: [37.43 43.06 49.73 51.35 51.67 49.55 53.69 56.17 51.58 45.86 34.82]
BG: [27.79 32.93 37.79 37.91 37.39 32.30 36.94 39.09 31.67 30.64 22.53]
CL: [10.95 11.13 12.79 15.97 13.38 14.15 14.73 15.56 13.85 11.64  8.29]

=== Testing checkpoint at iter 68900 ===
🔧 Initializing model...
📦 Loading model from iteration 68900...
🚀 Running inference...
📊 Evaluating results...
✅ Done. Time cost: 0:00:47.340046

=== Rank-1 (Include identical-view cases) ===
NM: 52.048,	BG: 37.282,	CL: 13.711

=== Rank-1 (Exclude identical-view cases) ===
NM: 47.408,	BG: 33.389,	CL: 12.320

=== Rank-1 of each angle (Exclude identical-view cases) ===
NM: [36.58 42.57 48.42 49.69 50.72 48.88 53.83 55.81 51.76 47.43 35.81]
BG: [29.10 32.61 36.08 36.50 35.81 32.84 36.40 38.73 33.80 31.96 23.44]
CL: [10.00 10.41 12.25 14.61 13.60 14.06 13.87 14.30 13.26 11.01  8.15]

=== Testing checkpoint at iter 69000 ===
🔧 Initializing model...
📦 Loading model from iteration 69000...
🚀 Running inference...
📊 Evaluating results...
✅ Done. Time cost: 0:00:47.360781

=== Rank-1 (Include identical-view cases) ===
NM: 52.401,	BG: 37.248,	CL: 14.003

=== Rank-1 (Exclude identical-view cases) ===
NM: 47.793,	BG: 33.397,	CL: 12.661

=== Rank-1 of each angle (Exclude identical-view cases) ===
NM: [36.85 44.69 49.51 51.21 51.17 48.29 54.01 55.90 51.94 46.31 35.86]
BG: [29.14 33.65 36.21 37.95 36.49 31.08 35.45 39.09 32.81 31.87 23.62]
CL: [10.81 10.90 13.38 15.11 14.01 12.03 13.78 15.34 13.80 11.64  8.47]

=== Testing checkpoint at iter 69100 ===
🔧 Initializing model...
📦 Loading model from iteration 69100...
🚀 Running inference...
📊 Evaluating results...
✅ Done. Time cost: 0:00:47.484443

=== Rank-1 (Include identical-view cases) ===
NM: 51.694,	BG: 36.635,	CL: 14.171

=== Rank-1 (Exclude identical-view cases) ===
NM: 47.064,	BG: 32.792,	CL: 12.842

=== Rank-1 of each angle (Exclude identical-view cases) ===
NM: [33.38 42.61 49.37 50.95 51.53 50.31 54.05 55.18 51.40 45.68 33.24]
BG: [25.95 33.33 37.43 37.68 35.95 32.07 34.51 38.28 33.53 30.23 21.76]
CL: [ 9.78 11.44 13.33 15.65 14.05 13.15 14.50 15.70 13.62 11.69  8.33]

=== Testing checkpoint at iter 69200 ===
🔧 Initializing model...
📦 Loading model from iteration 69200...
🚀 Running inference...
📊 Evaluating results...
✅ Done. Time cost: 0:00:48.013465

=== Rank-1 (Include identical-view cases) ===
NM: 51.311,	BG: 37.001,	CL: 13.865

=== Rank-1 (Exclude identical-view cases) ===
NM: 46.610,	BG: 33.039,	CL: 12.555

=== Rank-1 of each angle (Exclude identical-view cases) ===
NM: [34.91 41.84 47.30 48.96 51.49 48.33 53.24 54.77 51.12 45.95 34.78]
BG: [27.03 33.02 35.86 36.18 36.35 32.93 35.81 38.46 32.98 31.55 23.26]
CL: [ 9.73 10.77 12.03 14.70 14.37 13.65 14.46 15.88 12.53 11.74  8.24]

=== Testing checkpoint at iter 69300 ===
🔧 Initializing model...
📦 Loading model from iteration 69300...
🚀 Running inference...
📊 Evaluating results...
✅ Done. Time cost: 0:00:47.304347

=== Rank-1 (Include identical-view cases) ===
NM: 51.463,	BG: 37.142,	CL: 14.085

=== Rank-1 (Exclude identical-view cases) ===
NM: 46.761,	BG: 33.182,	CL: 12.814

=== Rank-1 of each angle (Exclude identical-view cases) ===
NM: [35.77 43.02 47.88 49.64 50.05 49.01 53.38 55.68 51.40 45.27 33.29]
BG: [27.84 33.65 36.44 36.68 36.98 32.66 36.13 39.37 32.40 31.23 21.63]
CL: [10.09 11.13 12.84 16.06 13.92 13.61 14.46 15.75 13.21 11.64  8.24]

=== Testing checkpoint at iter 69400 ===
🔧 Initializing model...
📦 Loading model from iteration 69400...
🚀 Running inference...
📊 Evaluating results...
✅ Done. Time cost: 0:00:48.025615

=== Rank-1 (Include identical-view cases) ===
NM: 51.720,	BG: 36.873,	CL: 13.959

=== Rank-1 (Exclude identical-view cases) ===
NM: 47.056,	BG: 32.972,	CL: 12.670

=== Rank-1 of each angle (Exclude identical-view cases) ===
NM: [35.23 43.06 49.24 51.26 50.77 49.01 53.06 54.91 51.66 45.04 34.37]
BG: [27.66 33.69 36.58 37.04 36.22 32.12 35.27 38.55 33.26 30.04 22.26]
CL: [10.50 10.86 13.56 14.93 13.65 12.84 13.56 15.43 14.07 11.96  8.02]

=== Testing checkpoint at iter 69500 ===
🔧 Initializing model...
📦 Loading model from iteration 69500...
🚀 Running inference...
📊 Evaluating results...
✅ Done. Time cost: 0:00:49.985215

=== Rank-1 (Include identical-view cases) ===
NM: 52.148,	BG: 37.295,	CL: 14.309

=== Rank-1 (Exclude identical-view cases) ===
NM: 47.523,	BG: 33.437,	CL: 12.945

=== Rank-1 of each angle (Exclude identical-view cases) ===
NM: [36.49 43.02 48.88 50.50 52.03 49.60 54.19 55.99 51.35 46.04 34.69]
BG: [27.88 34.73 36.26 36.86 36.48 32.21 36.35 38.82 33.39 31.23 23.57]
CL: [10.27 11.40 13.20 15.43 13.83 13.79 15.00 15.47 13.48 12.19  8.33]

=== Testing checkpoint at iter 69600 ===
🔧 Initializing model...
📦 Loading model from iteration 69600...
🚀 Running inference...
📊 Evaluating results...
✅ Done. Time cost: 0:00:48.666700

=== Rank-1 (Include identical-view cases) ===
NM: 52.092,	BG: 37.381,	CL: 14.530

=== Rank-1 (Exclude identical-view cases) ===
NM: 47.473,	BG: 33.490,	CL: 13.208

=== Rank-1 of each angle (Exclude identical-view cases) ===
NM: [36.67 42.97 49.73 51.04 50.95 49.19 53.06 55.54 51.71 46.35 35.00]
BG: [27.61 34.23 37.70 37.36 36.22 32.43 36.26 38.91 33.80 30.69 23.17]
CL: [10.72 10.95 13.51 15.38 14.06 14.33 14.64 15.93 14.43 12.33  9.01]

=== Testing checkpoint at iter 69700 ===
🔧 Initializing model...
📦 Loading model from iteration 69700...
🚀 Running inference...
📊 Evaluating results...
✅ Done. Time cost: 0:00:48.772286

=== Rank-1 (Include identical-view cases) ===
NM: 52.245,	BG: 37.601,	CL: 14.275

=== Rank-1 (Exclude identical-view cases) ===
NM: 47.621,	BG: 33.687,	CL: 12.924

=== Rank-1 of each angle (Exclude identical-view cases) ===
NM: [36.53 43.47 49.82 50.99 51.13 49.46 54.28 55.54 51.40 46.71 34.50]
BG: [28.92 34.82 37.66 37.55 36.40 32.39 36.58 38.87 32.90 31.46 23.03]
CL: [10.23 11.35 12.93 15.65 13.83 13.60 15.18 15.34 13.39 12.01  8.65]

=== Testing checkpoint at iter 69800 ===
🔧 Initializing model...
📦 Loading model from iteration 69800...
🚀 Running inference...
📊 Evaluating results...
✅ Done. Time cost: 0:00:48.580422

=== Rank-1 (Include identical-view cases) ===
NM: 52.718,	BG: 37.557,	CL: 14.253

=== Rank-1 (Exclude identical-view cases) ===
NM: 48.145,	BG: 33.725,	CL: 12.945

=== Rank-1 of each angle (Exclude identical-view cases) ===
NM: [37.97 44.69 50.68 52.34 51.26 49.19 53.33 56.22 52.39 46.17 35.36]
BG: [29.51 33.65 38.42 38.14 35.95 32.21 35.36 40.27 33.39 30.77 23.30]
CL: [10.90 10.90 13.20 15.61 13.47 13.15 14.73 15.61 13.98 11.92  8.92]

=== Testing checkpoint at iter 69900 ===
🔧 Initializing model...
📦 Loading model from iteration 69900...
🚀 Running inference...
📊 Evaluating results...
✅ Done. Time cost: 0:00:47.527974

=== Rank-1 (Include identical-view cases) ===
NM: 52.018,	BG: 37.147,	CL: 13.842

=== Rank-1 (Exclude identical-view cases) ===
NM: 47.399,	BG: 33.232,	CL: 12.575

=== Rank-1 of each angle (Exclude identical-view cases) ===
NM: [36.98 43.65 49.28 50.09 49.41 48.74 53.11 55.40 52.02 47.07 35.63]
BG: [28.60 33.69 36.58 37.64 34.95 31.76 35.45 39.05 33.21 30.73 23.89]
CL: [10.77 10.86 12.70 15.07 13.38 13.11 14.46 15.47 13.08 10.92  8.52]

=== Testing checkpoint at iter 70000 ===
🔧 Initializing model...
📦 Loading model from iteration 70000...
🚀 Running inference...
📊 Evaluating results...
✅ Done. Time cost: 0:00:49.050156

=== Rank-1 (Include identical-view cases) ===
NM: 52.360,	BG: 37.304,	CL: 14.261

=== Rank-1 (Exclude identical-view cases) ===
NM: 47.756,	BG: 33.393,	CL: 12.949

=== Rank-1 of each angle (Exclude identical-view cases) ===
NM: [36.75 44.01 50.41 51.22 50.45 49.33 53.60 55.41 51.53 47.61 35.00]
BG: [28.29 34.32 36.67 37.32 35.68 31.80 35.45 39.41 33.21 31.82 23.35]
CL: [10.95 10.95 13.78 15.34 13.78 13.24 14.28 15.48 14.12 11.78  8.74]

=== Testing checkpoint at iter 70100 ===
🔧 Initializing model...
📦 Loading model from iteration 70100...
🚀 Running inference...
📊 Evaluating results...
✅ Done. Time cost: 0:00:47.848105

=== Rank-1 (Include identical-view cases) ===
NM: 52.268,	BG: 37.386,	CL: 14.026

=== Rank-1 (Exclude identical-view cases) ===
NM: 47.646,	BG: 33.459,	CL: 12.690

=== Rank-1 of each angle (Exclude identical-view cases) ===
NM: [37.21 43.02 49.33 50.32 49.91 49.77 53.65 55.23 51.80 47.34 36.53]
BG: [29.05 33.38 37.16 37.41 35.54 31.40 35.27 38.78 34.25 31.46 24.34]
CL: [10.41 10.23 13.56 14.71 13.11 12.97 14.41 15.79 14.12 11.92  8.38]

=== Testing checkpoint at iter 70200 ===
🔧 Initializing model...
📦 Loading model from iteration 70200...
🚀 Running inference...
📊 Evaluating results...
✅ Done. Time cost: 0:00:48.539858

=== Rank-1 (Include identical-view cases) ===
NM: 51.732,	BG: 36.747,	CL: 13.910

=== Rank-1 (Exclude identical-view cases) ===
NM: 47.040,	BG: 32.834,	CL: 12.514

=== Rank-1 of each angle (Exclude identical-view cases) ===
NM: [35.86 42.30 48.92 50.54 50.54 49.82 54.14 54.73 50.32 46.67 33.60]
BG: [27.66 32.75 36.13 37.05 36.26 31.08 34.41 39.05 33.30 30.77 22.71]
CL: [ 9.78 10.59 13.02 15.11 13.96 12.88 14.51 15.02 13.12 11.60  8.06]

=== Testing checkpoint at iter 70300 ===
🔧 Initializing model...
📦 Loading model from iteration 70300...
🚀 Running inference...
📊 Evaluating results...
✅ Done. Time cost: 0:00:47.949763

=== Rank-1 (Include identical-view cases) ===
NM: 51.858,	BG: 37.278,	CL: 14.157

=== Rank-1 (Exclude identical-view cases) ===
NM: 47.203,	BG: 33.360,	CL: 12.810

=== Rank-1 of each angle (Exclude identical-view cases) ===
NM: [36.40 43.51 50.63 51.35 49.51 47.84 53.42 55.90 50.86 45.14 34.68]
BG: [28.02 33.83 37.52 37.59 36.67 31.71 35.59 40.32 32.62 31.37 21.72]
CL: [10.32 10.59 13.15 15.16 13.60 12.97 15.00 15.70 14.16 12.60  7.66]

=== Testing checkpoint at iter 70400 ===
🔧 Initializing model...
📦 Loading model from iteration 70400...
🚀 Running inference...
📊 Evaluating results...
✅ Done. Time cost: 0:00:47.608933

=== Rank-1 (Include identical-view cases) ===
NM: 52.048,	BG: 37.143,	CL: 14.063

=== Rank-1 (Exclude identical-view cases) ===
NM: 47.404,	BG: 33.339,	CL: 12.695

=== Rank-1 of each angle (Exclude identical-view cases) ===
NM: [37.07 43.33 49.96 51.35 50.36 49.01 52.84 55.63 51.22 45.68 35.00]
BG: [28.78 33.51 36.89 38.45 35.99 32.12 35.54 39.05 33.08 31.10 22.22]
CL: [10.41 10.54 13.47 14.70 13.47 13.06 14.87 15.43 13.12 12.47  8.11]

=== Testing checkpoint at iter 70500 ===
🔧 Initializing model...
📦 Loading model from iteration 70500...
🚀 Running inference...
📊 Evaluating results...
✅ Done. Time cost: 0:00:47.452097

=== Rank-1 (Include identical-view cases) ===
NM: 51.835,	BG: 36.930,	CL: 14.395

=== Rank-1 (Exclude identical-view cases) ===
NM: 47.170,	BG: 32.977,	CL: 12.973

=== Rank-1 of each angle (Exclude identical-view cases) ===
NM: [37.21 42.03 49.60 50.45 51.53 48.88 53.83 54.32 51.17 45.45 34.41]
BG: [28.34 32.57 36.22 37.32 36.31 31.49 35.45 38.82 32.22 30.87 23.17]
CL: [10.63 10.95 13.42 15.34 14.05 13.60 15.18 15.48 13.84 11.92  8.29]

=== Testing checkpoint at iter 70600 ===
🔧 Initializing model...
📦 Loading model from iteration 70600...
🚀 Running inference...
📊 Evaluating results...
✅ Done. Time cost: 0:00:47.650018

=== Rank-1 (Include identical-view cases) ===
NM: 52.092,	BG: 37.297,	CL: 13.954

=== Rank-1 (Exclude identical-view cases) ===
NM: 47.441,	BG: 33.389,	CL: 12.702

=== Rank-1 of each angle (Exclude identical-view cases) ===
NM: [35.72 42.84 49.06 50.45 51.98 49.73 54.05 55.77 51.62 45.68 34.96]
BG: [27.21 33.56 36.62 37.73 36.22 32.75 36.04 39.23 33.44 31.69 22.80]
CL: [10.41 10.72 13.11 15.61 14.37 13.69 13.87 15.07 12.67 11.73  8.47]

=== Testing checkpoint at iter 70700 ===
🔧 Initializing model...
📦 Loading model from iteration 70700...
🚀 Running inference...
📊 Evaluating results...
✅ Done. Time cost: 0:00:48.597447

=== Rank-1 (Include identical-view cases) ===
NM: 52.803,	BG: 38.017,	CL: 14.010

=== Rank-1 (Exclude identical-view cases) ===
NM: 48.223,	BG: 34.149,	CL: 12.739

=== Rank-1 of each angle (Exclude identical-view cases) ===
NM: [36.80 43.47 50.41 51.26 52.39 50.90 54.55 56.62 52.61 46.22 35.23]
BG: [28.79 35.04 37.34 38.55 36.62 33.20 35.81 40.59 34.71 31.87 23.12]
CL: [10.41 11.22 12.43 14.34 13.20 13.83 15.13 15.88 13.30 11.87  8.51]

=== Testing checkpoint at iter 70800 ===
🔧 Initializing model...
📦 Loading model from iteration 70800...
🚀 Running inference...
📊 Evaluating results...
✅ Done. Time cost: 0:00:48.520614

=== Rank-1 (Include identical-view cases) ===
NM: 52.725,	BG: 37.964,	CL: 13.910

=== Rank-1 (Exclude identical-view cases) ===
NM: 48.153,	BG: 34.128,	CL: 12.687

=== Rank-1 of each angle (Exclude identical-view cases) ===
NM: [37.43 44.42 50.72 50.85 51.85 50.36 54.96 55.54 51.67 46.76 35.14]
BG: [29.32 35.63 38.06 37.32 36.53 32.52 36.13 40.59 33.62 32.51 23.17]
CL: [11.04 11.44 12.66 15.20 13.15 12.43 14.50 15.02 13.12 12.24  8.74]

=== Testing checkpoint at iter 70900 ===
🔧 Initializing model...
📦 Loading model from iteration 70900...
🚀 Running inference...
📊 Evaluating results...
✅ Done. Time cost: 0:00:48.233920

=== Rank-1 (Include identical-view cases) ===
NM: 51.799,	BG: 37.143,	CL: 14.235

=== Rank-1 (Exclude identical-view cases) ===
NM: 47.130,	BG: 33.158,	CL: 12.887

=== Rank-1 of each angle (Exclude identical-view cases) ===
NM: [35.77 42.48 48.60 50.32 50.72 49.32 53.83 55.59 51.67 45.59 34.55]
BG: [28.02 32.66 36.31 36.77 36.17 33.42 35.41 38.01 33.98 30.73 23.26]
CL: [ 9.95 10.68 13.60 15.11 13.96 13.47 14.78 15.70 14.21 11.74  8.56]

=== Testing checkpoint at iter 71000 ===
🔧 Initializing model...
📦 Loading model from iteration 71000...
🚀 Running inference...
📊 Evaluating results...
✅ Done. Time cost: 0:00:50.432062

=== Rank-1 (Include identical-view cases) ===
NM: 51.676,	BG: 37.242,	CL: 13.820

=== Rank-1 (Exclude identical-view cases) ===
NM: 47.015,	BG: 33.263,	CL: 12.538

=== Rank-1 of each angle (Exclude identical-view cases) ===
NM: [35.95 42.75 48.51 49.46 50.68 48.96 53.24 54.82 51.80 46.04 34.96]
BG: [28.78 32.61 36.53 36.95 36.22 32.88 37.34 38.69 33.44 29.77 22.67]
CL: [ 9.87 10.50 12.93 15.52 12.79 13.15 14.68 15.52 12.81 11.74  8.42]

=== Testing checkpoint at iter 71100 ===
🔧 Initializing model...
📦 Loading model from iteration 71100...
🚀 Running inference...
📊 Evaluating results...
✅ Done. Time cost: 0:00:47.691859

=== Rank-1 (Include identical-view cases) ===
NM: 52.125,	BG: 37.654,	CL: 14.120

=== Rank-1 (Exclude identical-view cases) ===
NM: 47.481,	BG: 33.765,	CL: 12.807

=== Rank-1 of each angle (Exclude identical-view cases) ===
NM: [36.89 42.66 49.24 51.35 51.71 49.91 54.19 55.41 51.44 45.05 34.46]
BG: [28.79 33.83 36.89 38.14 37.39 33.06 36.31 39.10 33.85 30.55 23.53]
CL: [10.50 10.63 13.02 15.84 13.20 12.48 14.96 15.75 13.21 12.97  8.33]

=== Testing checkpoint at iter 71200 ===
🔧 Initializing model...
📦 Loading model from iteration 71200...
🚀 Running inference...
📊 Evaluating results...
✅ Done. Time cost: 0:00:47.686514

=== Rank-1 (Include identical-view cases) ===
NM: 52.058,	BG: 37.181,	CL: 14.093

=== Rank-1 (Exclude identical-view cases) ===
NM: 47.428,	BG: 33.283,	CL: 12.756

=== Rank-1 of each angle (Exclude identical-view cases) ===
NM: [36.76 42.48 48.56 50.27 50.59 49.82 53.96 55.94 51.76 46.98 34.59]
BG: [27.93 33.38 36.35 37.50 36.03 32.84 35.00 38.37 33.39 32.05 23.26]
CL: [11.26 10.68 12.66 13.98 13.74 13.51 14.55 15.20 13.17 12.65  8.92]

=== Testing checkpoint at iter 71300 ===
🔧 Initializing model...
📦 Loading model from iteration 71300...
🚀 Running inference...
📊 Evaluating results...
✅ Done. Time cost: 0:00:47.867123

=== Rank-1 (Include identical-view cases) ===
NM: 52.055,	BG: 37.739,	CL: 13.929

=== Rank-1 (Exclude identical-view cases) ===
NM: 47.440,	BG: 33.880,	CL: 12.604

=== Rank-1 of each angle (Exclude identical-view cases) ===
NM: [36.71 44.14 49.86 50.36 50.45 49.37 53.06 55.31 51.53 45.99 35.05]
BG: [28.92 34.73 38.15 37.59 36.31 33.60 36.44 39.55 33.80 31.10 22.49]
CL: [10.04 10.68 12.66 14.71 13.83 13.06 14.96 15.25 13.21 12.10  8.15]

=== Testing checkpoint at iter 71400 ===
🔧 Initializing model...
📦 Loading model from iteration 71400...
🚀 Running inference...
📊 Evaluating results...
✅ Done. Time cost: 0:00:47.531399

=== Rank-1 (Include identical-view cases) ===
NM: 52.036,	BG: 37.254,	CL: 14.026

=== Rank-1 (Exclude identical-view cases) ===
NM: 47.395,	BG: 33.400,	CL: 12.719

=== Rank-1 of each angle (Exclude identical-view cases) ===
NM: [36.22 43.74 49.37 50.18 50.72 50.36 52.52 55.31 51.67 46.12 35.13]
BG: [29.10 34.32 37.07 36.59 36.17 32.07 35.27 39.09 33.03 31.32 23.35]
CL: [10.95 11.17 13.11 14.89 13.38 12.88 14.41 15.11 13.03 12.28  8.69]

=== Testing checkpoint at iter 71500 ===
🔧 Initializing model...
📦 Loading model from iteration 71500...
🚀 Running inference...
📊 Evaluating results...
✅ Done. Time cost: 0:00:49.576194

=== Rank-1 (Include identical-view cases) ===
NM: 52.159,	BG: 37.756,	CL: 14.178

=== Rank-1 (Exclude identical-view cases) ===
NM: 47.535,	BG: 33.877,	CL: 12.883

=== Rank-1 of each angle (Exclude identical-view cases) ===
NM: [36.53 44.23 50.36 50.77 51.13 48.97 53.56 55.54 50.86 46.85 34.10]
BG: [28.70 35.09 38.02 37.95 36.53 32.48 35.36 40.09 33.80 31.92 22.71]
CL: [10.18 10.95 13.20 15.56 14.59 13.96 14.87 14.93 13.03 12.05  8.38]

=== Testing checkpoint at iter 71600 ===
🔧 Initializing model...
📦 Loading model from iteration 71600...
🚀 Running inference...
📊 Evaluating results...
✅ Done. Time cost: 0:00:47.570154

=== Rank-1 (Include identical-view cases) ===
NM: 52.275,	BG: 37.237,	CL: 14.545

=== Rank-1 (Exclude identical-view cases) ===
NM: 47.649,	BG: 33.323,	CL: 13.151

=== Rank-1 of each angle (Exclude identical-view cases) ===
NM: [36.44 43.02 49.41 51.53 50.72 49.15 53.60 56.04 52.25 46.44 35.54]
BG: [28.24 33.29 36.62 37.32 35.95 32.30 36.22 38.51 33.98 31.32 22.80]
CL: [10.41 10.90 13.65 14.84 14.33 14.28 15.04 15.52 13.89 12.88  8.92]

=== Testing checkpoint at iter 71700 ===
🔧 Initializing model...
📦 Loading model from iteration 71700...
🚀 Running inference...
📊 Evaluating results...
✅ Done. Time cost: 0:00:48.194549

=== Rank-1 (Include identical-view cases) ===
NM: 52.424,	BG: 37.403,	CL: 14.037

=== Rank-1 (Exclude identical-view cases) ===
NM: 47.826,	BG: 33.497,	CL: 12.744

=== Rank-1 of each angle (Exclude identical-view cases) ===
NM: [37.34 43.78 50.18 50.59 51.13 49.59 54.01 55.94 51.44 46.62 35.45]
BG: [29.01 33.87 36.85 37.05 36.49 33.29 36.04 39.50 32.89 30.69 22.80]
CL: [10.59 10.81 13.11 15.48 13.69 12.57 14.14 15.07 13.26 12.51  8.96]

=== Testing checkpoint at iter 71800 ===
🔧 Initializing model...
📦 Loading model from iteration 71800...
🚀 Running inference...
📊 Evaluating results...
✅ Done. Time cost: 0:00:48.179649

=== Rank-1 (Include identical-view cases) ===
NM: 52.011,	BG: 37.800,	CL: 14.358

=== Rank-1 (Exclude identical-view cases) ===
NM: 47.363,	BG: 33.901,	CL: 13.088

=== Rank-1 of each angle (Exclude identical-view cases) ===
NM: [36.62 42.66 49.37 50.54 50.68 48.74 54.46 55.27 51.08 46.80 34.77]
BG: [29.01 33.74 37.66 37.50 37.12 33.06 36.31 39.87 34.25 31.33 23.08]
CL: [10.50 10.36 13.51 16.38 14.46 14.24 14.87 15.56 13.71 11.82  8.56]

=== Testing checkpoint at iter 71900 ===
🔧 Initializing model...
📦 Loading model from iteration 71900...
🚀 Running inference...
📊 Evaluating results...
✅ Done. Time cost: 0:00:47.384630

=== Rank-1 (Include identical-view cases) ===
NM: 52.107,	BG: 37.329,	CL: 14.175

=== Rank-1 (Exclude identical-view cases) ===
NM: 47.477,	BG: 33.399,	CL: 12.937

=== Rank-1 of each angle (Exclude identical-view cases) ===
NM: [35.85 44.28 49.37 51.13 52.12 50.18 53.47 55.54 51.26 45.32 33.74]
BG: [27.61 34.82 36.35 38.14 37.03 32.75 35.86 40.27 32.71 30.59 21.27]
CL: [10.00 10.77 13.56 14.80 14.50 14.23 14.37 14.98 13.67 12.56  8.87]

=== Testing checkpoint at iter 72000 ===
🔧 Initializing model...
📦 Loading model from iteration 72000...
🚀 Running inference...
📊 Evaluating results...
✅ Done. Time cost: 0:00:49.738730

=== Rank-1 (Include identical-view cases) ===
NM: 51.623,	BG: 37.154,	CL: 13.873

=== Rank-1 (Exclude identical-view cases) ===
NM: 46.966,	BG: 33.175,	CL: 12.588

=== Rank-1 of each angle (Exclude identical-view cases) ===
NM: [34.60 42.75 47.52 49.01 51.31 49.82 53.60 54.91 52.34 46.17 34.59]
BG: [27.79 32.39 36.31 37.36 35.90 33.29 35.90 39.28 33.48 30.91 22.31]
CL: [ 9.78 10.18 12.57 13.62 14.51 13.56 14.55 15.79 13.44 12.10  8.38]

=== Testing checkpoint at iter 72100 ===
🔧 Initializing model...
📦 Loading model from iteration 72100...
🚀 Running inference...
📊 Evaluating results...
✅ Done. Time cost: 0:00:47.244194

=== Rank-1 (Include identical-view cases) ===
NM: 51.865,	BG: 37.614,	CL: 13.951

=== Rank-1 (Exclude identical-view cases) ===
NM: 47.207,	BG: 33.758,	CL: 12.719

=== Rank-1 of each angle (Exclude identical-view cases) ===
NM: [37.43 43.65 48.38 49.77 50.95 49.55 52.39 54.01 51.62 45.77 35.77]
BG: [29.51 33.47 36.53 37.91 36.58 33.51 35.90 39.01 33.71 32.42 22.80]
CL: [10.45 10.86 12.43 14.48 14.46 12.93 14.59 15.93 12.94 12.06  8.78]

=== Testing checkpoint at iter 72200 ===
🔧 Initializing model...
📦 Loading model from iteration 72200...
🚀 Running inference...
📊 Evaluating results...
✅ Done. Time cost: 0:00:47.558695

=== Rank-1 (Include identical-view cases) ===
NM: 52.662,	BG: 38.214,	CL: 14.407

=== Rank-1 (Exclude identical-view cases) ===
NM: 48.096,	BG: 34.381,	CL: 13.113

=== Rank-1 of each angle (Exclude identical-view cases) ===
NM: [37.52 45.00 49.37 52.43 51.76 49.64 53.47 56.13 51.80 45.72 36.22]
BG: [30.40 34.10 37.43 38.68 36.94 33.33 37.25 40.32 34.80 31.23 23.71]
CL: [10.86 11.26 13.60 15.43 13.83 13.43 15.22 15.84 13.57 12.42  8.79]

=== Testing checkpoint at iter 72300 ===
🔧 Initializing model...
📦 Loading model from iteration 72300...
🚀 Running inference...
📊 Evaluating results...
✅ Done. Time cost: 0:00:48.084033

=== Rank-1 (Include identical-view cases) ===
NM: 52.096,	BG: 37.729,	CL: 14.195

=== Rank-1 (Exclude identical-view cases) ===
NM: 47.474,	BG: 33.742,	CL: 12.855

=== Rank-1 of each angle (Exclude identical-view cases) ===
NM: [36.04 43.20 49.46 51.58 51.22 49.15 53.42 55.41 51.94 45.68 35.13]
BG: [28.11 33.47 36.94 39.18 37.88 33.11 36.08 38.82 33.17 31.10 23.30]
CL: [ 9.55 10.36 13.20 16.24 13.69 14.33 14.55 15.52 13.57 12.33  8.06]

=== Testing checkpoint at iter 72400 ===
🔧 Initializing model...
📦 Loading model from iteration 72400...
🚀 Running inference...
📊 Evaluating results...
✅ Done. Time cost: 0:00:47.403612

=== Rank-1 (Include identical-view cases) ===
NM: 52.796,	BG: 37.890,	CL: 14.332

=== Rank-1 (Exclude identical-view cases) ===
NM: 48.235,	BG: 33.984,	CL: 12.949

=== Rank-1 of each angle (Exclude identical-view cases) ===
NM: [38.33 43.96 50.68 51.80 51.89 49.41 53.65 55.81 52.07 46.89 36.08]
BG: [29.46 34.01 37.88 37.82 37.12 32.48 35.59 39.18 34.34 32.42 23.53]
CL: [10.59 11.40 13.78 14.75 14.01 13.24 15.13 14.93 14.07 12.47  8.06]

=== Testing checkpoint at iter 72500 ===
🔧 Initializing model...
📦 Loading model from iteration 72500...
🚀 Running inference...
📊 Evaluating results...
✅ Done. Time cost: 0:00:49.029228

=== Rank-1 (Include identical-view cases) ===
NM: 51.966,	BG: 37.665,	CL: 14.227

=== Rank-1 (Exclude identical-view cases) ===
NM: 47.313,	BG: 33.741,	CL: 12.908

=== Rank-1 of each angle (Exclude identical-view cases) ===
NM: [36.44 43.51 49.59 49.86 51.13 49.14 53.06 55.09 51.22 46.62 34.77]
BG: [28.65 34.28 38.02 37.41 36.22 33.33 35.59 39.14 33.21 31.60 23.71]
CL: [10.18 11.22 13.60 15.97 13.56 13.42 14.64 15.47 13.85 11.74  8.33]

=== Testing checkpoint at iter 72600 ===
🔧 Initializing model...
📦 Loading model from iteration 72600...
🚀 Running inference...
📊 Evaluating results...
✅ Done. Time cost: 0:00:47.448130

=== Rank-1 (Include identical-view cases) ===
NM: 52.561,	BG: 37.487,	CL: 14.082

=== Rank-1 (Exclude identical-view cases) ===
NM: 47.977,	BG: 33.644,	CL: 12.699

=== Rank-1 of each angle (Exclude identical-view cases) ===
NM: [36.76 44.60 50.41 51.76 52.07 49.41 53.38 56.17 51.26 46.31 35.63]
BG: [28.33 33.69 37.43 37.64 36.22 31.85 35.90 39.41 33.76 32.24 23.62]
CL: [10.68 11.04 12.79 15.16 13.51 12.93 14.55 14.93 13.17 12.15  8.78]

=== Testing checkpoint at iter 72700 ===
🔧 Initializing model...
📦 Loading model from iteration 72700...
🚀 Running inference...
📊 Evaluating results...
✅ Done. Time cost: 0:00:47.613728

=== Rank-1 (Include identical-view cases) ===
NM: 52.457,	BG: 37.583,	CL: 14.026

=== Rank-1 (Exclude identical-view cases) ===
NM: 47.854,	BG: 33.683,	CL: 12.715

=== Rank-1 of each angle (Exclude identical-view cases) ===
NM: [37.84 44.86 49.87 49.73 50.99 49.59 52.93 55.63 51.80 47.03 36.13]
BG: [28.06 34.01 37.21 37.68 37.12 33.11 36.49 38.69 32.80 31.51 23.84]
CL: [10.23 11.26 12.88 15.07 13.87 13.15 14.50 15.20 13.17 12.51  8.02]

=== Testing checkpoint at iter 72800 ===
🔧 Initializing model...
📦 Loading model from iteration 72800...
🚀 Running inference...
📊 Evaluating results...
✅ Done. Time cost: 0:00:47.334571

=== Rank-1 (Include identical-view cases) ===
NM: 52.349,	BG: 37.885,	CL: 13.988

=== Rank-1 (Exclude identical-view cases) ===
NM: 47.760,	BG: 33.991,	CL: 12.678

=== Rank-1 of each angle (Exclude identical-view cases) ===
NM: [37.25 43.87 49.91 51.26 51.76 50.00 53.56 55.31 51.67 46.53 34.23]
BG: [28.92 34.32 36.53 37.54 37.57 33.24 37.03 40.05 34.30 31.42 22.99]
CL: [ 9.64 10.86 13.51 15.43 13.51 12.66 14.64 15.34 13.26 12.01  8.60]

=== Testing checkpoint at iter 72900 ===
🔧 Initializing model...
📦 Loading model from iteration 72900...
🚀 Running inference...
📊 Evaluating results...
✅ Done. Time cost: 0:00:49.175316

=== Rank-1 (Include identical-view cases) ===
NM: 52.554,	BG: 37.799,	CL: 13.675

=== Rank-1 (Exclude identical-view cases) ===
NM: 47.977,	BG: 33.987,	CL: 12.432

=== Rank-1 of each angle (Exclude identical-view cases) ===
NM: [37.34 43.33 50.45 51.17 51.67 50.09 54.10 56.26 51.94 46.40 35.00]
BG: [29.32 33.83 36.08 36.77 36.98 33.74 36.94 40.32 34.84 31.73 23.30]
CL: [10.05 10.32 12.84 14.93 13.65 12.97 14.23 14.52 12.80 12.24  8.20]

=== Testing checkpoint at iter 73000 ===
🔧 Initializing model...
📦 Loading model from iteration 73000...
🚀 Running inference...
📊 Evaluating results...
✅ Done. Time cost: 0:00:52.230563

=== Rank-1 (Include identical-view cases) ===
NM: 52.815,	BG: 38.045,	CL: 13.906

=== Rank-1 (Exclude identical-view cases) ===
NM: 48.264,	BG: 34.084,	CL: 12.608

=== Rank-1 of each angle (Exclude identical-view cases) ===
NM: [37.21 43.97 50.54 51.31 52.12 49.82 54.77 56.89 52.34 46.49 35.45]
BG: [29.69 33.65 37.30 37.36 37.12 34.50 37.66 40.09 32.76 30.87 23.93]
CL: [10.27 11.13 13.02 15.56 12.97 12.88 14.41 14.89 13.53 11.28  8.74]

=== Testing checkpoint at iter 73100 ===
🔧 Initializing model...
📦 Loading model from iteration 73100...
🚀 Running inference...
📊 Evaluating results...
✅ Done. Time cost: 0:00:50.453074

=== Rank-1 (Include identical-view cases) ===
NM: 52.341,	BG: 36.933,	CL: 13.885

=== Rank-1 (Exclude identical-view cases) ===
NM: 47.752,	BG: 33.022,	CL: 12.605

=== Rank-1 of each angle (Exclude identical-view cases) ===
NM: [36.84 42.48 49.96 50.85 51.44 49.60 54.95 56.62 51.12 46.85 34.55]
BG: [28.74 32.61 36.22 37.36 36.13 32.66 36.22 38.64 32.08 30.73 21.85]
CL: [10.09 10.95 12.75 15.65 13.79 12.21 14.60 15.43 13.12 12.15  7.93]

=== Testing checkpoint at iter 73200 ===
🔧 Initializing model...
📦 Loading model from iteration 73200...
🚀 Running inference...
📊 Evaluating results...
✅ Done. Time cost: 0:00:50.820824

=== Rank-1 (Include identical-view cases) ===
NM: 52.032,	BG: 37.375,	CL: 13.926

=== Rank-1 (Exclude identical-view cases) ===
NM: 47.399,	BG: 33.479,	CL: 12.633

=== Rank-1 of each angle (Exclude identical-view cases) ===
NM: [37.12 42.97 48.69 50.14 50.86 48.74 53.69 55.99 50.86 47.30 35.04]
BG: [29.05 32.34 35.81 36.73 36.04 33.65 36.40 38.78 33.08 32.33 24.07]
CL: [10.14 11.08 12.66 15.16 13.02 12.97 14.41 15.02 13.57 12.28  8.65]

=== Testing checkpoint at iter 73300 ===
🔧 Initializing model...
📦 Loading model from iteration 73300...
🚀 Running inference...
📊 Evaluating results...
✅ Done. Time cost: 0:00:50.391669

=== Rank-1 (Include identical-view cases) ===
NM: 51.698,	BG: 37.165,	CL: 13.652

=== Rank-1 (Exclude identical-view cases) ===
NM: 47.039,	BG: 33.268,	CL: 12.391

=== Rank-1 of each angle (Exclude identical-view cases) ===
NM: [37.07 42.30 48.33 49.91 51.49 49.10 53.92 55.00 50.67 45.68 33.96]
BG: [28.88 32.93 36.30 36.68 36.80 32.93 35.36 39.41 33.49 30.73 22.44]
CL: [ 9.60 10.77 12.79 14.84 13.38 12.75 14.64 14.48 13.08 11.60  8.38]

=== Testing checkpoint at iter 73400 ===
🔧 Initializing model...
📦 Loading model from iteration 73400...
🚀 Running inference...
📊 Evaluating results...
✅ Done. Time cost: 0:00:52.522676

=== Rank-1 (Include identical-view cases) ===
NM: 52.159,	BG: 37.590,	CL: 13.895

=== Rank-1 (Exclude identical-view cases) ===
NM: 47.531,	BG: 33.711,	CL: 12.633

=== Rank-1 of each angle (Exclude identical-view cases) ===
NM: [35.81 43.78 48.92 50.72 51.44 48.97 54.01 56.26 51.89 46.49 34.55]
BG: [28.56 34.28 37.07 36.86 36.85 33.38 35.99 40.05 33.71 31.42 22.67]
CL: [10.09 10.63 12.66 15.20 13.47 12.84 15.09 15.47 12.94 12.10  8.47]

=== Testing checkpoint at iter 73500 ===
🔧 Initializing model...
📦 Loading model from iteration 73500...
🚀 Running inference...
📊 Evaluating results...
✅ Done. Time cost: 0:00:48.180241

=== Rank-1 (Include identical-view cases) ===
NM: 52.903,	BG: 38.160,	CL: 13.955

=== Rank-1 (Exclude identical-view cases) ===
NM: 48.362,	BG: 34.409,	CL: 12.740

=== Rank-1 of each angle (Exclude identical-view cases) ===
NM: [38.24 44.69 49.95 51.58 52.25 50.00 54.23 55.99 52.75 47.25 35.05]
BG: [29.96 35.67 37.52 37.18 37.34 34.41 36.58 40.45 34.12 31.32 23.94]
CL: [10.63 11.35 13.11 15.02 13.11 12.93 14.86 14.98 13.21 12.05  8.88]

=== Testing checkpoint at iter 73600 ===
🔧 Initializing model...
📦 Loading model from iteration 73600...
🚀 Running inference...
📊 Evaluating results...
✅ Done. Time cost: 0:00:47.465885

=== Rank-1 (Include identical-view cases) ===
NM: 52.490,	BG: 37.266,	CL: 14.138

=== Rank-1 (Exclude identical-view cases) ===
NM: 47.911,	BG: 33.433,	CL: 12.814

=== Rank-1 of each angle (Exclude identical-view cases) ===
NM: [37.30 44.46 50.36 50.68 50.81 49.37 53.38 55.94 52.03 46.21 36.49]
BG: [28.65 33.83 35.40 36.23 36.35 32.93 36.13 39.09 32.76 31.83 24.57]
CL: [10.36 11.22 12.43 14.75 14.15 12.97 14.68 15.84 13.98 12.10  8.47]

=== Testing checkpoint at iter 73700 ===
🔧 Initializing model...
📦 Loading model from iteration 73700...
🚀 Running inference...
📊 Evaluating results...
✅ Done. Time cost: 0:00:47.477507

=== Rank-1 (Include identical-view cases) ===
NM: 52.089,	BG: 37.168,	CL: 14.153

=== Rank-1 (Exclude identical-view cases) ===
NM: 47.473,	BG: 33.321,	CL: 12.859

=== Rank-1 of each angle (Exclude identical-view cases) ===
NM: [37.16 42.21 49.64 51.44 50.45 50.50 54.23 54.73 50.86 46.49 34.50]
BG: [27.84 32.75 36.40 37.50 37.16 34.37 36.71 38.82 31.90 30.41 22.67]
CL: [10.27 10.99 12.93 15.47 14.10 12.93 14.87 15.25 13.71 12.10  8.83]

=== Testing checkpoint at iter 73800 ===
🔧 Initializing model...
📦 Loading model from iteration 73800...
🚀 Running inference...
📊 Evaluating results...
✅ Done. Time cost: 0:00:47.108551

=== Rank-1 (Include identical-view cases) ===
NM: 52.993,	BG: 38.068,	CL: 14.254

=== Rank-1 (Exclude identical-view cases) ===
NM: 48.473,	BG: 34.176,	CL: 12.883

=== Rank-1 of each angle (Exclude identical-view cases) ===
NM: [36.35 44.55 50.99 52.43 53.15 50.86 54.86 56.39 52.43 46.04 35.14]
BG: [29.32 34.32 37.75 38.50 37.21 34.19 36.85 40.09 33.85 31.42 22.44]
CL: [10.18 10.32 13.96 15.88 13.24 13.20 15.41 15.29 13.71 12.42  8.11]

=== Testing checkpoint at iter 73900 ===
🔧 Initializing model...
📦 Loading model from iteration 73900...
🚀 Running inference...
📊 Evaluating results...
✅ Done. Time cost: 0:00:47.551192

=== Rank-1 (Include identical-view cases) ===
NM: 51.188,	BG: 36.777,	CL: 14.227

=== Rank-1 (Exclude identical-view cases) ===
NM: 46.454,	BG: 32.792,	CL: 12.850

=== Rank-1 of each angle (Exclude identical-view cases) ===
NM: [33.06 42.52 48.47 49.96 50.68 49.23 54.37 54.33 50.22 44.95 33.20]
BG: [26.22 33.29 34.91 36.50 35.95 33.06 36.71 38.64 32.81 30.73 21.90]
CL: [ 9.60 11.31 13.83 15.84 14.10 12.52 14.64 15.20 14.12 11.96  8.24]

=== Testing checkpoint at iter 74000 ===
🔧 Initializing model...
📦 Loading model from iteration 74000...
🚀 Running inference...
📊 Evaluating results...
✅ Done. Time cost: 0:00:47.385203

=== Rank-1 (Include identical-view cases) ===
NM: 50.883,	BG: 36.784,	CL: 14.095

=== Rank-1 (Exclude identical-view cases) ===
NM: 46.122,	BG: 32.812,	CL: 12.784

=== Rank-1 of each angle (Exclude identical-view cases) ===
NM: [33.33 41.26 47.39 50.22 49.77 49.95 52.97 54.55 49.96 44.73 33.20]
BG: [26.76 32.30 35.32 36.50 36.67 33.33 36.08 39.77 32.40 30.27 21.54]
CL: [10.09 10.90 13.11 15.34 13.96 14.15 14.41 15.70 13.67 11.28  8.02]

=== Testing checkpoint at iter 74100 ===
🔧 Initializing model...
📦 Loading model from iteration 74100...
🚀 Running inference...
📊 Evaluating results...
✅ Done. Time cost: 0:00:47.534387

=== Rank-1 (Include identical-view cases) ===
NM: 52.599,	BG: 38.017,	CL: 13.891

=== Rank-1 (Exclude identical-view cases) ===
NM: 48.026,	BG: 34.103,	CL: 12.559

=== Rank-1 of each angle (Exclude identical-view cases) ===
NM: [36.12 43.24 48.78 52.84 51.58 50.14 55.31 56.17 51.98 46.67 35.45]
BG: [28.61 33.24 36.67 39.09 37.03 35.09 37.16 39.64 33.80 31.60 23.21]
CL: [10.18 10.99 12.75 15.20 13.65 12.66 14.64 15.07 13.48 11.78  7.75]

=== Testing checkpoint at iter 74200 ===
🔧 Initializing model...
📦 Loading model from iteration 74200...
🚀 Running inference...
📊 Evaluating results...
✅ Done. Time cost: 0:00:47.333373

=== Rank-1 (Include identical-view cases) ===
NM: 51.731,	BG: 37.274,	CL: 13.671

=== Rank-1 (Exclude identical-view cases) ===
NM: 47.064,	BG: 33.294,	CL: 12.333

=== Rank-1 of each angle (Exclude identical-view cases) ===
NM: [36.58 43.38 49.50 50.18 50.54 48.02 52.75 55.14 50.72 45.86 35.05]
BG: [27.66 34.28 35.27 37.32 35.54 32.03 36.53 39.55 33.17 31.41 23.48]
CL: [10.14 11.22 12.66 14.93 12.97 12.48 14.05 14.80 12.58 11.51  8.33]

=== Testing checkpoint at iter 74300 ===
🔧 Initializing model...
📦 Loading model from iteration 74300...
🚀 Running inference...
📊 Evaluating results...
✅ Done. Time cost: 0:00:47.672635

=== Rank-1 (Include identical-view cases) ===
NM: 52.279,	BG: 37.484,	CL: 13.962

=== Rank-1 (Exclude identical-view cases) ===
NM: 47.654,	BG: 33.537,	CL: 12.596

=== Rank-1 of each angle (Exclude identical-view cases) ===
NM: [37.79 43.38 48.88 51.58 51.26 49.68 54.10 55.36 51.62 45.09 35.45]
BG: [28.38 33.83 36.67 37.77 36.39 32.25 35.63 38.51 33.44 31.92 24.12]
CL: [ 9.60 10.59 13.02 15.34 13.65 12.79 14.64 14.84 13.66 11.64  8.79]

=== Testing checkpoint at iter 74400 ===
🔧 Initializing model...
📦 Loading model from iteration 74400...
🚀 Running inference...
📊 Evaluating results...
✅ Done. Time cost: 0:00:47.432223

=== Rank-1 (Include identical-view cases) ===
NM: 52.412,	BG: 37.571,	CL: 14.170

=== Rank-1 (Exclude identical-view cases) ===
NM: 47.809,	BG: 33.699,	CL: 12.886

=== Rank-1 of each angle (Exclude identical-view cases) ===
NM: [37.79 43.29 50.00 51.76 50.99 49.82 53.96 55.40 51.80 45.27 35.81]
BG: [28.61 34.19 37.12 37.27 36.80 33.92 37.07 38.82 32.89 31.32 22.67]
CL: [10.45 10.72 13.42 15.29 13.74 13.74 14.73 15.52 13.44 11.83  8.87]

=== Testing checkpoint at iter 74500 ===
🔧 Initializing model...
📦 Loading model from iteration 74500...
🚀 Running inference...
📊 Evaluating results...
✅ Done. Time cost: 0:00:47.192190

=== Rank-1 (Include identical-view cases) ===
NM: 51.657,	BG: 37.181,	CL: 13.967

=== Rank-1 (Exclude identical-view cases) ===
NM: 46.986,	BG: 33.310,	CL: 12.638

=== Rank-1 of each angle (Exclude identical-view cases) ===
NM: [35.59 42.61 49.19 48.69 50.72 49.86 54.01 54.64 50.90 45.90 34.73]
BG: [27.57 33.87 35.50 36.86 37.03 32.30 36.12 38.87 33.85 31.55 22.90]
CL: [ 9.37 10.77 13.20 14.89 13.96 13.29 14.59 15.07 13.30 12.38  8.20]

=== Testing checkpoint at iter 74600 ===
🔧 Initializing model...
📦 Loading model from iteration 74600...
🚀 Running inference...
📊 Evaluating results...
✅ Done. Time cost: 0:00:46.907870

=== Rank-1 (Include identical-view cases) ===
NM: 52.569,	BG: 37.427,	CL: 14.373

=== Rank-1 (Exclude identical-view cases) ===
NM: 47.985,	BG: 33.585,	CL: 13.040

=== Rank-1 of each angle (Exclude identical-view cases) ===
NM: [36.71 45.05 50.23 51.58 50.90 49.46 54.32 55.90 51.53 47.39 34.78]
BG: [28.74 34.23 37.21 37.50 36.85 32.25 35.68 39.41 33.44 31.73 22.40]
CL: [10.41 11.49 13.20 15.52 14.10 13.96 14.46 15.43 13.66 12.56  8.65]

=== Testing checkpoint at iter 74700 ===
🔧 Initializing model...
📦 Loading model from iteration 74700...
🚀 Running inference...
📊 Evaluating results...
✅ Done. Time cost: 0:00:47.609430

=== Rank-1 (Include identical-view cases) ===
NM: 52.122,	BG: 37.595,	CL: 14.224

=== Rank-1 (Exclude identical-view cases) ===
NM: 47.506,	BG: 33.659,	CL: 12.872

=== Rank-1 of each angle (Exclude identical-view cases) ===
NM: [36.35 44.50 49.82 51.53 50.36 48.51 53.51 55.00 52.07 46.31 34.59]
BG: [27.66 34.96 36.76 38.09 36.53 32.97 36.67 38.69 32.94 31.42 23.57]
CL: [ 9.96 11.53 12.93 15.25 14.15 13.06 14.60 15.25 13.94 12.42  8.51]

=== Testing checkpoint at iter 74800 ===
🔧 Initializing model...
📦 Loading model from iteration 74800...
🚀 Running inference...
📊 Evaluating results...
✅ Done. Time cost: 0:00:47.648177

=== Rank-1 (Include identical-view cases) ===
NM: 51.598,	BG: 37.136,	CL: 13.720

=== Rank-1 (Exclude identical-view cases) ===
NM: 46.909,	BG: 33.208,	CL: 12.419

=== Rank-1 of each angle (Exclude identical-view cases) ===
NM: [35.18 43.02 48.47 49.15 50.41 48.83 53.51 55.00 51.58 45.99 34.87]
BG: [28.47 33.33 36.04 36.14 35.72 32.70 35.50 37.69 34.07 31.78 23.85]
CL: [ 9.37 10.99 13.11 14.12 12.97 13.33 14.41 14.93 13.66 11.69  8.02]

=== Testing checkpoint at iter 74900 ===
🔧 Initializing model...
📦 Loading model from iteration 74900...
🚀 Running inference...
📊 Evaluating results...
✅ Done. Time cost: 0:00:48.519955

=== Rank-1 (Include identical-view cases) ===
NM: 52.264,	BG: 37.388,	CL: 14.298

=== Rank-1 (Exclude identical-view cases) ===
NM: 47.654,	BG: 33.539,	CL: 12.998

=== Rank-1 of each angle (Exclude identical-view cases) ===
NM: [36.53 43.65 50.23 50.63 50.81 49.55 53.51 55.63 51.98 46.76 34.91]
BG: [28.02 34.19 36.17 36.68 36.80 33.51 36.22 40.13 33.71 30.23 23.26]
CL: [ 9.78 11.13 13.38 14.39 13.56 14.37 15.63 16.24 13.62 12.33  8.56]

=== Testing checkpoint at iter 75000 ===
🔧 Initializing model...
📦 Loading model from iteration 75000...
🚀 Running inference...
📊 Evaluating results...
✅ Done. Time cost: 0:00:48.304334

=== Rank-1 (Include identical-view cases) ===
NM: 52.874,	BG: 38.325,	CL: 14.097

=== Rank-1 (Exclude identical-view cases) ===
NM: 48.309,	BG: 34.533,	CL: 12.797

=== Rank-1 of each angle (Exclude identical-view cases) ===
NM: [37.34 44.37 50.45 52.30 51.13 50.18 54.68 56.26 52.97 46.17 35.54]
BG: [28.96 34.91 38.29 38.09 36.98 34.73 37.16 39.59 35.20 31.64 24.30]
CL: [10.05 10.95 13.24 15.29 13.38 12.88 15.68 15.20 14.03 11.74  8.33]

=== Testing checkpoint at iter 75100 ===
🔧 Initializing model...
📦 Loading model from iteration 75100...
🚀 Running inference...
📊 Evaluating results...
✅ Done. Time cost: 0:00:47.813280

=== Rank-1 (Include identical-view cases) ===
NM: 52.915,	BG: 37.859,	CL: 13.922

=== Rank-1 (Exclude identical-view cases) ===
NM: 48.354,	BG: 34.008,	CL: 12.592

=== Rank-1 of each angle (Exclude identical-view cases) ===
NM: [36.85 44.28 50.72 51.17 51.98 50.18 54.91 56.13 52.79 46.89 35.99]
BG: [28.29 34.91 37.07 37.13 37.70 33.74 36.44 39.91 34.25 31.64 22.99]
CL: [ 9.60 11.22 13.15 15.11 13.29 12.66 14.91 15.38 12.67 12.51  8.02]

=== Testing checkpoint at iter 75200 ===
🔧 Initializing model...
📦 Loading model from iteration 75200...
🚀 Running inference...
📊 Evaluating results...
✅ Done. Time cost: 0:00:51.476926

=== Rank-1 (Include identical-view cases) ===
NM: 52.811,	BG: 37.500,	CL: 14.466

=== Rank-1 (Exclude identical-view cases) ===
NM: 48.268,	BG: 33.675,	CL: 13.137

=== Rank-1 of each angle (Exclude identical-view cases) ===
NM: [37.57 44.64 51.13 51.98 51.62 48.74 53.65 56.35 52.21 46.89 36.17]
BG: [28.92 33.38 36.62 36.95 37.66 33.24 36.53 39.37 32.94 31.73 23.08]
CL: [11.17 11.53 13.69 15.11 13.92 13.38 15.54 16.06 14.25 12.15  7.70]

=== Testing checkpoint at iter 75300 ===
🔧 Initializing model...
📦 Loading model from iteration 75300...
🚀 Running inference...
📊 Evaluating results...
✅ Done. Time cost: 0:00:50.066141

=== Rank-1 (Include identical-view cases) ===
NM: 52.744,	BG: 37.781,	CL: 14.190

=== Rank-1 (Exclude identical-view cases) ===
NM: 48.182,	BG: 33.938,	CL: 12.867

=== Rank-1 of each angle (Exclude identical-view cases) ===
NM: [36.17 44.95 50.72 53.96 51.62 49.64 55.22 55.95 51.08 45.81 34.86]
BG: [28.06 34.46 37.25 38.82 37.03 33.56 36.49 40.09 33.94 31.14 22.49]
CL: [ 9.60 10.50 13.74 15.97 13.69 13.02 15.00 16.29 13.62 11.92  8.20]

=== Testing checkpoint at iter 75400 ===
🔧 Initializing model...
📦 Loading model from iteration 75400...
🚀 Running inference...
📊 Evaluating results...
✅ Done. Time cost: 0:00:50.211893

=== Rank-1 (Include identical-view cases) ===
NM: 52.721,	BG: 37.776,	CL: 14.115

=== Rank-1 (Exclude identical-view cases) ===
NM: 48.149,	BG: 33.941,	CL: 12.817

=== Rank-1 of each angle (Exclude identical-view cases) ===
NM: [37.88 44.32 50.77 51.80 51.53 48.88 53.78 57.34 51.85 46.31 35.18]
BG: [29.69 33.47 36.53 37.95 37.16 34.14 36.71 39.86 33.71 30.68 23.44]
CL: [11.35 10.90 12.70 15.11 13.51 12.84 14.78 15.25 13.66 12.10  8.79]

=== Testing checkpoint at iter 75500 ===
🔧 Initializing model...
📦 Loading model from iteration 75500...
🚀 Running inference...
📊 Evaluating results...
✅ Done. Time cost: 0:00:51.011275

=== Rank-1 (Include identical-view cases) ===
NM: 52.561,	BG: 37.692,	CL: 13.962

=== Rank-1 (Exclude identical-view cases) ===
NM: 47.969,	BG: 33.836,	CL: 12.661

=== Rank-1 of each angle (Exclude identical-view cases) ===
NM: [36.71 43.96 51.58 50.99 51.53 48.83 53.74 55.81 51.71 47.03 35.77]
BG: [28.96 34.64 36.31 37.63 37.12 32.88 35.41 39.73 34.48 32.05 22.99]
CL: [10.18 11.04 13.15 15.29 13.83 12.79 14.06 15.16 13.62 11.37  8.78]

=== Testing checkpoint at iter 75600 ===
🔧 Initializing model...
📦 Loading model from iteration 75600...
🚀 Running inference...
📊 Evaluating results...
✅ Done. Time cost: 0:00:47.486954

=== Rank-1 (Include identical-view cases) ===
NM: 52.465,	BG: 37.961,	CL: 14.377

=== Rank-1 (Exclude identical-view cases) ===
NM: 47.875,	BG: 34.029,	CL: 13.035

=== Rank-1 of each angle (Exclude identical-view cases) ===
NM: [35.67 43.42 50.45 53.02 50.63 49.69 54.37 55.76 51.76 45.90 35.95]
BG: [27.97 34.14 37.61 39.18 36.85 33.60 37.25 39.23 34.66 31.09 22.71]
CL: [10.00 11.04 13.24 15.16 13.88 14.23 15.09 15.70 14.07 12.65  8.33]

=== Testing checkpoint at iter 75700 ===
🔧 Initializing model...
📦 Loading model from iteration 75700...
🚀 Running inference...
📊 Evaluating results...
✅ Done. Time cost: 0:00:47.381373

=== Rank-1 (Include identical-view cases) ===
NM: 52.963,	BG: 38.121,	CL: 13.877

=== Rank-1 (Exclude identical-view cases) ===
NM: 48.419,	BG: 34.251,	CL: 12.526

=== Rank-1 of each angle (Exclude identical-view cases) ===
NM: [37.61 44.91 51.94 52.34 51.58 49.69 54.23 56.12 52.39 46.13 35.68]
BG: [28.20 35.09 37.93 39.32 37.12 33.78 36.98 39.95 33.80 31.46 23.12]
CL: [ 9.91 10.59 13.47 15.29 13.15 12.70 14.46 15.25 13.08 11.97  7.93]

=== Testing checkpoint at iter 75800 ===
🔧 Initializing model...
📦 Loading model from iteration 75800...
🚀 Running inference...
📊 Evaluating results...
✅ Done. Time cost: 0:00:47.354759

=== Rank-1 (Include identical-view cases) ===
NM: 52.584,	BG: 37.938,	CL: 14.272

=== Rank-1 (Exclude identical-view cases) ===
NM: 48.014,	BG: 34.053,	CL: 12.896

=== Rank-1 of each angle (Exclude identical-view cases) ===
NM: [36.35 43.56 50.31 51.17 52.12 49.51 54.37 56.62 52.21 46.26 35.68]
BG: [28.96 34.42 37.43 37.91 37.48 33.87 36.49 39.82 34.21 31.32 22.67]
CL: [ 9.73 10.41 13.29 15.93 13.38 14.37 15.09 15.25 14.12 12.19  8.11]

=== Testing checkpoint at iter 75900 ===
🔧 Initializing model...
📦 Loading model from iteration 75900...
🚀 Running inference...
📊 Evaluating results...
✅ Done. Time cost: 0:00:48.214044

=== Rank-1 (Include identical-view cases) ===
NM: 51.702,	BG: 36.955,	CL: 13.742

=== Rank-1 (Exclude identical-view cases) ===
NM: 47.011,	BG: 33.009,	CL: 12.333

=== Rank-1 of each angle (Exclude identical-view cases) ===
NM: [35.27 42.66 48.65 49.51 50.90 49.68 52.75 55.99 51.85 45.36 34.51]
BG: [27.84 32.88 35.63 35.64 36.71 33.29 35.54 38.14 33.35 30.96 23.12]
CL: [ 9.51 10.95 11.94 13.53 13.24 12.97 14.78 15.61 13.39 11.55  8.20]

=== Testing checkpoint at iter 76000 ===
🔧 Initializing model...
📦 Loading model from iteration 76000...
🚀 Running inference...
📊 Evaluating results...
✅ Done. Time cost: 0:00:47.357820

=== Rank-1 (Include identical-view cases) ===
NM: 52.517,	BG: 38.192,	CL: 13.913

=== Rank-1 (Exclude identical-view cases) ===
NM: 47.920,	BG: 34.321,	CL: 12.567

=== Rank-1 of each angle (Exclude identical-view cases) ===
NM: [35.99 43.74 50.72 51.40 50.50 49.91 53.74 56.49 52.25 47.12 35.27]
BG: [28.38 35.09 37.43 38.68 37.43 34.19 36.35 40.00 34.39 32.33 23.26]
CL: [ 9.42 10.77 12.84 14.70 13.78 13.33 14.69 15.43 13.62 11.69  7.97]

=== Testing checkpoint at iter 76100 ===
🔧 Initializing model...
📦 Loading model from iteration 76100...
🚀 Running inference...
📊 Evaluating results...
✅ Done. Time cost: 0:00:47.294155

=== Rank-1 (Include identical-view cases) ===
NM: 52.238,	BG: 37.721,	CL: 13.981

=== Rank-1 (Exclude identical-view cases) ===
NM: 47.621,	BG: 33.806,	CL: 12.695

=== Rank-1 of each angle (Exclude identical-view cases) ===
NM: [36.76 43.38 49.60 51.44 50.63 49.77 53.65 54.46 51.44 46.22 36.49]
BG: [28.92 33.60 37.03 38.36 36.89 33.74 36.44 39.05 33.85 30.87 23.12]
CL: [ 9.42 10.95 13.42 15.61 13.83 12.84 14.69 15.47 13.48 11.87  8.06]

=== Testing checkpoint at iter 76200 ===
🔧 Initializing model...
📦 Loading model from iteration 76200...
🚀 Running inference...
📊 Evaluating results...
✅ Done. Time cost: 0:00:46.842946

=== Rank-1 (Include identical-view cases) ===
NM: 52.465,	BG: 38.344,	CL: 13.547

=== Rank-1 (Exclude identical-view cases) ===
NM: 47.851,	BG: 34.435,	CL: 12.254

=== Rank-1 of each angle (Exclude identical-view cases) ===
NM: [36.22 43.11 50.72 51.89 50.50 50.49 54.32 56.76 51.08 46.13 35.14]
BG: [28.83 34.91 37.88 38.05 38.24 34.77 37.39 39.00 33.17 32.51 24.03]
CL: [ 9.55 10.36 12.97 15.20 13.33 12.88 14.91 14.48 12.76 10.82  7.52]

=== Testing checkpoint at iter 76300 ===
🔧 Initializing model...
📦 Loading model from iteration 76300...
🚀 Running inference...
📊 Evaluating results...
✅ Done. Time cost: 0:00:47.015409

=== Rank-1 (Include identical-view cases) ===
NM: 52.487,	BG: 37.844,	CL: 13.974

=== Rank-1 (Exclude identical-view cases) ===
NM: 47.879,	BG: 33.946,	CL: 12.703

=== Rank-1 of each angle (Exclude identical-view cases) ===
NM: [36.03 43.87 50.27 51.89 51.71 50.14 54.23 55.86 51.13 46.85 34.68]
BG: [28.88 34.77 36.49 37.45 37.79 34.33 35.99 38.78 34.03 32.05 22.85]
CL: [10.18 11.58 12.84 15.75 13.60 12.48 14.55 15.61 12.89 11.87  8.38]

=== Testing checkpoint at iter 76400 ===
🔧 Initializing model...
📦 Loading model from iteration 76400...
🚀 Running inference...
📊 Evaluating results...
✅ Done. Time cost: 0:00:48.075145

=== Rank-1 (Include identical-view cases) ===
NM: 52.130,	BG: 37.453,	CL: 13.974

=== Rank-1 (Exclude identical-view cases) ===
NM: 47.498,	BG: 33.623,	CL: 12.724

=== Rank-1 of each angle (Exclude identical-view cases) ===
NM: [35.77 43.15 49.73 51.94 51.17 49.73 53.42 55.50 50.54 46.08 35.45]
BG: [28.11 33.51 36.53 37.68 37.03 33.65 36.89 38.60 32.85 32.19 22.80]
CL: [ 9.60 10.81 13.02 15.25 13.92 13.02 14.42 15.97 12.98 12.28  8.70]

=== Testing checkpoint at iter 76500 ===
🔧 Initializing model...
📦 Loading model from iteration 76500...
🚀 Running inference...
📊 Evaluating results...
✅ Done. Time cost: 0:00:47.233155

=== Rank-1 (Include identical-view cases) ===
NM: 52.513,	BG: 37.881,	CL: 14.004

=== Rank-1 (Exclude identical-view cases) ===
NM: 47.924,	BG: 33.957,	CL: 12.682

=== Rank-1 of each angle (Exclude identical-view cases) ===
NM: [36.17 43.83 50.50 52.43 51.49 50.36 54.46 56.40 51.40 45.32 34.82]
BG: [28.20 34.77 37.21 38.00 37.07 34.37 37.39 39.41 33.44 30.55 23.12]
CL: [ 9.14 10.86 13.74 15.47 13.56 13.11 14.60 15.88 13.30 11.83  8.02]

=== Testing checkpoint at iter 76600 ===
🔧 Initializing model...
📦 Loading model from iteration 76600...
🚀 Running inference...
📊 Evaluating results...
✅ Done. Time cost: 0:00:48.734641

=== Rank-1 (Include identical-view cases) ===
NM: 52.763,	BG: 37.897,	CL: 14.048

=== Rank-1 (Exclude identical-view cases) ===
NM: 48.198,	BG: 33.971,	CL: 12.743

=== Rank-1 of each angle (Exclude identical-view cases) ===
NM: [36.44 44.28 51.17 52.52 52.48 49.59 53.51 56.04 52.21 46.58 35.36]
BG: [28.56 35.36 37.39 38.68 37.43 33.42 36.31 38.60 33.62 31.74 22.58]
CL: [ 9.82 11.26 13.65 15.93 13.78 12.25 14.19 15.79 13.30 11.83  8.38]

=== Testing checkpoint at iter 76700 ===
🔧 Initializing model...
📦 Loading model from iteration 76700...
🚀 Running inference...
📊 Evaluating results...
✅ Done. Time cost: 0:00:48.578672

=== Rank-1 (Include identical-view cases) ===
NM: 52.595,	BG: 37.904,	CL: 14.208

=== Rank-1 (Exclude identical-view cases) ===
NM: 48.010,	BG: 33.970,	CL: 12.883

=== Rank-1 of each angle (Exclude identical-view cases) ===
NM: [36.62 43.42 50.45 52.30 51.22 50.67 54.55 56.35 51.80 46.58 34.15]
BG: [28.42 34.95 37.61 37.86 36.89 34.41 35.72 39.10 34.71 31.00 22.99]
CL: [10.23 10.86 13.47 15.79 13.69 14.06 15.49 15.07 12.62 12.01  8.42]

=== Testing checkpoint at iter 76800 ===
🔧 Initializing model...
📦 Loading model from iteration 76800...
🚀 Running inference...
📊 Evaluating results...
✅ Done. Time cost: 0:00:47.429088

=== Rank-1 (Include identical-view cases) ===
NM: 52.915,	BG: 37.888,	CL: 14.522

=== Rank-1 (Exclude identical-view cases) ===
NM: 48.346,	BG: 34.011,	CL: 13.191

=== Rank-1 of each angle (Exclude identical-view cases) ===
NM: [37.07 44.42 50.68 51.31 52.21 50.50 54.41 56.44 51.80 46.85 36.13]
BG: [29.19 34.87 36.94 37.36 36.58 33.87 36.80 39.64 34.39 31.14 23.35]
CL: [10.54 12.07 13.74 15.88 13.38 13.11 15.14 16.29 13.98 12.38  8.61]

=== Testing checkpoint at iter 76900 ===
🔧 Initializing model...
📦 Loading model from iteration 76900...
🚀 Running inference...
📊 Evaluating results...
✅ Done. Time cost: 0:00:47.555254

=== Rank-1 (Include identical-view cases) ===
NM: 51.914,	BG: 37.465,	CL: 13.917

=== Rank-1 (Exclude identical-view cases) ===
NM: 47.253,	BG: 33.505,	CL: 12.637

=== Rank-1 of each angle (Exclude identical-view cases) ===
NM: [34.59 42.93 49.19 51.08 51.89 49.50 53.47 54.73 50.90 46.85 34.64]
BG: [27.03 33.47 35.54 37.41 36.04 33.42 36.35 40.00 34.57 32.28 22.44]
CL: [ 9.87 11.26 12.48 14.39 14.01 13.74 14.78 15.29 12.94 12.06  8.20]

=== Testing checkpoint at iter 77000 ===
🔧 Initializing model...
📦 Loading model from iteration 77000...
🚀 Running inference...
📊 Evaluating results...
✅ Done. Time cost: 0:00:48.153304

=== Rank-1 (Include identical-view cases) ===
NM: 52.181,	BG: 37.601,	CL: 13.790

=== Rank-1 (Exclude identical-view cases) ===
NM: 47.563,	BG: 33.609,	CL: 12.468

=== Rank-1 of each angle (Exclude identical-view cases) ===
NM: [35.81 43.65 49.82 50.72 51.35 49.82 54.19 55.72 51.21 46.04 34.87]
BG: [28.06 34.23 36.67 37.91 36.49 33.65 36.67 39.14 33.66 30.55 22.67]
CL: [ 9.91 10.14 12.79 14.03 13.69 13.56 14.78 15.02 13.39 11.83  8.02]

=== Testing checkpoint at iter 77100 ===
🔧 Initializing model...
📦 Loading model from iteration 77100...
🚀 Running inference...
📊 Evaluating results...
✅ Done. Time cost: 0:00:48.347120

=== Rank-1 (Include identical-view cases) ===
NM: 52.681,	BG: 38.143,	CL: 13.991

=== Rank-1 (Exclude identical-view cases) ===
NM: 48.092,	BG: 34.184,	CL: 12.640

=== Rank-1 of each angle (Exclude identical-view cases) ===
NM: [35.63 44.10 50.18 52.03 52.12 50.45 54.77 55.99 52.16 46.58 35.00]
BG: [27.61 34.41 38.15 38.18 36.98 34.59 37.39 39.37 34.34 31.92 23.07]
CL: [ 9.91 10.86 12.75 14.71 13.70 14.23 14.95 15.43 12.71 11.42  8.38]

=== Testing checkpoint at iter 77200 ===
🔧 Initializing model...
📦 Loading model from iteration 77200...
🚀 Running inference...
📊 Evaluating results...
✅ Done. Time cost: 0:00:47.077869

=== Rank-1 (Include identical-view cases) ===
NM: 52.844,	BG: 37.829,	CL: 14.298

=== Rank-1 (Exclude identical-view cases) ===
NM: 48.276,	BG: 33.970,	CL: 12.908

=== Rank-1 of each angle (Exclude identical-view cases) ===
NM: [36.04 44.33 50.81 52.34 51.76 50.81 54.59 56.76 52.03 46.17 35.41]
BG: [28.34 34.55 37.30 37.77 37.34 34.55 36.22 39.77 34.39 30.69 22.76]
CL: [10.27 10.90 13.60 15.29 13.15 13.38 15.14 15.79 14.34 12.10  8.02]

=== Testing checkpoint at iter 77300 ===
🔧 Initializing model...
📦 Loading model from iteration 77300...
🚀 Running inference...
📊 Evaluating results...
✅ Done. Time cost: 0:00:47.305477

=== Rank-1 (Include identical-view cases) ===
NM: 52.885,	BG: 38.117,	CL: 14.235

=== Rank-1 (Exclude identical-view cases) ===
NM: 48.325,	BG: 34.247,	CL: 12.941

=== Rank-1 of each angle (Exclude identical-view cases) ===
NM: [37.21 44.19 51.13 51.80 52.34 49.73 53.83 56.35 52.07 47.03 35.90]
BG: [29.10 34.64 37.12 38.68 36.89 33.42 36.76 39.46 34.80 31.42 24.43]
CL: [10.27 11.08 13.74 15.07 13.29 12.88 14.59 15.97 13.75 12.60  9.10]

=== Testing checkpoint at iter 77400 ===
🔧 Initializing model...
📦 Loading model from iteration 77400...
🚀 Running inference...
📊 Evaluating results...
✅ Done. Time cost: 0:00:47.129680

=== Rank-1 (Include identical-view cases) ===
NM: 53.291,	BG: 38.371,	CL: 14.459

=== Rank-1 (Exclude identical-view cases) ===
NM: 48.780,	BG: 34.579,	CL: 13.126

=== Rank-1 of each angle (Exclude identical-view cases) ===
NM: [38.42 44.78 50.90 52.12 51.49 50.72 54.32 56.49 52.79 47.79 36.76]
BG: [30.90 34.37 36.62 38.32 37.07 34.73 36.94 40.18 35.48 31.96 23.80]
CL: [10.63 11.13 13.87 15.38 13.79 12.88 15.50 16.29 13.48 12.83  8.61]

=== Testing checkpoint at iter 77500 ===
🔧 Initializing model...
📦 Loading model from iteration 77500...
🚀 Running inference...
📊 Evaluating results...
✅ Done. Time cost: 0:00:47.101227

=== Rank-1 (Include identical-view cases) ===
NM: 52.759,	BG: 37.978,	CL: 14.100

=== Rank-1 (Exclude identical-view cases) ===
NM: 48.194,	BG: 34.159,	CL: 12.863

=== Rank-1 of each angle (Exclude identical-view cases) ===
NM: [37.39 43.78 49.82 51.04 51.71 50.41 53.83 55.95 52.16 47.75 36.31]
BG: [28.96 34.82 36.35 37.55 37.57 35.14 36.53 39.46 33.98 31.51 23.89]
CL: [10.77 11.04 13.24 14.93 14.42 13.15 14.32 15.21 13.35 12.19  8.88]

=== Testing checkpoint at iter 77600 ===
🔧 Initializing model...
📦 Loading model from iteration 77600...
🚀 Running inference...
📊 Evaluating results...
✅ Done. Time cost: 0:00:48.209148

=== Rank-1 (Include identical-view cases) ===
NM: 51.668,	BG: 37.138,	CL: 14.153

=== Rank-1 (Exclude identical-view cases) ===
NM: 46.974,	BG: 33.210,	CL: 12.847

=== Rank-1 of each angle (Exclude identical-view cases) ===
NM: [35.09 41.58 48.88 51.13 50.18 50.05 53.65 55.54 51.13 45.50 34.01]
BG: [27.07 32.97 36.26 37.50 37.07 34.28 36.35 38.55 34.03 30.00 21.22]
CL: [10.05 10.50 13.96 15.93 14.01 12.88 14.41 15.52 13.21 12.65  8.20]

=== Testing checkpoint at iter 77700 ===
🔧 Initializing model...
📦 Loading model from iteration 77700...
🚀 Running inference...
📊 Evaluating results...
✅ Done. Time cost: 0:00:47.509303

=== Rank-1 (Include identical-view cases) ===
NM: 52.126,	BG: 37.505,	CL: 14.272

=== Rank-1 (Exclude identical-view cases) ===
NM: 47.494,	BG: 33.646,	CL: 12.962

=== Rank-1 of each angle (Exclude identical-view cases) ===
NM: [36.44 43.42 49.60 52.43 50.72 49.82 52.57 55.81 51.04 46.22 34.37]
BG: [27.16 33.96 36.13 37.77 36.98 34.41 37.21 39.59 34.66 30.91 21.31]
CL: [10.54 10.86 13.29 15.16 14.10 13.92 14.32 15.97 13.57 12.65  8.20]

=== Testing checkpoint at iter 77800 ===
🔧 Initializing model...
📦 Loading model from iteration 77800...
🚀 Running inference...
📊 Evaluating results...
✅ Done. Time cost: 0:00:48.519407

=== Rank-1 (Include identical-view cases) ===
NM: 52.018,	BG: 37.294,	CL: 14.052

=== Rank-1 (Exclude identical-view cases) ===
NM: 47.383,	BG: 33.370,	CL: 12.769

=== Rank-1 of each angle (Exclude identical-view cases) ===
NM: [35.63 43.87 49.33 51.62 50.31 49.87 53.33 55.85 51.30 46.13 33.96]
BG: [27.52 33.20 36.08 37.04 36.85 34.64 36.26 38.91 34.43 30.23 21.90]
CL: [ 9.91 10.81 13.42 15.34 13.96 13.47 14.64 15.38 12.49 12.24  8.78]

=== Testing checkpoint at iter 77900 ===
🔧 Initializing model...
📦 Loading model from iteration 77900...
🚀 Running inference...
📊 Evaluating results...
✅ Done. Time cost: 0:00:47.388074

=== Rank-1 (Include identical-view cases) ===
NM: 52.785,	BG: 38.099,	CL: 14.288

=== Rank-1 (Exclude identical-view cases) ===
NM: 48.223,	BG: 34.238,	CL: 12.999

=== Rank-1 of each angle (Exclude identical-view cases) ===
NM: [35.85 43.60 50.77 52.39 51.80 50.27 55.09 56.49 52.57 47.30 34.33]
BG: [27.84 34.77 36.71 38.23 37.57 34.46 36.80 40.50 35.88 31.55 22.31]
CL: [ 9.96 10.95 13.47 15.97 14.28 13.51 14.73 15.61 13.53 12.60  8.38]

=== Testing checkpoint at iter 78000 ===
🔧 Initializing model...
📦 Loading model from iteration 78000...
🚀 Running inference...
📊 Evaluating results...
✅ Done. Time cost: 0:00:47.920645

=== Rank-1 (Include identical-view cases) ===
NM: 52.985,	BG: 38.319,	CL: 13.977

=== Rank-1 (Exclude identical-view cases) ===
NM: 48.435,	BG: 34.394,	CL: 12.727

=== Rank-1 of each angle (Exclude identical-view cases) ===
NM: [36.89 44.32 50.72 53.33 51.31 50.50 54.50 56.85 52.70 46.71 34.95]
BG: [29.73 34.77 37.16 38.59 37.57 34.14 37.43 40.36 33.66 32.01 22.90]
CL: [10.41 10.68 12.88 15.07 13.92 13.43 14.23 15.29 13.57 11.83  8.69]

=== Testing checkpoint at iter 78100 ===
🔧 Initializing model...
📦 Loading model from iteration 78100...
🚀 Running inference...
📊 Evaluating results...
✅ Done. Time cost: 0:00:49.074170

=== Rank-1 (Include identical-view cases) ===
NM: 52.610,	BG: 37.968,	CL: 13.839

=== Rank-1 (Exclude identical-view cases) ===
NM: 48.022,	BG: 34.057,	CL: 12.546

=== Rank-1 of each angle (Exclude identical-view cases) ===
NM: [36.44 44.14 50.27 51.85 51.76 49.86 54.50 56.44 52.12 46.22 34.64]
BG: [28.74 34.46 36.44 38.36 37.43 34.01 36.58 39.46 34.52 31.51 23.12]
CL: [ 9.42 10.90 13.42 14.61 13.92 13.83 14.37 15.25 12.58 11.74  7.97]

=== Testing checkpoint at iter 78200 ===
🔧 Initializing model...
📦 Loading model from iteration 78200...
🚀 Running inference...
📊 Evaluating results...
✅ Done. Time cost: 0:00:47.877354

=== Rank-1 (Include identical-view cases) ===
NM: 52.275,	BG: 37.083,	CL: 14.078

=== Rank-1 (Exclude identical-view cases) ===
NM: 47.670,	BG: 33.154,	CL: 12.731

=== Rank-1 of each angle (Exclude identical-view cases) ===
NM: [35.86 44.01 49.24 51.21 51.71 50.49 53.33 55.54 52.97 46.04 33.96]
BG: [27.75 32.52 35.86 36.77 36.13 33.29 35.63 39.82 33.85 31.05 22.04]
CL: [ 9.82 10.59 13.38 14.75 14.15 13.38 14.87 15.61 12.99 11.96  8.56]

=== Testing checkpoint at iter 78300 ===
🔧 Initializing model...
📦 Loading model from iteration 78300...
🚀 Running inference...
📊 Evaluating results...
✅ Done. Time cost: 0:00:47.725548

=== Rank-1 (Include identical-view cases) ===
NM: 52.487,	BG: 37.535,	CL: 14.074

=== Rank-1 (Exclude identical-view cases) ===
NM: 47.895,	BG: 33.651,	CL: 12.776

=== Rank-1 of each angle (Exclude identical-view cases) ===
NM: [35.81 43.11 49.95 50.90 51.62 49.46 54.73 56.04 52.97 47.12 35.14]
BG: [28.24 33.78 36.62 37.63 36.44 33.11 36.89 39.37 34.30 31.01 22.76]
CL: [10.32 11.04 13.20 14.88 13.83 13.51 14.64 15.07 13.62 11.96  8.47]

=== Testing checkpoint at iter 78400 ===
🔧 Initializing model...
📦 Loading model from iteration 78400...
🚀 Running inference...
📊 Evaluating results...
✅ Done. Time cost: 0:00:48.046107

=== Rank-1 (Include identical-view cases) ===
NM: 52.595,	BG: 37.959,	CL: 14.194

=== Rank-1 (Exclude identical-view cases) ===
NM: 48.010,	BG: 34.076,	CL: 12.920

=== Rank-1 of each angle (Exclude identical-view cases) ===
NM: [36.98 44.41 50.77 52.39 51.44 50.36 54.23 55.63 51.40 45.81 34.68]
BG: [29.46 34.10 37.16 37.68 37.52 34.50 37.16 39.09 34.62 31.05 22.49]
CL: [10.09 11.22 13.83 15.88 13.74 13.24 14.82 15.43 13.39 12.19  8.29]

=== Testing checkpoint at iter 78500 ===
🔧 Initializing model...
📦 Loading model from iteration 78500...
🚀 Running inference...
📊 Evaluating results...
✅ Done. Time cost: 0:00:49.796302

=== Rank-1 (Include identical-view cases) ===
NM: 52.792,	BG: 37.840,	CL: 13.798

=== Rank-1 (Exclude identical-view cases) ===
NM: 48.243,	BG: 33.982,	CL: 12.530

=== Rank-1 of each angle (Exclude identical-view cases) ===
NM: [37.25 44.41 49.78 51.53 51.76 50.27 54.41 57.12 52.21 46.26 35.68]
BG: [28.83 34.28 37.16 36.82 37.16 34.73 36.44 40.22 34.12 31.23 22.80]
CL: [10.09 11.04 12.84 14.03 13.33 13.42 14.78 14.48 13.12 12.19  8.51]

=== Testing checkpoint at iter 78600 ===
🔧 Initializing model...
📦 Loading model from iteration 78600...
🚀 Running inference...
📊 Evaluating results...
✅ Done. Time cost: 0:00:48.042533

=== Rank-1 (Include identical-view cases) ===
NM: 52.565,	BG: 37.673,	CL: 14.346

=== Rank-1 (Exclude identical-view cases) ===
NM: 47.965,	BG: 33.836,	CL: 13.072

=== Rank-1 of each angle (Exclude identical-view cases) ===
NM: [36.71 44.50 49.87 52.12 51.35 49.28 53.87 55.99 52.21 46.31 35.41]
BG: [28.52 34.19 36.67 37.91 37.70 33.20 36.94 39.28 33.53 31.37 22.89]
CL: [11.31 11.26 13.15 15.25 14.19 13.11 14.50 15.65 14.07 12.19  9.10]

=== Testing checkpoint at iter 78700 ===
🔧 Initializing model...
📦 Loading model from iteration 78700...
🚀 Running inference...
📊 Evaluating results...
✅ Done. Time cost: 0:00:48.269505

=== Rank-1 (Include identical-view cases) ===
NM: 51.322,	BG: 37.110,	CL: 13.765

=== Rank-1 (Exclude identical-view cases) ===
NM: 46.622,	BG: 33.118,	CL: 12.498

=== Rank-1 of each angle (Exclude identical-view cases) ===
NM: [33.74 42.84 48.11 50.05 50.50 49.33 53.06 54.82 50.36 46.53 33.51]
BG: [27.21 33.33 36.04 36.55 36.44 32.48 35.81 38.69 32.99 31.87 22.89]
CL: [ 9.24 10.86 12.84 14.98 13.96 13.52 14.41 14.84 12.62 11.92  8.29]

=== Testing checkpoint at iter 78800 ===
🔧 Initializing model...
📦 Loading model from iteration 78800...
🚀 Running inference...
📊 Evaluating results...
✅ Done. Time cost: 0:00:51.862793

=== Rank-1 (Include identical-view cases) ===
NM: 52.122,	BG: 37.905,	CL: 13.708

=== Rank-1 (Exclude identical-view cases) ===
NM: 47.482,	BG: 33.951,	CL: 12.447

=== Rank-1 of each angle (Exclude identical-view cases) ===
NM: [33.87 43.33 49.23 50.63 51.85 49.77 54.10 55.77 51.76 47.34 34.64]
BG: [26.94 33.92 36.62 38.46 37.48 34.32 37.93 39.86 34.57 31.28 22.08]
CL: [ 9.46 10.95 12.39 14.52 14.23 12.93 14.37 15.16 12.89 11.32  8.69]

=== Testing checkpoint at iter 78900 ===
🔧 Initializing model...
📦 Loading model from iteration 78900...
🚀 Running inference...
📊 Evaluating results...
✅ Done. Time cost: 0:00:49.973990

=== Rank-1 (Include identical-view cases) ===
NM: 52.706,	BG: 38.290,	CL: 14.082

=== Rank-1 (Exclude identical-view cases) ===
NM: 48.141,	BG: 34.416,	CL: 12.806

=== Rank-1 of each angle (Exclude identical-view cases) ===
NM: [37.43 44.96 50.22 52.61 51.22 49.23 53.96 56.58 51.76 46.53 35.05]
BG: [28.29 33.65 36.40 38.87 37.93 35.05 36.62 40.95 36.24 32.19 22.40]
CL: [10.54 11.22 12.61 15.29 13.96 12.61 14.46 16.60 13.17 11.92  8.47]

=== Testing checkpoint at iter 79000 ===
🔧 Initializing model...
📦 Loading model from iteration 79000...
🚀 Running inference...
📊 Evaluating results...
✅ Done. Time cost: 0:00:49.578104

=== Rank-1 (Include identical-view cases) ===
NM: 53.131,	BG: 37.876,	CL: 14.448

=== Rank-1 (Exclude identical-view cases) ===
NM: 48.588,	BG: 34.009,	CL: 13.146

=== Rank-1 of each angle (Exclude identical-view cases) ===
NM: [38.33 45.68 51.76 53.29 51.04 49.50 54.23 56.89 51.30 46.85 35.59]
BG: [29.24 34.82 36.71 38.91 35.86 33.51 36.31 38.82 34.52 32.42 22.98]
CL: [11.76 11.49 13.65 15.66 13.65 12.97 14.32 15.79 13.53 12.46  9.33]

=== Testing checkpoint at iter 79100 ===
🔧 Initializing model...
📦 Loading model from iteration 79100...
🚀 Running inference...
📊 Evaluating results...
✅ Done. Time cost: 0:00:47.604206

=== Rank-1 (Include identical-view cases) ===
NM: 53.057,	BG: 38.191,	CL: 14.168

=== Rank-1 (Exclude identical-view cases) ===
NM: 48.505,	BG: 34.299,	CL: 12.888

=== Rank-1 of each angle (Exclude identical-view cases) ===
NM: [37.12 45.68 50.68 52.03 52.52 50.40 53.69 56.67 52.03 46.58 36.17]
BG: [28.51 35.81 37.57 38.37 37.39 33.60 37.03 40.50 33.76 31.32 23.44]
CL: [10.63 11.62 12.97 15.74 13.15 12.93 14.73 15.57 13.30 12.47  8.65]

=== Testing checkpoint at iter 79200 ===
🔧 Initializing model...
📦 Loading model from iteration 79200...
🚀 Running inference...
📊 Evaluating results...
✅ Done. Time cost: 0:00:49.596688

=== Rank-1 (Include identical-view cases) ===
NM: 52.569,	BG: 37.584,	CL: 14.071

=== Rank-1 (Exclude identical-view cases) ===
NM: 47.961,	BG: 33.746,	CL: 12.814

=== Rank-1 of each angle (Exclude identical-view cases) ===
NM: [36.71 44.37 49.69 52.07 52.30 49.28 54.05 55.77 51.48 46.62 35.23]
BG: [28.47 34.59 36.66 37.59 37.21 33.38 35.14 39.19 33.94 32.42 22.62]
CL: [10.36 10.99 13.06 15.70 13.79 12.97 14.82 15.43 12.85 12.10  8.88]

=== Testing checkpoint at iter 79300 ===
🔧 Initializing model...
📦 Loading model from iteration 79300...
🚀 Running inference...
📊 Evaluating results...
✅ Done. Time cost: 0:00:47.032695

=== Rank-1 (Include identical-view cases) ===
NM: 52.219,	BG: 37.438,	CL: 13.989

=== Rank-1 (Exclude identical-view cases) ===
NM: 47.584,	BG: 33.507,	CL: 12.674

=== Rank-1 of each angle (Exclude identical-view cases) ===
NM: [36.66 43.96 49.28 51.53 51.44 49.01 53.24 55.36 51.26 46.71 34.96]
BG: [27.34 34.10 35.72 36.86 37.16 33.24 36.30 38.92 34.89 31.69 22.35]
CL: [ 9.78 10.59 13.06 15.47 13.87 12.93 14.32 15.74 12.67 12.15  8.83]

=== Testing checkpoint at iter 79400 ===
🔧 Initializing model...
📦 Loading model from iteration 79400...
🚀 Running inference...
📊 Evaluating results...
✅ Done. Time cost: 0:00:47.610066

=== Rank-1 (Include identical-view cases) ===
NM: 51.582,	BG: 36.720,	CL: 13.918

=== Rank-1 (Exclude identical-view cases) ===
NM: 46.888,	BG: 32.767,	CL: 12.579

=== Rank-1 of each angle (Exclude identical-view cases) ===
NM: [35.45 42.30 48.42 50.49 50.81 49.41 53.38 54.73 50.77 44.87 35.14]
BG: [27.34 32.43 35.59 37.00 36.17 32.93 36.17 37.78 32.80 30.18 22.03]
CL: [10.00 10.90 13.06 14.25 13.92 13.11 13.92 15.29 13.34 11.96  8.60]

=== Testing checkpoint at iter 79500 ===
🔧 Initializing model...
📦 Loading model from iteration 79500...
🚀 Running inference...
📊 Evaluating results...
✅ Done. Time cost: 0:00:48.629846

=== Rank-1 (Include identical-view cases) ===
NM: 52.357,	BG: 38.042,	CL: 13.693

=== Rank-1 (Exclude identical-view cases) ===
NM: 47.748,	BG: 34.081,	CL: 12.398

=== Rank-1 of each angle (Exclude identical-view cases) ===
NM: [36.04 43.11 50.41 51.08 52.16 49.46 54.28 56.04 51.21 46.53 34.91]
BG: [28.38 34.82 36.22 37.91 38.11 34.28 37.30 39.55 33.85 30.91 23.58]
CL: [ 9.82 10.63 13.06 14.97 13.60 13.06 14.32 14.75 12.90 11.23  8.02]

=== Testing checkpoint at iter 79600 ===
🔧 Initializing model...
📦 Loading model from iteration 79600...
🚀 Running inference...
📊 Evaluating results...
✅ Done. Time cost: 0:00:46.834675

=== Rank-1 (Include identical-view cases) ===
NM: 52.078,	BG: 37.623,	CL: 13.909

=== Rank-1 (Exclude identical-view cases) ===
NM: 47.441,	BG: 33.703,	CL: 12.657

=== Rank-1 of each angle (Exclude identical-view cases) ===
NM: [35.99 42.75 48.65 50.41 51.44 49.28 54.46 55.95 51.85 46.62 34.46]
BG: [28.02 32.84 36.13 36.82 37.34 34.68 36.67 39.50 34.75 30.86 23.12]
CL: [10.59 10.27 13.02 13.98 14.33 14.14 14.23 15.25 13.30 11.69  8.43]

=== Testing checkpoint at iter 79700 ===
🔧 Initializing model...
📦 Loading model from iteration 79700...
🚀 Running inference...
📊 Evaluating results...
✅ Done. Time cost: 0:00:46.811616

=== Rank-1 (Include identical-view cases) ===
NM: 52.115,	BG: 38.132,	CL: 14.052

=== Rank-1 (Exclude identical-view cases) ===
NM: 47.498,	BG: 34.246,	CL: 12.776

=== Rank-1 of each angle (Exclude identical-view cases) ===
NM: [36.26 43.24 49.91 51.17 51.04 49.46 53.65 55.63 52.34 45.22 34.55]
BG: [29.19 34.37 37.39 38.86 37.61 33.78 36.31 40.14 34.93 31.64 22.49]
CL: [10.41 10.68 13.69 15.43 13.70 13.65 14.23 15.02 12.98 12.01  8.74]

=== Testing checkpoint at iter 79800 ===
🔧 Initializing model...
📦 Loading model from iteration 79800...
🚀 Running inference...
📊 Evaluating results...
✅ Done. Time cost: 0:00:46.861861

=== Rank-1 (Include identical-view cases) ===
NM: 52.543,	BG: 37.729,	CL: 13.708

=== Rank-1 (Exclude identical-view cases) ===
NM: 47.961,	BG: 33.815,	CL: 12.485

=== Rank-1 of each angle (Exclude identical-view cases) ===
NM: [36.58 43.02 50.41 51.40 52.48 50.23 54.50 55.72 51.49 46.13 35.63]
BG: [27.70 34.10 36.17 37.73 37.66 33.56 36.85 39.77 33.44 31.82 23.17]
CL: [ 9.73 11.22 13.15 14.53 13.38 12.93 14.68 15.07 12.44 11.96  8.24]

=== Testing checkpoint at iter 79900 ===
🔧 Initializing model...
📦 Loading model from iteration 79900...
🚀 Running inference...
📊 Evaluating results...
✅ Done. Time cost: 0:00:47.357073

=== Rank-1 (Include identical-view cases) ===
NM: 53.142,	BG: 38.964,	CL: 13.578

=== Rank-1 (Exclude identical-view cases) ===
NM: 48.595,	BG: 35.100,	CL: 12.407

=== Rank-1 of each angle (Exclude identical-view cases) ===
NM: [37.16 45.14 50.36 52.52 52.70 50.32 54.28 57.12 53.02 46.98 34.96]
BG: [29.59 35.77 38.11 40.18 38.92 35.00 37.79 41.40 35.02 31.46 22.85]
CL: [10.23 10.77 12.70 14.30 13.24 13.06 14.64 14.93 12.31 11.78  8.51]

=== Testing checkpoint at iter 80000 ===
🔧 Initializing model...
📦 Loading model from iteration 80000...
🚀 Running inference...
📊 Evaluating results...
✅ Done. Time cost: 0:00:47.986541

=== Rank-1 (Include identical-view cases) ===
NM: 52.134,	BG: 37.705,	CL: 13.805

=== Rank-1 (Exclude identical-view cases) ===
NM: 47.519,	BG: 33.871,	CL: 12.476

=== Rank-1 of each angle (Exclude identical-view cases) ===
NM: [36.71 42.61 49.64 49.82 51.40 49.86 54.59 55.31 51.62 46.58 34.55]
BG: [28.51 33.42 36.94 38.00 38.42 33.78 37.43 39.32 33.71 30.46 22.58]
CL: [10.18 10.86 12.52 13.58 13.47 13.60 14.86 15.47 12.67 11.51  8.51]
